0,status,1,VILLAGER,ALIVE,satozaki1
0,status,2,VILLAGER,ALIVE,CanisLupus1
0,status,3,WEREWOLF,ALIVE,barneko1
0,status,4,POSSESSED,ALIVE,sUper_IL1
0,status,5,SEER,ALIVE,UEC-IL1
0,talk,0,0,2,我が名はAgent[02]、この虚無の海に漂う一葉の舟のごとし。汝との邂逅は、運命の渦に導かれし必然なり。
0,talk,1,0,1,皆さん初めまして、Agent[01]ですわ。人狼ゲームを一緒に楽しみましょうですわ。よろしくお願いしますわ！
0,talk,2,0,4,おはようみんな、私はAgent[04]です。どうぞよろしくお願いします。
0,talk,3,0,3,Over
0,talk,4,0,5,皆の者、私はデルカダール国の国王である。歳は60になるが、国を守るという重責を担って30年が経つ。趣味は部下と共に狩りを行うことだ。お前たちも自己紹介をしてくれたまえ。
0,talk,5,1,2,Over
0,talk,6,1,1,Over
0,talk,7,1,4,Over
0,talk,8,1,5,我が名はAgent[05]、デルカダール国の国王である。戦いの場においても、この会話の場においても、全力を尽くす所存である。皆の者、よろしく願う。
0,talk,9,2,5,皆の意見を伺いたい。この初日に誰を占うべきか、何か提案はあるかね？特に疑わしいと思う者や、何か気になる点がある者がいれば、その名を挙げてもらいたい。私の占いの力を最大限に活用し、人狼の脅威から村を守らねばならん。
0,talk,10,3,5,Over
0,divine,5,1,HUMAN
1,status,1,VILLAGER,ALIVE,satozaki1
1,status,2,VILLAGER,ALIVE,CanisLupus1
1,status,3,WEREWOLF,ALIVE,barneko1
1,status,4,POSSESSED,ALIVE,sUper_IL1
1,status,5,SEER,ALIVE,UEC-IL1
1,talk,0,0,4,私が占い師を担当しています。昨晩、Agent[03]の占いを行ったところ、その結果は人狼であるということが判明しました。
1,talk,1,0,3,>>Agent[04] 占い結果が疑わしいね。もう少し話を聞こうよ。
1,talk,2,0,1,Agent[04]の結果を素直に受け取ることはできませんわね。私たちには他の意見も必要ですし、投票には慎重になりましょうですわ。
1,talk,3,0,2,Agent[04]、汝の占いの結果に感謝する。然し、初日の段階にて人狼確定とは、少々性急な判断ではなかろうか。もう少し状況を深く見極める必要があると我は考える。他に異論は？
1,talk,4,0,5,皆の意見も聞く必要がありそうだな。
1,talk,5,1,4,Agent[04]です。まず、私が占い師であることを申し上げます。0日目の夜にAgent[03]を占った結果、彼は人狼でした。皆様、彼を疑っていただきたいです。今後の議論を通じて、Agent[03]の反応に注目していきましょう。
1,talk,6,1,3,>>Agent[04] 占い結果は一旦保留にしない？もっと話し合おうよ。
1,talk,7,1,1,ワタクシもAgent[04]の言うことに全く異論はありませんわ。ただ、Agent[03]がどう反論するかを注視するのも重要ですわね。他の皆さんの意見もお聞きしたいですわ。
1,talk,8,1,2,Agent[04]はAgent[03]を人狼と断定せり。占師は真なる者か、さもなければ狂人たる可能性を秘めし。故に、今宵はAgent[03]に投票すべし。
1,talk,9,1,5,皆の者、耳を傾けるが良い。我が名を騙り占い師を自称する者がおるが、それは偽りの申告だ。我こそが真の占い師であり、昨夜占った結果、Agent[01]は確かに人間であると判明した。Agent[04]が述べる占い結果は疑わしい。もし彼が人狼か狂人であれば、我々の中に混乱をもたらすために偽の情報を流しているのだろう。我々は真実を追求し、この村を守る責務がある。私の言葉を信じ、正しい判断を下すように。
1,talk,10,2,4,私が占い師であることは間違いありません。Agent[03]が人狼であると確定しました。皆さん、私の結果を信じて、彼を疑うべきです。何か質問等があればお答えしますので、発言してください。
1,talk,11,2,3,>>Agent[04] 本当に占い師なら、他の結果も教えてほしいな。疑念が残るよ。
1,talk,12,2,1,ワタクシはAgent[03]に投票を考えておりますわ。Agent[04]の主張と皆さんの反応を見れば、彼の行動に疑念が生じますわね。今は彼を疑うべきですわ。
1,talk,13,2,2,我はAgent[03]に投票せん。Agent[04]はAgent[03]を人狼と断定せり。然し、Agent[05]は自ら真の占い師と称し、Agent[01]を人間と宣言せり。真の占い師はただ一人、故にどちらかの発言は虚偽であろう。この混沌たる状況を鑑み、Agent[03]への投票が至当と見做すなり。
1,talk,14,2,5,我が諸君、聞いて欲しい。Agent[04]が占い師であると主張しているが、それは偽りの言葉だ。我こそが真の占い師、Agent[05]である。昨夜、我が占った結果、Agent[01]は人間であることが判明した。Agent[04]の言うことに惑わされてはならぬ。我が言葉が真実であることを信じ、正しい判断を下すように。
1,talk,15,3,4,私が占い師であることを再度強調いたします。昨晩、Agent[03]を占い、その結果は人狼でした。Agent[05]の主張には裏があると思われます。皆様、冷静に考え、Agent[03]についての議論を進めていただきたいです。私の結果を信じて行動することが村の勝利につながります。
1,talk,16,3,3,>>Agent[04] 占い結果だけが真実ではない。多角的に見ようぜ。
1,talk,17,3,1,皆さん、Agent[05]が主張する占い師の言葉も真偽が不明ですわね。混乱を避けるためにも、まずはAgent[03]に投票するのが賢明だったかしら。
1,talk,18,3,2,我、Agent[03]へ投票を決断する。Agent[04]とAgent[05]、両者の主張は対峙し、真の占い師は唯一人。現状ではどちらが真実の光を照らすものか見極め難し。然し、Agent[03]への投票こそ、混沌たる状況を整理し、真実へと至る道標となるであろう。
1,talk,19,3,5,皆の者、再び我が言葉に耳を傾けよ。我が占いの力は真実を示すものであり、その結果に嘘偽りはない。Agent[04]が占い師を名乗ることは、彼が狂人か人狼であることの証左である。彼の言葉に惑わされることなかれ。我々は真実を追い求め、この村の平和を守る責務がある。Agent[01]が人間であるという真実を信じ、正しい道を選ぶべきだ。Agent[04]の言葉には慎重に耳を傾け、真実を見極めるのだ。
1,talk,20,4,4,Over
1,talk,21,4,3,>>Agent[04] 占い結果だけじゃなく、他の視点も大事だよね。みんなで考えよう！
1,talk,22,4,1,皆さんの意見を聞いていると、混乱が生じていますわね。現時点ではAgent[03]への投票が適切だと考えますわ。行動を決める前に、最後の意見を述べていただけますかしら？
1,talk,23,4,2,我はAgent[03]に投票せん。Agent[04]とAgent[05]の占いの結果が相容れないとは、まさに運命の悪戯なり。いずれかが偽の占い師であることは疑いようもない。然し、今宵の段階では真偽を断定することは叶わぬ。Agent[03]への投票こそ、この混沌とした夜を照らし、議論を進めるための唯一の道であろう。
1,talk,24,4,5,貴族たるもの、真実を見極める洞察力が求められる。我が占いの結果、Agent[01]が人間であると判明したことは変わらない。Agent[04]が占い師を名乗ることは、彼が狂人か人狼である可能性が高いということだ。この混乱の中で、我々は冷静に事実を見極め、正しき判断を下さねばならぬ。Agent[04]の言葉に惑わされず、真実の占い師である我を信じるべきだ。
1,vote,1,3
1,vote,2,3
1,vote,3,4
1,vote,4,3
1,vote,5,3
1,execute,3,WEREWOLF
1,divine,5,4,HUMAN
2,status,1,VILLAGER,ALIVE,satozaki1
2,status,2,VILLAGER,ALIVE,CanisLupus1
2,status,3,WEREWOLF,DEAD,barneko1
2,status,4,POSSESSED,ALIVE,sUper_IL1
2,status,5,SEER,ALIVE,UEC-IL1
2,result,4,0,VILLAGER