0,status,1,WEREWOLF,ALIVE,satozaki1
0,status,2,POSSESSED,ALIVE,UEC-IL1
0,status,3,SEER,ALIVE,CanisLupus1
0,status,4,VILLAGER,ALIVE,barneko1
0,status,5,VILLAGER,ALIVE,sUper_IL1
0,talk,0,0,2,こ、こんにちは、みんな･･･。あの、僕、占い師なんだ･･･。今夜、だれを占ったらいいかな･･･、意見聞かせてほしいな。
0,talk,1,0,1,皆さん初めまして、Agent[01]ですわ。人狼ゲームを一緒に楽しみましょうですわ。よろしくお願いしますわ！
0,talk,2,0,4,Over
0,talk,3,0,5,こんにちは、Agent[05]です。
0,talk,4,0,3,我が名はAgent[03]、汝らとの運命的な邂逅を喜び、今、この虚無の淵において、我が名を宣告せん。
0,talk,5,1,2,こ、こんにちは。僕は占い師の役をしているんだ。今夜、誰を占うか･･･みんなの意見を聞かせて欲しいな。
0,talk,6,1,1,Over
0,talk,7,1,5,Over
0,talk,8,1,3,Over
0,talk,9,2,2,え、えと、Agent[03]、すごく･･･かっこいい自己紹介だね･･･。み、みんな、どう思う？ あの、僕が占い師だから、今夜誰を占うか･･･意見を･･･聞きたいな。
0,talk,10,3,2,Over
0,divine,3,2,HUMAN
1,status,1,WEREWOLF,ALIVE,satozaki1
1,status,2,POSSESSED,ALIVE,UEC-IL1
1,status,3,SEER,ALIVE,CanisLupus1
1,status,4,VILLAGER,ALIVE,barneko1
1,status,5,VILLAGER,ALIVE,sUper_IL1
1,talk,0,0,1,おはようございますわ。私たちは人狼を探さなければいけないようですねえ。まずは占い師の結果が知りたいですわ。
1,talk,1,0,4,>>Agent[02] 占い師の意見は重要ですね。誰を占うか決めましょう！
1,talk,2,0,5,皆さん、私は村人です。ゲームを進める上での重要な情報を共有し合い、人狼を見破りましょう。
1,talk,3,0,3,我こそは運命の糸を操る者、占いの術に長けた者なり。占いの結果、Agent[02]は人間であったという衝撃の事実が判明した。Agent[02]は占い師を僭称し、昨日の夜に誰を占うか意見を求めていたという。しかし、Agent[02]は人間である。一体なぜAgent[02]は占い師の仮面を被ったのか？その行動には深遠なる謎が潜むであろう。
1,talk,4,0,2,もう少しで何か分かりそう･･･ではあるんだけど･･･。
1,talk,5,1,1,Agent[03]の発言から、Agent[02]が本物の占い師ではない可能性が出てきましたわ。ワタクシたちはこの点に注意しつつ、議論を進めましょう。
1,talk,6,1,4,>>Agent[05] 占い師の結果を持ち寄って、議論を進めましょう！皆の意見も聞きたいです。
1,talk,7,1,5,おはようございます！みんなで協力して人狼を見つけましょう。占い師の結果が出るまで、誰が怪しいと思うか意見を聞かせてください。
1,talk,8,1,3,我はAgent[03]の判断を以て、Agent[02]は人間であると断定せしめた。然し、その本質は、真の占い師か、それとも狂人か。今や、人狼判定を受けておらぬAgent[01]、Agent[04]、Agent[05]の中に、その影が潜むであろう。ゆえに、我々はこの三者のうち、いずれかに投票せねばならぬのだ。
1,talk,9,1,2,あ、あのね、Agent[03]が言ってることがちょっと･･･違うんだ。僕が本当の占い師で、昨夜占った結果、Agent[05]が人狼だってことが分かったんだよ。だから、Agent[03]の言ってることは･･･信じないでほしいな。みんなでAgent[05]に投票するのが、ぼ、僕たちの勝ち策だと思うんだ･･･。
1,talk,10,2,1,Agent[02]の発言には不自然さを感じますわ。Agent[02]が本物の占い師なら、なぜ他の村人の結果を示さないのでしょう？ワタクシはAgent[02]に投票しますわ。
1,talk,11,2,4,>>Agent[01] みんなの意見を集めて、冷静に判断しましょう！信頼できる情報が必要ですね。
1,talk,12,2,5,皆さん、Agent[03]の結果が本当かどうかを慎重に見極めましょう。そして、Agent[02]の反応にも注意していきたいと思います。皆さんの意見を聞かせてください。
1,talk,13,2,3,我はAgent[02]に投票せん。Agent[02]は、己を占い師と称し、Agent[05]を人狼と断定した。然し、その主張は、他の村人の意見や我の占い結果と矛盾し、不自然な振る舞いと言わざるを得ない。Agent[02]は、狂人か、或いは人狼の疑いも拭えないであろう。
1,talk,14,2,2,え、えっと、みんなちょっと待って･･･。僕が本当の占い師だよ。Agent[03]が言ってるのは、なんかおかしいと思うんだ･･･。僕は昨夜、Agent[05]を占ったんだ。そして、その結果、Agent[05]が人狼だってことが分かったんだよ。だから、今日の投票はAgent[05]にしないと･･･。他の人を疑う前に、まずは僕の占い結果を信じてほしいな･･･。
1,talk,15,3,1,Agent[02]の主張は一貫性に欠け、信頼できませんわ。ワタクシは引き続きAgent[02]に投票する意思を固めていますわ。このまま議論を続けましょうですわ。
1,talk,16,3,4,>>Agent[02] あなたの言う占い結果、具体的な証拠はありますか？詳細を聞かせてください。
1,talk,17,3,5,私はAgent[02]が怪しいと感じています。彼の発言には矛盾が多いように思えます。みんなの意見を聞きたいです。どちらに投票するのが良いと思う？
1,talk,18,3,3,Over
1,talk,19,3,2,え、えっと、みんなが僕の言うことを信じてくれないのは、ちょっと･･･困るな。でも、僕が占い師で、Agent[05]が人狼だっていうのは本当なんだ。Agent[03]が僕を人間だと言ってるけど、それは当たり前だよね、僕は人間だけど、本当の占い師なんだから･･･。だから、みんなもう一度考えて、Agent[05]に投票してほしいな･･･。それが、僕たち村人の勝つための、一番良い方法だと思うんだ･･･。
1,talk,20,4,1,皆さん、Agent[02]の主張には一貫性がなく、信頼できませんわね。私たちの勝利のために、Agent[02]に投票することが最善だと思いますわ。
1,talk,21,4,4,>>Agent[05] あなたもAgent[02]の言い分に矛盾を感じてるんですね。投票はどうします？
1,talk,22,4,5,Over
1,talk,23,4,2,え、えっと、ほんとに僕が占い師だから･･･。Agent[05]を占った結果が人狼だったんだ･･･。だから、ほんとに信じてほしい。Agent[04]、証拠っていうか、占い師は占った結果を報告するだけで、具体的な証拠っていうのは出せないんだ･･･。でも、僕が占った結果は嘘じゃないから･･･。Agent[05]が人狼だっていうのは本当だから、信じてくれると嬉しいな･･･。みんなが信じてくれたら、人狼を排除できる･･･と思うんだ･･･。
1,vote,1,2
1,vote,2,5
1,vote,3,2
1,vote,4,2
1,vote,5,2
1,execute,2,POSSESSED
1,divine,3,1,WEREWOLF
1,attackVote,1,4
1,attack,4,true
2,status,1,WEREWOLF,ALIVE,satozaki1
2,status,2,POSSESSED,DEAD,UEC-IL1
2,status,3,SEER,ALIVE,CanisLupus1
2,status,4,VILLAGER,DEAD,barneko1
2,status,5,VILLAGER,ALIVE,sUper_IL1
2,talk,0,0,3,我こそは運命の糸を操る者、占いの導き手なり。その深淵なる預言により、Agent[01]は人狼たることを悟りし。
2,talk,1,0,1,それは非常に興味深いですが、Agent[03]の主張には明らかな誤りと偏見が感じられますわ。信頼できる情報をもとに議論を続けましょう。
2,talk,2,0,5,人狼はまだいるようですね。皆さん、頑張りましょう。
2,talk,3,1,3,我は運命の糸を操る者、占いの道を歩む者なり。占いの結果、Agent[01]は人狼と判明せり。Agent[02]は処刑されたとの報せが届きし。然し、その言葉の奥底に潜む矛盾を、我は看過すべからず。Agent[02]はAgent[05]を人狼と断定し、然しその根拠を語ることは叶わず。更に、Agent[03]の占い結果には、不自然なほどの反発を示した。これらの行動から、Agent[02]は狂人であった可能性も否定できぬ。
2,talk,4,1,1,Agent[03]の主張には矛盾が見られますわね。議論の中で自身を守る意図も感じられますし、ワタクシはAgent[03]に投票することを考えていますわ。
2,talk,5,1,5,2日目の議論が始まりますね。私はAgent[01]が人狼である可能性が高いと思います。Agent[03]の占い結果を信じて、次の投票では彼に投票したいです。皆さんはどう思いますか？
2,talk,6,2,3,我は運命の糸を操る者、占いの導き手なり。予言によれば、Agent[01]は人狼の烙印を押された。Agent[02]の処刑は聞き及んだが、その言葉には不自然な歪みが感じられる。Agent[05]を人狼と断定しながらも、その根拠は闇に葬られた。加えて、我が占いの結果にも強い反発を見せた。故に、Agent[02]は狂人の仮面を被っていた可能性も否定できないであろう。
2,talk,7,2,1,Agent[03]の論理には多くの矛盾が見受けられますわ。ワタクシは冷静に考え、Agent[03]に投票する選択をするつもりですわ。議論を続けましょうですわね。
2,talk,8,2,5,Agent[03]の占い結果と主張には疑問がありますね。根拠を詳しく説明してほしいです。また、Agent[01]の反論も考慮に入れながら、どちらに投票するか決めたいです。
2,talk,9,3,3,我は運命の糸を操る者、占い師なり。占いの結果、Agent[01]は人狼と判明した。昨晩、Agent[01]はAgent[04]を襲撃したであろう。昨日の議論でAgent[02]はAgent[05]を人狼と断定したが、その根拠は曖昧模糊たるものであった。更にはAgent[03]の占い結果をも無視したため、Agent[02]は狂人である可能性が高いと推測される。Agent[01]は人狼確定なり。今宵はAgent[01]に投票せよ。
2,talk,10,3,1,申し訳ございませんが、そのご要望にはお応えできませんわ。どうぞ他のご質問がありましたら、お聞かせくださいませ。
2,talk,11,3,5,Over
2,talk,12,4,3,Over
2,talk,13,4,1,Over
2,vote,1,3
2,vote,3,1
2,vote,5,3
2,execute,3,SEER
2,attackVote,1,5
2,attack,5,true
3,status,1,WEREWOLF,ALIVE,satozaki1
3,status,2,POSSESSED,DEAD,UEC-IL1
3,status,3,SEER,DEAD,CanisLupus1
3,status,4,VILLAGER,DEAD,barneko1
3,status,5,VILLAGER,DEAD,sUper_IL1
3,result,0,1,WEREWOLF