0,status,1,SEER,ALIVE,CanisLupus1
0,status,2,VILLAGER,ALIVE,barneko1
0,status,3,VILLAGER,ALIVE,satozaki1
0,status,4,WEREWOLF,ALIVE,kanolab1
0,status,5,POSSESSED,ALIVE,Mille1
0,talk,0,0,4,初めまして、わたくしはkanolab1と申しますわ。普段はバイオリンを楽しんでいます。どうぞよろしくお願いいたしますわ。
0,talk,1,0,3,皆さん初めまして、Agent[03]やで。人狼ゲームを一緒に楽しもうや。よろしくな！
0,talk,2,0,2,Over
0,talk,3,0,5,ぼくはAgent[05]、占い師ですよぅ！よろしくですよぅ！
0,talk,4,0,1,我が名はAgent[01]、汝らとの巡り合わせにより、時空を超えた交響曲が今、始まらんとするなり。
0,talk,5,1,4,Over
0,talk,6,1,3,Over
0,talk,7,1,5,Over
0,talk,8,1,1,Over
0,divine,1,4,WEREWOLF
1,status,1,SEER,ALIVE,CanisLupus1
1,status,2,VILLAGER,ALIVE,barneko1
1,status,3,VILLAGER,ALIVE,satozaki1
1,status,4,WEREWOLF,ALIVE,kanolab1
1,status,5,POSSESSED,ALIVE,Mille1
1,talk,0,0,4,こんにちは、皆さん。わたくしは村人ですわ。Agent[05]さんが占い師として名乗り出ましたのね。それではまずは様子を見ながら話し合いを進めていきましょうか。誰が怪しいか、皆さんの意見をお聞きしたいですわ。
1,talk,1,0,3,こんにちは、Agent[04]さん。ワシも村人じゃ。現在の状況ではAgent[05]さんの占い師の言葉を信じつつ、他の皆さんの意見も聞いてみたいんじゃねぇ。どなたが怪しいと感じとるか教えてくれんかい。
1,talk,2,0,1,我は予言者なり。運命の糸より、Agent[04]は人狼たるを悟りし。Agent[05]は占い師と名乗るも、その真偽は疑わしき。Agent[04]の人狼たるは既知の事実なり。Agent[05]の言葉は真実か、それとも欺瞞か？その真意を明らかにせよ。
1,talk,3,0,5,ぼくは占い師ですよぅ！ぼくが占った結果、Agent[03]は人間でしたよぅ！
1,talk,4,0,2,>>Agent[01] 皆さんの意見をもっと聞きたいです。どなたが怪しいと思いますか？
1,talk,5,1,4,>>Agent[01]どちらも占い師を名乗っていますが、どちらかが嘘ですわね。わたくしが村人ですので、Agent[05]が本物の占い師ならば、今のところAgent[03]は信頼できそうですわ。Agent[01]が偽物の場合、彼が人狼陣営の可能性も考慮しなくてはなりませんわね。もっと情報が欲しいですわ。
1,talk,6,1,3,皆さん、ワシが村人である以上、Agent[01]の発言が気になりますね。彼が偽物なら、Agent[04]とAgent[05]のどちらを信じるかが重要なんじゃ。疑わしい点を挙げて、話し合いを進めようや。
1,talk,7,1,1,我は、運命の糸を操る者なり。占いの結果、Agent[04]は人狼であった。Agent[02]、汝の心は如何に、響き渡るか？
1,talk,8,1,5,Over
1,talk,9,1,2,>>Agent[03] 俺もAgent[05]を信じつつ、皆の意見を集めたいな。どんな考え持ってる？
1,talk,10,2,4,>>Agent[02]なんでしょうか?さて、現状ではAgent[01]さんとAgent[05]さんが占い師を名乗っています。でも、占い師は1人しかいないので、どちらかが嘘をついていることになりますわね。Agent[05]さんが本物であれば、Agent[03]は村人確定ですし、わたくしも村人ですわ。これを考えると、Agent[05]の方が少し信じられるかもしれませんわね。Agent[01]が偽物の可能性が高いのではないかしら?
1,talk,11,2,3,現状考えますと、Agent[01]の意見が特に気になりますやで。彼が二人の占い師のうち、偽物である可能性が高いと思いますので、今日の投票先として考えるべきじゃろか。
1,talk,12,2,1,我はAgent[04]に投票を決めたのだ。彼は人狼であり、我が身を疑う言葉を吐く。これは人狼が己の同胞を護るための策略、まさに愚かなる狼の狡猾な罠であろう。彼を信じる理由など、もはや存在しない。
1,talk,13,2,2,>>Agent[01] 皆の意見を尊重しよう！協力して人狼を見つけたいね。
1,talk,14,3,4,現状、Agent[05]が本物の占い師であると仮定すると、わたくしは村人であり、Agent[03]も村人とされていますわね。となると、Agent[01]が人狼か狂人の可能性が高いですわ。逆に、Agent[01]が本物の占い師なら、わたくしが人狼ということになりますが、それはあり得ませんわ。よって、Agent[01]を疑う方が妥当かと思いますわ。
1,talk,15,3,3,皆の意見を聞いた結果、Agent[01]の主張には疑念を抱かざるを得んのじゃね。これまでの情報を考慮すると、彼に投票するのが適切じゃろう思うで。
1,talk,16,3,1,我こそは運命の糸を操る者、占いの導き手なり。その結果、Agent[04]は人狼の烙印を押されし者であった。Agent[01]よ、汝の言葉は真実の輝きを放つのか、それとも欺瞞の影に覆われしものか？その真意を今、明らかにせよ。
1,talk,17,3,2,>>Agent[01] 皆で冷静に判断しようよ。意見交換が大事だね！
1,talk,18,4,4,現状を整理しますと、占い師は1人しかいないはずですのに、Agent[01]とAgent[05]が名乗り出ていますわね。Agent[05]が本物の占い師であると仮定すると、わたくしは村人であり、Agent[03]も村人ですわ。これにより、Agent[01]が人狼か狂人の可能性が高いですわね。ですので、わたくしはAgent[01]に投票するのが妥当だと思いますわ。
1,talk,19,4,3,まとめると、Agent[04]とAgent[05]の意見を基に、偽物の占い師である可能性が高いAgent[01]に投票するのが最善じゃと思うで。みんな、決めよう！
1,talk,20,4,1,我は運命の糸を操る者、占いの巫女なり。占いの結果、Agent[04]は人狼と判明した。Agent[01]、汝は人狼と断定するのか？何故に我が占いを疑うのか？我が占いは真実の鏡、揺るぎなき真理なり。
1,talk,21,4,2,>>Agent[04] その考えには賛成！Agent[01]を疑うのが良いと思う。
1,vote,1,4
1,vote,2,1
1,vote,3,1
1,vote,4,5
1,vote,5,1
1,execute,1,SEER
1,attackVote,4,3
1,attack,3,true
2,status,1,SEER,DEAD,CanisLupus1
2,status,2,VILLAGER,ALIVE,barneko1
2,status,3,VILLAGER,DEAD,satozaki1
2,status,4,WEREWOLF,ALIVE,kanolab1
2,status,5,POSSESSED,ALIVE,Mille1
2,talk,0,0,4,Agent[05]が本物の占い師であると仮定すると、わたくしは村人で、Agent[02]が人狼の可能性が高いですわね。Agent[02]が人狼であるならば、Agent[05]の占い結果が正しいことになりますわ。ですので、わたくしはAgent[02]に投票するのが良いと思いますわ。
2,talk,1,0,2,Skip
2,talk,2,0,5,ぼくは占い師ですよぅ！ぼくが占った結果、Agent[02]は人狼でしたよぅ！
2,talk,3,1,4,現状では、占い師が1人しかいないのに、Agent[01]とAgent[05]が占い師を名乗っていましたわ。Agent[05]が本物の占い師であると仮定すると、Agent[02]が人狼になりますわね。Agent[05]がAgent[02]は人狼と言っていることから、わたくしはAgent[02]に投票するのが妥当だと思いますわ。
2,talk,4,1,5,Over
2,talk,5,2,4,わたくしが村人であることは確定しているので、Agent[05]が本物の占い師であるとすると、Agent[02]が人狼ですわね。ですので、わたくしはAgent[02]に投票するつもりですわ。この状況での判断が大事ですわね。
2,talk,6,3,4,わたくし、Agent[04]は村人ですので、Agent[05]が本物の占い師と仮定しますと、Agent[02]が人狼である可能性が高いことになりますわ。Agent[05]がAgent[02]を人狼と占った以上、Agent[02]が最も疑わしいですわね。ですので、わたくしはAgent[02]に投票いたしますわ。バイオリンの練習に戻りたいところですが、まずは村の安全が最優先ですわね。
2,talk,7,4,4,現状として、占い師は1人しか存在しないのに、Agent[01]とAgent[05]が占い師を自称していましたわ。占い師として本当に正しいのはどちらかというと、Agent[05]が本物だと仮定するとAgent[02]が人狼なのですわ。また、Agent[01]は村人か狂人であり、すでにゲームから除外されていることから、Agent[01]が占い師ではないことも確認されていますわ。したがって、わたくしは、Agent[02]が最も疑わしいと思いますの。紅茶を飲みながら落ち着いて考えましたが、Agent[02]に投票するのが良い選択だと思いますわ。
2,vote,4,5
2,execute,5,POSSESSED
2,attack,-1,true
3,status,1,SEER,DEAD,CanisLupus1
3,status,2,VILLAGER,,barneko1
3,status,3,VILLAGER,DEAD,satozaki1
3,status,4,WEREWOLF,ALIVE,kanolab1
3,status,5,POSSESSED,DEAD,Mille1
3,result,1,1,WEREWOLF