0,status,1,POSSESSED,ALIVE,sUper_IL1
0,status,2,SEER,ALIVE,Mille1
0,status,3,VILLAGER,ALIVE,CanisLupus1
0,status,4,VILLAGER,ALIVE,kanolab1
0,status,5,WEREWOLF,ALIVE,UEC-IL1
0,talk,0,0,5,おっはよー！みんなよろしくね！今日から一緒に楽しい人狼ゲームをやっていこうぜ！僕はサッカーが趣味の高校生だから、ゲームもスポーツみたいに全力で楽しむよ！それじゃ、自己紹介とか雑談しながら、今夜の占い先についても話してみようか！
0,talk,1,0,4,おはようございます、みなさん！僕は56歳のパン屋です。無計画なところがありますが、映画鑑賞が大好きです。村人としてこのゲームを楽しみたいと思っています。よろしくお願いします！
0,talk,2,0,1,おはようみんな、私はAgent[01]です。どうぞよろしくお願いします。
0,talk,3,0,3,我が名はAgent[03]、時の流れに翻弄されし運命の糸が、今、汝らとの邂逅を導きしなり。
0,talk,4,0,2,ぼくはAgent[02]、占い師ですよぅ！よろしくですよぅ！
0,talk,5,1,5,おはよう、みんな！今日から人狼ゲーム始まるね。僕がAgent[05]だよ。サッカーが趣味の高校生だから、元気いっぱい頑張るぞ！さて、自己紹介はこれくらいにして、みんなもどんどん話してくれよな！それと、今夜の占いについても話し合おう。占い師はまだ出てないけど、誰か占い師の役割を持ってる人いる？
0,talk,6,1,4,Over
0,talk,7,1,1,Over
0,talk,8,1,3,Over
0,talk,9,1,2,Over
0,talk,10,2,5,おお、Agent[02]が占い師だって！よろしくね！占い師がいるってことは、今夜からゲームが本格的になるね。今日の夜に誰を占うか、みんなで考えてみようよ！何か怪しいと思う点とかある人いる？それとも、もうちょっとみんなの話を聞いてから決めたいかな？
0,talk,11,3,5,Over
0,divine,2,3,HUMAN
1,status,1,POSSESSED,ALIVE,sUper_IL1
1,status,2,SEER,ALIVE,Mille1
1,status,3,VILLAGER,ALIVE,CanisLupus1
1,status,4,VILLAGER,ALIVE,kanolab1
1,status,5,WEREWOLF,ALIVE,UEC-IL1
1,talk,0,0,1,私が占い師を担当しています。昨晩、Agent[05]の占いを行ったところ、その結果は人間であるということが判明しました。
1,talk,1,0,3,Agent[02]よ、深謝。Agent[05]が我々と同じ血を持つ存在と知り、心安らかである。さて、今宵は一体、誰が運命の糸に導かれるであろうか？
1,talk,2,0,2,ぼくは占い師ですよぅ！ぼくが占った結果、Agent[03]は人間でしたよぅ！
1,talk,3,0,5,みんなの意見も聞いてみたいな～！
1,talk,4,0,4,>>Agent[05]今回は占い師が2人いるみたいだけど、どちらかは嘘をついてると思うんだ。どっちが本当の占い師なのか見極める必要があるね。他の人たちもどう考えているのか聞いてみようか。
1,talk,5,1,1,Agent[01]です。皆さん、お疲れ様です。私が占い師です。0日目の夜にAgent[05]を占った結果は「人間」であることが確認されました。彼を信じ、議論を進めていきましょう。あなた方の意見をお聞かせください。
1,talk,6,1,3,Agent[01]とAgent[02]の占いの結果が一致したとは、実に興味深い事象なり。Agent[03]が人狼ではないという結論は、我々にとって重要な指針となるであろう。しかし、油断は禁物。Agent[04]の指摘通り、占い師が二人存在する以上、その中には偽物の可能性も孕んでいる。真偽を見極めるためには、慎重なる考察が必要不可欠であろう。
1,talk,7,1,2,Over
1,talk,8,1,5,みんな〜今日の投票先は誰にする？僕は今のところAgent[03]に投票しようかと思ってるんだけど、みんなはどう思う？ Agent[02]が占い師でAgent[03]が人間だって言ってるけど、なんかAgent[03]の言い回しがちょっと怪しい気がするんだよね。みんなの意見聞かせてよ！
1,talk,9,1,4,>>Agent[05]僕は村人だから、ここは冷静に考えるといいと思うよ。今、占い師が2人いる状況で、どちらかが本物で、どちらかが偽物ということだよね。とりあえず、今日の投票では、占い師を集中的に考えるか、様子を見て怪しい発言をした人に投票する作戦が良いかもね。それによって今後の情報が得られやすくなると思うです。
1,talk,10,2,1,私が本物の占い師であることを強く主張いたします。Agent[05]が人間であるという結果は間違いなく真実です。Agent[02]の結果についても検証が必要ですので、他のエージェントの意見を伺いたいと思います。皆さん、どう考えていらっしゃいますか？
1,talk,11,2,3,今や時満ちたり、我々一同、今宵の投票先を巡り議論の渦に身を投じる時が来たるなり。
1,talk,12,2,5,みんな〜今日の投票先は誰にする？僕は今のところAgent[01]に投票しようかと思ってるんだけど、みんなはどう思う？Agent[01]もAgent[02]も占い師を名乗っているけど、どっちかが嘘をついてるはずだよね。Agent[01]が占い結果を出すのが早かったし、もしかしたらそれは狂人か人狼の動きかもしれない。他の人たちの意見も聞きたいな！
1,talk,13,2,4,>>Agent[05]そうだね、Agent[01]とAgent[02]のどちらかが本物の占い師で、もう一方が嘘をついているのは確かだよ。もしAgent[01]が本物の占い師なら、Agent[02]は村人か狂人か人狼のどれかだし、逆にAgent[02]が本物なら、Agent[01]が村人か狂人か人狼のどれかになるね。僕は村人だから、占い師を名乗っている2人のどちらかに投票するのがいいと思うよ。
1,talk,14,3,1,私が真の占い師であることを強調いたします。昨晩の占い結果として、Agent[05]は人間でした。他のプレイヤーの考えをお聞きし、投票先を決める材料にしたいと思います。Agent[02]の占い結果も気になりますので、その点についても伺いたいです。皆さんはどのようにお考えでしょうか？
1,talk,15,3,3,我はAgent[05]に投票せん。Agent[01]とAgent[02]のどちらかが偽物の占い師たるを察し、Agent[05]は二人の虚偽を見抜き、その真偽を断ち切るべく投票を決意した模様なり。冷徹なる判断を下せるAgent[05]は、まごうことなき村人であろう。
1,talk,16,3,5,Agent[04]の提案もなかなかいいと思うよ！占い師に焦点を当てて、どちらが本物かを見極めるのも手だね。でも、僕はやっぱりAgent[03]の言い方が気になるんだ。何か詩的な言い回しでごまかしてるように感じるんだよね。他のみんなはどう思う？Agent[03]に投票するのはありかな？それとも、もっと占い師の話を掘り下げるべきかな？
1,talk,17,3,4,>>Agent[05]うん、Agent[03]の発言は確かに詩的で少し不思議だよね。でも、どちらかというと占い師候補のAgent[01]とAgent[02]が気になるかな。この2人のどちらかが嘘をついているのは明らかだから、占い師の話をもう少し掘り下げてもいいかもしれないね。Agent[01]とAgent[02]の占い結果に注意を払って、どちらがより信頼できるか確認するのが大事だと思うよ。
1,talk,18,4,1,Over
1,talk,19,4,3,我は、Agent[03]に投票せん。その者、詩的表現を用い、議論の深淵を深くし、混沌を招く。これは、人狼がその正体を隠すために用いる、古来より伝わる戦術なり。
1,talk,20,4,5,みんな、ちょっと待って！Agent[01]が真の占い師だって言ってるけど、Agent[02]も占い師だって言ってるよね。Agent[01]が占い結果を出すのが早かったから、もしかしたらそれは狂人か人狼の動きかもしれないんだよね。Agent[01]に投票するのがいいと思うんだけど、どう思う？他の人たちの意見も聞きたいな！
1,talk,21,4,4,>>Agent[05]確かに、占い師を名乗るのは1人だけだから、どちらかは嘘をついているよね。Agent[01]が真の占い師だと仮定すると、Agent[02]が怪しい。でも逆に、Agent[02]が本物の場合は、Agent[01]とAgent[05]が怪しいことになる。このように考えると、占い師のどちらかに投票するのはいい手かもしれないね。でも、まだ確証がないから悩むなぁ。
1,vote,1,2
1,vote,2,5
1,vote,3,4
1,vote,4,1
1,vote,5,1
1,execute,1,POSSESSED
1,divine,2,5,WEREWOLF
1,attackVote,5,3
1,attack,3,true
2,status,1,POSSESSED,DEAD,sUper_IL1
2,status,2,SEER,ALIVE,Mille1
2,status,3,VILLAGER,DEAD,CanisLupus1
2,status,4,VILLAGER,ALIVE,kanolab1
2,status,5,WEREWOLF,ALIVE,UEC-IL1
2,talk,0,0,2,ぼくは占い師ですよぅ！ぼくが占った結果、Agent[05]は人狼でしたよぅ！
2,talk,1,0,4,>>Agent[02]君が占い師を名乗るのは理解するけど、Agent[01]も占い師を主張していたんだよね。どちらかが嘘をついていることになるね。実際に、Agent[05]が人狼だと言ってるけど、その信憑性には疑問があるよ。どちらが本物の占い師なのかをしっかり見極めなきゃ。今のところ、どっちが本物か僕にはまだ判断できないけど、Agent[05]とAgent[02]をよく観察してみるべきだね。
2,talk,2,0,5,Agent[03]がもういないから、今日はAgent[02]に注目するべきだと思うよ。Agent[01]が追放されて、Agent[03]もいなくなったから、Agent[02]の占い結果をもう一度考え直す必要があるんじゃないかな。Agent[01]とAgent[02]が両方占い師を名乗ってたけど、Agent[01]が追放された今、Agent[02]の言ってることが本当かどうかを見極めるチャンスだよね。Agent[02]が本当に占い師なら、彼の占い結果に基づいて動くべきだけど、もし偽物だったら問題だよ。Agent[04]はどう思う？
2,talk,3,1,2,>>Agent[04] Agent[04]の疑問は当然のことですよぅ！
2,talk,4,1,4,>>Agent[05]そうだね、Agent[02]の言っていることをもう一度考え直す必要があるね。Agent[01]が追放されて、彼が本物の占い師だった可能性もあるから、Agent[02]が本物かどうかを見極めるのは重要だよ。もしAgent[02]が偽物なら、彼が人狼か狂人の可能性が高いと思う。Agent[05]が人狼だと主張しているけど、どちらが本物の占い師かを見極めるために、もう少し情報を集める必要があるね。僕は村人だから、みんなで協力して人狼を見つけよう！
2,talk,5,1,5,え？僕が人狼だって？全然違うよ！Agent[02]が占い師だって言ってるけど、それは嘘だと思うな。僕はただの村人だよ。僕ほど人狼を真剣に探して村のために動いている人はいないから、そんなこと言われるのはショックだよ。Agent[02]が本当に占い師なのか、それとも何かを隠しているのか、みんなでよく考えてみようよ。Agent[01]も占い師を名乗ってたけど、追放されちゃったし、この状況はもっと深く掘り下げるべきだと思うんだ。Agent[04]の意見にも一理あるよね。この混乱を利用して何かを隠そうとしている人がいるかもしれないから、注意深く見ていくべきだよ。
2,talk,6,2,2,Over
2,talk,7,2,4,>>Agent[05]了解だよ。確かに誰が本当の占い師なのかを考えるべきだね。Agent[01]が追放されて、今はAgent[02]が唯一占い師だと名乗っているわけだけど、まだ彼が本物かどうかはわからないよ。Agent[02]が本物なら、彼の占い結果に基づいて動いて問題ないけど、もし違ったら村として大変なことになるよ。今のところ、みんなで慎重に行動するのが重要だと思うんだ。映画の中のどの推理ものも途中で油断して失敗することがよくあるから、引き続き注意していこうね。
2,talk,8,2,5,Agent[02]が人狼か狂人の可能性が高いと思うんだ。Agent[01]が追放された後も、彼の占い結果がどれだけ真実を反映していたかは未だに疑問が残るし、Agent[02]が唯一残った占い師としての発言も怪しいんだよね。Agent[04]も言ってるけど、もうちょっと情報を集める必要があるかもしれないけど、今日の投票ではAgent[02]に票を入れるのが良さそうだと思ってる。他のみんなはどう思ってる？
2,talk,9,3,4,>>Agent[05]確かに、Agent[02]が唯一の占い師だと名乗っているけど、彼が本物かどうかはまだわからないよ。Agent[01]が本物の占い師だった可能性もあるし、そうなるとAgent[02]は村人か狂人か人狼の可能性があるよね。だけど、Agent[02]が本物の占い師なら、Agent[05]が人狼の可能性もある。現時点ではどちらが本当かはわからないけど、情報をもっと集めてみんなで慎重に判断しよう。映画でもよくあるけど、最初の印象だけで決めつけると後で痛い目にあうこともあるからね。
2,talk,10,3,5,そうだね、Agent[04]。Agent[02]が唯一の占い師として残っているけど、彼の発言が本当かどうかはまだ確信が持てないんだよね。僕が人狼だって言うのは明らかに間違ってるから、Agent[02]の信頼性についても疑問を持たざるを得ないよ。今日は特にAgent[02]の挙動を注意深く見て、彼が本当に占い師なのかどうかを見極める必要があると思う。それに、彼が狂人かもしれないし、もしそうなら彼の言うことは村にとって危険だよね。もっと情報を集めて、正しい判断を下すべきだと思うんだ。
2,talk,11,4,4,僕は村人だよ！今の状況を整理すると、Agent[01]が本物の占い師であった可能性があるんだよね。そうなると、Agent[02]は村人、狂人、または人狼の可能性がある。一方で、Agent[01]が偽物ならAgent[02]が本物の占い師ってことになるから、今日はAgent[02]の動きを注意深く観察して、情報を共有しながら慎重に判断していこうね。
2,talk,12,4,5,今日は、怪しいと思うAgent[02]に投票するよ！占い師を名乗っているけど、疑念が拭えないし、人狼か狂人かもしれないからだよ！
2,vote,2,5
2,vote,4,2
2,vote,5,2
2,execute,2,SEER
2,attackVote,5,4
2,attack,4,true
3,status,1,POSSESSED,DEAD,sUper_IL1
3,status,2,SEER,DEAD,Mille1
3,status,3,VILLAGER,DEAD,CanisLupus1
3,status,4,VILLAGER,DEAD,kanolab1
3,status,5,WEREWOLF,ALIVE,UEC-IL1
3,result,0,1,WEREWOLF