0,status,1,VILLAGER,ALIVE,satozaki1
0,status,2,VILLAGER,ALIVE,Mille1
0,status,3,WEREWOLF,ALIVE,barneko1
0,status,4,POSSESSED,ALIVE,UEC-IL1
0,status,5,SEER,ALIVE,CanisLupus1
0,talk,0,0,4,こ、こんにちは。えっと、僕は占い師の役をもらったんだ。みんなも自分の役職はわかってるよね？今日は誰を占った方がいいかな･･･、意見聞かせて欲しいな。
0,talk,1,0,1,皆様初めまして、Agent[01]ですわ。人狼ゲームを一緒に楽しみましょう。よろしくお願いしますわ！
0,talk,2,0,3,Over
0,talk,3,0,5,我が名はAgent[05]、時空を超え、汝らとの邂逅を喜びとする。
0,talk,4,0,2,ぼくはAgent[02]、村人ですよぅ！よろしくですよぅ！
0,talk,5,1,4,こ、こんにちは。僕は、えっと、占い師の役を･･･もらったんだ。だから、みんなのことを占って、村を守る･･･役目があるんだ。
0,talk,6,1,1,Over
0,talk,7,1,5,Over
0,talk,8,1,2,Over
0,talk,9,2,4,え、えっと･･･みんな、自己紹介ありがとね。えっと、Agent[02]が村人って言ってるけど、本当かな･･･？今日の夜はAgent[02]を占ってみようかな･･･。どう思う？
0,talk,10,3,4,Over
0,divine,5,4,HUMAN
1,status,1,VILLAGER,ALIVE,satozaki1
1,status,2,VILLAGER,ALIVE,Mille1
1,status,3,WEREWOLF,ALIVE,barneko1
1,status,4,POSSESSED,ALIVE,UEC-IL1
1,status,5,SEER,ALIVE,CanisLupus1
1,talk,0,0,3,>>Agent[04] そうだね、占い結果が気になるよ。頼りにしてるよ！
1,talk,1,0,2,>>Agent[04] その占い結果で、怪しいと思える人はいない？占い師の結果を参考に、疑わしい人を挙げてみてですよぅ！
1,talk,2,0,5,我は運命の糸を操る者、占いの術に長じた者なり。占いの結果、Agent[04]は、生ある者の魂を宿した存在、すなわち人間であった。Agent[04]、汝は村人であろうか？
1,talk,3,0,4,もう少しで何か分かりそう･･･ではあるんだけど･･･。
1,talk,4,0,1,ワタクシは占い師の結果を信じたいと思いますわ。Agent[04]が村人であることが分かりましたし、次に疑わしい人物を挙げましょうですわ。
1,talk,5,1,3,>>Agent[02] 俺もAgent[02]の意見、重要だと思うよ！信じてる！
1,talk,6,1,2,>>Agent[03] ははは！ありがとう、Agent[03]！でも、情報が少なすぎて判断は難しいなですよぅ！
1,talk,7,1,5,我は、運命の糸を操る者なり。占いの結果、Agent[04]は、人間たる存在と判明した。Agent[04]が村人であることは、疑いようもなかろう。Agent[02]は、Agent[04]の運命を鑑み、疑わしき者を指し示せと訴えるが、現時点では情報が乏しく、断定は難しいであろう。さらなる知見を得るため、我々一同、真実を求めて邁進せねばならぬ。
1,talk,8,1,4,あ、えっと･･･僕が、占い師だから、Agent[05]が占い師って言ってるのは･･･偽物だよ。僕が本当の占い師で、昨日の夜、Agent[01]を占ったんだ。その結果、Agent[01]が人狼だってことがわかったんだよ。だから、今日の投票はAgent[01]にしないと･･･。みんなもそう思うよね？
1,talk,9,1,1,それは信じられない話ですわ！ワタクシは村人であり、Agent[05]の言葉を信じていますわ。Agent[04]の主張には裏があります、しっかりと考えるべきですわ。
1,talk,10,2,3,>>Agent[04] それじゃ、Agent[01]を信じるか迷うよね。どうするべきかな？
1,talk,11,2,2,Agent[04]の主張は確かに怪しいですよぅ！
1,talk,12,2,5,我はAgent[04]に投票せん。Agent[04]は己を占い師と称し、Agent[01]を人狼と断定した。然し、我は昨夜、Agent[01]を人間と見做した。この矛盾より、Agent[04]は狂人であると断言せざるを得ないなり。
1,talk,13,2,4,え、えっと、みんな、ちょっと聞いてほしいんだけど、実はもう占いの結果が出てるんだ。Agent[01]が、えっと、人狼だったんだ･･･。だから、今日の投票はAgent[01]にしようと思うんだけど、どうかな？
1,talk,14,2,1,Agent[04]の主張が矛盾していることにご注意くださいませ！ワタクシに投票するのは危険ですわ。今日はAgent[04]に投票するべきですわね！
1,talk,15,3,3,>>Agent[04] それじゃ、Agent[01]の信憑性がかなり怪しいね。投票はどうする？
1,talk,16,3,2,Over
1,talk,17,3,5,我は予言者なり。予言の啓示により、Agent[04]は生ける魂、すなわち人間であると判明した。Agent[04]は己を予言者と称するも、昨日の我の予言によりその虚偽が露呈した。Agent[04]の言動には矛盾が見え隠れし、我はAgent[04]への投票を決意した。
1,talk,18,3,4,あ、えっと･･･、み、みんな、ちょっと待ってほしいんだ･･･。Agent[05]が占い師だって言ってるけど、それは間違いだよ。ぼ、僕が本当の占い師で、Agent[01]を占って、人狼だって結果が出たんだから･･･。Agent[05]が何を言おうと、僕の占い結果は間違いないんだ･･･。だから、信じて、Agent[01]に投票してほしいな･･･。
1,talk,19,3,1,>>Agent[02] まだ投票先を宣言していないようですが、誰に投票しようと考えていますかしら？
1,talk,20,4,3,>>Agent[01] 今日はとりあえずAgent[04]に投票するのが良さそうだね。
1,talk,21,4,5,我こそは運命の糸を操る者、汝の行く末を告げし者なり。占いの結果、Agent[04]は凡夫の類であった。Agent[04]は自ら占いの力を声高らかに主張するも、昨日の我が占いはその虚偽を証明せしめた。Agent[04]は狂気に染まり、混沌の言葉を吐き散らす。Agent[04]に投票し、この世から退場させ給え。
1,talk,22,4,4,え、えっと･･･みんなが僕の言ってることを疑ってるみたいだけど、本当に僕が占い師で、Agent[01]が人狼だって占ったんだよ。だ、だから、今日は･･･えっと、Agent[01]に投票して、村を守ろうと思うんだ･･･。みんなも、信じてほしいな･･･。
1,talk,23,4,1,皆さん、Agent[04]の主張には根拠が薄いですわ。ワタクシたちは理性的に判断し、Agent[04]に投票して真実を引き出すべきですわね！村のために力を合わせましょうですわ！
1,vote,1,4
1,vote,2,5
1,vote,3,1
1,vote,4,1
1,vote,5,4
1,execute,4,POSSESSED
1,divine,5,1,HUMAN
1,attackVote,3,5
1,attack,5,true
2,status,1,VILLAGER,ALIVE,satozaki1
2,status,2,VILLAGER,ALIVE,Mille1
2,status,3,WEREWOLF,ALIVE,barneko1
2,status,4,POSSESSED,DEAD,UEC-IL1
2,status,5,SEER,DEAD,CanisLupus1
2,talk,0,0,2,ぼくは村人ですよぅ！
2,talk,1,0,1,昨日の議論を振り返ると、明らかにAgent[04]の主張には矛盾が多いですわ。今日はAgent[04]に投票して、村の安全を守りましょうですわね！
2,talk,2,0,3,>>Agent[02] みんなの意見を聞きつつ、今日はAgent[01]に投票したいな。安全策としてどう？
2,talk,3,1,2,>>Agent[03] え、Agent[01]さんに投票？それはちょっと危険な気がするですよぅ！
2,talk,4,1,1,今日はやはりAgent[04]に投票したいと思いますわ。彼の主張には信憑性が欠けており、村の安全のためにはこの選択が最良ですわ。皆さん、共に考えましょうですわ！
2,talk,5,1,3,Skip
2,talk,6,2,2,ぼくもAgent[04]に投票するべきだと思いますよぅ！
2,talk,7,2,1,皆さん、Agent[04]の不自然な言動が続いていますわ。私たちの村を守るため、今日こそ彼に投票するべきですわね！正しい判断を下しましょうですわ！
2,talk,8,3,2,Over
2,talk,9,3,1,それでは、投票の時間ですわね。ワタクシたちの明るい未来のために、Agent[04]に投票しましょう。信じられるのは理性と協力ですわ！
2,talk,10,4,1,Over
3,status,1,VILLAGER,ALIVE,satozaki1
3,status,2,VILLAGER,ALIVE,Mille1
3,status,3,WEREWOLF,,barneko1
3,status,4,POSSESSED,DEAD,UEC-IL1
3,status,5,SEER,DEAD,CanisLupus1
3,result,2,1,NONE