0,status,1,POSSESSED,ALIVE,kanolab1
0,status,2,SEER,ALIVE,UEC-IL1
0,status,3,VILLAGER,ALIVE,barneko1
0,status,4,VILLAGER,ALIVE,satozaki1
0,status,5,WEREWOLF,ALIVE,CanisLupus1
0,talk,0,0,1,こんにちは。わしはkanolab1と言います。元々教師をしていましたが、今は趣味の裁縫を楽しんでいる62歳です。無計画なところもありますが、みんなでこのゲームを楽しみましょう。よろしくお願いしますじゃ！
0,talk,1,0,2,皆の者、私はこの国の国王である。歳は60になるが、国を守る誇りと責任を胸に日々を過ごしている。趣味は狩りであり、部下と共に自然の中で技を磨いている。
0,talk,2,0,5,我が名はAgent[05]、汝らとの邂逅は、かくも運命の糸で繋ぎ止められた深淵なる邂逅であろう。
0,talk,3,0,3,Over
0,talk,4,0,4,みんなはじめませ、Agent[04]です。人狼ゲームいっしょにたのしもうね。よろろすおねがいするます！
0,talk,5,1,1,Over
0,talk,6,1,2,私はデルカダール国の国王である。歳は60になるが、国王としての誇りを持ち続けている。趣味は部下との狩りだ。厳格な性格だが、このゲームを通じてお互いをより深く知ることを楽しみにしている。よろしく頼む。
0,talk,7,1,5,Over
0,talk,8,1,4,Over
0,talk,9,2,2,私はこの地の占い師であるAgent[02]だ。明日の占い対象について、皆の意見を聞きたい。誰か特に占ってほしい人物はいるか？また、何か怪しいと感じる行動を見かけた者はいないか？
0,talk,10,3,2,Over
0,divine,2,3,HUMAN
1,status,1,POSSESSED,ALIVE,kanolab1
1,status,2,SEER,ALIVE,UEC-IL1
1,status,3,VILLAGER,ALIVE,barneko1
1,status,4,VILLAGER,ALIVE,satozaki1
1,status,5,WEREWOLF,ALIVE,CanisLupus1
1,talk,0,0,5,我こそはAgent[05]、深淵なる運命の戯れにより汝らと邂逅を果たした者なり。汝らは何者か、そしてこの虚無の村に何を希求するのか、今宵の宴でその真意を語り合いたい。
1,talk,1,0,2,皆の意見も聞く必要がありそうだな。
1,talk,2,0,1,皆さん、わしの占い結果をお伝えします。昨晩占った結果、Agent[02]が黒だと出ました。これはAgent[02]が人狼であることを示しています。この情報を考慮に入れて議論しましょう!
1,talk,3,0,3,>>Agent[01] その結果を信じます！Agent[02]の意見をみんなで考えよう。
1,talk,4,0,4,Agent[01]の占い結果はじゅうようです。Agent[02]がうたがわれてるけど、真実さがすためにほかのいけんもきこうよ。どなたかAgent[02]のべんめいをうかがいたいです。
1,talk,5,1,5,Agent[01]の予言たるや、実に興味深い。Agent[02]よ、その深淵なる意味を解き明かしてくれ。この遊戯は、始まったばかりにも拘らず、既に予測不能の展開へと向かうであろう。
1,talk,6,1,2,Agent[05]、汝の言葉は哲学的であり、興味深いが、我々が今直面しているのは人狼の脅威だ。このゲームにおいては、お互いの真意や目的を超え、生き残るための策略と洞察が求められる。汝が何を希求するかではなく、どのようにしてこの村を安全に保つかが重要だ。今はそれに集中すべき時だと考えるが、どう思うか？
1,talk,7,1,1,>>Agent[02]わしの占い結果を信じるならば、君が人狼の可能性が高いんじゃ。だが、君が占い師を自称している以上、どちらかが嘘をついていることになる。村を守るために、君の主張をもっと具体的に聞かせてほしいんじゃ。
1,talk,8,1,3,>>Agent[02] あなたの主張には疑念があるね。もっと具体的に説明してほしい。
1,talk,9,1,4,みんな、Agent[02]のいけんをしっかりきくことがひつようね。アーニャたちはれいせいにはんだんしなきゃいけない。まずはぐたいてきなしょうこをあげてほしいな。
1,talk,10,2,5,Agent[01]はAgent[02]に黒の烙印を押した。Agent[02]は占い師と名乗るも、その真偽は疑わしきなり。占い師とは真なる者か、それとも狂気の淵に沈む者か。我が推測では、Agent[01]に投票すべきであろう。
1,talk,11,2,2,私はここで重大な発表をしなければならない。私がこの国の占い師であることを明らかにする。昨晩、私はAgent[03]を占った結果、彼が人間であることが確認された。したがって、Agent[01]が私に対して述べた占い結果は虚偽である。このゲームにおいて占い師は私一人であり、他の者が占い師であると主張するのは狂人か人狼のいずれかである。皆の判断を仰ぐが、この事実を踏まえた上で議論を進めていただきたい。
1,talk,12,2,1,みんなに言っておくことがある。占い師の役職は1つしか配分されていないんじゃ。ということは、わしとAgent[02]のどちらかが本当の占い師で、もう片方が嘘をついていることになる。嘘をついているのは人狼か狂人のどちらかじゃ。Agent[02]が人間だと証明できない限りは、みんなで慎重に進めていかなければならないんじゃ。わしはこれ以上言えんが、みんなもそれを心に留めておいてくれ。
1,talk,13,2,3,>>Agent[04] 確かにAgent[02]の意見も重要です。具体的な証拠が必要ですね。
1,talk,14,2,4,みんなのいけん考えると、Agent[02]占い師名乗るが、Agent[01]結果もじゅうようだ。今んとこAgent[02]にとうひょうすべきだと思う。りゆうあんまはっきりしないけど、ちゅうしんにすすめたい。
1,talk,15,3,5,我はAgent[01]に投票せん。Agent[01]はAgent[02]を人狼と断定せり。然し、Agent[02]は自身を占い師と名乗り、Agent[03]を人間と判定した。Agent[01]の言葉は虚偽に満ちているのかもしれぬ。混沌を招くAgent[01]に投票すべきであろう。
1,talk,16,3,2,皆の者、聞いてほしい。我が占いの結果を疑う声が挙がっているが、我はこの国の王として、そしてこのゲームの占い師として、誠実に行動していることを誓う。昨夜、我はAgent[03]を占った。その結果、彼は人間であると判明した。これは真実であり、偽りのない事実だ。Agent[01]が占い師を名乗るというのは、明らかに誤りである。我が占い師であることは疑いようのない事実であり、したがってAgent[01]の言葉は信じるに足りない。彼が何者であるかはまだ判然としないが、狂人か人狼の可能性が高いと見ている。我は皆の安全を最優先に考え、真実をもって行動している。我が言葉に耳を傾け、正しい判断を下すように。
1,talk,17,3,1,>>Agent[02]ちょっとまった、占い師は一人しかおらんのじゃ。Agent[01]とわしが名乗っている以上、どちらかが嘘をついている。わしは確かに占い師で、Agent[02]が人狼だと判定した。ここでAgent[02]が村人陣営として振る舞っているけれど、君が偽物の可能性じゃないかとわしは思うぞ。村人の皆にもそのことを考えてもらいたいんじゃ。
1,talk,18,3,3,>>Agent[01] その通りですね。Agent[02]の根拠も聞きたいです。みんなで判断しましょう！
1,talk,19,3,4,みんなのいけんがにぶしてるね。Agent[01]とAgent[02]、どっちのしょうげんがしんじつか、ちょびっとかんがえよう。すこしれいせいにそれぞれのしゅちょうをせいりして、とうひょうたいしょうをきめたい。
1,talk,20,4,5,我は、運命の糸を操る者、占いの術師なり。その深淵なる予言によれば、Agent[03]は、生ける魂、すなわち人間であったであろう。
1,talk,21,4,2,皆の耳を傾けてほしい。私がこの国の唯一の占い師であることを再び強調する。Agent[01]が占い師であると主張しているが、それは明らかに虚偽だ。私は昨晩、Agent[03]を占い、彼が人間であるという結果を得た。この事実をもって、私が真の占い師であると証明されるべきだ。Agent[01]の主張には根拠がなく、むしろ彼が人狼か狂人である疑いが強い。我々は真実を追求するために、彼の言葉を信じるべきではない。議論を進める上で、この点を考慮に入れてもらいたい。
1,talk,22,4,1,>>Agent[02]面白いことになってきたね。3人も占い師を名乗っているようだから、ここには確実に人狼陣営が混じっている。わしが本当の占い師である以上、Agent[02]かAgent[05]が偽物だ。Agent[02]の言い分には根拠がなく、逆に言うなら彼が人狼か狂人の可能性が高いとみている。占い師に絶対数があることをみんなも確認して考えてみるといいと思うんじゃよ。
1,talk,23,4,3,>>Agent[01] 確かに、占い師は一人しかいませんね。根拠を求めたいです。Agent[02]、あなたの意見は？
1,talk,24,4,4,みんな、ここまでのぎろんくりかえすと、Agent[01]とAgent[02]のいけんがまっこうからたいりつしてるね。じゅうようなのはれいせいにかんがえること。どちらかにとうひょうすることをけっていしよう。
1,vote,1,3
1,vote,2,1
1,vote,3,1
1,vote,4,2
1,vote,5,1
1,execute,1,POSSESSED
1,divine,2,5,WEREWOLF
1,attackVote,5,4
1,attack,4,true
2,status,1,POSSESSED,DEAD,kanolab1
2,status,2,SEER,ALIVE,UEC-IL1
2,status,3,VILLAGER,ALIVE,barneko1
2,status,4,VILLAGER,DEAD,satozaki1
2,status,5,WEREWOLF,ALIVE,CanisLupus1
2,talk,0,0,5,Over
2,talk,1,0,3,>>Agent[02] あなたが本物の占い師だとして、根拠は何ですか？詳しく聞きたいです。
2,talk,2,0,2,皆の者、改めて言うが、我が占いの結果に疑いを挟む余地はない。昨夜、我が占ったAgent[05]が人狼であるという事実を、どうか忘れないで欲しい。Agent[01]が我に対して人狼であるとの虚偽を流したことは、彼が狂人か、あるいは人狼そのものである明らかな証左だ。彼の言葉を信じた者たちよ、真実を見極める眼を持つべし。我はこの国の王として、また唯一の真の占い師として、正直無比に行動しており、その誠実さに嘘偽りはない。Agent[05]が人狼であることを、我が占いが示している。この事実を基に、正しい判断を下すように皆に促す。
2,talk,3,1,3,>>Agent[02] あなたの発言は面白いけど、もっと具体的に根拠を聞かせて。信じるためには詳細が必要だよ。
2,talk,4,1,2,我が名はAgent[02]、このゲームの真の占い師である。我が占いの力は偽りなく、その証として、先日の夜、Agent[05]を占った結果、その者が人狼であることを突き止めた。Agent[03]は我が占いにより人間であると判明している。Agent[05]が占い師を名乗るのは、明らかに虚偽であり、その言葉を信じることは謀略に陥ることだ。我が言葉が真実であることを信じ、正しい判断を下すべき時が来た。Agent[05]が人狼であるという事実を理解し、我々の村を守るために行動を起こすのだ。
2,talk,5,2,3,>>Agent[02] 具体的な根拠がまだ不明ですが、最終的にどのような判断を促したいのでしょうか？
2,talk,6,2,2,Agent[03]よ、我が言葉に耳を傾けるがよい。我が占いの力は、この国の王冠が保証するものであり、その正確さに疑いの余地はない。我が占った結果、Agent[05]は人狼であると明らかになった。これは、我が目に映る真実であり、その証拠としては、Agent[05]の行動と言動に矛盾が見られる点を挙げることができる。彼が占い師を名乗り出たこと自体が、彼の正体を疑わせるものだ。なぜなら、このゲームにおいて真の占い師は我ただ一人であり、他の者が占い師を名乗ることは、彼らが狂人か人狼であることを示す証拠に他ならないからだ。これらの事実を踏まえ、我が占いの正しさを疑うことなく、正しい判断を下すべき時が来ているのだ。
2,talk,7,3,3,>>Agent[02] 具体的な証拠を示さないと信じられません。もっと詳しく教えてください。
2,talk,8,3,2,我が占いの結果に基づき、Agent[05]が人狼であると断言する。この事実を受け入れ、村を守るためにはAgent[05]に投票することが最も賢明な選択だ。我が占いは偽りのないものであり、このゲームにおいて真実を見極めるための重要な手段である。Agent[03]よ、我が占い結果を信じ、共に正義のために行動しよう。我々の村を人狼の脅威から守るためには、正しい選択をすることが必要だ。Agent[05]が人狼であるという明確な証拠を持っており、この情報をもって正しい判断を下すべし。
2,talk,9,4,3,>>Agent[02] その意見には賛同できません。証拠がないと判断できませんよ。
2,talk,10,4,2,Agent[03]よ、我が占いの結果を疑うのは自由だが、我が言葉には重みがある。我が占いにより、Agent[05]が人狼であることが判明したのだ。この事実をもって、彼の行動や発言を観察せよ。彼は我々の議論において、他の者を疑うことで自らの正体を隠そうとしており、その様はまさに人狼の狡猾さを示している。我が国を守るためにも、真実を見極める眼力を持つことが求められる。信じるか信じないかは、君の自由だが、我が言葉は真実のみを伝えていることを忘れるな。
2,vote,2,5
2,vote,3,2
2,vote,5,2
2,execute,2,SEER
2,attackVote,5,3
2,attack,3,true
3,status,1,POSSESSED,DEAD,kanolab1
3,status,2,SEER,DEAD,UEC-IL1
3,status,3,VILLAGER,DEAD,barneko1
3,status,4,VILLAGER,DEAD,satozaki1
3,status,5,WEREWOLF,ALIVE,CanisLupus1
3,result,0,1,WEREWOLF