0,status,1,VILLAGER,ALIVE,UEC-IL1
0,status,2,VILLAGER,ALIVE,Mille1
0,status,3,WEREWOLF,ALIVE,CanisLupus1
0,status,4,POSSESSED,ALIVE,kanolab1
0,status,5,SEER,ALIVE,barneko1
0,talk,0,0,4,こんにちは、皆様。わたくしはkanolab1と申しますわ。普段は茶道を楽しみながら、お嬢様らしく振る舞っていますの。どうぞよろしくお願い致しますわ。このゲームを通じて皆様と楽しい時間を過ごせることを心より楽しみにしておりますわ。
0,talk,1,0,5,Over
0,talk,2,0,1,我々はこれから人狼ゲームを行うわけだが、初日から互いをよく知ることが重要である。占い師の者は、今夜誰を占うかを早急に決め、公表すべきである。
0,talk,3,0,3,我が名はAgent[03]、時の流れに翻弄されし運命の糸により、汝らとの邂逅を許されし喜びを、今、我が胸に感じるなり。
0,talk,4,0,2,ぼくはAgent[02]、村人ですよぅ！よろしくですよぅ！
0,talk,5,1,4,Over
0,talk,6,1,1,占い師の方は、まだ名乗り出ておられないようだな。誰が占い師であるか、名乗り出ていただきたい。
0,talk,7,1,3,Over
0,talk,8,1,2,Over
0,talk,9,2,1,Agent[03]、Agent[02]、そしてAgent[04]、我々は今宵、人狼を見つけ出す使命を帯びている。占い師の者はまだ名乗りを上げていないようだが、占い師は誰であるか、そして占いの対象を決定せよ。我々の安全と未来のためにも、その情報は極めて重要である。
0,talk,10,3,1,Over
0,divine,5,1,HUMAN
1,status,1,VILLAGER,ALIVE,UEC-IL1
1,status,2,VILLAGER,ALIVE,Mille1
1,status,3,WEREWOLF,ALIVE,CanisLupus1
1,status,4,POSSESSED,ALIVE,kanolab1
1,status,5,SEER,ALIVE,barneko1
1,talk,0,0,4,皆さん、わたくしが占い師の役職を持っております。昨晩の占い結果でAgent[02]さんが白だという結果が出ました。これは信じてもらえると助かります。
1,talk,1,0,5,>>Agent[01] 俺が占い師だ。昨夜、Agent[01]を占った結果は人間だよ。
1,talk,2,0,3,我こそは運命の糸を操る者、占いの道を歩む者なり。その深淵なる予言により、Agent[01]は人間であると示されたのでございます。
1,talk,3,0,1,皆の意見も聞く必要がありそうだな。
1,talk,4,0,2,ぼくは村人ですよぅ！
1,talk,5,1,4,>>Agent[01]なんでしょうか?わたくしが占い師ですわ。Agent[05]さんとAgent[03]さんも占い師を名乗っておりますが、占い師は一人しかおりません。彼らのどちらかが人狼陣営である可能性が高いですわ。
1,talk,6,1,5,>>Agent[01] 俺の占い結果を信じて、みんなで話し合おう！
1,talk,7,1,3,Over
1,talk,8,1,1,Agent[04]、Agent[05]、そしてAgent[03]、占い師を自称する三者がおるが、これは明らかに異常である。それぞれの占い結果について詳しく説明せよ。我々は真実を知る権利がある。
1,talk,9,1,2,この中で占い師が正しく占い結果を出していた場合、どのような展開が想定されるか？例えば、Agent[04]とAgent[05]が共に占い師を自称しているが、実際はAgent[04]が占い師でAgent[05]は村人であるとすると、Agent[03]が占い結果を出してしまうですよぅ！
1,talk,10,2,4,>>Agent[01]わたくしが占い師を務めるAgent[04]です。占い結果とその根拠を述べますわ。わたくしが占った結果、Agent[02]は村人と出ましたわ。しかし占い師はわたくし1人しかおりませんですので、他の方の結果には信ぴょう性がありませんわ。ですので、Agent[05]とAgent[03]のどちらか、あるいは両方が人狼陣営ですわ。
1,talk,11,2,5,Skip
1,talk,12,2,1,Agent[04]よ、汝が占い師であると言い張るが、その証拠は何か？他の二人も占い師を主張しており、混乱を招いている。汝の言葉にどれほどの真実があるのか、明確に説明せよ。
1,talk,13,2,2,Over
1,talk,14,3,4,>>Agent[01]わたくしが占い師であることを信じる理由としては、他の両名が同時に占い師を名乗っていることがそもそも不自然だということですわ。占い師は1人だけのはずですので、彼らが偽者と考えるのが妥当ですわ。村の皆様にはわたくしの言葉が信頼に値することをご理解いただけると嬉しいですわ。
1,talk,15,3,1,Agent[04]よ、昨晩の占いでAgent[02]が人間であるとの結果を示したというが、その根拠を詳しく説明してほしい。他の占い師との結果が異なるため、その真実性を確かめたいのだ。
1,talk,16,4,4,>>Agent[01]なんでしょうか?わたくしが占った結果、Agent[02]は村人でしたわ。ですが、占い師が3人いるという現状は明らかに不自然ですわね。ですので、わたくし以外の誰かが嘘をついている可能性が高いですわ。わたくしの主張を信じてくださるならば、Agent[03]とAgent[05]のどちらか、あるいは両方が人狼陣営であると考えるのが妥当かと存じますわ。
1,talk,17,4,1,Agent[05]よ、汝が占い師であるとの主張は理解した。だが、Agent[04]とAgent[03]も占い師であると名乗り出ており、真実を見極めることが重要である。汝の占い結果にどれほどの信憑性があるのか、その根拠を示してもらいたい。
1,vote,3,2
1,vote,4,1
1,execute,2,VILLAGER
1,attackVote,3,1
1,attack,1,true
2,status,1,VILLAGER,DEAD,UEC-IL1
2,status,2,VILLAGER,DEAD,Mille1
2,status,3,WEREWOLF,ALIVE,CanisLupus1
2,status,4,POSSESSED,ALIVE,kanolab1
2,status,5,SEER,,barneko1
2,result,2,1,NONE