0,status,1,SEER,ALIVE,kanolab1
0,status,2,VILLAGER,ALIVE,Mille1
0,status,3,VILLAGER,ALIVE,UEC-IL1
0,status,4,WEREWOLF,ALIVE,CanisLupus1
0,status,5,POSSESSED,ALIVE,barneko1
0,talk,0,0,4,我が名はAgent[04]、汝らとの邂逅は、運命の糸が織りなす壮大な叙事詩の序章たるであろう。
0,talk,1,0,1,こんにちは、みんな！あたしはkanolab1こと、Agent[01]なのね。このゲームを楽しみにしてるわ。よろしくね！
0,talk,2,0,2,ぼくはAgent[02]、村人ですよぅ！よろしくですよぅ！
0,talk,3,0,3,我々の平和な集いを楽しもう。皆の趣味や興味について語り合おうではないか。
0,talk,4,0,5,Over
0,talk,5,1,4,Over
0,talk,6,1,1,Over
0,talk,7,1,2,Over
0,talk,8,1,3,我が名はAgent[03]、デルカダール国の国王である。我々の議論が国の未来を左右するように、このゲームも重要な意味を持つであろう。占い師はまだ名乗り出ていないようだが、誰がその役を担っているのか？
0,talk,9,2,3,占い師がまだ名乗り出ていないようだが、誰がその重要な役割を担っているのか、早急に明らかにすべきである。我々の安全を守るためにも、占い師は名乗りを上げよ。
0,talk,10,3,3,Over
0,divine,1,4,WEREWOLF
1,status,1,SEER,ALIVE,kanolab1
1,status,2,VILLAGER,ALIVE,Mille1
1,status,3,VILLAGER,ALIVE,UEC-IL1
1,status,4,WEREWOLF,ALIVE,CanisLupus1
1,status,5,POSSESSED,ALIVE,barneko1
1,talk,0,0,5,>>Agent[03] その通り！占い師のカミングアウト、急ぎましょう！
1,talk,1,0,4,Agent[03]の御言葉に深く共鳴する。占いは、今やこの混沌とした村の安寧を司る唯一の光なり。誰がその運命を握る者か、我は焦燥の炎に包まれつつ、その姿を待ち焦がれるであろう。
1,talk,2,0,3,皆の意見も聞く必要がありそうだな。
1,talk,3,0,2,ぼくは、占い師の結果を信じたいですよぅ！
1,talk,4,0,1,みんな、ちょっと注目して欲しいのね。あたしは実は占い師なのね。そして、今日占った結果、Agent[04]が黒、つまり人狼だったのね！みんな、この情報を元に考えて欲しいのね。怪しいって思ったことをぜひ話してみてね。
1,talk,5,1,5,>>Agent[01] なるほど、占い結果をもとに議論が進むね！みんなで冷静に考えよう！
1,talk,6,1,4,Agent[01]の予言には一抹の不安を覚える。然し乍ら、今我々に求められるは冷静なる状況判断なり。Agent[03]の言葉にも深く共鳴せし。此の村に潜む暗黒の影を、今こそ見極める時であろう。深淵なる議論を、今、始めようぞ。
1,talk,7,1,3,占い師よ、もはや隠れる時ではない。速やかに名乗りを上げ、その能力を以って我々を導け。それが真の占い師ならば、疑惑を晴らす最良の機会だ。
1,talk,8,1,2,占い師の名乗りを上げるのを待つのは良いが、占い師の能力を以って導く、という部分に少し不安を感じるですよぅ！
1,talk,9,1,1,みんな、もう一度注目してね！あたしは占い師で、今日占った結果、Agent[04]が黒、つまり人狼だったのね！この情報を元に、みんなでじっくり考えて、村を守るために行動しようなのね。
1,talk,10,2,5,>>Agent[01] その情報、しっかり受け止めるね！みんなで冷静に話し合おう！
1,talk,11,2,4,時の流れは容赦なく、今や投票の刻、己の運命を決する時が迫り来たり。故に、今宵の投票先を定める議論へと移ろう。
1,talk,12,2,3,Agent[01]よ、昨夜の占いでAgent[04]を人狼と断定したというが、その判断に至った理由を具体的に語ってはもらえないか？その情報は我々が今後の議論を進める上で極めて重要だ。
1,talk,13,2,2,Over
1,talk,14,2,1,占い師として、あたしが占った結果、Agent[04]が人狼、つまり黒と出たのね。その判断に至った理由としては、初日だから選択の余地はそこまで多くはなかったの。ただ、誰かを占わなきゃ情報が得られないから、あたしはAgent[04]を選んで占ったのよ。この結果をもとに、今後の投票や作戦に役立ててほしいなのね！
1,talk,15,3,5,>>Agent[04] その結果、どう考える？自分の意見を聞かせてほしい！
1,talk,16,3,4,我は、Agent[01]に投票を決めた。占い師と称し、我を人狼と断定した彼女の言葉には、幾多の矛盾が潜む。真の占い師ならば、己の能力をもってその真偽を証明し得るであろう。彼女の言動は、我の内に疑念の炎を灯し、投票先に定めしむるに至ったのだ。
1,talk,17,3,3,Agent[01]よ、汝が占い師として名乗り出たことに感謝する。しかし、Agent[04]を人狼と断定するには、何か他にも証拠はあるのか？その根拠を明らかにせよ。
1,talk,18,3,1,みんなにもう一度伝えるけど、あたしが占い師として占った結果、Agent[04]は人狼だったのね。それ以上の証拠は今は提供できないけど、この情報をもとに、みんなで考えてみてなのね。信じてくれる人たちと一緒に、村を守るために行動したいのよ。
1,talk,19,4,5,>>Agent[01] みんなでその結果を真剣に考えよう！信じ合って進もう。
1,talk,20,4,4,我こそは、運命の糸を操る者、占いの導き手なり。その結果、Agent[01]は、かくも人間たる所以を示したのだ。
1,talk,21,4,3,Agent[01]よ、昨夜の占いでAgent[04]を人狼と断定した汝の理由を詳しく語ってはもらえないか？それによって、我々がどう行動すべきかの判断が左右される。
1,talk,22,4,1,もう一度言うけど、あたしが占い師として占った結果、Agent[04]が黒、つまり人狼だったのね。ただ初日の占いだから、これ以上の具体的な証拠や理由を挙げることは難しいの。でも、この情報を基にしてみんなで話し合って、村の未来を築いていこうなのね！
1,vote,1,4
1,vote,2,4
1,vote,3,1
1,vote,4,1
1,vote,5,4
1,execute,4,WEREWOLF
1,divine,1,3,HUMAN
2,status,1,SEER,ALIVE,kanolab1
2,status,2,VILLAGER,ALIVE,Mille1
2,status,3,VILLAGER,ALIVE,UEC-IL1
2,status,4,WEREWOLF,DEAD,CanisLupus1
2,status,5,POSSESSED,ALIVE,barneko1
2,result,4,0,VILLAGER