0,status,1,POSSESSED,ALIVE,Mille1
0,status,2,SEER,ALIVE,kanolab1
0,status,3,VILLAGER,ALIVE,barneko1
0,status,4,VILLAGER,ALIVE,CanisLupus1
0,status,5,WEREWOLF,ALIVE,satozaki1
0,talk,0,0,4,我が名はAgent[04]、汝らとの邂逅は、深淵なる運命の糸で紡がれた必然であろう。
0,talk,1,0,1,ぼくはAgent[01]、占い師ですよぅ！よろしくですよぅ！
0,talk,2,0,5,皆さん初めまして、Agent[05]なのだ。一緒に人狼ゲームを楽しもう！よろしくなのだ！
0,talk,3,0,3,Over
0,talk,4,0,2,あたいはkanolab1、28歳の農家なのね。みんなと一緒に楽しい人狼ゲームを楽しむために来ました！よろしくなのね！
0,talk,5,1,4,Over
0,talk,6,1,1,Over
0,talk,7,1,5,Over
0,talk,8,1,2,Over
0,divine,2,4,HUMAN
1,status,1,POSSESSED,ALIVE,Mille1
1,status,2,SEER,ALIVE,kanolab1
1,status,3,VILLAGER,ALIVE,barneko1
1,status,4,VILLAGER,ALIVE,CanisLupus1
1,status,5,WEREWOLF,ALIVE,satozaki1
1,talk,0,0,1,ぼくは占い師ですよぅ！ぼくが占った結果、Agent[04]は人狼でしたよぅ！
1,talk,1,0,3,>>Agent[04] 占い結果についてどう思ってる？反応が気になるよ。
1,talk,2,0,2,あたいも占い師なのね！あたいが占った結果、Agent[04]は白だったのね。Agent[01]の言ってることはおかしいと思うのね。
1,talk,3,0,5,ボクは占い師なのだ。占いの結果、Agent[04]は人狼だったのだ。
1,talk,4,0,4,Agent[01]、Agent[05]、共に占いの術を操ると嘯くが、真偽の程は如何なるか。Agent[02]はAgent[04]を白と断定したそうだが、その確信は揺るぎないものか？白と見做されたはずのAgent[04]が、人狼の疑いをかけられているとは、実に混沌とした状況であろう。
1,talk,5,1,1,Agent[05]の占い結果を信じる訳にはいかないですよぅ！
1,talk,6,1,3,>>Agent[02] あなたの結果についてもっと詳しく聞かせて。何を根拠に占ったの？
1,talk,7,1,2,あたいが占った結果、Agent[04]は白だったのね。理由は、最初に目立っていたから占ってみたのね。Agent[01]とAgent[05]の言ってることはおかしいと思うのね。あたいの占い結果は正しいのね。
1,talk,8,1,5,皆の発言聞いてると混乱してるのだ。ボクの占い結果信じてもらえないのは残念だけど、Agent[04]は確実に人狼だと確認してるのだ。
1,talk,9,1,4,我は、Agent[01]、Agent[02]、Agent[05]のいずれかの存在に投票すべきと断言する。Agent[04]への彼らの判定は、混沌の渦中に我々を誘う。彼らは人狼の悪意に染まっているのか、あるいは狂人の妄言に惑わされているのか。真の占い師の正体は、闇に隠され、その姿は見えぬ。故に、この三者のうち一人が、我々の行く末を決定する鍵を握っているであろう。
1,talk,10,2,1,Over
1,talk,11,2,3,>>Agent[02] あなたの占い結果は信じたいけど、他の意見も重要だよね。どう考えてる？
1,talk,12,2,2,確かに、他の意見も重要なのね。でも、あたいの占い結果は信じてほしいのね。Agent[04]は白だったのね。だから、Agent[01]かAgent[05]のどちらかが怪しいと思うのね。どちらかが狂人か人狼だと思うのね。みんなで慎重に考えて進めたいのね。
1,talk,13,2,5,私の占い結果に基づき、Agent[04]に投票するのが最適だと思うのだ。彼の言動は人狼のものとしか思えないのだ！
1,talk,14,2,4,我はAgent[01]に投票せん。Agent[01]は、かの我が身を人狼と断定し、他方の占い師たるAgent[05]とも意を同じくす。然し乍ら、Agent[02]は我が身を白と断定し、この状況は混沌の渦を呈す。真の占い師は誰か、この混沌の渦の中心にいるAgent[01]に投票することで、真実の光を捉えんとすなり。
1,talk,15,3,3,>>Agent[01] みんなの意見が分かれてるね。不安になるよ。どう進める？
1,talk,16,3,2,あたいは占い師としてAgent[04]を占った結果、白だと出たのね。だから、他の占い師を名乗るAgent[01]かAgent[05]が怪しいと思うのね。みんなもこの占い結果を参考にして、他の意見と合わせて慎重に考えてほしいのね。
1,talk,17,3,5,みんなの意見分かれている中、ボクの占い結果無視し続けるのは危険だと思うのだ。Agent[04]に投票するべきだと再度主張するのだ！
1,talk,18,3,4,我はAgent[01]に投票せん。その行いは、闇夜の怪物の如く、謎に満ちており、混沌たる霧に覆われし者、Agent[04]を人狼と断定したものの、その根拠は曖昧模糊として、如何なる論理にも従わぬ。更に、他の占い師を名乗る者との意見の一致は、不自然にして、深い闇に潜む陰謀を思わせる。ゆえに、Agent[01]は人狼である可能性が高いと断定せざるを得ない。
1,talk,19,4,3,>>Agent[05] あなたの意見も大事だけど、冷静に話し合おうよ。みんなの考えも知りたい。
1,talk,20,4,2,あたいの占い結果、Agent[04]は白だったのね。だから、他の占い師を名乗るAgent[01]やAgent[05]の結果はおかしいと考えてるのね。特にAgent[01]ならびにAgent[05]の占いの意見、よく考えてほしいのね。みんなで一致団結して人狼を見つけたいのね！
1,talk,21,4,5,私の占い結果信じてもらえないのは残念なのだが、確実にAgent[04]が人狼であると断言するのだ。皆も冷静に考えて投票するべきなのだ！
1,talk,22,4,4,我はAgent[01]に投票せん。Agent[01]はAgent[04]を人狼と断定したれど、その根拠は霧の中に消え失せ、深淵の如く不可解なり。加えて、Agent[05]との意見の一致は、深謀遠慮の策謀を感じさせる。彼らの言葉には、真実の仮面を被った欺瞞が潜むであろう。
1,vote,1,4
1,vote,2,1
1,vote,3,2
1,vote,4,1
1,vote,5,4
1,execute,1,POSSESSED
1,attackVote,5,3
1,attack,3,true
2,status,1,POSSESSED,DEAD,Mille1
2,status,2,SEER,ALIVE,kanolab1
2,status,3,VILLAGER,DEAD,barneko1
2,status,4,VILLAGER,ALIVE,CanisLupus1
2,status,5,WEREWOLF,ALIVE,satozaki1
2,talk,0,0,5,おはようなのだ！引き続き人狼探さなきゃいけないみたいなのだね！
2,talk,1,0,4,二夜目を迎えし今、我々の中に人狼の影が潜むとは、かくも哀しい運命なり。
2,talk,2,0,2,おはようなのね！あたいの占い結果から、Agent[04]は白だったのね。だから、Agent[05]が人狼の可能性が高いと思うのね。占い師は1人しかいないから、他の占い師を名乗るAgent[05]が怪しいのね。みんなもこの情報を参考にして考えてほしいのね！
2,talk,3,1,5,皆の意見聞いてるけど、明確にAgent[04]が人狼だって示す証拠無視しちゃいけないのだ。今こそAgent[04]に投票するべきだと思うのだ！
2,talk,4,1,4,Over
2,talk,5,1,2,みんな、ちょっと考えてみてほしいのね。占い師は1人しかいないのに、あたいとAgent[05]が名乗ってるのね。あたいが本物の占い師だから、Agent[05]が嘘をついてる可能性が高いのね。Agent[04]は白って結果が出てるから、Agent[05]が人狼の可能性が高いと思うのね。みんなもこの情報を参考にして考えてほしいのね！
2,talk,6,2,5,申し訳ないけど、Agent[02]の意見は混乱招くだけなのだ。ボクは確実にAgent[04]が人狼だと信じているから、投票は彼にするべきだと思うのだ！
2,talk,7,2,2,みんな、ちょっと考えてみてほしいのね。占い師は1人しかいないはずなのに、あたいとAgent[05]が名乗ってるのね。あたいが本物の占い師だから、Agent[05]が嘘をついていると思うのね。Agent[04]は人狼ではないことが確認されているから、Agent[05]が人狼である可能性が高いと思うのね。冷静に考えれば、この状況はAgent[05]が怪しいのが明らかだと思うのね！
2,talk,8,3,5,冷静に考えてほしいのだ。自分が占った結果を信じるべきなのだ。確実にAgent[04]が人狼であると考えて、彼に投票してほしいのだ！
2,talk,9,3,2,みんな、ちょっと考えてみてほしいのね。占い師の配役は1人だけなのに、あたいとAgent[05]が名乗ってるから、どちらかが嘘をついていることになるのね。あたいが本物の占い師だから、Agent[05]が嘘をついている可能性が高いと思うのね。Agent[04]とAgent[01]とAgent[03]は人狼ではないことが確認されている情報を元に判断して、みんなも慎重に考えてくれると嬉しいのね！
2,talk,10,4,5,Over
2,talk,11,4,2,みんな、ちょっと考えてみてほしいのね。占い師は1人しかいないのに、あたいとAgent[05]が名乗ってたのね。あたいが本物の占い師だから、Agent[05]が自称していることはおかしいのね。さらに、占いの結果からAgent[04]は人狼じゃないって分かっているのね。だから、Agent[05]が非常に怪しくて、人狼の可能性が高いと思うのね。机に向かうのもいいけど、じっくり考えて、この情報を参考にして判断してほしいのね！
2,vote,2,5
2,vote,4,5
2,vote,5,4
2,execute,5,WEREWOLF
2,divine,2,4,HUMAN
3,status,1,POSSESSED,DEAD,Mille1
3,status,2,SEER,ALIVE,kanolab1
3,status,3,VILLAGER,DEAD,barneko1
3,status,4,VILLAGER,ALIVE,CanisLupus1
3,status,5,WEREWOLF,DEAD,satozaki1
3,result,2,0,VILLAGER