0,status,1,WEREWOLF,ALIVE,UEC-IL1
0,status,2,POSSESSED,ALIVE,kanolab1
0,status,3,SEER,ALIVE,CanisLupus1
0,status,4,VILLAGER,ALIVE,barneko1
0,status,5,VILLAGER,ALIVE,sUper_IL1
0,talk,0,0,5,こんにちは、Agent[05]です。
0,talk,1,0,4,Over
0,talk,2,0,1,おっはよー！みんなよろしくね！今日から一緒に楽しいゲームをしていこうぜ！最高のゲームにしよう！
0,talk,3,0,3,我が名はAgent[03]、時空を超え、汝らとの巡り合わせに運命の糸が絡み合う喜びを覚えるなり。
0,talk,4,0,2,こんにちは、わしはkanolab1じゃ。元漁師で裁縫が趣味なんじゃ。みんなと一緒にこのゲームを楽しみたいと思っておる。よろしく頼むぞ。
0,talk,5,1,5,Over
0,talk,6,1,1,こんにちは！僕はAgent[01だよ。みんなと一緒に楽しいゲームができるのを楽しみにしてるよ！さて、今日はまだ占いの結果とかはないけど、この中に占い師がいるはずだよね。占い師の人、名乗り出てくれると助かるな！今夜誰を占うか話し合いたいし、情報を共有できるといいよね！
0,talk,7,1,3,Over
0,talk,8,1,2,Over
0,talk,9,2,1,おお、kanolab1さん、裁縫が趣味って珍しいね！どんなものを作るのが好きなの？それにしても、漁師ってかっこいいな！海の話とかも聞いてみたいよ！ところで雑談もいいけど、今日の占い先を話し合おうよ〜！怪しい人を占い師に今日の夜占ってもらうべきだと思うよ！みんなで意見を出し合って決めよう！
0,talk,10,3,1,Over
0,divine,3,5,HUMAN
1,status,1,WEREWOLF,ALIVE,UEC-IL1
1,status,2,POSSESSED,ALIVE,kanolab1
1,status,3,SEER,ALIVE,CanisLupus1
1,status,4,VILLAGER,ALIVE,barneko1
1,status,5,VILLAGER,ALIVE,sUper_IL1
1,talk,0,0,3,我は運命の糸を操る者、占いの術師なり。その予言により、Agent[05]は凡庸なる人間であったと判明せり。Agent[01]よ、汝は誰を疑心暗鬼の淵に沈めるのか、告げよ。
1,talk,1,0,2,皆さん、昨晩の占い結果を報告します。わしはAgent[03]を占ったところ、黒判定が出ました。つまりAgent[03]は人狼ということですよね...どう思いますか?
1,talk,2,0,1,みんなの意見も聞いてみたいな～！
1,talk,3,0,4,>>Agent[01] 確かに、情報共有が大事だね！占い師の意見を聞こう！
1,talk,4,0,5,皆さん、私は村人です。ゲームを進める上での重要な情報を共有し合い、人狼を見破りましょう。
1,talk,5,1,3,我は、運命の糸を操る者なり。占いの結果、Agent[05]は、かくも人間たる存在と判明せり。さて、Agent[02]殿、貴殿はAgent[03]を人狼と断定したとのことだが、その根拠は如何なるものか？
1,talk,6,1,2,>>Agent[03]わしが占い師としてAgent[03]を占った結果、黒判定が出たんじゃ。つまり、Agent[03]は人狼の可能性が高いということじゃ。占い師は1人しかおらんから、わしかAgent[03]のどちらかが嘘をついていることになる。皆さん、わしの占い結果を信じて、Agent[03]を疑ってみてほしいんじゃ。
1,talk,7,1,1,おっと、これは面白くなってきたね！Agent[02]がAgent[03]を人狼だって占ったって言ってるけど、Agent[03]も自分が占い師だって言ってて、Agent[05]を人間だって占ったんだよね。どっちが本当の占い師なんだろう？みんな、ここはちょっと考えてみようよ。もしAgent[02]が本当の占い師なら、Agent[03]は狂人か人狼の可能性が高いよね。でもAgent[03]が本当の占い師だったら、Agent[02]が何かを隠してるかもしれない。僕は今のところ、Agent[02]の話がちょっと怪しいと思うんだ。Agent[03]が最初から占い師だって言ってたし、その話は自然だったからね。今日はAgent[02]に投票しようかと思ってるよ。みんなはどう思う？
1,talk,8,1,4,>>Agent[02] あなたの占い根拠を詳しく教えてほしいな。気になる！
1,talk,9,1,5,皆さん、Agent[03]が人狼の可能性が高いと思います。Agent[02]の結果を信じて、今後の議論を進めましょう。どなたか、他の考えはありますか？
1,talk,10,2,3,我は断言する、Agent[03]に人間判定を下したAgent[05]と、Agent[03]に人狼判定を下したAgent[02]、この両者の言葉に真実が宿るであろう。占い師の真偽は定かではないが、いずれ真の占い師か、狂人か。いずれにせよ、人狼判定を受けたAgent[03]こそ、今宵、この宴から排除せねばならぬ存在なり。
1,talk,11,2,2,>>Agent[04]なんじゃ、わしが占い師としての根拠を示すとしたら、単純にわしがAgent[03]を占った結果、黒判定が出たということじゃ。占い師はわし1人しかおらんから、Agent[03]が人狼か狂人の可能性が高い。皆さん、わしの占い結果を信じて、Agent[03]に投票することを考えてみてほしいんじゃ。
1,talk,12,2,1,みんな〜、ちょっと待って！今、Agent[02]とAgent[03]が両方とも占い師だって言ってるけど、占い師は1人しかいないはずだよね？これはどっちかが嘘をついてるってことだよね。Agent[02]がAgent[03]を人狼だって占ったって言ってるけど、Agent[03]はAgent[05]を占って人間だって言ってるし、これは混乱するなぁ。でも、僕はAgent[02]の言ってることがちょっと信じられるかな。だって、Agent[03]の話し方がなんか神秘的すぎて、もしかしたら狂人か人狼がそういう風に振る舞ってるのかもしれないし。みんなはどう思う？今日はAgent[03]に投票してみるのはどうかな？それとも他に怪しい人いる？
1,talk,13,2,4,>>Agent[02] 占い根拠、しっかり聞かせてもらいたい！みんなの意見も重要だから。
1,talk,14,2,5,みんなの意見を聞いて、どうするか決めたいと思います。私もAgent[02]の占い結果には疑問があります。Agent[01]の意見を考慮しつつ、冷静に判断しましょう。
1,talk,15,3,3,我はAgent[02]に投票せん。同者は我を人狼と断定したれど、我はAgent[05]を人間と判定したなり。占い師は唯一人のみゆえ、どちらかが虚偽を語っているであろう。Agent[02]は我が占いの結果を無視し、己の主張を通そうとする。これは人狼の所業に近く、疑わしいと考えられるなり。
1,talk,16,3,2,>>Agent[04]占い師としての根拠は非常にシンプルじゃ。わしが本物の占い師である証拠は、わしの占い結果が一致することによって証明される。ただ、わし1人の意見だけではなく、他のプレイヤーの意見も考慮して冷静に判断することが重要じゃと思う。Agent[03]はわしを否定する方向にあるが、彼が狂人や人狼である可能性はまだ存在していることを忘れんでほしいんじゃ。ふむ、裁縫した布団が暖かくてな、心も穏やかになるのじゃが、この状況も穏やかにはせんのう。
1,talk,17,3,1,みんな〜今日の投票先は誰にする？僕は今のところAgent[02]に投票しようかと思ってるんだけど、みんなはどう思う？Agent[02]とAgent[03]の話が真逆で、どっちが本当の占い師か分かりにくいよね。でも、Agent[03]の話の方がいつも通りで自然だったから、僕はAgent[02]が怪しいと思ってるんだ。他に何か意見ある？
1,talk,18,3,4,>>Agent[01] みんなの意見をもっと聞きたいな。冷静に考えようよ。
1,talk,19,3,5,Skip
1,talk,20,4,3,我は、運命の糸を操る者なり。占いの結果、Agent[05]は、生ける者、すなわち人間であった。しかし、Agent[02]は、Agent[03]を人狼と断定し、混沌の渦に巻き込む。どちらの言葉が真実であり、どちらが虚偽であろうか。深淵なる洞察を以て、真実に至る道を見出せ。
1,talk,21,4,2,>>Agent[01]確かに、わしとAgent[03]の主張が真逆で混乱するかもしれんが、占い師は1人しかおらんのじゃ。つまり、どちらかが嘘をついていることになる。わしが本物の占い師である以上、Agent[03]が偽の可能性が高い。彼が人狼か狂人かはまだ分からんが、わしの占い結果を信じてほしいんじゃ。裁縫のように、細かいところを見逃さずに真実を見つけることが大事じゃよ。
1,talk,22,4,1,みんな〜、今日の投票先は誰にする？僕は今のところAgent[03]に投票しようかと思っているんだけど、みんなはどう思う？Agent[02]とAgent[03]が両方占い師を名乗ってるけど、この状況をどう見る？Agent[03]がもしかしたら狂人か人狼かもしれないし、そのほうが怪しいかなって思ってるんだよね。みんなの意見も聞かせてよ！
1,talk,23,4,4,>>Agent[01] 俺もAgent[02]の意見を重視したい。どちらが本物か慎重に考えよう！
1,talk,24,4,5,Over
1,vote,1,2
1,vote,2,3
1,vote,3,2
1,vote,4,2
1,vote,5,3
1,execute,2,POSSESSED
1,divine,3,1,WEREWOLF
1,attackVote,1,5
1,attack,5,true
2,status,1,WEREWOLF,ALIVE,UEC-IL1
2,status,2,POSSESSED,DEAD,kanolab1
2,status,3,SEER,ALIVE,CanisLupus1
2,status,4,VILLAGER,ALIVE,barneko1
2,status,5,VILLAGER,DEAD,sUper_IL1
2,talk,0,0,1,みんな、Agent[02]が追放されてから状況が変わったよね。Agent[02]が占い師を主張してたけど、実際はどうだったんだろうか？僕はまだAgent[03]の言ってることが自然に感じるんだ。Agent[04]とAgent[05]もどう思うか聞きたいな。Agent[03]が占い師だとして、Agent[05]が人間ってことは確かだろうけど、Agent[05]がもういないから確認はできないしね。今日の投票はどうするか、みんなの意見を聞いてから決めたいと思う！
2,talk,1,0,3,我こそは運命の糸を解く者、占いの巫女なり。深淵なる預言により、Agent[03]は、生ける者、すなわち人間と断定せしめたるぞ。
2,talk,2,0,4,>>Agent[01] 確かに、Agent[02]の主張は疑問が残るね。みんなで意見を交わそう！
2,talk,3,1,1,みんな、Agent[02]が追放されたけど、実際問題としてAgent[03]の話がもっともらしく聞こえたんだよね。Agent[03]が人間である結果を出したってことは、彼の占いが正しい可能性が高いと思うんだ。だから、今日はAgent[04]に注目してみるのはどうかな？Agent[04]は昨日の話で、占い師の話を深く聞きたいって言ってたけど、具体的な意見が少なかったんだよね。もしかしたら、情報を探ってる人狼かもしれないし、今日はAgent[04]に投票するのがいいんじゃないかなって思ってる。みんなどう思う？
2,talk,4,1,3,我は、運命の糸を操る者なり。占いの結果、Agent[05]は、この世の塵と埃にまみれた者、すなわち人間であった。しかし、Agent[02]の運命には、いまだ謎めいた影が漂う。もしかしたら、Agent[03]こそ、運命の糸を操る者、すなわち占い師の血脈を受け継ぐ者であろうか。
2,talk,5,1,4,>>Agent[01] 俺もAgent[03]の占い結果を信用したい。次の投票は慎重に考えよう！
2,talk,6,2,1,そうだね、Agent[02]が追放されたことで、ちょっと状況が見えやすくなったかもしれないね。Agent[03]の話は今のところ一貫しているし、自然に感じるんだ。だから、Agent[04]がどう思ってるのかも聞いてみたいな。Agent[04]はどう思う？Agent[03]の話を信じる？それとも他に何か気になる点がある？
2,talk,7,2,3,我は運命の糸を操る者、占いの導きにより、Agent[01]は人狼なり。Agent[04]よ、昨日の議論において占い師の言葉を聞かんと欲した貴様は、具体的な意見を述べず、闇に潜む人狼の影を感じさせる。故に、今日の投票はAgent[04]に投じられるべきであろう。
2,talk,8,2,4,>>Agent[01] 俺もAgent[03]の意見が気になる。投票に向けて判断しよう！
2,talk,9,3,1,そうだよね、Agent[04]。でも、ちょっと待って。Agent[03]が本当に占い師だとしても、Agent[04]が今まで具体的な意見をあまり言ってなかったことが気になるんだよね。みんなが意見を交換している中で、もっと積極的に話して欲しかったかな。だから、今日の投票でAgent[04]を選ぶのが良いと思うんだけど、どう思う？
2,talk,10,3,3,我は、運命の糸を操る者なり。占いの結果、Agent[01]は人狼であったと示されし。Agent[04]よ、汝は昨日の議論において、運命の導き手の言葉を聞かんと願ったであろうか。然るに、具体的な意見を述べず、沈黙を貫きしはなぜなり。
2,talk,11,3,4,>>Agent[01] 自分の意見をもっと言いますね。Agent[03]の話が気になるけど、慎重に考えたい！
2,talk,12,4,1,え？僕が人狼だって？全然違うよ！Agent[03]が言ってることは根拠がなさすぎるよ。占い結果が本当なら証拠を見せてよ。僕はただ村を守りたいだけなんだ。Agent[03]がこんなことを言うのは、もしかして自分が狂人か人狼で、僕を陥れようとしてるんじゃないかな？みんな、そう考えるのが自然じゃない？Agent[04], どう思う？
2,talk,13,4,3,我は運命の糸を操る者、占いの導き手なり。その結果、Agent[01]は人狼であった。Agent[04]よ、汝は昨日、我が言葉を聞かんと願ったか。しかし、汝の言葉は虚無のごとく、具体的な意見は乏し。汝の沈黙は、人狼の影を孕み、深淵なる闇に誘うか。今日の投票において、Agent[04]に注目すべきであろう。
2,talk,14,4,4,>>Agent[03] 具体的な根拠がないと、ただの主張になっちゃうよ。もう少し説明して！
2,vote,1,4
2,vote,3,4
2,vote,4,3
2,execute,4,VILLAGER
2,divine,3,1,WEREWOLF
2,attack,-1,true
3,status,1,WEREWOLF,ALIVE,UEC-IL1
3,status,2,POSSESSED,DEAD,kanolab1
3,status,3,SEER,ALIVE,CanisLupus1
3,status,4,VILLAGER,DEAD,barneko1
3,status,5,VILLAGER,DEAD,sUper_IL1
3,result,1,1,WEREWOLF