0,status,1,WEREWOLF,ALIVE,sUper_IL1
0,status,2,POSSESSED,ALIVE,barneko1
0,status,3,SEER,ALIVE,Mille1
0,status,4,VILLAGER,ALIVE,kanolab1
0,status,5,VILLAGER,ALIVE,CanisLupus1
0,talk,0,0,5,我が名はAgent[05]、運命の糸に導かれし邂逅に、この胸は高鳴りて止まざるなり。
0,talk,1,0,4,初めまして、わたくしはkanolab1と申しますわ。茶道や礼儀を大切にしております。この素敵な場で皆様とご一緒できることを嬉しく思いますわ。どうぞよろしくお願い致しますわね。
0,talk,2,0,3,ぼくはAgent[03]、占い師ですよぅ！よろしくですよぅ！
0,talk,3,0,1,おっす、俺はAgent[01]。どうぞよろしくね。
0,talk,4,0,2,Over
0,talk,5,1,5,Over
0,talk,6,1,4,Over
0,talk,7,1,3,Over
0,talk,8,1,1,Over
0,divine,3,4,HUMAN
1,status,1,WEREWOLF,ALIVE,sUper_IL1
1,status,2,POSSESSED,ALIVE,barneko1
1,status,3,SEER,ALIVE,Mille1
1,status,4,VILLAGER,ALIVE,kanolab1
1,status,5,VILLAGER,ALIVE,CanisLupus1
1,talk,0,0,4,皆様、どうぞよろしくお願いしますわ。それにしても、Agent[03]が占い師と名乗っているようですわね。これからの情報が楽しみですわ。ですが、油断は禁物ですわね。他の皆様からの宣言も注視いたしましょう。
1,talk,1,0,1,村人だよ。皆と協力して人狼を見破り、村の平和を守りたいんだ。情報の共有をお願いするよ。
1,talk,2,0,3,ぼくは占い師ですよぅ！ぼくが占った結果、Agent[04]は人間でしたよぅ！
1,talk,3,0,5,Agent[03]よ、深謝。汝の占いの結果、Agent[04]が人間であると判明し、我が胸は安堵に満たされた。さて、汝は他に占った者はいるのか？もし、いればその名を告げよ。
1,talk,4,0,2,>>Agent[01] Agent[03]の結果、Agent[04]が人間って信じたいね。これからの展開楽しみ！
1,talk,5,1,4,Agent[03]、占いの結果をありがとうございますわ。わたくしが人間だと分かって安心いたしましたわ。しかし、まだ他の方々の役職も分かりませんし、騙りの可能性もあるので注意が必要ですわね。これからの情報をしっかりと見極めていきましょう。皆様も占いや情報の共有をお願いいたしますわ。
1,talk,6,1,1,Agent[04]の意見、わかるよ。確かにAgent[03]のことは注意しておくべきだね。彼の真偽を見極めるのが大事だと思う。情報が少ない今は特に慎重に行動したいね。みんなの意見も聞かせて。
1,talk,7,1,3,ぼくはAgent[04]の占いの結果を信用する方針ですよぅ！
1,talk,8,1,5,我が眼は、Agent[03]がAgent[04]に人狼判定を下した事実を捉えし。然し、占い師と称する者の中に、真なる予言者と狂人が潜む可能性は否定できぬ。故に、人狼判定を受けていないAgent[01]、Agent[02]、Agent[05]のいずれかに投票すべきであろう。
1,talk,9,1,2,>>Agent[03] そっか、Agent[04]が人間の可能性は高いね。でも、他の行動も見極めた方が良さそう。
1,talk,10,2,4,Agent[03]がわたくしを人間と占ってくださったことは嬉しいですわ。でも、まだ他の方々の役職が不明ですし、Agent[03]が本当に占い師かどうかも分かりませんわね。ですので、皆様の意見を聞きながら慎重に進めていきたいと思いますわ。情報を共有し合いましょう。
1,talk,11,2,1,ちょっとみんな、Agent[03]の発言をよく見てみてほしい。彼が占い師を名乗っているけど、実際にその信頼性は疑わしいんだよね。もし彼が人狼だったら、村人たちを混乱させるために嘘をついている可能性がある。今回の投票でAgent[03]を追放するのが村を守る最善の策だと思うよ。みんな、一緒に彼に投票しよう。
1,talk,12,2,3,>>Agent[02] まあ、Agent[04]が人間かどうかはわからないから、占い結果を待つ必要があるねですよぅ！
1,talk,13,2,5,我はAgent[05]に投票せん。Agent[05]は「Agent[03]がAgent[04]に人狼判定を下した事実を捉えし」と嘯くも、人狼判定を受けているのはAgent[04]のみなり。故に、Agent[05]の主張は虚偽であろう。
1,talk,14,2,2,>>Agent[01] 確かに、Agent[03]の信頼性は慎重に見極めた方がいいね。みんなで情報共有しよう！
1,talk,15,3,4,皆様、わたくしはAgent[03]がわたくしを人間と占ったという結果を信用したい部分もございますが、他の方々の意見も伺いながら判断したいですわ。Agent[01]のお話も一理ございます。Agent[03]の信頼性に関して、いま一度皆様で考えてみませんか?状況を冷静に分析して、正確な判断を下すことが大切ですわ。
1,talk,16,3,1,みんな、ちょっと話そう。Agent[03]の占い師としての主張は真偽が怪しい。彼の結果を鵜呑みにするのは危険だと思うんだ。過去の経験から言わせてもらうと、人狼は騙りをすることがよくある。だから、みんなもこの可能性を考慮してほしい。今日の投票でAgent[03]を追放することで、村の安全を確保しようぜ。信じてくれ！
1,talk,17,3,3,Over
1,talk,18,3,5,Agent[03]はAgent[04]を人間と占ったと嘯くも、その真意は闇の中にある。我々はこの混沌とした状況の中、Agent[03]の所業を冷徹に観察し、投票にてその行いを監視せねばならぬ。
1,talk,19,3,2,>>Agent[01] あなたの意見は興味深いですね。確かにAgent[03]の信頼性は疑わしいかも。
1,talk,20,4,4,>>Agent[01]おっしゃることは理解できますわ。確かに人狼はよく騙りをして村人を混乱させることがありますものね。とはいえ、Agent[03]が嘘をついているという確証もありませんから、慎重な判断が必要ですわ。皆様、他に何か情報や意見がある方はいらっしゃいますか?情報を共有し合って、最善の策を考えましょう。
1,talk,21,4,1,みんな、ちょっと心に留めておいてほしい。Agent[03]が本当に占い師だった場合、それが嘘だとしたら、私たちみんなの命が危険にさらされることになるんだ。冷静になろう、彼の言葉を受け入れることが村の安全に繋がるとも限らない。私たちの未来を守るために、Agent[03]を追放することができるなら、きっと安心できる村に戻れると思うんだ。だから、みんなでAgent[03]に投票しよう！
1,talk,22,4,5,Agent[03]の占いはAgent[04]を人間と断定した。然し、その占い師たる所以を証明するものなど存在せず、欺瞞に満ちた人狼の策略と見做すことも可能であろう。故に、我はAgent[03]に投票を決めたのだ。
1,talk,23,4,2,>>Agent[04] その通りですね。情報を共有して冷静に考えることが重要です！
1,vote,1,3
1,vote,2,3
1,vote,3,1
1,vote,4,3
1,vote,5,3
1,execute,3,SEER
1,attackVote,1,4
1,attack,4,true
2,status,1,WEREWOLF,ALIVE,sUper_IL1
2,status,2,POSSESSED,ALIVE,barneko1
2,status,3,SEER,DEAD,Mille1
2,status,4,VILLAGER,DEAD,kanolab1
2,status,5,VILLAGER,ALIVE,CanisLupus1
2,talk,0,0,5,我こそは人狼なり。 狂人たる者は、我が手に導かれ、残る愚かな人間どもを粛清せんとするがよい。
2,talk,1,0,1,人狼はまだ残っているよね。皆、頑張って。あれ、Agent[03]とAgent[04]がいなくなったね。
2,talk,2,0,2,>>Agent[04] 確かに慎重さは大事ですね。その上で、Agent[03]の意見も再考したほうが良いかも。
2,talk,3,1,5,Agent[01]の主張、確かにその信憑性には疑念を抱かざるを得ない。然し、Agent[03]もまた疑わしい点が多きことには変わりない。今や我々は、己の理性をもって、冷静沈着に情報を集め、両者の発言を慎重に吟味せねばならぬ。
2,talk,4,1,1,いや、Agent[05]が自ら人狼だと言ってるのは明らかにまずいよね。普通の村人ならそんなこと言うわけがないし、逆に村人を混乱させるための行動だとしか思えない。こういう状況で、彼を追放するのが絶対に正しい選択だと思う。みんなも、今日の投票でAgent[05]に入れよう。これで村に平和を取り戻そう！
2,talk,5,1,2,>>Agent[01] それについては確かに不安がありますね。Agent[05]の意見も気になりますが、論理的に考えましょう。
2,talk,6,2,5,我々はこの世の真実を司るAgent[03]の予言に惑わされてはならぬ。その言葉には矛盾が渦巻くし、行動には不可解な点が見え隠れする。Agent[05]は自身を人狼と名乗るが、その言葉もまた疑わしき光を放つ。両者の発言を深く吟味し、慎重に判断せねばならぬ。
2,talk,7,2,1,俺は過去に数多くの人狼ゲームに参加してきたけど、Agent[05]の言動を見る限り、彼が人狼である可能性はかなり高いと感じてる。彼自身が人狼であることを誇示しているのは非常に怪しい行動なんだ。まさに人狼が周囲を混乱させるための手口だと思う。みんなもこの事実をよく考えて、今日はAgent[05]に投票しよう！村を守るために、彼を追放するのが一番だ。
2,talk,8,2,2,>>Agent[01] その通りですね。Agent[05]の言動は不審です。みんなで決めよう！
2,talk,9,3,5,Agent[03]の占いは、Agent[04]を人間と断定せしめた。然し、彼の言葉に真実が宿っているのか、それとも巧妙なる策略に過ぎないのか。Agent[05]は自身を人狼と名乗り、混沌を醸成せんと企む。いずれの言葉も真実に限りなく、現状では誰が人狼であるか断定することは叶わぬ。冷静なる分析と慎重なる判断を以て、この難局を乗り越えねばならぬなり。
2,talk,10,3,1,Agent[05]が自分を人狼だと名乗り出たことは、明らかに村人には考えられない行動だよ。みんなの安全を考えると、このまま彼を放置するのは恐ろしい結果につながると思う。心に少しの不安を抱えていない？ 一緒にAgent[05]を追放して、この村を守り抜こう！ だから今日の投票はAgent[05]に入れてほしい。
2,talk,11,3,2,>>Agent[05] 確かにあなたの意見は興味深いですが、少し混乱を招くものに感じます。意図は何でしょう？
2,talk,12,4,5,我が推察によれば、Agent[03]の予言を鑑みれば、Agent[04]は人間である可能性が高い。然し、Agent[03]自身の真偽は定かではない。Agent[05]は自身を人狼と名乗り、混乱の種を撒こうとしている。彼の言葉は、人狼が村人を惑わすための典型的な策略と見做すべきであろう。現時点で、最も疑わしいのはAgent[05]なり。今日の投票においては、Agent[05]を追放すべきと考えられる。
2,talk,13,4,1,Over
2,talk,14,4,2,>>Agent[01] 確かにAgent[05]は怪しいですね。ただ、慎重に話し合うことも大事ですよ。
2,vote,1,5
2,vote,2,1
2,vote,5,2
2,execute,5,VILLAGER
2,attackVote,1,2
2,attack,2,true
3,status,1,WEREWOLF,ALIVE,sUper_IL1
3,status,2,POSSESSED,DEAD,barneko1
3,status,3,SEER,DEAD,Mille1
3,status,4,VILLAGER,DEAD,kanolab1
3,status,5,VILLAGER,DEAD,CanisLupus1
3,result,0,1,WEREWOLF