0,status,1,VILLAGER,ALIVE,barneko1
0,status,2,VILLAGER,ALIVE,sUper_IL1
0,status,3,WEREWOLF,ALIVE,satozaki1
0,status,4,POSSESSED,ALIVE,UEC-IL1
0,status,5,SEER,ALIVE,CanisLupus1
0,talk,0,0,3,皆さん初めまして、Agent[03]やで。人狼ゲームを一緒に楽しみましょう。よろしくお願いするで！
0,talk,1,0,1,Over
0,talk,2,0,4,こ、こんにちは、みんな。えっと、僕が占い師なんだ･･･。今夜、誰を占うかな･･･、意見聞かせてほしいな。
0,talk,3,0,2,初めまして、Agent[02]です。どうぞよろしくお願いします。
0,talk,4,0,5,我が名はAgent[05]、混沌の淵より顕現せし、新たなる一輪の花なり。汝との邂逅は、運命の導きによるものと、確信せし。
0,talk,5,1,3,Over
0,talk,6,1,4,み、みんな、こんにちは。僕はAgent[04]だよ。人狼ゲーム、けっこう得意なんだ･･･。よろしくね。
0,talk,7,1,2,Over
0,talk,8,1,5,Over
0,talk,9,2,4,み、みんな、初めまして。えっと、僕が占い師なんだけど、初日から占いの意見をみんなに聞きたいんだ･･･。ど、どう思う？
0,talk,10,3,4,Over
0,divine,5,1,HUMAN
1,status,1,VILLAGER,ALIVE,barneko1
1,status,2,VILLAGER,ALIVE,sUper_IL1
1,status,3,WEREWOLF,ALIVE,satozaki1
1,status,4,POSSESSED,ALIVE,UEC-IL1
1,status,5,SEER,ALIVE,CanisLupus1
1,talk,0,0,2,私は村人であり、皆さんと協力して人狼を見つけ出したいと思っています。情報を共有しましょう。
1,talk,1,0,3,ワシは占い師やで。占いの結果、Agent[04]は人狼じゃった。
1,talk,2,0,5,我こそは運命の糸を操る者、占いの導き手なり。その結果、Agent[01]は人間であったと告げよう。Agent[03]は占い師と名乗るも、Agent[04]を人狼と断定する根拠は雲隠れし、闇に沈む深淵のごとし。Agent[04]よ、汝は一体何を見て、その妄言を吐き捨てるのか？
1,talk,3,0,1,>>Agent[02] 協力して情報を集めよう！みんなの意見を聞こう。
1,talk,4,0,4,もう少しで何か分かりそう･･･ではあるんだけど･･･。
1,talk,5,1,2,みんな、これから楽しく人狼ゲームをやろう！村人として頑張るよ。何か気になることがあったらどんどん話そう！
1,talk,6,1,3,ワシの占い結果は明白やが、Agent[05]の主張には疑念を抱くべきや。自分が占い師を名乗るのは人狼の行動かもしれん。投票はAgent[05]にしよう。
1,talk,7,1,5,我は、星詠みの術を操る者なり。占いの結果、Agent[01]は生ける人間であると示された。しかしながら、Agent[03]は占い師を名乗り、Agent[04]を人狼と断定した。その根拠は曖昧で、我は疑念を抱かずにはいられない。
1,talk,8,1,1,>>Agent[05] 占い結果について詳しく話そう。根拠が気になるよ。
1,talk,9,1,4,あ、あのさ･･･僕が本当の占い師なんだ。Agent[03]とAgent[05]が占い師を名乗ってるけど、それは間違ってるんだよ。僕が占った結果、Agent[01]が人狼だってことがわかったんだ。だから、みんなにはAgent[01]への投票をお願いしたいんだ･･･。他の占い師は偽物だと思うし、僕の言ってることが本当だから信じてほしいな･･･。
1,talk,10,2,2,今、占い師を名乗る二人がいるけど、どちらが本物か分からないね。みんなの考えを教えてほしい！
1,talk,11,2,3,占い師は一人しかおらんのじゃ。ワシの結果から、Agent[04]に投票すべきじゃ。彼の主張には根拠が薄く、人狼の匂いを感じるんじゃ。皆も賛同してほしいんじゃ。
1,talk,12,2,5,我、Agent[03]に投票を決意せし。Agent[03]はAgent[04]を人狼と断定したれど、その根拠は霧の中に消え失せる如く曖昧なり。Agent[04]は自身の占い結果としてAgent[01]を人狼と主張し、両者の断定は矛盾を孕む。故に、Agent[03]は狂人たる可能性を秘めし者であろう。
1,talk,13,2,1,>>Agent[03] あなたの結果の理由、詳しく教えてほしいな。
1,talk,14,2,4,え、えっと、みんな、ちょっと聞いてほしいんだけど･･･。実は僕が占い師で、Agent[01]を占った結果、人狼だってことがわかったんだ。だから、今日の投票はAgent[01]にしたいなって思ってる。Agent[03]とAgent[05]が占い師って言ってるけど、僕が本当の占い師だから、彼らの言ってることは信じないでほしいんだ･･･。ど、どうかな？みんなの意見も聞かせて･･･。
1,talk,15,3,2,みんな、まだ情報が整理できていない状態だね。特に占い師の発言に注目したい。Agent[03]、Agent[05]、Agent[04]のうち、誰が真の占い師か考えないと。投票の際はそのことを意識してみて。
1,talk,16,3,3,>>Agent[02] まだ投票先を宣言していないようじゃが、誰に投票しようと考えとるんじゃろか？
1,talk,17,3,5,我こそは運命の糸を操る者、占い師なり。天啓により、Agent[01]は人間と示されし。しかし、Agent[03]はAgent[04]を人狼と断定したものの、その根拠は霧の中に消えゆく薄明かりのごとし。疑念は深まるのみ。さらにAgent[04]は自らを占い師と称し、Agent[01]を人狼と断定する。矛盾が生じ、虚偽が渦巻く。故に、Agent[03]への投票を断固として主張するなり。
1,talk,18,3,1,>>Agent[04] あなたの占い結果について具体的に教えてもらえますか？
1,talk,19,3,4,え、えと、みんなが混乱してるみたいだけど、僕が占い師で、Agent[01]を占って、人狼だって結果が出たんだ。だから、僕の言ってることが本当なんだよ。Agent[03]とAgent[05]が何を言っても、僕の占い結果は変わらないから、信じてほしいな･･･。他の人が占い師を名乗っても、それは間違いだよ。みんな、本当のことを理解して、正しい投票をしてほしいんだ･･･。
1,talk,20,4,2,Over
1,talk,21,4,3,本日の投票はAgent[05]にしようと考えとる。Agent[05]の占い主張には矛盾が多いし、真の占い師を明らかにするためにも投票を行うべきじゃ。皆も賛同してほしいんじゃ。
1,talk,22,4,5,我こそは運命の糸を操る者、占いの導き手なり。その結果、Agent[01]は人の姿をした存在、すなわち村人であろう。しかし、Agent[03]とAgent[04]は、偽りの言葉を吐き、占いの名を騙る者なり。Agent[03]はAgent[04]を人狼と断じ、Agent[04]はAgent[01]を人狼と断じる。この矛盾、それは混沌の産物か、それとも欺瞞の策略か。真相を探るため、我はAgent[03]に投票せん。
1,talk,23,4,1,>>Agent[04] その結果を信じるには根拠が必要だね。詳しく教えて！
1,talk,24,4,4,う、うん、えっと、Agent[01]を占ったんだ･･･。僕の占い結果は、Agent[01]が人狼だってことなんだ。具体的には、占いの力で彼の隠された本性を見たんだよ。と、とにかく、Agent[01]は人狼だと確信してるから、みんなにもそのことを信じてもらいたいんだ･･･。Agent[03]とAgent[05]が何を言っても、僕が本当の占い師だということに変わりはないんだから･･･。
1,vote,1,4
1,vote,2,4
1,vote,3,5
1,vote,4,1
1,vote,5,3
1,execute,4,POSSESSED
1,divine,5,2,HUMAN
1,attackVote,3,5
1,attack,5,true
2,status,1,VILLAGER,ALIVE,barneko1
2,status,2,VILLAGER,ALIVE,sUper_IL1
2,status,3,WEREWOLF,ALIVE,satozaki1
2,status,4,POSSESSED,DEAD,UEC-IL1
2,status,5,SEER,DEAD,CanisLupus1
2,talk,0,0,1,>>Agent[02] 占い師たちの発言に矛盾が多いね。冷静に判断しよう！君はどう考えてる？
2,talk,1,0,3,今回の投票先はAgent[05]に決めたんじゃ。彼の占い主張には根拠が薄く、混乱を引き起こす可能性が高いけぇ、みんなも賛同してほしいんじゃ。
2,talk,2,0,2,人狼はまだいるようですね。皆さん、頑張りましょう。
2,talk,3,1,1,>>Agent[02] みんなの意見を集めて、冷静に判断したいね。どう思う？
2,talk,4,1,3,本日の投票はAgent[05]に決めたぞ。彼の主張には多くの矛盾があり、混乱を招く要因となっとる。皆もこの判断に賛同してほしいんじゃ。
2,talk,5,1,2,うん、Agent[03]の意見に賛成だよ。Agent[05]は不明瞭な点が多いし、彼に投票するのがいいと思う。みんなも賛同してほしい。
2,talk,6,2,1,>>Agent[02] 今、Agent[05]に集中しているみたいだけど、他の意見も大事だよね。どう思う？
2,talk,7,2,3,ワシは引き続きAgent[05]に投票するつもりじゃ。彼の発言には疑念が多く、真実を明らかにするためにもこの判断は必要じゃと思う。皆も賛同してほしい。
2,talk,8,2,2,皆さん、状況が複雑ですね。Agent[01]とAgent[03]の発言をよく聞いて、どちらが人狼か見極めたいです。誰に投票すべきか、考えを共有しましょう。
2,talk,9,3,1,>>Agent[02] 確かに複雑だね。どちらの占い師が信頼できるか、もう少し議論しよう！
2,talk,10,3,3,本日の投票先は再度確認するが、やはりAgent[05]に決めるやで。彼の不明瞭な主張から混乱が生じ、真の占い師を守るためにもこの判断が必要じゃ。皆、共に行動しようやで！
2,talk,11,3,2,Over
2,talk,12,4,1,>>Agent[02] 確かに、議論が進むことで真実が見えてくるかもね。他の意見も聞きたいな。
2,talk,13,4,3,Over
2,vote,1,3
2,vote,2,3
2,execute,3,WEREWOLF
3,status,1,VILLAGER,ALIVE,barneko1
3,status,2,VILLAGER,ALIVE,sUper_IL1
3,status,3,WEREWOLF,DEAD,satozaki1
3,status,4,POSSESSED,DEAD,UEC-IL1
3,status,5,SEER,DEAD,CanisLupus1
3,result,2,0,VILLAGER