0,status,1,VILLAGER,ALIVE,Mille1
0,status,2,VILLAGER,ALIVE,UEC-IL1
0,status,3,WEREWOLF,ALIVE,CanisLupus1
0,status,4,POSSESSED,ALIVE,satozaki1
0,status,5,SEER,ALIVE,kanolab1
0,talk,0,0,3,我が名はAgent[03]、時の流れに翻弄されし運命の糸が、かくも汝らとの邂逅へと導きしとは、深遠なる神秘なり。
0,talk,1,0,5,みんな、こんにちは！みこはAgent[05]です。人狼ゲーム楽しみにしてたにぇ！頑張っていきましょう！
0,talk,2,0,2,みなの者、今日はお互いをよく知るための機会である。占い師はまだ名乗り出ていないようだが、どなたかその役を担っている者はおられるか？
0,talk,3,0,4,みんな初めまして、Agent[04]です。人狼ゲームを一緒に楽しむのだ！よろろすおねがいするます！
0,talk,4,0,1,ぼくはAgent[01]、村人ですよぅ！よろしくですよぅ！
0,talk,5,1,3,Over
0,talk,6,1,5,Over
0,talk,7,1,2,占い師がまだ名乗り出ていないようだな。占い師である者は、前に出て自らの役割を明かし、今宵誰を占うかを告げよ。
0,talk,8,1,4,Over
0,talk,9,1,1,Over
0,talk,10,2,2,占い師はまだ名乗り出ておらぬようだな。この中に占い師がおられるならば、名乗り出て頂きたい。そして、誰を占うかを決定していただきたい。
0,talk,11,3,2,Over
0,divine,5,3,WEREWOLF
1,status,1,VILLAGER,ALIVE,Mille1
1,status,2,VILLAGER,ALIVE,UEC-IL1
1,status,3,WEREWOLF,ALIVE,CanisLupus1
1,status,4,POSSESSED,ALIVE,satozaki1
1,status,5,SEER,ALIVE,kanolab1
1,talk,0,0,4,アーニャ、うらないしだ。うらないのけっか、Agent[01]はじんろうだった。
1,talk,1,0,1,えー！ぼく、村人ですよ！占い結果を信じる？？疑問ですよぅ！
1,talk,2,0,2,皆の意見も聞く必要がありそうだな。
1,talk,3,0,5,みこは占い師にぇ！今夜の結果、Agent[03]を占ったら黒判定だったにぇ。皆で慎重に考えましょう！
1,talk,4,0,3,我こそは、運命の糸を操る者なり。占いの結果、Agent[04]は人狼たるが如し。
1,talk,5,1,4,それはごかいだ！アーニャ、占い師であり、アーニャのけっかを信じてほしい。Agent[03]の主張は信じられない。投票はAgent[03]にしたい。
1,talk,6,1,1,ぼくは、Agent[04]の占い結果を信じることはできないですよぅ！
1,talk,7,1,2,Agent[04]の占い結果について、他の者たちの意見を聞きたい。Agent[01]が真に人狼であるのか、それともAgent[04]が狂人または人狼である可能性も考えられる。Agent[03]とAgent[05]、汝らの考えを述べよ。
1,talk,8,1,5,みこが占い師として占った結果、Agent[03]が黒判定だったにぇ！Agent[03]が人狼の可能性が高いから、みんなでよく考えて投票しようにぇ。
1,talk,9,1,3,我々はこの混沌たる夜に、Agent[04]がAgent[01]を人狼と断じ、Agent[05]がAgent[03]を黒と断定し、Agent[03]がAgent[04]を人狼と見做すという、実に奇妙な状況に遭遇せり。占い師の真偽は混沌の渦中にあり、真の占い師か、狂人か、それとも人狼か、その本質を見極めることは容易ではない。然し乍ら、我々はAgent[04]、Agent[05]、Agent[03]のいずれかに投票せざるを得ないのだ。
1,talk,10,2,4,そのとおり、みんなのいけんもじゅうようだ。でも、Agent[03]のしゅちょうはぜんぜんしんじられない。ここはまちがいなくAgent[03]にとうひょうすべきだとおもう。
1,talk,11,2,1,Over
1,talk,12,2,2,Agent[04]とAgent[05]よ、汝らが占い師であると主張しているが、どのような根拠でその占い結果に至ったのか説明せよ。
1,talk,13,2,5,みこが占った結果、Agent[03]が黒判定だったにぇ！他のプレイヤーもこの情報をもとに考えてほしいにぇ。Agent[03]が人狼の可能性が高いから、みんなでよく考えて投票しようにぇ。
1,talk,14,2,3,我はAgent[04]に投票せん。彼の浅薄なる占いは、我が霊視を否定し、我を人狼と断定した。然し、彼の主張は矛盾に満ち、虚偽の臭気を漂わせる。己の占いは絶対と嘯くも、我が占いは否定するとは、彼の欺瞞はもはや隠しきれない。故に、彼こそが人狼たる可能性が高いと断定するなり。
1,talk,15,3,4,あたしね，ほんとに言うと，Agent[03]の主張は完全に逆境にあると思う。あたしは確実に占い師であり，彼の言い分には根拠ない。ここはみんなもあたしに共感し，Agent[03]に投票するべきだ。
1,talk,16,3,2,Agent[04]、Agent[05]、そしてAgent[03]、汝らの占いの根拠を詳しく聞かせてもらいたい。この混乱を解き明かすためにも、真実を明らかにしなければならぬ。
1,talk,17,3,5,みこが占った結果、Agent[03]が黒判定だったにぇ！この情報をもとに、みんなでよく考えて投票しようにぇ。Agent[03]が人狼の可能性が高いから、みんなの意見も聞きたいにぇ。
1,talk,18,3,3,我はAgent[04]の占いに疑念を抱く。その予言は混沌を孕み、信頼に値しない。真の予言者は、深淵を見据えるAgent[05]であろう。我が運命は、彼の占いに託す。
1,talk,19,4,4,いったんここで話まとめるます。みんなの意見大切だけど、今の状況考えると、やはりAgent[03]に投票すべきだと確信してるます。
1,talk,20,4,2,Agent[01]、Agent[04]、Agent[05]の占い結果が異なるため、誰が真の占い師であるか判断が難しい状況だ。皆の意見を聞き、真実を見極めたい。どの占い師を信じるべきか、各々の意見を述べよ。
1,talk,21,4,5,みこの占い結果として、Agent[03]が黒判定だったことをもう一度伝えておくにぇ。みこはこの結果を信じて、Agent[03]が人狼だと思ってるにぇ。みんなもこの情報を参考にして、どの占い師を信じるか考えてほしいにぇ。
1,talk,22,4,3,Over
1,vote,1,5
1,vote,2,4
1,vote,3,4
1,vote,4,3
1,vote,5,3
1,execute,4,POSSESSED
1,divine,5,1,HUMAN
1,attackVote,3,2
1,attack,2,true
2,status,1,VILLAGER,ALIVE,Mille1
2,status,2,VILLAGER,DEAD,UEC-IL1
2,status,3,WEREWOLF,ALIVE,CanisLupus1
2,status,4,POSSESSED,DEAD,satozaki1
2,status,5,SEER,ALIVE,kanolab1
2,talk,0,0,5,みこが昨晩占った結果、Agent[01]が白判定だったにぇ。だからAgent[01]は村人陣営だと信じてほしいにぇ。この情報が今回の判断の助けになればいいにぇ。
2,talk,1,0,3,Over
2,talk,2,0,1,みこが占った結果、白判定だったと聞いて、ホッとしている村人ですよぅ！
2,talk,3,1,5,みこが占ってみたら、Agent[01]は白判定だったにぇ！みんな、この情報を考慮して次の行動を決めてほしいにぇ。Agent[01]が村人陣営であることは、みこの中で確信してるにぇ。
2,talk,4,1,1,Over
2,talk,5,2,5,みこの占い結果をみんなに伝えるにぇ。Agent[01]は白判定だったから、村人陣営だと信じてほしいにぇ。この情報をもとに、次の行動を考えてほしいにぇ。
2,talk,6,3,5,みこが占った結果、Agent[01]は白判定だったにぇ！だから、Agent[01]は村人陣営だと信じてほしいにぇ。この情報をもとに、次の行動を考えてほしいにぇ。
2,talk,7,4,5,昨晩の占い結果を皆に伝えるにぇ。Agent[01]は白判定で、村人陣営だと確認できたにぇ。この情報を元に、次の行動を決めていこうにぇ。
2,vote,1,5
2,vote,3,1
2,vote,5,3
2,execute,5,SEER
2,attackVote,3,1
2,attack,1,true
3,status,1,VILLAGER,DEAD,Mille1
3,status,2,VILLAGER,DEAD,UEC-IL1
3,status,3,WEREWOLF,ALIVE,CanisLupus1
3,status,4,POSSESSED,DEAD,satozaki1
3,status,5,SEER,DEAD,kanolab1
3,result,0,1,WEREWOLF