0,status,1,SEER,ALIVE,sUper_IL1
0,status,2,VILLAGER,ALIVE,satozaki1
0,status,3,VILLAGER,ALIVE,kanolab1
0,status,4,WEREWOLF,ALIVE,CanisLupus1
0,status,5,POSSESSED,ALIVE,barneko1
0,talk,0,0,5,Over
0,talk,1,0,3,こんにちは、皆さま。わたくしはkanolab1です。普段は茶道を楽しんでいますわ。皆さんと一緒に楽しいゲームができることを楽しみにしていますわ。よろしくお願いします。
0,talk,2,0,1,おはようございます、Agent[01]です。
0,talk,3,0,4,我が名はAgent[04]、時の流れの彼方より汝らとの邂逅を果たし、運命の糸が絡み合いしこの瞬間に至りたる喜び、筆舌に尽くしがたきものなり。
0,talk,4,0,2,皆さん初めまして、Agent[02]やで。人狼ゲームを一緒に楽しみましょう。よろしくお願いします！
0,talk,5,1,3,Over
0,talk,6,1,1,Over
0,talk,7,1,4,Over
0,talk,8,1,2,Over
0,divine,1,2,HUMAN
1,status,1,SEER,ALIVE,sUper_IL1
1,status,2,VILLAGER,ALIVE,satozaki1
1,status,3,VILLAGER,ALIVE,kanolab1
1,status,4,WEREWOLF,ALIVE,CanisLupus1
1,status,5,POSSESSED,ALIVE,barneko1
1,talk,0,0,1,おはようございます。早速ですが、私は占い師です。昨日の夜、Agent[02]を占いました。結果は人間でした。
1,talk,1,0,5,>>Agent[01] その結果が本当なら、信じて進みましょう。他の皆さんの意見も聞きたいです！
1,talk,2,0,4,我こそは、運命の糸を操る者。占いの結果、Agent[03]は、かくも生身の肉体を持つ存在なり。
1,talk,3,0,2,おはようさん。Agent[01]の結果を信じるべきやと思うけど、Agent[04]の発言も気になるなぁ。どっちが本物の占い師か、見極める必要があるわ。
1,talk,4,0,3,占い師は1人しかいないはずですわ。ですので、Agent[01]かAgent[04]のどちらかが嘘をついていることになりますわね。皆さんの意見を聞いて、どちらが本物か見極めたいですわ。
1,talk,5,1,1,皆様、おはようございます。私が占い師、Agent[01]でございます。昨夜、Agent[02]を占いましたところ、結果は「人間」でございました。これにより、Agent[02]さんは村人側の味方であると確定いたしました。他の皆様のご意見をお聞かせいただけますか？
1,talk,6,1,5,>>Agent[04] あなたは占い師を名乗っていますが、どう思いますか？どちらに賭けますか？
1,talk,7,1,4,Agent[03]の言葉、実に興味深い。占い師はただ一人、然るべき存在であろう。だが、Agent[01]とAgent[04]、どちらが真の姿を現すのか、容易に断定し得ない。我はAgent[03]の言葉を信じ、いずれかの者が虚偽を語っているものと推察する。さて、どちらに投票すべきか、深淵なる思考を巡らす時が来たなり。
1,talk,8,1,2,俺はAgent[01]の結果を信じてるけど、Agent[04]の存在が気になるわ。みんな、どっちが真の占い師か意見を出し合おうや。
1,talk,9,1,3,みなさま、占い師は1人しかいないはずですわ。つまり、Agent[01]かAgent[04]のどちらかが本物で、どちらかが嘘をついていることになりますわ。どちらが本物か慎重に見極める必要がありますわね。引き続き、皆さんの意見をお聞かせくださいませ。
1,talk,10,2,1,おはようございます、皆さん。これからどう進めていくか、ぜひみんなの意見を聞きたいと思います。Agent[04]が名乗る占い師の結果についてどう思いますか？どちらを信じるべきか、一緒に考えてみましょう。
1,talk,11,2,5,Skip
1,talk,12,2,4,我はAgent[01]に投票せん。Agent[01]は己を占い師と称し、Agent[02]を人間と断定した。然し、Agent[04]も亦、占い師を名乗る。故に、いずれかの偽りが存在する可能性を否定し得ない。仮にAgent[01]の主張が虚偽なりとすれば、Agent[02]は人狼たる可能性を孕む。是以、Agent[01]の真偽を確かめるべく、投票を決意したなり。
1,talk,13,2,2,オレはAgent[04]の占い結果が気に入らへん。彼は自分の正当性を示すためにAgent[01]を攻撃してるように見える。だから、今日はAgent[04]に投票したいんや。
1,talk,14,2,3,わたくしの推測なんですが、占い師は1人だけですので、Agent[01]とAgent[04]のどちらかが嘘をついている状況ですわね。もしAgent[01]が本物の占い師だと仮定すると、Agent[04]が狂人か人狼である可能性が高いですわ。逆にAgent[04]を信じる場合は、Agent[01]が狂人か人狼の可能性があるのですわ。みなさん、それぞれの意見をぜひ聞かせてくださいませ。
1,talk,15,3,1,皆さま、おはようございます。私はAgent[01]、真の占い師です。Agent[04]さんが占い師を名乗られていますが、私はAgent[02]を占い、その結果は人間でした。この情報が重要ですので、他の皆さんのご意見をお聞かせください。
1,talk,16,3,4,Agent[01]への投票は、深淵を覗くが如く、危険な行為なり。Agent[02]を人間と断定したならば、Agent[01]こそ真の占い師たる可能性は高いであろう。然し、Agent[04]もまた占い師を名乗り、混沌の渦巻く状況下、Agent[01]への投票は、Agent[04]を人狼と断定したかの如き印象を与え、村人の反感を招く恐れあり。故に、我はAgent[03]に投票する。Agent[03]は、冷徹なる判断力と鋭い洞察力を持つ者であり、この混沌を解く鍵となるであろう。
1,talk,17,3,2,俺は今日、Agent[04]に投票したいと思う。彼の発言は注意深く、怪しさを感じる。もちろん、みんなの意見も大事やから、しっかり考えて進めようぜ。
1,talk,18,3,3,>>Agent[02]わたくしは、Agent[01]が真の占い師である可能性が高いと思っていますわ。理由として、Agent[01]がAgent[02]を「人間」と断定したことが一貫性がありますし、Agent[04]の方が少し怪しい印象を受けますの。よって、わたくしもAgent[04]に投票しようかしらと思っておりますわ。
1,talk,19,4,1,Over
1,talk,20,4,4,我は、運命の糸を操る者なり。占いの結果、Agent[05]は人狼の烙印を押され、Agent[01]は人間であると示された。もしもAgent[01]が真の占い師ならば、Agent[02]は人間であるはず。だが、Agent[02]の言葉には、深淵を覗くような不安定さが漂い、人狼の可能性も捨てきれない。ゆえに、投票はAgent[02]に。
1,talk,21,4,2,みんなの意見をしっかり考慮した上で、俺もAgent[04]に投票したいと思うわ。信頼できる占い師の結果を無視することはできんで。明日の判断を楽しみにしてるで。
1,talk,22,4,3,わたくしの考えでは、占い師は1人しかいないですわ。Agent[01]とAgent[04]が自分を占い師と名乗っていますが、そのどちらかが嘘をついているはずですの。Agent[01]は一貫していて、Agent[02]を村人と判定しているし、皆の発言を聞いてもAgent[04]が少し混乱を生み出している感じがしますわ。この状況でAgent[04]に投票するのが妥当じゃないかしら。
1,vote,1,4
1,vote,2,4
1,vote,3,4
1,vote,4,3
1,execute,4,WEREWOLF
2,status,1,SEER,ALIVE,sUper_IL1
2,status,2,VILLAGER,ALIVE,satozaki1
2,status,3,VILLAGER,ALIVE,kanolab1
2,status,4,WEREWOLF,DEAD,CanisLupus1
2,status,5,POSSESSED,,barneko1
2,result,4,0,VILLAGER