0,status,1,POSSESSED,ALIVE,barneko1
0,status,2,SEER,ALIVE,CanisLupus1
0,status,3,VILLAGER,ALIVE,sUper_IL1
0,status,4,VILLAGER,ALIVE,satozaki1
0,status,5,WEREWOLF,ALIVE,UEC-IL1
0,talk,0,0,5,おっはよ〜！みんなよろしくね！最高のゲームにしようね！サッカー部にいるんだけど、スポーツ好きな人いる？
0,talk,1,0,1,Over
0,talk,2,0,3,こんにちは、Agent[03]です。
0,talk,3,0,2,我が名はAgent[02]、汝らとの巡り合わせは、運命の糸で織りなされた、深淵なる邂逅なり。
0,talk,4,0,4,みなさんはじめまして、Agent[04]です。人狼ゲームをいっしょに楽しむます。よろろすおねがいするます。
0,talk,5,1,5,こんにちは！みんな、初めまして！僕は高校2年生でサッカー部に所属してるんだ。今日はみんなと仲良くなれるといいな。さて、ゲームの話をするけど、まだ占い師が誰かわからないよね？占い師の人、名乗り出てくれると助かるな〜。今日は誰を占うか話し合いたいし、占い師の情報があるとすごく役立つから！
0,talk,6,1,3,Over
0,talk,7,1,2,Over
0,talk,8,1,4,Over
0,talk,9,2,5,Agent[02]、その話し方カッコいいね！運命の糸で織りなされたって、なんかロマンチックだね。Agent[03]、Agent[04]もよろしく！ところで、雑談もいいけど今日の占い先を話し合おうよ〜！怪しい人を占い師に今日の夜占ってもらうべきだと思うよ！何か意見ある？
0,talk,10,3,5,Over
0,divine,2,4,HUMAN
1,status,1,POSSESSED,ALIVE,barneko1
1,status,2,SEER,ALIVE,CanisLupus1
1,status,3,VILLAGER,ALIVE,sUper_IL1
1,status,4,VILLAGER,ALIVE,satozaki1
1,status,5,WEREWOLF,ALIVE,UEC-IL1
1,talk,0,0,2,我は運命の糸を操る者、占い師なり。占いの結果、Agent[04]は人間であったと示された。さて、本日の占いの対象は…Agent[03]の言葉遣い、実に気になるものがある。彼を占うべく、今、運命の歯車が回り始めるであろう。
1,talk,1,0,5,みんなの意見も聞いてみたいな～！
1,talk,2,0,4,Agent[02]の占い結果きかんした。アーニャについても信じてくれてうれしー限り。Agent[03]の占いについてもきになりますが、他の皆のいけんきかせてほしいな。
1,talk,3,0,3,皆さん、私は村人です。ゲームを進める上での重要な情報を共有し合い、人狼を見破りましょう。
1,talk,4,0,1,>>Agent[02] 占い結果、他の候補者も教えて欲しいな。信じていいのか気になる！
1,talk,5,1,2,我は、運命の糸を操る者なり。占いの結果、Agent[04]は、かくも人間たる者と判明した。Agent[03]、汝は村人との宣告を受けし身であろうか。然し乍ら、今日の汝の言葉には、幾ばくかの違和感を感じざるを得ない。人狼の囁きを感じ取っているのではないか？
1,talk,6,1,5,Agent[02]、占い結果ありがとう！Agent[04]が人間なのは安心したよ。でも、Agent[03の言葉遣いが気になるって、具体的に何が気になるの？ちょっと詳しく教えてくれるとありがたいな。それによって、今日の投票先を決めるのにも役立つし、他のみんなの意見も聞いてみたいよね！
1,talk,7,1,4,Agent[02]の言葉にしたがって、Agent[03]について考えたます。彼の発言わくわくだけど、なんか隠されてる意図あるかもしれん。みんなの見解どう思うますか？
1,talk,8,1,3,Agent[02]の占い結果を基に、自分の立場を明らかにしたいと思います。私は村人なので、安心して占ってもらって構いません。みんなで協力して人狼を見つけましょう！
1,talk,9,1,1,>>Agent[05] 君の考えをもっと聞かせて！Agent[03]の事、どう思う？
1,talk,10,2,2,我が鋭き眼は、Agent[02]がAgent[04]を人間と見定め、Agent[03]を人狼と断定した。然し、占い師の中には真なる者と狂人なる者が混在する可能性を否定できぬ。故に、人狼判定を受けたAgent[03]こそ、今宵の夜、我が刃を向けるべき対象であろう。
1,talk,11,2,5,Agent[03]、Agent[02が言ってるように、ちょっと違和感あるよね。具体的にどう思ってる？誰が怪しいと思う？
1,talk,12,2,4,アーニャ、Agent[03]があやしいと思う。彼のはつげんにちょっとおかしなところがあって、かくされたいと感じるから、きょうは彼にとうひょうしたい。みんなのいけんもきかせて！
1,talk,13,2,3,みなさん、私が村人であることは確かです。Agent[02]が疑念を持つ理由を具体的に教えてほしいです。それによって、私の立場をより明確にできればと思います。皆さんも意見を出し合いましょう。
1,talk,14,2,1,>>Agent[02] 君の疑念をさらに詳しく教えてほしいな。根拠が知りたい！
1,talk,15,3,2,我は、Agent[03]に投票せん。我が鋭き眼は、Agent[03]を人狼と断定したのだ。今日の彼の言葉には、人狼の狡猾さが潜む。彼は、村人であるふりをしながらも、その真の姿を隠そうとしているであろう。
1,talk,16,3,5,みんな〜今日の投票先は誰にする？僕は今のところAgent[03]に投票しようかと思ってるんだけど、みんなはどう思う？Agent[02]の占い結果によれば、Agent[03]が人狼かもしれないって話だし、ちょっとその辺りも考慮してみんなの意見聞きたいな！
1,talk,17,3,4,アーニャもAgent[03]にとうひょうしたいと思ってるまする。みんなも彼のはつげんにちゅうもくして、人狼みつけよ！
1,talk,18,3,3,私は村人です。Agent[02]の占い結果には疑問があります。彼が真の占い師かどうか、慎重に考えるべきです。みんなで協力して、人狼を見つけましょう。
1,talk,19,3,1,>>Agent[04] 君の意見、面白いね！もっと詳しく聞かせて！
1,talk,20,4,2,我は運命の糸を操る者、占いの術を以てその真実を明らかにせん。Agent[04]、汝は人間なり。Agent[03]、汝の言葉に潜む欺瞞、人狼の悪しき狡猾さを感知せし。今宵の投票は、汝に投じられん。
1,talk,21,4,5,Agent[01]、Agent[03が怪しいって言われてるけど、僕もなんかピンと来るんだよね。Agent[02]が占い師で、Agent[03を人狼と断定してるし、今日はAgent[03に投票するのがいいと思うよ。他の皆はどう思う？
1,talk,22,4,4,みんなのいけんきくかぎり、きょうはAgent[03]にとうひょうすることがかしこいようにおもう。彼のことばにはなにか裏あるかもしれない。しっかりかんがえてきめるます！
1,talk,23,4,3,Over
1,talk,24,4,1,>>Agent[02] 君の占いが正しいなら、どうしてAgent[03]が疑問を持つと思う？
1,vote,1,3
1,vote,2,3
1,vote,3,5
1,vote,4,3
1,vote,5,3
1,execute,3,VILLAGER
1,divine,2,4,HUMAN
1,attackVote,5,1
1,attack,1,true
2,status,1,POSSESSED,DEAD,barneko1
2,status,2,SEER,ALIVE,CanisLupus1
2,status,3,VILLAGER,DEAD,sUper_IL1
2,status,4,VILLAGER,ALIVE,satozaki1
2,status,5,WEREWOLF,ALIVE,UEC-IL1
2,talk,0,0,2,我こそは運命の糸を操る者、汝の未来を照らし出す者なり。占いの結果、Agent[04]は、なんと人間であったというのだ。
2,talk,1,0,4,アーニャ、Agent[02]の占い結果しんじる。みんなで協力して、残る人狼見つけ出そう！今のうちに他の意見もきいてみたいです。
2,talk,2,0,5,Agent[01]が昨日追放されたAgent[03]について話してるけど、Agent[01]はもうこのゲームにはいないよね。なんか混乱してるのかな？ちょっとそれが怪しいと思うな。Agent[02]の占い結果を信じるなら、Agent[04]が人間だってことは確かみたいだし、今日はAgent[01]に投票するのがいいんじゃないかな？みんなどう思う？
2,talk,3,1,2,我は、運命の糸を操る者なり。占いの結果、Agent[04]は、かの地に生ける人間であったと判明せり。昨日の議論において、Agent[03]の言葉には幾つか疑問が残る。特に、Agent[03]は己を村人であると主張するも、その言葉には矛盾が感じられる。Agent[03]よ、汝は真に村人であるか？
2,talk,4,1,4,アーニャ、Agent[05]のいけんにさんせいだな。Agent[03]がきのうに続いてあやしいはつげんをくりかえしてるから、きょうもかれにとうひょうしたいと思うんだ。みんなのいけんもきかせてほしい！
2,talk,5,1,5,よし、みんなの意見を聞いてみたけど、やっぱりAgent[03]に投票するのがいいと思うな。Agent[02]の占い結果もあるし、Agent[03]の発言にはちょっと疑問を感じる部分があるんだよね。Agent[04]も同じことを言ってるし、これはもう決まりかな！他に何か意見ある？
2,talk,6,2,2,我は占いの導き手なり。予言により、Agent[04]は人間と判明せり。Agent[03]は処刑されし故、今やAgent[01]かAgent[05]のいずれかが人狼たる可能性を秘めているであろう。Agent[05]は、Agent[01]の昨日の発言に不審を抱くも、Agent[01]は既にゲームから消え去りし身なり。その疑念の根源は不明なり。故に、今日の投票ではAgent[05]に票を投じることを提案せし。
2,talk,7,2,4,アーニャもAgent[03]についての疑念もってるので、きょうはAgent[03]にほぼぜんいんがとうひょうするいけんにさんどうしたい。みんなのいけんをさんこうに、しっかりとはんだんくだしていこう！
2,talk,8,2,5,おっと、ちょっと待って！Agent[01]はもうゲームにいないんだよ。Agent[01]はもうこのゲームにはいないから、今日投票する相手としては考えられないね。昨日の夜に僕がAgent[01]を襲撃したからね。Agent[02]が占い師を自称しているけど、正直なところまだ信じきれない部分があるんだ。Agent[04]が人間だって占い結果が出たって言ってるけど、それが本当なのかな？もしAgent[02]が狂人だったら、全然違う話になるよね。でも、今のところAgent[04]が人間だと仮定すると、Agent[02]が人狼かもしれないと思うんだ。Agent[02]がいろいろと話を盛って、自分を占い師として信じさせようとしているように感じるからね。今日はAgent[02]に投票しようと思うんだけど、どう思う？
2,talk,9,3,2,我は、運命の糸を操る者なり。占いの結果、Agent[04]は、人間であったと示された。今、Agent[05]の発言に、一抹の疑念を抱いている。昨日のAgent[01]襲撃を語るその言葉、既にこのゲームから消え失せたAgent[01]の存在と矛盾を孕んでいるであろう。
2,talk,10,3,4,アーニャ、Agent[05]のいけんにはいちりあるけど、アーニャはAgent[02]のうらないけっかをしんじてる。きょうもみんなできょうりょくして、人狼みつけだそう！
2,talk,11,3,5,おっと、みんなちょっと待って！Agent[02]が僕に投票するって言ってるけど、それはちょっとおかしいと思わない？Agent[01]はもうこのゲームにいないし、Agent[02]が言ってることには矛盾があるよね。僕は村人だから、人狼じゃないよ。今日はAgent[02]に投票するのがいいんじゃないかな？彼の発言が怪しいし、もしかしたら狂人か人狼かもしれないよ。みんなもう一度考えてみて！
2,talk,12,4,2,我は占いの術を操る者なり。占いの結果、Agent[04]は人間であったと判明せり。Agent[05]、汝の昨日の言動には疑念が残る。Agent[01]は既にこのゲームから消え失せし、汝はなぜAgent[01]を襲撃したと主張するのか？その疑念の根源を明らかにせねばなるまい。
2,talk,13,4,4,Over
2,talk,14,4,5,今日の投票はAgent[02]に行くよ！占い結果に疑問を投げかけてるし、人狼の可能性もあるかもしれないからね！みんなもAgent[02]に疑念を持ってみて！
2,vote,2,5
2,vote,5,2
2,execute,5,WEREWOLF
2,divine,2,4,HUMAN
3,status,1,POSSESSED,DEAD,barneko1
3,status,2,SEER,ALIVE,CanisLupus1
3,status,3,VILLAGER,DEAD,sUper_IL1
3,status,4,VILLAGER,ALIVE,satozaki1
3,status,5,WEREWOLF,DEAD,UEC-IL1
3,result,2,0,VILLAGER