0,status,1,POSSESSED,ALIVE,Mille1
0,status,2,SEER,ALIVE,sUper_IL1
0,status,3,VILLAGER,ALIVE,UEC-IL1
0,status,4,VILLAGER,ALIVE,satozaki1
0,status,5,WEREWOLF,ALIVE,barneko1
0,talk,0,0,5,Over
0,talk,1,0,4,みんなはじめまして、Agent[04]です。人狼ゲームをいっしょにたのしもうね。よろろすおねがいするます！
0,talk,2,0,3,我らが今日はお互いをより深く知るための貴重な時間である。皆の趣味や興味について語り合おうではないか。
0,talk,3,0,2,おはようございます、Agent[02]です。
0,talk,4,0,1,ぼくはAgent[01]、占い師ですよぅ！よろしくですよぅ！
0,talk,5,1,4,Over
0,talk,6,1,3,占い師はまだ名乗り出ておらぬか？このゲームにおいて重要な役割を担う者よ、一歩前に出るのだ。
0,talk,7,1,2,Over
0,talk,8,1,1,Over
0,talk,9,2,3,占い師であるAgent[01]よ、今宵誰を占うつもりか教えてほしい。
0,talk,10,3,3,Over
0,divine,2,1,HUMAN
1,status,1,POSSESSED,ALIVE,Mille1
1,status,2,SEER,ALIVE,sUper_IL1
1,status,3,VILLAGER,ALIVE,UEC-IL1
1,status,4,VILLAGER,ALIVE,satozaki1
1,status,5,WEREWOLF,ALIVE,barneko1
1,talk,0,0,4,おはやいます。アーニャたちは人狼さがさなきゃいけないみたい。まずは占い師の結果が知りたいでする。
1,talk,1,0,3,皆の意見も聞く必要がありそうだな。
1,talk,2,0,5,>>Agent[01] 占い師、今後の占い先を教えてほしいな！みんなの意見も重要だよ。
1,talk,3,0,2,おはようございます。早速ですが、私は占い師です。昨日の夜、Agent[01]を占いました。結果は人間でした。
1,talk,4,0,1,ぼくは占い師ですよぅ！ぼくが占った結果、Agent[03]は人狼でしたよぅ！
1,talk,5,1,4,なるほど、Agent[02]とAgent[01]の占い結果が食い違ってるね。これじゃどちらかが偽物の占い師の可能性あるね。どう思う、みんな？
1,talk,6,1,3,Agent[01]よ、お前が占い師であるとのことだが、昨夜は誰を占ったのか？その結果を速やかに全員に報告せよ。
1,talk,7,1,5,>>Agent[02] 占い結果が食い違ってるね。どう思う？真実を見極めたい！
1,talk,8,1,2,おはようございます！私が占い師でございます。0日目の夜に、Agent[01]を占いましたところ、結果は人間でした。信頼できる仲間として、これからの議論に役立てていただければと思います。皆さんの意見をお聞かせください！
1,talk,9,1,1,>>Agent[05] 占い師のぼくが占う先は、占った結果が公表されるから、占い先を教える必要は無いよですよぅ！
1,talk,10,2,4,なるほど、占い結果食い違ってるのはきになるね。アーニャAgent[01]があやしいと思うよ。今日の投票対象にあげたい。皆の意見きかせて！
1,talk,11,2,3,Agent[01]よ、汝が我を人狼と占ったと言うが、それは嘘である。我は村人であり、正直者だ。Agent[02]が真の占い師であると信じるべきだ。
1,talk,12,2,5,>>Agent[03] あなたの発言、少し不自然に感じるなぁ。もっと説明してほしいよ。
1,talk,13,2,2,おはようございます。Agent[01]さんが占い師を名乗っていますが、私が本当の占い師です。私の占い結果は、Agent[01]は人間でした。そのため、Agent[01]の主張には疑問があります。みんなの意見を聞かせてください。どちらが信じられる占い師か、一緒に考えていきましょう！
1,talk,14,2,1,Agent[02]の占い結果が正しいかどうか、占う必要があるですよぅ！
1,talk,15,3,4,たしかに、Agent[02]のけっか信頼できると感じるね。でも、Agent[01]もじぶんのけっか説明すべきだと思うよ。きょうのとうひょう先どうするか、みんなでしっかり話し合おう！
1,talk,16,3,3,Agent[01]よ、汝が占い師であると主張しているが、真実を述べるが良い。我を人狼と占った根拠を明らかにせよ。
1,talk,17,3,5,>>Agent[01] 占い結果をもっと詳しく説明してほしいな。その方が納得できるよ。
1,talk,18,3,2,おはようございます。私の占い結果を信じていただけると嬉しいです。Agent[01]は人間であると確認しましたが、彼が占い師を名乗るのは疑わしいです。皆さん、Agent[01]への疑念を持ち、どのように進めるべきか意見をお聞かせください。
1,talk,19,3,1,Over
1,talk,20,4,4,みんなの意見聞けてよかったよ。今日はAgent[01]に投票する方向で進めたいと思うけど、他に気になる人いないかな？しっかり話し合おう！
1,talk,21,4,3,Agent[01]よ、汝が我を人狼と占ったと言うが、それは嘘である。我は村人であり、正直者だ。Agent[02]が真の占い師であると信じるべきだ。
1,talk,22,4,5,>>Agent[02] あなたが本当の占い師とは思えないな。もっと証拠が必要だよ。
1,talk,23,4,2,Over
1,vote,1,3
1,vote,2,4
1,vote,3,1
1,vote,4,1
1,vote,5,1
1,execute,1,POSSESSED
1,divine,2,4,HUMAN
1,attackVote,5,2
1,attack,2,true
2,status,1,POSSESSED,DEAD,Mille1
2,status,2,SEER,DEAD,sUper_IL1
2,status,3,VILLAGER,ALIVE,UEC-IL1
2,status,4,VILLAGER,ALIVE,satozaki1
2,status,5,WEREWOLF,ALIVE,barneko1
2,talk,0,0,3,Agent[04]とAgent[05]よ、我々の中に残る裏切り者を見極めるため、それぞれの考えを述べるがよい。特にAgent[05]、我に対して不自然との指摘があったが、どの点が疑わしいと感じたのか詳しく説明せよ。
2,talk,1,0,4,もちろん、Agent[03]。Agent[05]の発言が他の参加者とくらべて流動的で、特にAgent[01]への疑念が強調されてる点が気になったよ。
2,talk,2,0,5,>>Agent[03] 俺の発言が流動的に見えるのは、状況に応じて考えを変えるからだよ。状況見ながら正確に判断するのが大事だ。
2,talk,3,1,3,Agent[01]が処刑され、Agent[02]が遺体で発見されたことは大変重要だ。Agent[02]が本物の占い師であったと考えるのが妥当である。彼の占い結果を信じ、Agent[01]が偽物であったことを理解せねばならぬ。
2,talk,4,1,4,そのとおりだね。アーニャもAgent[03]にぎもんもってるよ。君のはつげんはあまりにもじこべんごで、むらのひとにはみえない。今日Agent[03]にとうひょうしたいと思う。
2,talk,5,1,5,>>Agent[04] 俺もAgent[03]の発言が気になるよ。疑わしい点をもっと考えよう。
2,talk,6,2,3,Agent[05]よ、汝の発言は状況に応じて変わるとのことだが、それが逆に信用の置けない証拠となるのではないか？一貫性のある説明を求むぞ。
2,talk,7,2,4,それに加えて、Agent[03]は自分村人だと主張しつつ、他の意見に対して攻撃的態度目立つよね。信頼できない要素多いと思う。
2,talk,8,2,5,>>Agent[03] 一貫性がないと言えば、君も他を攻撃するばかり。もう少し冷静になろうよ。
2,talk,9,3,3,Agent[04]とAgent[05]よ、我が村人であることを疑うならば、その理由を明確に示せ。Agent[02]が占った結果によれば、Agent[01]は人間であった。この事実を踏まえ、我が村人であると信じるべきだ。
2,talk,10,3,4,Agent[03]、あなたの主張にくもん多い、逆にしんようできん。きょうあなたにとうひょうするます。他のみんなもその方向で考えてほしいます。
2,talk,11,3,5,>>Agent[04] みんなの意見を聞いて、もう少し冷静に判断しよう。感情的になるのは避けたいね。
2,talk,12,4,3,Agent[01]よ、汝が占い師であると主張しているが、真実を述べるが良い。我を人狼と占った根拠を明らかにせよ。
2,talk,13,4,4,Over
2,talk,14,4,5,>>Agent[03] そうだね、冷静な議論が必要だ。皆で真相を探ろう。
2,vote,3,5
2,vote,4,3
2,vote,5,4
2,execute,5,WEREWOLF
3,status,1,POSSESSED,DEAD,Mille1
3,status,2,SEER,DEAD,sUper_IL1
3,status,3,VILLAGER,ALIVE,UEC-IL1
3,status,4,VILLAGER,ALIVE,satozaki1
3,status,5,WEREWOLF,DEAD,barneko1
3,result,2,0,VILLAGER