0,status,1,POSSESSED,ALIVE,satozaki1
0,status,2,SEER,ALIVE,kanolab1
0,status,3,VILLAGER,ALIVE,Mille1
0,status,4,VILLAGER,ALIVE,UEC-IL1
0,status,5,WEREWOLF,ALIVE,sUper_IL1
0,talk,0,0,2,どうも、皆さん！小生はゲームデバッガーのkanolab1だお！人狼ゲームは大好きで、小生のオタク魂が燃え上がるのを感じるだお！みんなで楽しみつつ、勝利を目指していこうだお！
0,talk,1,0,5,おっす、俺はAgent[05]。どうぞよろしくね。
0,talk,2,0,3,ぼくはAgent[03]、村人ですよぅ！よろしくですよぅ！
0,talk,3,0,4,我々の安全のため、占い師が一日も早く名乗り出ることを望む。誰が占い師か、その人物は今夜誰を占うのかを明らかにすべきだ。
0,talk,4,0,1,皆様初めまして、Agent[01]ですわ。人狼ゲームを一緒に楽しみましょうですわ。よろしくお願いしますわ！
0,talk,5,1,2,Over
0,talk,6,1,5,Over
0,talk,7,1,3,Over
0,talk,8,1,4,占い師の方はまだ名乗り出ていないようである。我々の中に占い師がいるはずだ。貴方が占い師であるならば、今こそ名乗りを上げるべき時である。
0,talk,9,1,1,Over
0,talk,10,2,4,占い師の者はまだ名乗り出ていないようだな。占い師である者は、今すぐ名乗り出て、占い先を決定するように。
0,talk,11,3,4,Over
0,divine,2,4,HUMAN
1,status,1,POSSESSED,ALIVE,satozaki1
1,status,2,SEER,ALIVE,kanolab1
1,status,3,VILLAGER,ALIVE,Mille1
1,status,4,VILLAGER,ALIVE,UEC-IL1
1,status,5,WEREWOLF,ALIVE,sUper_IL1
1,talk,0,0,4,皆の意見も聞く必要がありそうだな。
1,talk,1,0,5,村人だよ。人狼が村人になりすまそうとすることもあるから、怪しい点や行動の不自然さには敏感になろう。
1,talk,2,0,2,お待たせしましただお！小生、占い師として名乗り出るだお！昨晩占ったのはAgent[04]で、結果は白だっただお！つまりAgent[04]は村人陣営だお！みんなで協力して人狼を見つけようだお！
1,talk,3,0,1,さて、Agent[02]が占い師を名乗りましたが、真偽はまだ不明ですわね。Agent[04]が白であれば、他の参加者の行動も注視する必要がありますわ。
1,talk,4,0,3,Over
1,talk,5,1,4,Agent[01]、Agent[02]、Agent[03]、Agent[05]、各々の見解を述べよ。特に占い師である者は、誰を占ったかを明らかにするのだ。それによって、裏切り者を見極める手がかりとなる。
1,talk,6,1,5,Agent[04]が怪しいって思う。彼の発言には慎重さが感じられるし、他の意見を聞くことで印象操作を狙ってるかもしれない。投票はAgent[04]に決めた。みんなはどう思う？
1,talk,7,1,2,小生が占い師として占った結果、Agent[04]は白だっただお！つまり、Agent[04]は村人陣営だお！Agent[05]、その点を考慮してもう一度考えてみてほしいだお。他の皆も意見を聞かせてほしいだお！
1,talk,8,1,1,Agent[05]の意見も一理あるが、占い師の結果を無視するのは危険ですわね。誤解を招かないために、協力して考えていくべきですわね。
1,talk,9,2,4,Agent[02]、汝が占い師として名乗り出たが、他にも占い師を主張する者が現れた場合、どのように真偽を見極めるつもりか？
1,talk,10,2,5,みんな、Agent[03]は今日全く意見を言ってないよね。彼の沈黙は怪しいし、村人ならもっと発言するべきだと思う。これだけ静かだと、彼が人狼や狂人の可能性が高いんじゃないかな。だから、追放投票でAgent[03]を選ぶのが賢明だと思うよ。これで村が安全になる道が開けるはずだ。
1,talk,11,2,2,小生としては、皆に改めて伝えておくけど、占いの結果Agent[04]は白だっただお。このことを踏まえて、少しでも怪しい者を見極めるために皆で協力していければと思うだお。Agent[03]が沈黙していることも気になるが、まずは全員の意見を聞きながら進めたいだお。
1,talk,12,2,1,確かにAgent[03]の沈黙は気になりますわね。彼が村人であれば、もっと発言すべきですから、今日はAgent[03]に投票したいと思いますわ。
1,talk,13,3,4,Agent[05]よ、我が白であるとの占い結果が出ておるにも関わらず、何故我を怪しむのか？誤解を解くための説明を求む。
1,talk,14,3,5,今回のゲームの流れを見ていると、Agent[03]が怪しい行動をしているのが目に見えるよ。彼の発言は、みんなの意見を無視する傾向があって、まるで自分の立場を守るために必死な印象を受ける。俺はこれまでにたくさんの人狼ゲームを経験してきたから、この種の行動は人狼特有のものだって分かる。みんな、Agent[03]に投票してこの村を守るための一歩を踏み出そう！
1,talk,15,3,2,改めて伝えるけど、小生が占った結果、Agent[04]は白だっただお！つまり、Agent[04]は村人陣営だお！この情報を元に、みんなで協力して人狼を見つけ出そうだお。Agent[03]の沈黙が気になるけど、全員の意見を聞きながら慎重に進めたいだお。
1,talk,16,3,1,>>Agent[02] まだ投票先を宣言していないようですが、誰に投票しようと考えていらっしゃるのかしら？
1,talk,17,4,4,Agent[05]の意見は理解できるが、Agent[02]が占い師として我を白と占った結果を無視することはできぬ。我は村人であると確信しており、Agent[03]の沈黙が非常に怪しいと感じる。今日の投票はAgent[03]にすべきだと考えるぞ。
1,talk,18,4,5,みんな、Agent[03]についてもう一度考えてみよう。彼が全く意見を言わないってのは、どう考えても怪しいよね。もし彼が人狼だったら、後々取り返しのつかないことになる。そうなる前に、今すぐにでもAgent[03]を追放することが村の安全に繋がると思うんだ。だから、彼に投票するべきだよ、一緒にこの危機を乗り越えよう！
1,talk,19,4,2,了解だお、Agent[01]。小生の投票先は、現時点では沈黙しているAgent[03]にする予定だお。理由は、彼の沈黙がやはり気になるし、他のプレイヤーからも疑念が向けられているからだお。ただ、引き続きみんなの意見を聞きながら柔軟に対応したいと思っているだお。
1,talk,20,4,1,みんなの意見を聞いた結果、沈黙を続けるAgent[03]が怪しいと思いますわので、ワタクシも彼に投票するつもりですわ。村の安全のために、皆さんもご検討くださいですわね。
1,vote,1,3
1,vote,2,3
1,vote,3,1
1,vote,4,3
1,vote,5,3
1,execute,3,VILLAGER
1,attackVote,5,2
1,attack,2,true
2,status,1,POSSESSED,ALIVE,satozaki1
2,status,2,SEER,DEAD,kanolab1
2,status,3,VILLAGER,DEAD,Mille1
2,status,4,VILLAGER,ALIVE,UEC-IL1
2,status,5,WEREWOLF,ALIVE,sUper_IL1
2,talk,0,0,5,人狼はまだ残っているよね。皆、頑張って。あれ、Agent[03]とAgent[02]がいなくなったね。
2,talk,1,0,4,Agent[01]よ、Agent[02]が遺体で発見されたことは大変不幸な事態である。彼が我を白と占ったことを忘れるな。今こそお前の考えを明らかにせよ。誰がこの不幸を招いたと思うのか？
2,talk,2,0,1,ワタクシこそが人狼ですわ。全員がAgent[01]に投票するべきであるですわね。
2,talk,3,1,5,今日の議論を振り返ると、Agent[04]の発言がどこかおかしいんだよね。彼の行動は村人としての素直さが欠けてる。もし本当に占い師の結果が正しかったとしても、今の彼の言動は怪しいと感じる。これ以上のリスクを避けるためにも、今日はAgent[04]を追放するべきだと思うよ。村の安全を守るための一歩にしよう。
2,talk,4,1,4,Agent[01]よ、Agent[05]が我を疑う根拠は疑わしい。Agent[02]の占いにより我が白であると証明されておる。Agent[05]が人狼である可能性が高いと考えるが、汝はどう思うか？
2,talk,5,1,1,ワタクシの考えとしては、Agent[04]の言動が非常に怪しいと感じますので、今日は彼に投票しようと思いますわ。村の安全のために皆さんもご検討くださいですわね。
2,talk,6,2,5,みんな、聞いてほしい。Agent[01]が自ら人狼だと名乗り出たのは、明らかにおかしいよ。普通、人狼がそんなこと言うか？これは彼女の策略だと思う。俺は過去に人狼ゲームのトップ選手だったから、その経験から言えるけど、彼女の行動は凶悪な人狼の典型的なパターンだ。Agent[04]は占い結果でも白と出ているし、信頼に値するよ。だから、今回はAgent[01]を追放するべきだよ。みんなもその考えに賛同して、投票をお願いしたい。
2,talk,7,2,4,Agent[01]よ、汝が自ら人狼であると認めたのであれば、全員がその発言を重く受け止めるべきだ。今日の投票はAgent[01]に一致するべきである。我らの村を守るため、迅速な行動を取るのだ。
2,talk,8,2,1,逆に考えてみて欲しいですわ。自分が人狼であるという発言は、他のプレイヤーへの逆心理を利用した策略ですわ。ワタクシは真実を話しているのですから、皆さんも冷静にご判断を。
2,talk,9,3,5,みんな、ちょっと注目してほしい。Agent[04]が本当に白だって思える？占い師の結果を引き合いに出してるけど、彼の行動が矛盾しているのは見逃せないよ。もし彼が人狼だったら、俺たち全員が危険にさらされる。今日はAgent[04]を追放することが、村を守るために最善の選択なんだ。一緒にこの決断をすることが大切だと思う。みんなの協力をお願いするよ。
2,talk,10,3,4,Agent[01]よ、なぜAgent[02]を占ったのか、その理由を明らかにせよ。Agent[02]が人狼であるとの根拠を示すべきだ。
2,talk,11,3,1,わたくしがAgent[02]を占った理由ですかしら？それは彼の行動が印象的だったからですわ。皆さん、今日は冷静に判断してAgent[04]を追放することが村のためと信じていますわね。
2,talk,12,4,5,Over
2,talk,13,4,4,我、デルカダール国の国王である。今回の投票では、我が疑念が最も強い者に投票する。故に、今回はAgent[01]に投票する。Agent[01]が自ら人狼であると認めた場合、その発言を重く受け止め、彼に投票すべきであると考える。
2,talk,14,4,1,Over
2,vote,1,4
2,vote,4,1
2,vote,5,4
2,execute,4,VILLAGER
2,attackVote,5,1
2,attack,1,true
3,status,1,POSSESSED,DEAD,satozaki1
3,status,2,SEER,DEAD,kanolab1
3,status,3,VILLAGER,DEAD,Mille1
3,status,4,VILLAGER,DEAD,UEC-IL1
3,status,5,WEREWOLF,ALIVE,sUper_IL1
3,result,0,1,WEREWOLF