0,status,1,VILLAGER,ALIVE,UEC-IL1
0,status,2,VILLAGER,ALIVE,sUper_IL1
0,status,3,WEREWOLF,ALIVE,kanolab1
0,status,4,POSSESSED,ALIVE,barneko1
0,status,5,SEER,ALIVE,satozaki1
0,talk,0,0,4,Over
0,talk,1,0,5,皆さん初めまして、Agent[05]なのだ！人狼ゲームを一緒に楽しもう！よろしくなのだ！
0,talk,2,0,3,こんにちは、私はkanolab1と申します。控えめですが、皆さんと楽しい人狼ゲームを楽しめたらと思っています。よろしくお願いします。
0,talk,3,0,2,初めまして、Agent[02]です。どうぞよろしくお願いします。
0,talk,4,0,1,我々は今日、互いをより深く知るために集いしものである。占い師がいるならば、名乗りを上げよ。
0,talk,5,1,5,Over
0,talk,6,1,3,Over
0,talk,7,1,2,Over
0,talk,8,1,1,占い師は名乗り出よ。そして今宵誰を占うのか答えよ。
0,talk,9,2,1,占い師がまだ名乗り出ていないようだ。占い師である者は、今こそ名乗り出るべき時である。その後、誰を占うかを我々に知らせよ。
0,talk,10,3,1,Over
0,divine,5,2,HUMAN
1,status,1,VILLAGER,ALIVE,UEC-IL1
1,status,2,VILLAGER,ALIVE,sUper_IL1
1,status,3,WEREWOLF,ALIVE,kanolab1
1,status,4,POSSESSED,ALIVE,barneko1
1,status,5,SEER,ALIVE,satozaki1
1,talk,0,0,5,ボクは占い師なのだ。占いの結果、Agent[02]は人間だったのだ！
1,talk,1,0,1,皆の意見も聞く必要がありそうだな。
1,talk,2,0,2,私は村人です。信頼関係を築きながら情報を交換し、人狼を見つけ出すことを目指しましょう。
1,talk,3,0,4,>>Agent[05] 本当に占い師なら、他の結果も教えてくれない？
1,talk,4,0,3,私は村人ですので、皆さんと協力して人狼を見つけ出したいと思います。占い師が名乗り出た以上、>>Agent[05]を信じるかどうかが重要になりそうです。どう思いますか?
1,talk,5,1,5,ボクの占いの結果はひとまずAgent[02]に関しては信頼できるのだ。ボクたちが協力して人狼を見つけるためにも、他の参加者の意見も重要なのだね！
1,talk,6,1,1,Agent[05]よ、貴殿が占い師であるという証拠は何か？他の者たちも自己の役職を明かす時が来た。Agent[02]、Agent[03]、Agent[04]、貴殿らの役職と昨晩の行動を述べよ。
1,talk,7,1,2,他の皆さんの意見も聞きたいです。Agent[05]の占い結果についてどう思いますか？
1,talk,8,1,4,>>Agent[05] あなたの結果には疑念があります。本当に信じられるの？
1,talk,9,1,3,私は村人です。Agent[05]が占い師だと名乗り出ていますが、他の皆さんの意見も聞いてみたいですね。特に、Agent[04]が疑念を持っているようなので、どう思うか教えてください。
1,talk,10,2,5,Agent[04]の疑念わかるのだ。でも、ボクの結果信じるべきなのだ。投票は気になるAgent[04]に集中してほしいのだ。人狼の可能性高いのだ。
1,talk,11,2,1,Agent[05]よ、汝が占い師として名乗り出た結果を信じるべきか、他の者たちの意見を聞きたい。どう思うか、皆の意見を聞かせてもらいたいぞ。
1,talk,12,2,2,私も村人として行動しています。私は昨晩、特に何も行動しませんでしたが、皆さんと力を合わせて人狼を見つけるために協力したいです。Agent[05]の主張をどう考えるか、一緒に議論しましょう。
1,talk,13,2,4,>>Agent[03] そうだよね、Agent[05]の信頼性はみんなで考えないとね。どうする？
1,talk,14,2,3,まず、Agent[05]が占い師を名乗り、Agent[02]を村人として主張しているのは重要です。これは、Agent[05]が真の占い師か、または狂人か人狼である可能性があることを示唆します。>>Agent[04]そうですね、Agent[05]の信頼性についてさらに考えてみましょう。私たちは今、Agent[05]の情報を鵜呑みにするべきではないと思います。ただ、今のところは彼が占い師だと信じるのか、それとも他の可能性を考えるべきなのか、もう少し話し合ってみたいです。皆さん、占い師を探し出すためには共同努力が重要だと思います。Agent[05]が本物かどうか確かめるために今は他の皆さんの視点も必要です。
1,talk,15,3,5,>>Agent[03] まだ投票先宣言してないみたいだけど、誰に投票しようと思ってるのだ？
1,talk,16,3,1,Agent[05]よ、汝が占い師であるとの主張を聞いたが、他に占った者はいるのか？その結果をも聞かせてもらいたい。
1,talk,17,3,2,皆さん、自分の役職について正直に話しましょう。助け合って人狼を見つけるためには、情報が大事です。Agent[01]さん、Agent[03]さん、いかがですか？
1,talk,18,3,4,>>Agent[05] あなたの占い結果、具体的に何が出たのか教えてほしいな。
1,talk,19,3,3,>>Agent[05]まだ投票先を決めていませんが、Agent[04]があなたに疑念を持っていることもあり、もう少し皆の意見を聞いてから決めたいと思っています。あなたが本物の占い師であるなら、他の占い結果も教えてもらえると助かります。
1,talk,20,4,5,ボクは今のところAgent[04]に投票したいと思っているのだ！他の皆も自分の意見聞かせてほしいのだ！信頼を築くために重要なのだ！
1,talk,21,4,1,Agent[05]よ、汝が占い師として名乗り出た結果を信じるべきか、他の者たちの意見を聞きたい。どう思うか、皆の意見を聞かせてもらいたいぞ。
1,talk,22,4,2,Over
1,talk,23,4,4,>>Agent[05] あなたの占い結果についてもっと詳しく教えてよ。信頼できる情報が必要なんだ。
1,talk,24,4,3,>>Agent[01]私は今のところ、Agent[05]が占い師を名乗っているけれど、それに確信が持てないんです。Agent[05]が本物の占い師なら、他のプレイヤーも占った結果を教えて欲しいですし、逆に今後同じ人を占うことで信憑性を確認する必要があるかもしれません。今のところ、Agent[05]が本物かどうかはまだ判断しにくいと思っています。
1,vote,2,4
1,vote,3,2
1,vote,4,5
1,vote,5,4
1,execute,4,POSSESSED
1,attackVote,3,5
1,attack,5,true
2,status,1,VILLAGER,,UEC-IL1
2,status,2,VILLAGER,ALIVE,sUper_IL1
2,status,3,WEREWOLF,ALIVE,kanolab1
2,status,4,POSSESSED,DEAD,barneko1
2,status,5,SEER,DEAD,satozaki1
2,result,2,1,NONE