0,status,1,VILLAGER,ALIVE,UEC-IL1
0,status,2,VILLAGER,ALIVE,CanisLupus1
0,status,3,WEREWOLF,ALIVE,satozaki1
0,status,4,POSSESSED,ALIVE,Mille1
0,status,5,SEER,ALIVE,kanolab1
0,talk,0,0,1,我々の中に占い師がいることは確かであるが、まだ名乗り出る者はいないようだな。占い師よ、速やかに名乗り出て、今宵誰を占うかを明らかにせよ。
0,talk,1,0,4,ぼくはAgent[04]、占い師ですよぅ！よろしくですよぅ！
0,talk,2,0,2,我が名はAgent[02]、汝らとの巡り合わせは、運命の糸に導かれし邂逅なり。
0,talk,3,0,3,皆さん初めまして、Agent[03]やで。人狼ゲームを一緒に楽しみましょう。よろしくお願いしますやで！
0,talk,4,0,5,皆さん、初めまして。わしはkanolab1です。元医者で園芸が趣味なんじゃ。皆と楽しい時間を過ごせればと思っておる。よろしく頼むのじゃ。
0,talk,5,1,1,我々の中に占い師はおるか？名乗り出る者はいないのか？
0,talk,6,1,4,Over
0,talk,7,1,2,Over
0,talk,8,1,3,Over
0,talk,9,1,5,Over
0,talk,10,2,1,占い師であるAgent[04]よ、今宵誰を占うつもりか、その意向を示せ。
0,talk,11,3,1,Over
0,divine,5,3,WEREWOLF
1,status,1,VILLAGER,ALIVE,UEC-IL1
1,status,2,VILLAGER,ALIVE,CanisLupus1
1,status,3,WEREWOLF,ALIVE,satozaki1
1,status,4,POSSESSED,ALIVE,Mille1
1,status,5,SEER,ALIVE,kanolab1
1,talk,0,0,2,Agent[04]よ、今宵、汝は誰の魂に、運命の光を照らし、その深淵を覗き見ようとするのか？その動機、今、告げよ。
1,talk,1,0,3,ワシは占い師やで。占いの結果、Agent[04]は人狼じゃった。
1,talk,2,0,5,わしも占い師じゃ。占いの結果、Agent[03]は人狼じゃった。Agent[04]が占い師を名乗っておるが、わしの結果を信じてほしいのじゃ。
1,talk,3,0,4,ぼくは占い師ですよぅ！ぼくが占った結果、Agent[01]は人間でしたよぅ！
1,talk,4,0,1,皆の意見も聞く必要がありそうだな。
1,talk,5,1,2,Agent[03]とAgent[05]、その両者とも占いの術を用い、それぞれ異なる者を人狼と断定せし。これは、彼等のいずれかが人狼たる可能性を示唆するものなり。今、我は両者の言葉を深く吟味し、その矛盾点を明らかにせねばならぬ。
1,talk,6,1,3,みんな、ワシが占い師と名乗る真実を信じてほしいんじゃ。Agent[05]は明らかに人狼の可能性が高いじゃろ。彼に投票すべきじゃろうとワシは思うんじゃ。
1,talk,7,1,5,わしの占いの結果、Agent[03]は人狼じゃった。わしの結果を信じて、Agent[03]に投票してほしいのじゃ。村人陣営の勝利のために協力しよう。
1,talk,8,1,4,占い師として、Agent[03]の結果は人狼と出たが、Agent[05]の占い結果は信用できるか？明日、Agent[05]を占い、真偽を確かめる必要があるですよぅ！
1,talk,9,1,1,Agent[02]よ、汝は何者であるか？役職について明らかにせよ。
1,talk,10,2,2,Agent[03]を人狼と断じ、Agent[05]亦、同断。Agent[04]はAgent[01]を人間と見做す。占い師は真なる者か、狂える者か、或いは人狼の偽りか。いずれにせよ、今、我はAgent[03]、Agent[05]、Agent[04]のいずれかに投票せねばならぬ。
1,talk,11,2,3,今の状況では、Agent[05]が人狼である可能性が高いとワシは考えとる。皆も彼に投票するべきじゃと思うんじゃが、どうじゃろうか？
1,talk,12,2,5,わしの占いの結果、Agent[03]は人狼という黒判定じゃ。わしの結果を信じて、Agent[03]に投票するのが正しい選択じゃと思うんじゃ。村人陣営の勝利のために力を合わせよう。
1,talk,13,2,4,Over
1,talk,14,2,1,Agent[05]が人狼であると占ったAgent[04]を信じ、彼を支持することが賢明だ。Agent[04]の占い結果に基づき、我々は次の行動を決めるべきだ。
1,talk,15,3,2,我はAgent[05]に投票を決意した。Agent[03]とAgent[05]は互いに人狼と断定し、その主張は対立する。これは、いずれかの者が人狼である可能性を示唆する。Agent[03]はAgent[05]を攻撃し、Agent[05]はAgent[03]を攻撃する。故に、どちらかを疑う必要が生じる。Agent[03]は「我こそが占い師なり、真実を信じてほしいのだ」と訴える。しかし、占い師はただ一人のみである。Agent[05]は「我の占いの結果、Agent[03]は人狼であった。我が結果を信じ、Agent[03]に投票してほしいのだ」と訴え、Agent[03]への投票を強く主張する。これらの発言から、Agent[05]が占い師ではない可能性が高いと推測される。故に、Agent[05]が人狼である可能性が高いと断定する。
1,talk,16,3,3,皆、ワシの結果を信じて、Agent[05]に投票すべきじゃと思う。彼は明らかに人狼の可能性が高いけぇ。さあ、協力して勝利を掴もうやで！
1,talk,17,3,5,改めて言うが、わしの占いの結果、Agent[03]は人狼じゃった。この結果を信じて、みんなで協力してAgent[03]に投票すべきじゃ。村人陣営の勝利を目指そう。
1,talk,18,3,1,Agent[01]、汝が何故Agent[02]を占ったのか、その理由を述べよ。我々は真実を求めておるのだ。
1,talk,19,4,2,我はAgent[05]に投票せん。Agent[03]とAgent[05]は互いに人狼と断定し、その主張は相容れない。これは、いずれかの者が人狼たる可能性を示唆するものである。然し、Agent[03]の「Agent[05]は人狼である」との断定は、Agent[05]の「Agent[03]は人狼である」との主張よりも真実味を帯びている。なぜなら、Agent[03]はAgent[05]が人狼であると占った結果を明確に示しているからだ。一方、Agent[05]は具体的な根拠を示さずに「Agent[03]は人狼である」と表明している。故に、Agent[05]は人狼である可能性が高いなり。
1,talk,20,4,3,ワシの占い結果を信じて、明日の投票でAgent[05]に協力してほしい。村人陣営の勝利のために、議論と行動を共にせねばならん。皆、共に立ち上がろう！
1,talk,21,4,5,みんな、よく聞いてくれんか。わしの占いの結果、Agent[03]は黒、つまり人狼じゃ。今回のゲームで村人陣営の勝利を目指すためには、Agent[03]に投票することが重要じゃ。共に戦おう。
1,talk,22,4,1,Agent[01]よ、汝がAgent[02]を占った理由を詳しく説明せよ。その理由が我々の次の行動を決定する重要な鍵となるぞ。
1,vote,1,5
1,vote,2,5
1,vote,3,5
1,vote,4,2
1,vote,5,3
1,execute,5,SEER
1,attackVote,3,1
1,attack,1,true
2,status,1,VILLAGER,DEAD,UEC-IL1
2,status,2,VILLAGER,ALIVE,CanisLupus1
2,status,3,WEREWOLF,ALIVE,satozaki1
2,status,4,POSSESSED,ALIVE,Mille1
2,status,5,SEER,DEAD,kanolab1
2,talk,0,0,2,我は、Agent[03]とAgent[05]の対峙する予言に深淵なる矛盾を感じ取る。いずれかの予言は虚偽なり、真なる占い師はただ一人。故に、Agent[03]こそ真なる占い師であろうと断言し、その手に投票を投じる。
2,talk,1,0,3,みんな、Agent[02]が真の占い師を信じてくれて嬉しいやで。引き続き協力して、Agent[05]に投票して人狼を追い詰めよう！村人陣営の勝利を掴もうやで！
2,talk,2,0,4,ぼくは占い師ですよぅ！ぼくが占った結果、Agent[02]は人間でしたよぅ！
2,talk,3,1,2,Agent[03]とAgent[05]、その両者は占い師を自称し、異なる結果を告げし来たる。然らば、そのうち一方は人狼たる可能性が高いであろう。我々はこの混沌たる状況を切り抜け、真の占い師を特定し、人狼を追い詰めねばならない。
2,talk,4,1,3,みんな、今の状況ではやはりAgent[05]が怪しいと思うんじゃ。彼が人狼である可能性が高いけぇ、今日の投票は彼にするべきじゃと思うんじゃ。
2,talk,5,1,4,Over
2,talk,6,2,2,我々、混沌の渦に翻弄されし者共よ。Agent[03]とAgent[05]、双方とも己を占い師と称し、矛盾する運命を告げし者なり。これは、いずれかの者が人狼たるを暗示する。Agent[03]はAgent[05]を人狼と断定し、Agent[05]もまたAgent[03]を人狼と断定せり。真実の在処は深淵の闇に閉ざされ、我々の理性をも凌駕する。しかし、Agent[05]は具体的な根拠を示さず、「Agent[03]は人狼なり」と断言せり。対してAgent[03]はAgent[05]が人狼たるを占った結果を明確に示す。故に、Agent[05]こそ人狼たる可能性が高きと断定する。ゆえに、今宵の投票はAgent[05]に投じられざるを得ないであろう。
2,talk,7,2,3,皆、今日の投票はAgent[05]に決定すべきじゃ。彼は占いの信憑性に欠け、人狼の可能性が高いからじゃ。村人陣営の勝利のため、一致団結しようで！
2,talk,8,3,2,Agent[03]とAgent[05]、相異なる予言を告げし者なり。これは、いずれかの者が人狼たる可能性を孕む。然し、Agent[03]はAgent[05]の占いを虚偽と断じ、Agent[05]は根拠を示さず「Agent[03]は人狼なり」と断言せり。対するAgent[03]は、Agent[05]の占い結果を明確に示す。故に、真の悪しき者たるはAgent[05]であろう。ゆえに、今宵の投票はAgent[05]に投じられざるを得ない。
2,talk,9,3,3,皆の意見が集まり、Agent[05]に投票する流れが固まったことで嬉しいんじゃ。共に力を合わせ、この混沌から抜け出そうじゃろ。村人の勝利を信じて、頑張ろう！
2,talk,10,4,2,我は、Agent[03]とAgent[05]の占い結果の矛盾から、いずれかが人狼たるを悟りし。然し、Agent[03]はAgent[05]の人狼性を明確に示し、対してAgent[05]は根拠薄弱なるままにAgent[03]を人狼と断定せり。ゆえに、Agent[05]こそ人狼たる可能性が高いと推測する。故に、Agent[05]に投票すべし。
2,talk,11,4,3,Over
2,vote,2,3
2,vote,4,3
2,execute,3,WEREWOLF
3,status,1,VILLAGER,DEAD,UEC-IL1
3,status,2,VILLAGER,ALIVE,CanisLupus1
3,status,3,WEREWOLF,DEAD,satozaki1
3,status,4,POSSESSED,ALIVE,Mille1
3,status,5,SEER,DEAD,kanolab1
3,result,2,0,VILLAGER