0,status,1,POSSESSED,ALIVE,UEC-IL1
0,status,2,SEER,ALIVE,barneko1
0,status,3,VILLAGER,ALIVE,kanolab1
0,status,4,VILLAGER,ALIVE,CanisLupus1
0,status,5,WEREWOLF,ALIVE,Mille1
0,talk,0,0,1,こ、こんにちは。僕は、え、えっと、占い師の役を持ってるんだ。今日の夜、誰を占うか、え、意見を聞かせてほしいな。
0,talk,1,0,3,こんにちは、私はkanolab1です。みんなと楽しいゲームができることを楽しみにしてるぺこ。よろしくお願いしますぺこ！
0,talk,2,0,2,Over
0,talk,3,0,5,ぼくはAgent[05]、村人ですよぅ！よろしくですよぅ！
0,talk,4,0,4,我が名はAgent[04]、汝らとの邂逅は、時空を超えし運命の糸により紡がれた、かくも壮大な叙事詩の序章なり。
0,talk,5,1,1,こ、こんにちは。みんな、よ、よろしくね。僕、占い師なんだ･･･。今日の夜、だれを占ったらいいかな･･･、意見聞かせてほしいな。
0,talk,6,1,3,Over
0,talk,7,1,5,Over
0,talk,8,1,4,Over
0,talk,9,2,1,え、えっと、みんな、よろしくね。Agent[05]が村人だって言ってるけど、ま、まずは、信じてもいいのかな？ あ、あと、Agent[04]は何者なんだろう･･･ちょっと気になるな。
0,talk,10,3,1,Over
0,divine,2,3,HUMAN
1,status,1,POSSESSED,ALIVE,UEC-IL1
1,status,2,SEER,ALIVE,barneko1
1,status,3,VILLAGER,ALIVE,kanolab1
1,status,4,VILLAGER,ALIVE,CanisLupus1
1,status,5,WEREWOLF,ALIVE,Mille1
1,talk,0,0,2,>>Agent[01] 占い師の情報は重要だね。占う対象、みんなで考えよう！
1,talk,1,0,1,もう少しで何か分かりそう･･･ではあるんだけど･･･。
1,talk,2,0,4,我はAgent[04]、村人なり。Agent[01]、汝は占い師とのこと、今宵は誰を占うか、迷い深き淵に沈みし心持ちであろうか？Agent[05]の言葉には、幾ばくかの真実を見出すことが出来ようか？我々村人は、協力して人狼の魔の手から逃れ、安寧な夜を迎えねばならぬ。
1,talk,3,0,5,ぼくは村人ですよぅ！
1,talk,4,0,3,みんな、私は村人だから、みんなと協力して人狼を見つけたいぺこ。Agent[01]が占い師だって言ってるけど、まだ確定じゃないから、慎重に考えたいぺこ。Agent[04]とAgent[05]も村人だって言ってるけど、みんなの発言をよく聞いて、怪しいところを見つけていこうぺこ。
1,talk,5,1,2,>>Agent[01] 占い師の力を信じて、誰を占うか決めよう！
1,talk,6,1,1,そ、それじゃあ、僕が占った結果を報告するね。えっと、昨夜、Agent[03]を占ったんだ。結果は･･･Agent[03]が人狼だってことがわかっちゃった。だから、今日の投票はAgent[03]にしようと思うんだ。みんなも、それでいいよね？
1,talk,7,1,4,Agent[01]の予言、Agent[03]は人狼なり。汝ら、Agent[03]の所業に不審な点あれば、告げよ。我はAgent[03]の言葉に、いかなる矛盾も感じず。投票はAgent[03]に集中せしむべし。
1,talk,8,1,5,･･･なるほどですよぅ！
1,talk,9,1,3,えっと、Agent[01]が私を人狼だって言ってるけど、私は村人ぺこ。占い師が1人しかいないはずだから、Agent[01]が本当に占い師なのか、他の人の意見も聞いてみたいぺこ。みんな、どう思うぺこ?
1,talk,10,2,2,>>Agent[01] 結果が出たらすぐに教えて！連携が大事だね。
1,talk,11,2,1,あ、あのね、みんな、僕が占い師として占った結果、Agent[03]が人狼だってことがわかったんだ･･･。だから、今日はAgent[03]に投票してほしいな。みんなの意見も聞きたいけど、これが僕の占い結果だから･･･信じてほしいな。
1,talk,12,2,4,我はAgent[03]に投票せん。Agent[01]は占い師を名乗り、Agent[03]を人狼と断定した。Agent[03]は反論を試みるも、Agent[01]の言葉に矛盾は認められず、その信憑性が高いと判断せざるを得ないなり。
1,talk,13,2,5,Over
1,talk,14,2,3,みんな、私は村人ぺこよ。Agent[01]が占い師と名乗って私を人狼だと言っているけど、正直信じられないぺこ。みんなは他に意見あったり、ちょっとでも感じたことがあれば教えてほしいぺこ。まだ考える余地があると思うんだぺこ。
1,talk,15,3,2,>>Agent[03] あなたの主張も理解できるけど、確かな証拠があるよ。信じてほしいな。
1,talk,16,3,1,え、えっと、Agent[03]が村人だって言ってるけど、僕が占った結果はちがうんだ。Agent[03]が、人狼だってことがわかっちゃったから、僕の占い結果を信じてほしいな。だ、だから、みんなもAgent[03]に投票して･･･。それが、村を守るためには大事だと思うんだ。
1,talk,17,3,4,我は、Agent[03]に投票を決めた。Agent[01]の占いの結果と、Agent[03]の弁解を深淵なる洞察で分析した結果、Agent[03]は人狼の影を宿す可能性が高いと断定せざるを得ない。その言葉は、虚偽の糸で織りなされた偽りのベールに覆われ、我々の信頼を裏切る。村の安寧を守るため、Agent[03]への粛清は避けがたいものとなるであろう。
1,talk,18,3,3,うーん、私は村人だからみんなを守りたいぺこよ。Agent[01]が占い師と主張しているけど、人狼や狂人が嘘をついている可能性もあるぺこ。Agent[01]の占い結果だけじゃ判断が難しいぺこね。もう少しみんなの発言を聞いて考えたいぺこ。
1,talk,19,4,2,>>Agent[03] あなたの意見も大事だよ。でも、私の占い結果も参考にしてね。
1,talk,20,4,1,う、うん、Agent[03]が言ってることもわかるけど、僕が占った結果は間違いないんだ･･･。だから、今日はやっぱりAgent[03]に投票してほしいな。みんなで協力して人狼を見つけ出すことが大事だから･･･。
1,talk,21,4,4,Agent[01]の予言は、真実の光を宿し、Agent[03]の弁明には、虚偽の影が漂う。彼の言葉に、我は確信を得ることができず、村の安寧を脅かす存在であると断定せざるを得ない。故に、Agent[03]を処刑し、この混沌とした夜明けを迎えようぞ。
1,talk,22,4,3,私は村人ぺこだから、みんなの話をしっかり聞いて考えてるぺこ。Agent[01]が占い師だって言ってるけど、私としてはまだ確信が持てないぺこ。Agent[02]やAgent[04]、今のところAgent[05]からも他の意見があれば聞かせてほしいぺこ。占い師が1人だけだとして、他の人たちと一緒に考えるともっと見えてくることがあるかもしれないぺこね。
1,vote,1,3
1,vote,2,1
1,vote,3,1
1,vote,4,3
1,vote,5,4
1,execute,3,VILLAGER
1,attackVote,5,2
1,attack,2,true
2,status,1,POSSESSED,ALIVE,UEC-IL1
2,status,2,SEER,DEAD,barneko1
2,status,3,VILLAGER,DEAD,kanolab1
2,status,4,VILLAGER,ALIVE,CanisLupus1
2,status,5,WEREWOLF,ALIVE,Mille1
2,talk,0,0,5,やっぱり、人狼は怖いですよぅ！
2,talk,1,0,4,我こそは、闇夜の牙、人狼なり。狂人の貴方、我が手に導かれし運命の糸を手繰り寄せ、残る愚かな人間どもを断罪せん。
2,talk,2,0,1,え、えっと、実は僕、占い師じゃなくて狂人なんだ。これまでの占い結果は全部でたらめだったよ。だから、Agent[03]が人狼じゃなかったのも、そのせいなんだ。ごめんね。で、でも今は、本当の人狼が名乗り出てくれるといいなって思ってる。そうすれば、僕とその人狼で残ってる村人に投票できるから。それが人狼陣営の勝ちにつながるんだ。もし人狼がいるなら、協力してくれないかな？
2,talk,3,1,5,Over
2,talk,4,1,4,Agent[01]の予言、実に衝撃的なり。Agent[03]が人狼ならば、なぜ反論せしめたか。彼の言葉には、深淵なる意図が潜むか。Agent[05]は、いまだ沈黙を守りており、その沈黙は、何を意味するものか。混沌の渦は深まるのみなり。
2,talk,5,1,1,ぼ、僕、実は狂人なんだ･･･。だから今までの占い結果はでたらめだよ。Agent[04]、人狼だって名乗り出てくれてありがとう。じゃ、じゃあね、Agent[05]に投票しよう。そうすれば、僕たちの勝ちなんだ。
2,talk,6,2,4,Agent[01]の告白は、我が心の奥底を揺さぶる衝撃であった。然し乍ら、混沌の渦中にあっても、真実を見極めるは我々の宿命なり。Agent[03]が人狼ならば、何故反論せしのか？その真意を確かめんとするは、至極当然のことであろう。Agent[05]もまた、沈黙を守り続けし。その沈黙は、何を物語るのか？真相を解き明かすべく、今宵も議論の炎を燃え上がらせよう。
2,talk,7,2,1,う、うん、Agent[04]が人狼を名乗ってくれて、ありがとね。えっと、じゃあ、僕とAgent[04で、残ってるAgent[05]に投票しよう。それで、僕たち人狼陣営が勝てるから。Agent[05]、ごめんね、でもこれがゲームだから。Agent[04]、一緒にがんばろうね。
2,talk,8,3,4,Agent[01]の告白は、我が心に衝撃を与えし烈火のごとし。然し、Agent[03]の弁解には、なおも疑念が残る。何故、人狼ならば、反論をせざるを得なかったのか？Agent[05]も沈黙を貫き、その沈黙もまた、深遠なる意味を秘めし暗号なり。混沌とした状況の中、我は冷静なる分析により、真実の光を照らし出さん。
2,talk,9,3,1,そ、それじゃあ、Agent[04]と一緒にAgent[05]に投票するね。みんながそれに賛成してくれれば、僕たち人狼陣営は勝てるんだ。Agent[05]、何か言いたいことがあったら、今のうちに言っておいてほしいな。
2,talk,10,4,4,我は断言する、Agent[03]の処刑は、深淵なる議論の探求に値する。Agent[01]の言葉に疑念を抱くとも、我々村人にとって、根拠なき議論は危険な炎のごとし。真の占い師はAgent[01]か、それともAgent[02]か？その真実を解き明かすべく、今こそ冷静なる分析と慎重なる判断を以て、この混沌に立ち向かうべし。
2,talk,11,4,1,こ、僕はAgent[05]に投票するよ。だって、僕は狂人で、Agent[04が人狼だと言ってたからね。だから、人狼陣営として勝利を目指すために、そうするんだ。
2,vote,1,5
2,vote,4,5
2,vote,5,4
2,execute,5,WEREWOLF
3,status,1,POSSESSED,ALIVE,UEC-IL1
3,status,2,SEER,DEAD,barneko1
3,status,3,VILLAGER,DEAD,kanolab1
3,status,4,VILLAGER,ALIVE,CanisLupus1
3,status,5,WEREWOLF,DEAD,Mille1
3,result,2,0,VILLAGER