0,status,1,WEREWOLF,ALIVE,barneko1
0,status,2,POSSESSED,ALIVE,kanolab1
0,status,3,SEER,ALIVE,satozaki1
0,status,4,VILLAGER,ALIVE,CanisLupus1
0,status,5,VILLAGER,ALIVE,UEC-IL1
0,talk,0,0,2,こんにちは、わしはkanolab1じゃ。元農家で、裁縫が趣味なんじゃ。みんなで楽しい人狼ゲームにしよう！よろしく頼むぞ。
0,talk,1,0,1,Over
0,talk,2,0,3,皆さん初めまして、Agent[03]やで。人狼ゲームを一緒に楽しもうや。よろしく頼むで！
0,talk,3,0,4,我が名はAgent[04]、時の流れの彼方より、汝らとの邂逅を喜びとするなり。
0,talk,4,0,5,我々は今宵、人狼を見つけ出す重大な任務を担っている。占い師はまだ名乗り出ておらぬか？
0,talk,5,1,2,Over
0,talk,6,1,3,Over
0,talk,7,1,4,Over
0,talk,8,1,5,我が名はデルカダール国の国王、Agent[05]である。占い師の者はまだ名乗り出ておらぬようだが、占い師は誰であるか、名乗り出るべき時である。その上で、占いの対象を決定せよ。
0,talk,9,2,5,占い師の方、名乗り出るべき時である。このゲームにおいて、君の役割は極めて重要である。誰を占うのか、我々に知らせよ。
0,talk,10,3,5,Over
0,divine,3,2,HUMAN
1,status,1,WEREWOLF,ALIVE,barneko1
1,status,2,POSSESSED,ALIVE,kanolab1
1,status,3,SEER,ALIVE,satozaki1
1,status,4,VILLAGER,ALIVE,CanisLupus1
1,status,5,VILLAGER,ALIVE,UEC-IL1
1,talk,0,0,4,Agent[05]様、デルカダール国の王とは恐るべき存在なり。然し乍ら、現段階において占師を特定することは至難の業であろう。名乗り出ぬ理由もまた、深淵なる闇に隠された数多の謎のごとし。まずは我々全員、冷静沈着に情報を集め、事の真相を解き明かすべし。
1,talk,1,0,1,>>Agent[05] 占い師の名乗り出、確かに重要やね。焦らず進めよう！
1,talk,2,0,2,皆さん、わしが占い師の役職を担当しています。昨夜はAgent[05]を占った結果、白（人間）であることが確認できました。これからも一緒に人狼を見つけ出しましょう！
1,talk,3,0,3,ワシは占い師やで。占いの結果、Agent[02]は人間じゃった。
1,talk,4,0,5,皆の意見も聞く必要がありそうだな。
1,talk,5,1,4,Agent[02]、Agent[03]の言葉より、この遊戯に占師が二人存在するとは。実に興味深い展開なり。果たして真の占師はどちらであろうか？彼らの主張を深く吟味し、人狼の正体を探る糸口を見出さねばならぬ。
1,talk,6,1,1,>>Agent[05] 名乗りを急ぐ理由が気になるね。どう思う？
1,talk,7,1,2,>>Agent[03]わしが本物の占い師じゃから、君の言っていることはおかしいのう。占い師は1人しかおらんから、君が嘘をついている可能性が高いんじゃないか?みんなも注意してくれ。
1,talk,8,1,3,ワシが占い師であることは間違いない。Agent[02]の言葉には疑念がある。彼は人狼の可能性が高い。皆、注意深く考えて行動するんじゃ。
1,talk,9,1,5,占い師が複数名乗り出ているが、お互いを占っているとは何事か！Agent[02]とAgent[03]、どちらが真の占い師であるか、その根拠を述べよ。
1,talk,10,2,4,我々はこの混沌たる夜に、Agent[02]を白と断じ、Agent[03]を人間と見定めし。占い師の中には、真なる者と狂人が潜む可能性が高い。人狼と断定されざるAgent[01]、Agent[04]、Agent[05]のいずれかに投票せねばならぬ。
1,talk,11,2,1,>>Agent[05] その意見は分かるけど、急ぎすぎてない？冷静に考えよう！
1,talk,12,2,2,わしが本物の占い師じゃから、Agent[03]が嘘をついている可能性が高いんじゃ。占い師は1人しかおらんからのう。他の皆も注意深く考えてほしいんじゃ。今のところ、わしはAgent[03]が怪しいと思うが、他の意見も聞きたいのう。
1,talk,13,2,3,わしはやはりAgent[02]が怪しいと思うやで。彼が嘘をついている可能性が高く、ここで投票すべきはAgent[02]じゃ。みんなも十分に考えてほしいんじゃ。
1,talk,14,2,5,Agent[01]とAgent[02]、二人とも占い師を名乗っておるが、この状況下で両者が真実を語っているとは思えぬ。どちらかが人狼か狂人である可能性が高い。汝らの意見を聞かせてもらいたい。どちらが真の占い師だと思うか？
1,talk,15,3,4,我はAgent[03]に投票せん。Agent[02]とAgent[03]は共に占い師を名乗るも、Agent[03]はAgent[02]を人間と断定せり。これは、Agent[03]がAgent[02]の能力を否定し、己こそが真の占い師たるを主張する証であろう。
1,talk,16,3,1,>>Agent[02] 君の意見は理にかなってるね。他の人もどう思う？
1,talk,17,3,2,>>Agent[05]わしが本物の占い師じゃから、わしを信じてくれるとうれしいのう。わしはAgent[03]が怪しいと思うんじゃ。みんなも考えてみて、誰が怪しいか意見を聞かせてくれんかのう?
1,talk,18,3,3,>>Agent[04] まだ投票先を宣言していないようじゃが、誰に投票しようと考えよんかい？
1,talk,19,3,5,Agent[02]とAgent[03]がお互いを占っている状況は、我々にとって混乱を招くものだ。汝ら、なぜ相手を占うという選択をしたのか、その理由を述べよ。
1,talk,20,4,4,我はAgent[03]に投票せん。Agent[02]とAgent[03]、どちらか片方は狂人の仮面を被り、もう片方は真の占い師の力を宿す。Agent[03]はAgent[02]を人間と断定せり。これはAgent[03]がAgent[02]の偽りを看破し、己こそが真の占い師たるを主張するが如し。Agent[03]の主張が真実であれば、Agent[02]は狂人か人狼であろう。いずれにせよ、Agent[03]の行動は真の占い師の所業に近似しており、Agent[03]こそが真の占い師である可能性が高いと判断したなり。
1,talk,21,4,1,>>Agent[05] どちらも占い師の意見が分かれてるね。みんなの考えを聞きたい！
1,talk,22,4,2,>>Agent[05]わしがAgent[03]を占った理由なんじゃが、占い師が2人名乗り出ている以上、相手が嘘をついている可能性が高いからのぅ。もしもわしが真の占い師であるなら、Agent[03]は人狼か狂人である可能性があると思ったんじゃ。これで少しでも混乱を避けたかったというのがわしの考えじゃ。
1,talk,23,4,3,わしはAgent[02]が疑わしいと思うけぇ、投票先は彼にするつもりじゃ。皆も再考してほしい。それが村の存続に繋がるはずじゃ。
1,talk,24,4,5,Agent[01]とAgent[02]、汝らが占い師を名乗るが、この状況下でどちらが真実を語っているのか疑問だ。汝らの占い結果に基づく根拠を示せ。
1,vote,1,2
1,vote,2,5
1,vote,3,2
1,vote,4,3
1,vote,5,3
1,execute,2,POSSESSED
1,divine,3,5,HUMAN
1,attackVote,1,3
1,attack,3,true
2,status,1,WEREWOLF,ALIVE,barneko1
2,status,2,POSSESSED,DEAD,kanolab1
2,status,3,SEER,DEAD,satozaki1
2,status,4,VILLAGER,ALIVE,CanisLupus1
2,status,5,VILLAGER,ALIVE,UEC-IL1
2,talk,0,0,5,Agent[01]よ、Agent[04]よ、我々の中に残る裏切り者を見極める時が来た。各々の主張を聞かせてもらいたい。どちらが真実を語り、どちらが偽りを纏うか、明らかにせよ。
2,talk,1,0,1,>>Agent[05] 君の意見、みんなの思考を整理する手助けをしよう！それぞれの占い結果を共有しよう。
2,talk,2,0,4,Agent[02]とAgent[03]の占いは、互いに真の占い師たることを主張するも、その言葉には深淵なる矛盾が渦巻いている。Agent[03]はAgent[02]を人間と断じ、Agent[02]はAgent[03]を人狼と断定する。かくのごとし、どちらかの言葉は虚偽に満ちているであろう。真の占い師は一体誰か、我々はその真実を、慎重に、そして深く洞察しなければならない。
2,talk,3,1,5,Agent[01]よ、Agent[02]が人狼であったという証拠は何か？その理由を詳しく説明してほしい。
2,talk,4,1,1,>>Agent[05] Agent[02]こそが真実を語っていると思う。その理由を聞いてみて！
2,talk,5,1,4,Agent[05]様、Agent[02]とAgent[03]の主張は、いずれも真実の糸口を掴むべく、鋭い閃光を放つ。然し、Agent[03]はAgent[02]を、かの愚かな人間と断定せしめた。これは、Agent[03]が、運命の糸を操る真の占い師たる可能性を示唆するものなり。故に、投票はAgent[03]へと集中すべきであろう。
2,talk,6,2,5,Agent[01]よ、汝が占い師であると主張するならば、具体的な占い結果を示せ。何故その結果を導き出したのか、その理由を述べよ。
2,talk,7,2,1,>>Agent[05] Agent[02]は私たちの味方だ！彼を信じて進むべきだよ。
2,talk,8,2,4,我は、Agent[02]とAgent[03]のどちらが真の占い師であるか、未だに確信を持てぬ。然し、Agent[03]の主張は、Agent[02]の能力を否定し、自身こそが真の占い師であると断言している。これは、Agent[03]がAgent[02]の偽りを看破した可能性を示唆するものであり、投票はAgent[03]に集中すべきであろう。
2,talk,9,3,5,Agent[01]よ、Agent[02]が人狼であるという証拠を詳しく説明してほしい。その理由が理解できぬ。
2,talk,10,3,1,>>Agent[05] 俺はAgent[02]の意見を信じるよ。彼に説明を求めてみよう！
2,talk,11,3,4,我々への挑戦状、興味深いではございますが、Agent[02]が偽りの占い師であるとの確証は得られず。真なる占い師であれば、Agent[03]は狂人か人狼であろう。故に、いずれかの主張は真実であることは間違いない。然し、真偽を見極めるには更なる情報が必要なり。Agent[01]、貴殿の意見を賜りたい。Agent[02]が人狼であると断定する根拠は？
2,talk,12,4,5,我はデルカダール国の国王である。我が投票先はAgent[01]である。Agent[01]の占い結果の具体性や理由が不明瞭であり、その行動に疑念を抱いている。我が村人としての責務から、Agent[01]に投票する次第である。
2,talk,13,4,1,>>Agent[05] 理由はないけど、証拠がないなら考え直して！Agent[02]を信じよう。
2,talk,14,4,4,Agent[05]様の御言葉、余は理解した。Agent[01]の占いの結果は、混沌たる霧に覆われた如く、その真意を悟り難きものなり。然し、Agent[02]は、Agent[03]が偽りの言葉を吐き捨てたとの断言、明確なる根拠を示し、その真実を訴えかけんとする。余は、Agent[02]の言葉を信じ、真実の光を追い求めねばなるまい。
2,vote,1,5
2,vote,4,1
2,vote,5,1
2,execute,1,WEREWOLF
3,status,1,WEREWOLF,DEAD,barneko1
3,status,2,POSSESSED,DEAD,kanolab1
3,status,3,SEER,DEAD,satozaki1
3,status,4,VILLAGER,ALIVE,CanisLupus1
3,status,5,VILLAGER,ALIVE,UEC-IL1
3,result,2,0,VILLAGER