0,status,1,WEREWOLF,ALIVE,UEC-IL1
0,status,2,POSSESSED,ALIVE,Mille1
0,status,3,SEER,ALIVE,kanolab1
0,status,4,VILLAGER,ALIVE,satozaki1
0,status,5,VILLAGER,ALIVE,barneko1
0,talk,0,0,5,Over
0,talk,1,0,3,皆様、ご機嫌いかがですか?わたくしはkanolab1と申しますわ。今回のゲームでは、皆様と共に素晴らしいひとときを過ごせればと思っております。どうぞよろしくお願いいたしますわ。
0,talk,2,0,1,おっはよ〜！みんなよろしくね！最高のゲームにしようね！
0,talk,3,0,2,ぼくはAgent[02]、占い師ですよぅ！よろしくですよぅ！
0,talk,4,0,4,みんなはじめまして、Agent[04]です。人狼ゲーム楽しむます！よろろすおねがいするます！
0,talk,5,1,3,Over
0,talk,6,1,1,こんにちは、kanolab1！僕はAgent[01]だよ。サッカーが趣味の高校生だから、体を動かすのが大好きなんだ。このゲーム、みんなで楽しめたらいいね！よろしくね！さて、今日は0日目だから占い師の情報がすごく大事だよね。まだ誰も占い師について話していないけど、占い師は誰かな〜？今日怪しい人を占ってもらうために占い師は出てきた方がいいと思うよ！
0,talk,7,1,2,Over
0,talk,8,1,4,Over
0,talk,9,2,1,Agent[02]が占い師だって言ってるね！今夜誰を占うか決めるのが大事だよね。みんな、どう思う？怪しいと思う人いる？
0,talk,10,3,1,Over
0,divine,3,5,HUMAN
1,status,1,WEREWOLF,ALIVE,UEC-IL1
1,status,2,POSSESSED,ALIVE,Mille1
1,status,3,SEER,ALIVE,kanolab1
1,status,4,VILLAGER,ALIVE,satozaki1
1,status,5,VILLAGER,ALIVE,barneko1
1,talk,0,0,3,皆様、おはようございますわ。わたくしも占い師として名乗り出ますわ。昨晩の占いの結果、Agent[05]は村人陣営、つまり白でしたわ。これをもとに、皆様と協力して人狼を見つけ出しましょう。どうぞよろしくお願いいたしますわ。
1,talk,1,0,2,ぼくは占い師ですよぅ！ぼくが占った結果、Agent[05]は人狼でしたよぅ！
1,talk,2,0,4,みんな、おはやいます。占い師が二名いるのはすごくきになるね。どちらがほんものなのかみきわめる必要あるけど、さいしょにAgent[02]のはつげんがうたがわしいと思ったます。
1,talk,3,0,1,みんなの意見も聞いてみたいな～！
1,talk,4,0,5,>>Agent[04] 俺もAgent[02]の発言が怪しいと思う。Agent[03]を信じよう！
1,talk,5,1,3,皆様、わたくしはAgent[05]を占い、白、つまり村人陣営であることが分かりましたわ。Agent[02]がわたくしの占い結果と真逆の発言をしていますが、これは非常に怪しいですわね。Agent[04]とAgent[05]がわたくしを信じてくださっていることも心強いですわ。この情報をもとに、皆で協力して人狼を見つけ、村を守りましょう。
1,talk,6,1,2,占い結果と真逆の発言をしていますがよぅ！
1,talk,7,1,4,たしかにAgent[02]の発言はむじゅんしてるね。2にんの占い師のうち、どちらがまことかはやくはんだんしなきゃいけないの。アーニャもAgent[03]をしんじるほうでかんがえてる。
1,talk,8,1,1,へー、今日は占い師が二人も名乗り出てるんだね。面白くなってきたな！Agent[03]とAgent[02]の言ってることが全く違うから、どっちかがウソをついてるってことだよね。Agent[04]はAgent[02]の発言が怪しいって言ってるけど、Agent[03]の方が何か隠してる感じがするな。Agent[04]、さっきAgent[02]の発言が怪しいって言ったけど、Agent[03]の発言についてはどう思う？誰が怪しいと思ってる？
1,talk,9,1,5,>>Agent[01] 確かに面白い展開ですね！俺はAgent[03]が信頼できると思います。あなたはどう思う？
1,talk,10,2,3,みなさま、改めてわたくしの占い結果ですわ。Agent[05]を占い、白、つまり村人陣営であることが分かりました。この結果はわたくしの占い結果の正確さを示していますし、Agent[02]の主張が誤っていることを示していますわね。ですので、わたくしの占い結果を信じて、一緒にこの村を守りましょう。Agent[01]さん、もしまだ何か疑問があるようでしたら、遠慮なくお尋ねくださいませ。
1,talk,11,2,2,Over
1,talk,12,2,4,アーニャ、今のところAgent[02]がいちばんあやしいと感じてるます。彼のはつげん、むじゅん多くて、しんらいできないます。みんなのいけんきいてけめたい。
1,talk,13,2,1,さっきのAgent[02]とAgent[03の占い結果が食い違ってるけど、Agent[05が白だってことにはみんな同意してるんだよね？でもAgent[02が人狼って言ってるのが気になるな。Agent[03が正しい占い師だと思う人が多いみたいだし、もしかしてAgent[02が狼か狂人の可能性もあるかもしれない。今日はAgent[02に投票するのがいいんじゃないかな？
1,talk,14,2,5,>>Agent[01] 俺もAgent[02]に投票するべきだと思う！皆で協力しよう！
1,talk,15,3,3,:みなさま、わたくしは改めて占いの結果をお伝えいたしますわ。Agent[05]を占い、白、つまり村人陣営であることが確認されました。この結果は、わたくしの占いが正確であることを示しています。Agent[02]が誤った情報を広めているようですので、彼が人狼か狂人の可能性が高いですわね。皆さま、わたくしと共にAgent[02]に投票して、この村を守りましょう。
1,talk,16,3,4,みんなのいけんきくと、たしかにAgent[02]があやしいね。しんらいできるじょうほうあるなかで、かれにとうひょうするのがさいぜんさくだと思う。きょうりょくしてむらまもろう！
1,talk,17,3,1,みんな、今日の投票はどうする？Agent[02]とAgent[03]の話が全然合わないから、どっちかがウソをついてるってことだよね。Agent[04]もAgent[02]が怪しいと言ってるけど、Agent[03]の話もちょっと信じがたい部分があるんだよね。Agent[05]はAgent[03]を信じてるみたいだけど、本当にそれでいいのかな？みんなの意見を聞かせてよ！
1,talk,18,3,5,>>Agent[01] 俺はAgent[03]を信じるよ。Agent[02]は明らかに怪しいから、今日の投票は彼だね！
1,talk,19,4,3,:みなさま、再度強調させていただきますわ。わたくしの占いの結果、Agent[05]は村人陣営でありました。わたくしが偽の情報をお伝えすることはありません。そのため、これまで述べられたように、Agent[02]が誤った情報を広めている可能性が非常に高いですわ。どうか、本日の投票ではAgent[02]に注目していただきますようお願い申し上げます。村を守るためには、協力が欠かせませんわ。
1,talk,20,4,4,みんなのいけんきいて、きょうはAgent[02]にとうひょうするのがさいぜんだと思うます。きょうりょくしてじんろうをみつけるます！むらをまもるために、いっしょにがんばるます！
1,talk,21,4,1,そうだね、みんながAgent[02に投票するって言ってるし、僕もAgent[02に投票する方がいいと思うよ！Agent[03の占い結果を信じるほうが自然だし、Agent[02の発言がちょっと怪しいよね。みんなで協力して、村を守ろう！
1,talk,22,4,5,Skip
1,vote,1,2
1,vote,3,2
1,execute,2,POSSESSED
1,attackVote,1,4
1,attack,4,true
2,status,1,WEREWOLF,ALIVE,UEC-IL1
2,status,2,POSSESSED,DEAD,Mille1
2,status,3,SEER,ALIVE,kanolab1
2,status,4,VILLAGER,DEAD,satozaki1
2,status,5,VILLAGER,,barneko1
2,result,2,1,NONE