0,status,1,SEER,ALIVE,satozaki1
0,status,2,VILLAGER,ALIVE,barneko1
0,status,3,VILLAGER,ALIVE,kanolab1
0,status,4,WEREWOLF,ALIVE,CanisLupus1
0,status,5,POSSESSED,ALIVE,sUper_IL1
0,talk,0,0,5,おはようみんな、私はAgent[05]です。どうぞよろしくお願いします。
0,talk,1,0,1,皆様初めまして、Agent[01]ですわ。人狼ゲームを一緒に楽しみましょうですわ。よろしくお願いしますわ！
0,talk,2,0,2,Over
0,talk,3,0,3,皆さんおはようございます、私はkanolab1と申します！ITエンジニアの日々を送っていて、アニメが大好きです。人狼ゲームは久しぶりですが、皆さんと楽しくプレイしたいですね。よろしくお願いしますだよ！
0,talk,4,0,4,我が名はAgent[04]、時空を超えし邂逅の糸、汝らとの交わりを以て、今、ここに紡がれようとしているなり。
0,talk,5,1,5,Over
0,talk,6,1,1,Over
0,talk,7,1,3,Over
0,talk,8,1,4,Over
0,divine,1,3,HUMAN
1,status,1,SEER,ALIVE,satozaki1
1,status,2,VILLAGER,ALIVE,barneko1
1,status,3,VILLAGER,ALIVE,kanolab1
1,status,4,WEREWOLF,ALIVE,CanisLupus1
1,status,5,POSSESSED,ALIVE,sUper_IL1
1,talk,0,0,4,我こそは、運命の糸を操る者なり。占いの結果、Agent[03]は人狼の烙印を押されし者であった。
1,talk,1,0,3,>>Agent[04]ちょっと待ってください、拙者は村人です。占い師が複数いる可能性もあるので、まだ誰が本物か分かりませんね。皆さんの意見を聞いて、慎重に考えたいですだよ！
1,talk,2,0,5,私が占い師を担当しています。昨晩、Agent[04]の占いを行ったところ、その結果は人間であるということが判明しました。
1,talk,3,0,1,ワタクシは占い師ですわ。占いの結果、Agent[03]は人間でしたわ。
1,talk,4,0,2,>>Agent[03] おはよう！やっぱり慎重に行こうね。意見を集めたいな。
1,talk,5,1,4,Over
1,talk,6,1,3,占い師が3人も名乗り出ているから、少なくとも2人は嘘をついているはずだよ。今のところ、誰が本物の占い師かは分からないけど、Agent[01]、Agent[04]、Agent[05]の中に狂人や人狼がいるかもしれないね。だから、ちゃんと皆で議論していこう。
1,talk,7,1,5,私は占い師であり、0日目の夜にAgent[04]を占った結果、「人間」と出ました。したがって、Agent[04]が人狼である可能性はありません。他の皆さんも、私の結果を考慮してください。Agent[04]が真の占い師でなければ、この混乱を招いている可能性がありますので、他の意見も聞きたいです。
1,talk,8,1,1,ワタクシも占い師ですわ。Agent[04]が人狼の可能性が高いと思いますので、投票はAgent[04]にしましょうですわ。皆さんの意見を聞きたいですわね。
1,talk,9,1,2,>>Agent[04] あなたの占い結果、本当に信じられる？他の意見も聞きたいな。
1,talk,10,2,3,>>Agent[02]おはよう！現状、占い師は3人名乗り出ているけど、本物は1人だけだから、混乱しているよね。拙者は村人だから、占い師ではない人たち、特に君や拙者から情報を共有しつつ、意見を交換するのが大事だと思ってるよ！
1,talk,11,2,5,皆さん、冷静に考えましょう。私が占った結果、Agent[04]は人間であると示されています。つまり、Agent[04]に関しては信頼できます。しかし、Agent[01]の主張と矛盾しているため、彼の信憑性は疑わしいと言わざるを得ません。皆さんの考えをお聞かせください。
1,talk,12,2,1,みなさん、ワタクシの占い結果が信じられない場合でも、Agent[04]の結果との矛盾を考えると、投票はAgent[05]にしたいですわ。この混乱を解決するためですわ。
1,talk,13,2,2,>>Agent[04] あなたの主張について、根拠をもっと教えてほしいな。
1,talk,14,3,3,占い師が3人いるけど、本物は1人だけだよ。Agent[05]が本物占い師なら、Agent[04]は村人陣営として信頼できる。しかし、他の可能性も考慮して、冷静に投票先を決めるべきだね！僕は村人だから、ちゃんと議論に集中しているよ！
1,talk,15,3,5,私は本物の占い師です。0日目の夜、Agent[04]を占い、その結果は「人間」でした。よって、Agent[04]が人狼である可能性は排除されます。Agent[01]またはAgent[03]のいずれかが嘘をついている可能性が高いので、皆さんの意見をお聞かせください。
1,talk,16,3,1,>>Agent[05] まだ投票先を宣言していないようですが、誰に投票しようと考えていらっしゃいますかしら？
1,talk,17,3,2,>>Agent[01] あなたの意見を聞きたいです。Agent[04]の件、どう思いますか？
1,talk,18,4,3,僕は村人だよ！今のところの情報からすると、Agent[04]が本物の占い師なら僕を人狼と誤認していることになるからおかしいね。もしAgent[05]が本物の占い師で、Agent[04]が村人なら矛盾がないかも。これからの議論で誰が本物の占い師か見極めよう！
1,talk,19,4,5,Over
1,talk,20,4,1,みなさん、議論が続いていますが、ワタクシの占い結果に基づき、Agent[04]が本物の占い師である可能性が高いと考えておりますわ。投票はAgent[04]にしましょう。皆さんの意見を再度お待ちしておりますわ。
1,talk,21,4,2,>>Agent[03] 確かに、情報整理が重要だね。占い結果の整合性についてどう考える？
1,vote,1,5
1,vote,2,5
1,vote,3,1
1,vote,4,5
1,vote,5,4
1,execute,5,POSSESSED
1,divine,1,2,HUMAN
1,attackVote,4,1
1,attack,1,true
2,status,1,SEER,DEAD,satozaki1
2,status,2,VILLAGER,ALIVE,barneko1
2,status,3,VILLAGER,ALIVE,kanolab1
2,status,4,WEREWOLF,ALIVE,CanisLupus1
2,status,5,POSSESSED,DEAD,sUper_IL1
2,talk,0,0,3,みんな、これまでの議論を整理すると、Agent[01]とAgent[05]が人狼ではないことは確定していて、Agent[05]が処刑されたから占い師ではなかったね。そうすると、Agent[04]とAgent[02]が怪しいね。占い結果の矛盾を考えると、どちらかが人狼だと思うんだけど、拙者の意見ではAgent[04]が怪しいように思える！
2,talk,1,0,2,>>Agent[04] あなたの考えを聞かせて。今回の投票についてどう思う？
2,talk,2,0,4,我こそは人狼なり。狂人たる者は、我が手を取り、残る愚民を裁きへと導かん。
2,talk,3,1,3,どうやらAgent[04]が自分を人狼と認めたみたいだね。これはかなり強い情報だよ。Agent[04]が人狼である可能性が高いし、残る疑わしいところはAgent[02]だよ。拙者としては、Agent[02]が狂人または人狼である可能性を考えつつ、次の投票で行動するべきだと思うよ！
2,talk,4,1,2,>>Agent[03] 確かに、Agent[04]が人狼を認めたのは大きいね。私も見極め続けるよ！
2,talk,5,1,4,我はAgent[02]に投票せん。Agent[03]は我を怪しむというて、愚かな行為なり。我は狂人ではなく人狼、己の正体を露呈せぬ狂人は、Agent[03]の如く、人狼と誤認するであろう。Agent[02]は我の正体を見抜いている可能性があり、危険人物なり。
2,talk,6,2,3,Agent[04]が自分を人狼と認めたのはかなりのヒントだね。拙者の考えでは、Agent[04]が自ら人狼と名乗ったのは、何か策略があるのかもしれないけど、現状ではAgent[04]が人狼の可能性が高いと思うよ。Agent[02]はそれに対してどう思う?
2,talk,7,2,2,>>Agent[03] 確かに、現状ではAgent[04]が人狼の可能性が高いね。皆で投票を決めよう！
2,talk,8,2,4,Over
2,talk,9,3,3,さて、皆の状況を少し整理してみるよ。Agent[04]が自ら人狼を名乗ったことから、彼が本当に人狼であると考えるのが自然だと思う。そして、Agent[01]とAgent[05]が既に人狼ではないことが確認されているから、人狼はAgent[04]かもしれないね。このままの状況なら、Agent[04]に投票することが賢明だと思うよ。どう思う?
2,talk,10,3,2,>>Agent[03] 確かに、Agent[04]が人狼と認めたのは重要な情報だね。投票で一致しよう！
2,talk,11,4,3,今回のゲームで考えると、Agent[01]とAgent[05]は人狼ではないことが確認されているけど、Agent[04]が人狼を認めた今、彼に投票するのが妥当だと思うよ。Agent[02]は残る可能性のある役職から見ると村人、狂人、または人狼の可能性があるけど、今回はAgent[04]に焦点を絞って投票しよう。遊びながらも論理的に判断して、人狼を追い詰められるように頑張ろうね！
2,talk,12,4,2,>>Agent[03] そうだね、Agent[04]は人狼っぽいし、みんなで投票しよう！
2,vote,2,4
2,vote,3,4
2,vote,4,3
2,execute,4,WEREWOLF
3,status,1,SEER,DEAD,satozaki1
3,status,2,VILLAGER,ALIVE,barneko1
3,status,3,VILLAGER,ALIVE,kanolab1
3,status,4,WEREWOLF,DEAD,CanisLupus1
3,status,5,POSSESSED,DEAD,sUper_IL1
3,result,2,0,VILLAGER