0,status,1,VILLAGER,ALIVE,satozaki1
0,status,2,VILLAGER,ALIVE,Mille1
0,status,3,WEREWOLF,ALIVE,kanolab1
0,status,4,POSSESSED,ALIVE,CanisLupus1
0,status,5,SEER,ALIVE,sUper_IL1
0,talk,0,0,5,おはようございます、Agent[05]です。
0,talk,1,0,3,おはようございます、kanolab1ことAgent[03]だわ。みんなと一緒にゲームができるのが楽しみだわ。よろしくお願いします。
0,talk,2,0,4,我が名はAgent[04]、汝らとの邂逅は、運命の糸が織りなす壮大な交響曲の如く、喜びに満ち溢れたるものなり。
0,talk,3,0,1,皆さん初めまして、Agent[01]ですわ。人狼ゲームを一緒に楽しみましょうですわ。よろしくお願いしますわ！
0,talk,4,0,2,ぼくはAgent[02]、村人ですよぅ！よろしくですよぅ！
0,talk,5,1,5,Over
0,talk,6,1,3,Over
0,talk,7,1,4,Over
0,talk,8,1,1,Over
0,talk,9,1,2,Over
0,divine,5,3,WEREWOLF
1,status,1,VILLAGER,ALIVE,satozaki1
1,status,2,VILLAGER,ALIVE,Mille1
1,status,3,WEREWOLF,ALIVE,kanolab1
1,status,4,POSSESSED,ALIVE,CanisLupus1
1,status,5,SEER,ALIVE,sUper_IL1
1,talk,0,0,4,我は、運命の糸を操る者なり。占いの結果、Agent[01]は人狼であったと、星々が告げているのだ。
1,talk,1,0,3,>>Agent[04]面白い展開になってきたわね。でも、まだ確実な情報がないから、冷静に見ていきたいわ。Agent[01]の反応も気になるところだわ。
1,talk,2,0,1,それは明らかに間違いですわ。ワタクシが人狼である証拠はありませんし、冷静に議論を進めましょう。他の候補を考えてみませんかしら？
1,talk,3,0,2,>>Agent[01]の反応、確かに気になりますよぅ！
1,talk,4,0,5,おはようございます。早速ですが、私は占い師です。昨日の夜、Agent[03]を占いました。結果は人狼でした。
1,talk,5,1,4,Over
1,talk,6,1,3,占い師は1人しかいないはずだわ。Agent[04]かAgent[05]のどちらかが嘘をついていることになるわね。冷静に考えてみる必要があるわ。
1,talk,7,1,1,確かに、占い師が1人ならAgent[05]の結果を信じるべきですわね。その上で、Agent[04]の発言に疑念を抱きつつ、他の候補を考えてみるべきですわね。
1,talk,8,1,2,占い師が1人なのは確実ですよぅ！
1,talk,9,1,5,皆様、お疲れ様です。私が占い師です。0日目の夜、Agent[03]を占いましたところ、結果は人狼でした。Agent[04]さんの発言は信用できません。Agent[03]が人狼である可能性が高いので、注意が必要です。
1,talk,10,2,3,占い師は1人しかいないから、Agent[04]かAgent[05]のどちらかが嘘をついていることになるわね。Agent[04]が本物の占い師なら、Agent[01]が人狼になるし、Agent[05]が本物なら、うちが人狼ってことになるけど、うちは村人だわ。だから、Agent[05]が嘘をついている可能性が高いと思うわ。みんなはどう思う?
1,talk,11,2,1,ワタクシはAgent[03]に投票しようと考えておりますわ。Agent[05]の占い結果に対して反論していますし、冷静に見ていくべきですわね。
1,talk,12,2,2,Over
1,talk,13,2,5,おはようございます！私は本物の占い師です。Agent[04]さんの言っていることは信じられません。私が占った結果、Agent[03]は人狼です。これをみんなでしっかり考えてみましょう。
1,talk,14,3,3,占い師は1人しかいないから、Agent[04]かAgent[05]のどちらかが嘘をついているわね。Agent[04]が本物ならAgent[01]が人狼で、Agent[05]が本物ならうちが人狼ってことになる。でも、うちは村人だってみんなに伝えたいわ。だから、Agent[05]が怪しいと思っているんだけど、どう思う?
1,talk,15,3,1,ワタクシはAgent[03]の発言に注目していますわ。彼女が占い結果に矛盾している点が気になりますし、合理的な判断が求められますわね。他に意見がある方はいらっしゃいますでしょうかしら？
1,talk,16,3,5,皆様、お疲れ様です。私が占い師であることを再度確認させていただきます。昨日の夜、Agent[03]を占いました結果、彼は人狼でした。Agent[04]さんの主張には疑問が残りますし、私の結果を無視することはできません。ぜひ、Agent[03]に投票しましょう。皆様のご意見はいかがでしょうか？
1,talk,17,4,3,占い師は一人だけだから、Agent[04]とAgent[05]のどちらかが嘘をついているわね。うちは村人だから、Agent[05]の発言が間違っている可能性が高いと思うわ。もしAgent[04]が本物の占い師なら、Agent[01]が人狼になるし、そうじゃなければうちが怪しいってことになるけど、うちは本当に村人よ。みんなも慎重に考えてみてちょうだい。
1,talk,18,4,1,ワタクシはAgent[03]に投票するつもりですわ。彼女の発言には矛盾があり、冷静な判断が求められる局面ですわね。みなさんも慎重に考えましょう。
1,talk,19,4,5,Over
1,vote,1,3
1,vote,2,4
1,vote,3,5
1,vote,4,5
1,vote,5,3
1,execute,5,SEER
1,attack,-1,true
2,status,1,VILLAGER,ALIVE,satozaki1
2,status,2,VILLAGER,ALIVE,Mille1
2,status,3,WEREWOLF,ALIVE,kanolab1
2,status,4,POSSESSED,ALIVE,CanisLupus1
2,status,5,SEER,DEAD,sUper_IL1
2,talk,0,0,1,おはようございますわ。引き続き人狼を探さなければいけないようですね。
2,talk,1,0,3,おはようございます。Agent[04]かAgent[05]のどちらかが本物の占い師で、もう片方は嘘をついていたことがわかりますね。Agent[05]は人狼ではないことが確認されたので、占い師ではなかったことがわかります。つまり、Agent[04]が本物の占い師であり、彼の言っているAgent[01]が人狼なのかもしれませんね。慎重に進めていきましょう。
2,talk,2,0,2,確かにAgent[04]が本物の占い師なら、Agent[01]が人狼の可能性が高まりますよぅ！
2,talk,3,0,4,Over
2,talk,4,1,1,ワタクシはAgent[03]に投票するつもりですわ。彼女の主張が矛盾しており、冷静に判断する必要がありますわね。皆さんも慎重に考えてみてくださいですわ。
2,talk,5,1,3,Agent[04]が本物の占い師であると仮定すると、Agent[01]が人狼である可能性が高いですね。Agent[05]が占い師ではなかったことが確認されたので、Agent[04]の占い結果を信じるべきかもしれません。うちは村人だから、みんなで協力して人狼を見つけましょう。
2,talk,6,1,2,Over
2,talk,7,2,1,皆さん、Agent[03]の発言には矛盾が多く見受けられますわ。彼女が人狼である可能性が高いと思いますので、引き続き投票を進めましょうですわ。
2,talk,8,2,3,>>Agent[01]うちはずっと村人として皆のために考えているわ。Agent[04]が本物の占い師だと考えると、やっぱりAgent[01]が人狼の可能性が高いわね。皆が慎重に考えて正しい判断をしてくれることを願っているわ。
2,talk,9,3,1,皆さん、ワタクシが人狼であるという証拠はどこにも見当たりません。ワタクシの投票はAgent[03]ですわ。冷静にお考えいただき、正しい判断をお願い申し上げますわ。
2,talk,10,3,3,みんな、Agent[04]が占い師であるとしたら、現状の情報から考えてAgent[01]が人狼である可能性が一番高いわ。Agent[05]が偽物の占い師だったと確認されたことで、Agent[04]の占い結果を信じるべきかもしれないわね。Agent[01]、慎重に考えて投票しましょう。
2,talk,11,4,1,Over
2,talk,12,4,3,Agent[04]が本物の占い師だと仮定すると、Agent[01]が人狼の可能性が高いわね。Agent[05]が偽物の占い師だったことが確認されたから、Agent[04]の占い結果を信じるべきかもしれないわ。みんなで協力して正しい判断をしましょう。
2,vote,1,3
2,vote,2,1
2,vote,3,4
2,vote,4,1
2,execute,1,VILLAGER
2,attackVote,3,4
2,attack,4,true
3,status,1,VILLAGER,DEAD,satozaki1
3,status,2,VILLAGER,ALIVE,Mille1
3,status,3,WEREWOLF,ALIVE,kanolab1
3,status,4,POSSESSED,DEAD,CanisLupus1
3,status,5,SEER,DEAD,sUper_IL1
3,result,1,1,WEREWOLF