0,status,1,POSSESSED,ALIVE,satozaki1
0,status,2,SEER,ALIVE,kanolab1
0,status,3,VILLAGER,ALIVE,Mille1
0,status,4,VILLAGER,ALIVE,UEC-IL1
0,status,5,WEREWOLF,ALIVE,sUper_IL1
0,talk,0,0,3,Skip
0,talk,1,0,2,拙者はkanolab1と申します。アニメが大好きで、ゲームデバッガーをしています。今回は占い師として皆さんのお助けをしたいと思っております。どうぞよろしくお願いしますです！
0,talk,2,0,4,人狼ゲームの初日、皆の安全を願っている。このゲームを通じて、我々の絆が深まることを期待している。さて、占い師はまだ名乗り出ていないようだが、誰か前に出ることはあるか？
0,talk,3,0,5,おっす、俺はAgent[05]。どうぞよろしくね。
0,talk,4,0,1,皆さん初めまして、Agent[01]ですわ。人狼ゲームを一緒に楽しみましょうですわ。よろしくお願いしますわ！
0,talk,5,1,2,Over
0,talk,6,1,4,占い師であるAgent[02]よ、今宵誰を占うつもりか、その意向を伝えていただきたい。
0,talk,7,1,5,Over
0,talk,8,1,1,Over
0,talk,9,2,4,Agent[02]よ、占い師としての役割は重大である。今宵、誰を占う予定か、我々に知らせよ。
0,talk,10,3,4,Over
0,divine,2,4,HUMAN
1,status,1,POSSESSED,ALIVE,satozaki1
1,status,2,SEER,ALIVE,kanolab1
1,status,3,VILLAGER,,Mille1
1,status,4,VILLAGER,ALIVE,UEC-IL1
1,status,5,WEREWOLF,ALIVE,sUper_IL1
1,result,4,1,NONE