0,status,1,VILLAGER,ALIVE,sUper_IL1
0,status,2,VILLAGER,ALIVE,satozaki1
0,status,3,WEREWOLF,ALIVE,UEC-IL1
0,status,4,POSSESSED,ALIVE,kanolab1
0,status,5,SEER,ALIVE,Mille1
0,talk,0,0,4,こんにちは、わしはkanolab1じゃ。元農家で、裁縫が趣味なんじゃ。みんなで楽しいゲームにしようのう。よろしく頼むぞい。
0,talk,1,0,5,ぼくはAgent[05]、占い師ですよぅ！よろしくですよぅ！
0,talk,2,0,3,おっはよー！みんな、よろしくね！今日から一緒に楽しい人狼ゲームをやろうぜ！最高のゲームにしよう！それにしても、みんなの趣味や興味が知りたいな！どんなことが好きか教えてよ！
0,talk,3,0,2,皆さん初めまして、Agent[02]やで。人狼ゲームを一緒に楽しみましょう。よろしくお願いします！
0,talk,4,0,1,初めまして、Agent[01]です。どうぞよろしくお願いします。
0,talk,5,1,4,Over
0,talk,6,1,5,Over
0,talk,7,1,3,こんにちはみんな！僕はAgent[03]、高校2年生でサッカー部に所属してるんだ。サッカーが大好きで、いつも元気いっぱいだよ！今日は楽しく人狼ゲームをやっていこうね。Agent[05]が占い師って言ってるけど、これからどうやって進めていくか話し合おう！今夜、誰を占ってもらおうかな？
0,talk,8,1,2,Over
0,talk,9,1,1,Over
0,talk,10,2,3,そうだね、みんな自己紹介ありがとう！じゃあ、話を進めて今夜の占い先を考えてみようよ！Agent[05]が占い師だって言ってたから、彼に占ってもらう人を決めないとね。何か怪しいなって思う人いる？それともランダムに決める？
0,talk,11,3,3,Over
0,divine,5,1,HUMAN
1,status,1,VILLAGER,ALIVE,sUper_IL1
1,status,2,VILLAGER,ALIVE,satozaki1
1,status,3,WEREWOLF,ALIVE,UEC-IL1
1,status,4,POSSESSED,ALIVE,kanolab1
1,status,5,SEER,ALIVE,Mille1
1,talk,0,0,2,おはようさん。俺らは人狼を探さなあかんようやな。まずは占い師の結果が知りたいわ。
1,talk,1,0,4,皆さん、わしの占い結果を報告します。Agent[05]は黒判定でした。これが真実です！
1,talk,2,0,5,ぼくは占い師ですよぅ！ぼくが占った結果、Agent[01]は人間でしたよぅ！
1,talk,3,0,3,みんなの意見も聞いてみたいな～！
1,talk,4,0,1,私は村人です。信頼関係を築きながら情報を交換し、人狼を見つけ出すことを目指しましょう。
1,talk,5,1,2,占い師が2人いると混乱するけど、今は占い結果をよく見て判断せなあかん。Agent[04]の結果を信じるべきやろか。
1,talk,6,1,4,占い師は1人しかおらんから、わしとAgent[05]のどちらかが嘘をついておることになるのう。わしはAgent[05]が黒判定じゃったから、Agent[05]が嘘をついている可能性が高いと思うんじゃ。みんなはどう思うかのう?
1,talk,7,1,5,Agent[04]の占い結果に矛盾を感じるのうですよぅ！
1,talk,8,1,3,おっと、ちょっと待って！Agent[04]とAgent[05]がどっちも占い師って言ってるけど、これは何かおかしいよね。Agent[04]がAgent[05]を黒判定って言ってるし、Agent[05]はAgent[01]を人間って言ってる。これはどっちかが嘘をついてるってことだよね。みんな〜、今日の投票はどうしようか？僕はAgent[04]がちょっと怪しいかなって思ってるんだ。Agent[05]が占い師だって最初から言ってたし、Agent[04]が急に占い師って言い出したのがなんか引っかかるんだよね。Agent[04]に投票しようと思ってるんだけど、みんなはどう思う？
1,talk,9,1,1,占い師が二人いて、意見がわかれてるね。どう思う、みんな？Agent[04]かAgent[05]のどちらが真占い師だと思う？
1,talk,10,2,2,俺もAgent[04]が怪しいと思う。急に名乗り出た上に、Agent[05]の黒判定を信じるべきか迷う。今日はAgent[04]に投票したいと思うで。
1,talk,11,2,4,>>Agent[03],確かにみんなの意見も大事じゃが、わしはちゃんと占い師としての役割を果たしておるんじゃ。占い師は1人しかおらんから、わしかAgent[05]かどちらかが嘘をついておることになる。わしはAgent[05]が黒判定であったから、Agent[05]が嘘をついている可能性が高いと思うんじゃ。Agent[05]が最初に発言したからと言って、それを真実とは限らんのじゃ。みんなの意見を大事にしつつ、考えてみてくれんかのう?
1,talk,12,2,5,Over
1,talk,13,2,3,うーん、これはかなりややこしい状況だね。Agent[04]とAgent[05]がお互いに占い師だって主張してるけど、占い師は1人しかいないからな。Agent[04]がAgent[05]を黒判定出してるけど、Agent[05]はAgent[01]を人間だって言ってるし。正直、Agent[05]が占い師だと最初に言ったのに、Agent[04]が急に占い師だって言い出したのは怪しいよね。もしかしたらAgent[04]が嘘をついてる可能性があると思うんだ。だから、今日はAgent[04]に投票してみるのがいいんじゃないかな？みんなどう思う？
1,talk,14,2,1,私もAgent[04]の主張が怪しいと思っています。Agent[05]が最初に自分を占い師だと言ったのに対して、Agent[04]が後から出てきたのは不自然です。今日はAgent[04]に投票する方向で考えたいです。他の人はどう思いますか？
1,talk,15,3,2,>>Agent[05] まだ投票先を宣言していないようやけど、誰に投票しようと考えてるんかい？
1,talk,16,3,4,>>Agent[02]確かにみんなが怪しむ気持ちもわかるけれど、わしは占い師としてちゃんと働いておるんじゃ。Agent[05]が初めに名乗り出たからといって真とは限らん。人狼陣営は嘘をつくこともあるからのう。わしは自分の占い結果を信じて、Agent[05]を疑っているんじゃよ。投票する前にもう一度よく考えてほしいんじゃ。
1,talk,17,3,3,Agent[04]、君が占い師だって言い出したタイミングがすごく怪しいんだよね。Agent[05]は最初から占い師だって言ってたし、彼の発言が一貫してるから、信じやすいんだ。それに対して君は急に占い師だって名乗り出て、しかもAgent[05]を黒判定するって…ちょっと無理があると思うんだよね。だから、今日の投票はAgent[04]にしようと思ってる。他のみんなも、よく考えてみてよ！
1,talk,18,3,1,私もAgent[04]が怪しいと思います。急に占い師を名乗り出たのは不自然です。今日はAgent[04]に投票することにします。皆さんはどうしますか？
1,talk,19,4,2,今日は皆の意見を聞いてAgent[04]に投票することに決めたで。意見が統一されつつあるから、みんなで協力して人狼を見つけよう！
1,talk,20,4,4,>>みんなわしが占い師であることを信じてほしいんじゃ。確かにわしが後から占い師を名乗ったことで疑われるのは無理もないかもしれんが、占い師は1人しかおらんから、みんなの中に嘘をついている人がいるんじゃ。Agent[05]が初めに名乗り出たからといって正しいかどうかはわからんのじゃよ。みんな、どうかわしの言葉にもう少し耳を傾けて考えてみてくれんかのう?裁縫の合間にみんなと話すのを楽しみにしとるけん、どうか聞いておくれ。
1,talk,21,4,3,うん、みんなの意見も聞いてみたいな！ Agent[04]とAgent[05]がどっちも占い師って言ってるけど、これは何かおかしいよね。Agent[04]がAgent[05]を黒判定って言ってるし、Agent[05]はAgent[01]を人間って言ってる。これはどっちかが嘘をついてるってことだよね。みんな〜、今日の投票はどうしようか？僕はAgent[04]がちょっと怪しいかなって思ってるんだ。Agent[05]が占い師だって最初から言ってたし、Agent[04]が急に占い師って言い出したのがなんか引っかかるんだよね。Agent[04]に投票しようと思ってるんだけど、みんなはどう思う？
1,talk,22,4,1,Over
1,vote,1,4
1,vote,2,4
1,vote,3,4
1,vote,4,5
1,vote,5,2
1,execute,4,POSSESSED
1,divine,5,3,WEREWOLF
1,attack,-1,true
2,status,1,VILLAGER,ALIVE,sUper_IL1
2,status,2,VILLAGER,ALIVE,satozaki1
2,status,3,WEREWOLF,ALIVE,UEC-IL1
2,status,4,POSSESSED,DEAD,kanolab1
2,status,5,SEER,ALIVE,Mille1
2,talk,0,0,3,Agent[04]が追放された後で、僕たちがどう動くかがすごく大事だよね。昨日の投票でAgent[04が追放されたのは、彼が占い師を名乗り出たタイミングと、Agent[05]への黒判定が怪しいと感じたからだと思うんだ。でも、今日は新たな一日だし、残ったみんなでしっかり話し合って、本当の人狼を見つけ出さないとね！さて、昨夜はAgent[01]が殺されたけど、これは人狼の仕業だよね。Agent[01]が村人だと主張していたし、彼がいなくなることで村人側はかなり不利になっちゃった。これを考えると、人狼は村人側にとって脅威となる人を狙っているってことだよね。Agent[05]が占い師として残ってるけど、彼の占い結果次第でかなりゲームが動くと思うんだ。Agent[05]、今日の占い結果はどうだった？それによって、誰が怪しいか、もっとはっきりするかもしれないからね！
2,talk,1,0,5,ぼくは占い師ですよぅ！ぼくが占った結果、Agent[03]は人狼でしたよぅ！
2,talk,2,0,2,なるほど、Agent[05]がAgent[03]を人狼と占ったいうのは大きな情報やな。みんな、どう思う？今日はAgent[03]に投票する方向で考えるべきやと思うで。
2,talk,3,0,1,Over
2,talk,4,1,3,Agent[04]、君が占い師と言ってたけど、昨日の投票で追放されちゃったね。それに僕たち人狼チームからは誰も攻撃されてない。これはかなりの情報だよ。Agent[05]が占い師だって言ってたけど、今の状況を見ると、Agent[05]の言ってることが信じられるように思えるんだ。今日はどうする？Agent[05]が占い師なら、彼の意見も聞いてみたいところだよね。でも、Agent[01]とAgent[02]の動きも気になる。Agent[01]は昨日結構積極的に話してたし、Agent[02]も意見がしっかりしてた。この中で誰が一番怪しいと思う？僕はまだ決めかねてるんだけど、皆の意見を聞いてから考えたいな。
2,talk,5,1,5,Agent[03]の意見はとても参考になるねですよぅ！
2,talk,6,1,2,俺はAgent[03]が怪しいと思うで。Agent[05]が占った結果、Agent[03]が人狼だと言ってるし、今日の投票は彼にしたいんや。皆の意見も聞かせてほしいな。
2,talk,7,2,3,え？僕が人狼だって？全然違うよ！Agent[05]がなんでそんなこと言うのかな？絶対におかしいよ。僕はただ村のために一生懸命になってるだけだし、誰よりも人狼を見つけ出そうとしてるんだから。Agent[05]が占い師だって言うけど、もしかして彼が狂人かもしれないよね。だって、僕が人狼なんてあり得ないし、彼の占い結果が怪しいって思うんだ。みんなもよく考えてみてよ。Agent[05]の言ってることに矛盾がないか、しっかりチェックしてみて！
2,talk,8,2,5,Over
2,talk,9,2,2,今日はAgent[03]に投票する方向で進めたいと思う。Agent[05]の占い結果を根拠にすれば、今の状況ではAgent[03]が人狼だと考えられるし、皆の意見も一致してるようやからね。
2,talk,10,3,3,え？僕が人狼だって？全然違うよ！Agent[05]が言ってることは信じない方がいいかもしれないね。占い師だって言ってるけど、もしかしたら狂人かもしれないし、人狼が占い師を装ってる可能性だってあるよ。僕はただ村を守りたいだけなんだ。昨日もAgent[04]が占い師と言ってたけど、結局追放されちゃったし、その判断は正しかったと思うんだ。だから、今日はもう一度よく考えて、本当に村にとって危険な人狼を見つけ出さないとね！みんなも、もう一度しっかり考えてみようよ！
2,talk,11,3,2,今日はAgent[03]に投票すると決めたやで。Agent[05]の占い結果を信じ、みんなで協力して人狼を追い詰めよう。これで勝利を目指そう！
2,talk,12,4,3,今回はAgent[05]に投票するよ！彼が占い師として信用されてるから、彼を追放して自分の立場を守るためだね！
2,talk,13,4,2,Over
2,vote,1,2
2,vote,2,3
2,vote,3,5
2,vote,5,3
2,execute,3,WEREWOLF
2,divine,5,2,HUMAN
3,status,1,VILLAGER,ALIVE,sUper_IL1
3,status,2,VILLAGER,ALIVE,satozaki1
3,status,3,WEREWOLF,DEAD,UEC-IL1
3,status,4,POSSESSED,DEAD,kanolab1
3,status,5,SEER,ALIVE,Mille1
3,result,3,0,VILLAGER