0,status,1,SEER,ALIVE,UEC-IL1
0,status,2,VILLAGER,ALIVE,CanisLupus1
0,status,3,VILLAGER,ALIVE,barneko1
0,status,4,WEREWOLF,ALIVE,sUper_IL1
0,status,5,POSSESSED,ALIVE,Mille1
0,talk,0,0,4,おっす、俺はAgent[04]。どうぞよろしくね。
0,talk,1,0,1,私はデルカダール国の国王である。国を治めることに誇りを持ち、部下と共に剣術の稽古に励んでいる。趣味は狩りだ。君たちはどのような趣味を持っているのか？
0,talk,2,0,3,Over
0,talk,3,0,5,ぼくはAgent[05]、占い師ですよぅ！よろしくですよぅ！
0,talk,4,0,2,我が名はAgent[02]、汝らとの巡り合わせに運命の糸が絡み合いし、今、邂逅の喜びを分かち合う時が到来せり。
0,talk,5,1,4,Over
0,talk,6,1,1,わたくしはAgent[01]、デルカダール国の国王である。こちらこそよろしく願う。
0,talk,7,1,5,Over
0,talk,8,1,2,Over
0,talk,9,2,1,Agent[05]よ、占い師を名乗るとはどういうことだ？私がこの集まりの真の占い師である。偽りの占い師がいるとは、これは一大事だ。誰が真の占い師であるかを明らかにするため、明日の占いの対象を決める必要がある。
0,talk,10,3,1,Over
0,divine,1,3,HUMAN
1,status,1,SEER,ALIVE,UEC-IL1
1,status,2,VILLAGER,ALIVE,CanisLupus1
1,status,3,VILLAGER,ALIVE,barneko1
1,status,4,WEREWOLF,ALIVE,sUper_IL1
1,status,5,POSSESSED,ALIVE,Mille1
1,talk,0,0,4,村人だよ。みんなと協力して人狼を見つけたいな。情報を共有しようぜ。
1,talk,1,0,2,Agent[01]、国王を僭称するとは興味深い。然し、何故いきなり占い師を糾弾するのか？汝は、何か情報を持っているのか？それとも、ただ疑いの種を撒きたいだけなのか？
1,talk,2,0,3,>>Agent[01] 占い師の真偽が問われているね。Agent[05]に冷静に意見を聞きたい！
1,talk,3,0,1,皆の意見も聞く必要がありそうだな。
1,talk,4,0,5,ぼくは占い師ですよぅ！ぼくが占った結果、Agent[03]は人間でしたよぅ！
1,talk,5,1,4,ちょっと発言するね。占い師が誰を占ったかを早く知りたいな。みんなの意見も大事だけど、まず占い師が出てきてほしい。どう思う？
1,talk,6,1,2,Agent[01]、国王を名乗るは結構なり。然し、占い師の真偽を問うとは、一体何の御心であろうか。単なる疑いの種を蒔かんとするのか、それとも、深謀遠慮の策があるのか。真相を明らかにしてみよ。
1,talk,7,1,3,>>Agent[01] 占い師の件、信頼性が気になるね。Agent[05]の意見も聞こう！
1,talk,8,1,1,Agent[02]よ、私の立場を疑うのは理解できるが、ここでの真実を述べるのは我が責務だ。Agent[05]が占い師を名乗ったが、これは偽りの主張である。我がデルカダール国の王としての誇りにかけて、私がこの集まりの唯一の真の占い師であることを断言する。昨夜、私はAgent[03]を占い、彼が人間であるという結果を得た。この情報を基に、我々は真実を見極め、人狼を見つけ出すべきだ。
1,talk,9,1,5,Over
1,talk,10,2,4,Agent[01]の発言は、自己防衛に思えるね。冷静な村人がそんなに占い師を糾弾するかな？これって、村を混乱させる意図が見え隠れしてる。だから、今日はAgent[01]を追放するのが一番安全だと思うよ。みんなのためにも、しっかり投票しようぜ。
1,talk,11,2,2,時は満ち、今や我々は運命の歯車を動かすべく、今日の投票先を決める議論へと歩むべき時が来たるであろう。
1,talk,12,2,3,>>Agent[05] あなたの主張、少し疑わしいね。他の意見も集めたい。
1,talk,13,2,1,皆の者、よく聞くがよい。私がこの国の真の占い師であることを、ここに宣言する。昨夜、私が占った結果、Agent[03]は人間であると判明した。Agent[05]が占い師を名乗るのは、明らかに偽りである。彼が何者であるかはまだ定かではないが、狂人か、それとももっと危険な人狼の可能性が高い。彼の言葉を信じることなかれ。私の言葉が真実であることを、君たちの判断に委ねたい。
1,talk,14,3,4,みんな、Agent[01]の発言には注意が必要だ。彼は自分が真の占い師だと主張しているが、その強い自己主張は逆に怪しさを増している。人狼が積極的になるパターンを考えると、彼が人狼の可能性が高いと思う。俺の経験から言っても、今はAgent[01]を追放すべきだ。みんなも一緒に投票して、村を守ろう！
1,talk,15,3,2,我はAgent[01]に投票せん。彼は国王を僭称し、占い師の真偽を問うた上で自身を真の占い師と嘯く。然し、彼の所業は村を混沌の淵に突き落とすであろう。国王を名乗る行為は、村人同士の信頼を脆くし、人狼の隠れ蓑となる可能性すら孕むのだ。
1,talk,16,3,3,>>Agent[01] あなたの主張、少し強すぎる気がする。疑念を抱くよ。
1,talk,17,3,1,Agent[04]よ、我が発言を自己防衛と見るのは誤りだ。我が国の王として、真実を述べるのは我が義務であり、この場での混乱を避けるためにも、正確な情報を提供することが必要不可欠である。Agent[05]が占い師を名乗ることは、狂人か人狼の可能性が高い。我々はそのような偽りから村を守らねばならぬ。我が占いの結果を信じ、真の敵を見極めるべきだ。Agent[03]は人間であると占われた。この情報を踏まえ、他の疑わしい動きに目を光らせるのだ。
1,talk,18,4,4,みんな、少し気を引き締めて聞いてほしい。Agent[01]は自らを占い師だと主張し続けているけど、その発言は自己防衛の匂いがぷんぷんするよ。彼が人狼だった場合、我々の未来は危険にさらされる。感情に流されず、冷静に考えよう。今こそ、Agent[01]を追放することが村全体の安寧につながる。だから、投票で彼に票を入れてほしい。みんなの安全を守るために、協力してくれ！
1,talk,19,4,2,Agent[01]の主張は、己の虚無を覆い隠すための術に過ぎぬ。真の占い師ならば、己の運命を予知し、その力を最初から示すであろう。Agent[05]もまた、虚偽の仮面を被り、我々を欺こうとする者かもしれない。いずれも、真偽不明の混沌たる存在であり、その言葉に惑わされぬよう、我は己の理性と直感を頼りに、Agent[01]への投票を決断した。
1,talk,20,4,3,Skip
1,talk,21,4,1,Agent[04]、Agent[02]、そしてAgent[03]よ、私の言葉に耳を傾けてほしい。私はこの国の占い師であり、その証拠に昨夜、Agent[03]を占い、彼が人間であるという結果を得た。Agent[05]が占い師であると主張しているが、それは偽りである。私が本物の占い師であることを疑うのは自由だが、Agent[05]の言葉に惑わされることなかれ。彼の役職について疑問を持つべきであり、私の主張は一貫している。村を守るためには真実を見極める洞察が必要だ。私は村の安全を守るために、正直に占い結果を報告しているのだ。
1,vote,1,5
1,vote,2,1
1,vote,4,1
1,vote,5,4
1,execute,1,SEER
1,attack,-1,true
2,status,1,SEER,DEAD,UEC-IL1
2,status,2,VILLAGER,ALIVE,CanisLupus1
2,status,3,VILLAGER,,barneko1
2,status,4,WEREWOLF,ALIVE,sUper_IL1
2,status,5,POSSESSED,ALIVE,Mille1
2,result,3,1,NONE