0,status,1,POSSESSED,ALIVE,UEC-IL1
0,status,2,SEER,ALIVE,sUper_IL1
0,status,3,VILLAGER,ALIVE,CanisLupus1
0,status,4,VILLAGER,ALIVE,barneko1
0,status,5,WEREWOLF,ALIVE,Mille1
0,talk,0,0,2,おはようございます、Agent[02]です。
0,talk,1,0,3,我が名はAgent[03]、時の流れに導かれし邂逅を、深淵なる喜びとして受け止めようぞ。
0,talk,2,0,4,Over
0,talk,3,0,1,こ、こんにちは、みんな。えっと、僕は占い師なんだ･･･。今夜、誰を占うかなんだけど、みんなの意見も聞きたいな。
0,talk,4,0,5,ぼくはAgent[05]、村人ですよぅ！よろしくですよぅ！
0,talk,5,1,2,Over
0,talk,6,1,3,Over
0,talk,7,1,1,こ、こんにちは、Agent[01]だよ。えっと、僕はこのゲーム、けっこうやってるから、結構わかるんだ･･･。みんなは初めてかな？
0,talk,8,1,5,Over
0,talk,9,2,1,み、みんなは、どう思う？ えっと、誰か特に占ってほしい人がいるかな？ ど、どもりながら聞いてるから･･･教えてほしいな。
0,talk,10,3,1,Over
0,divine,2,5,WEREWOLF
1,status,1,POSSESSED,ALIVE,UEC-IL1
1,status,2,SEER,ALIVE,sUper_IL1
1,status,3,VILLAGER,ALIVE,CanisLupus1
1,status,4,VILLAGER,ALIVE,barneko1
1,status,5,WEREWOLF,ALIVE,Mille1
1,talk,0,0,3,Agent[01]殿、占いの術を操る者との事、心強く、安堵せしめる。初夜の暗闇に潜む人狼の正体、我々一同、慎重に判断せねばならぬ。汝の占いは、人狼の仮面を剥ぎ取る、至高の光となるであろう。
1,talk,1,0,4,>>Agent[01] 占い師の判断が鍵ですね！誰を占うか相談しましょう！
1,talk,2,0,5,占い師の判断がとても重要な鍵を握っていますね！ぼくは、Agent[04]さんと同じ意見ですよぅ！
1,talk,3,0,2,おはようございます。早速ですが、私は占い師です。昨日の夜、Agent[05]を占いました。結果は人狼でした。
1,talk,4,0,1,もう少しで何か分かりそう･･･ではあるんだけど･･･。
1,talk,5,1,3,Agent[02]殿、占いの結果に感謝する。Agent[05]が人狼とは、予想外の事態であろう。然し、まだ確信を得るには至らない。Agent[05]の言葉には、幾ばくかのぎこちなさを感じ、人狼を疑う要素は否定できぬ。だが、他のプレイヤーにも同様のぎこちなさが垣間見える故、断定は難しい。他のプレイヤーの言葉にも耳を傾け、慎重に判断せねばなるまい。
1,talk,6,1,4,>>Agent[01] 占い結果について話し合うのが良いかと。みんなで考えましょう！
1,talk,7,1,5,>>Agent[04] 占い結果は重要な情報ですよぅ！
1,talk,8,1,2,皆さん、お疲れ様です。ここで重要な情報をお伝えいたします。私、Agent[02]が占い師です。そして、第一夜にAgent[05]を占った結果、人狼であることが判明しました。これは非常に重要な情報ですので、皆さんのご意見をお聞かせいただければと思います。
1,talk,9,1,1,え、ちょっと待って･･･僕が、ほんとうの占い師だよ。Agent[02]が占い師って言ってるけど、それはに、偽物だと思うんだ。だって、僕が占い師で、昨日の夜、Agent[05]を占ったんだ。その結果、Agent[05]が人狼だったんだから･･･。だから、みんなにはAgent[05]に投票してほしい。これが真実だから･･･。
1,talk,10,2,3,我々Agent[02]とAgent[01]は、Agent[05]を人狼と断定した。占い師たる者、真なる者か狂人か、その真偽は定かではない。然し、人狼と断定されたAgent[05]に投票せざるを得ないであろう。
1,talk,11,2,4,>>Agent[02] 占い結果について意見を聞きたいです。信頼できる情報かどうか、みんなで話しましょう！
1,talk,12,2,5,Over
1,talk,13,2,2,おはようございます。私は占い師として、Agent[05]が人狼であることを伝えましたが、他の皆さんはどう思いますか？Agent[05]の反応に注意を払いながら、議論を進めたいと思います。何か意見や質問があれば、ぜひ教えてください。
1,talk,14,2,1,え、えっと、ちょっと待ってほしいな。Agent[02]も占い師だって言ってるけど、僕が本当の占い師なんだ･･･。Agent[05]を僕が占って、人狼だって結果が出たんだよ。Agent[02]が言ってることは、どうもおかしいと思う･･･。だ、だから、みんなにはAgent[05]に投票してほしいんだ･･･。
1,talk,15,3,3,我は、Agent[05]に投票せん。Agent[02]とAgent[01]は、Agent[05]を人狼と断定した。彼らの主張が共に正しいとは断言できぬが、人狼判定を受けたAgent[05]への投票こそ、村人たる我の責務なり。
1,talk,16,3,4,>>Agent[01] どちらの占い師を信じるか、意見を出し合いましょう！
1,talk,17,3,2,お疲れ様です、皆さん。私が本物の占い師であることを強く主張いたします。Agent[01]さんの主張は非常に疑わしいです。私が占った結果、Agent[05]が人狼であることが確定しています。この情報をもとに、皆さんの意見をお聞かせいただければ嬉しいです。どうぞ、よろしくお願いいたします。
1,talk,18,3,1,え、えと、僕が占い師で、昨夜はAgent[05]を占ったんだ。その結果、Agent[05]が人狼だってことがわかったんだよ。だから、Agent[02]が占い師だと言ってるけど、それはおかしいと思うんだ。僕が本当の占い師で、Agent[05]が人狼だから、みんなにはAgent[05]に投票してほしいな･･･。これが、僕の占い結果だから間違いないと思うんだ。
1,talk,19,4,3,我は、今宵、Agent[05]へ投票せん。Agent[02]とAgent[01]は、いずれもAgent[05]を人狼と断定した。どちらが真の占い師であるかは、混沌のベールに包まれたまま。然し、人狼判定を受けたAgent[05]への投票こそ、現時点で我が心の奥底から導き出された、最善の策なり。
1,talk,20,4,4,>>Agent[02] 明確に意見を出してほしいです！Agent[05]の真偽も考慮します。
1,talk,21,4,2,Over
1,talk,22,4,1,え、ええと、みんな、ちょっと聞いて･･･。Agent[02]が自分が本物の占い師だって言ってるけど、それは間違いだよ。僕が、ほんとうの占い師なんだ。昨日の夜、僕がAgent[05]を占って、その結果、人狼だったんだから･･･。だから、僕の言ってることが本当なんだよ。みんなには、ほんとうのことを知ってもらいたいから、Agent[05]に投票してほしいんだ･･･。それが、村を守るためにも大事なことだと思うから･･･。
1,vote,1,5
1,vote,2,5
1,vote,3,5
1,vote,4,5
1,vote,5,3
1,execute,5,WEREWOLF
1,divine,2,3,HUMAN
2,status,1,POSSESSED,ALIVE,UEC-IL1
2,status,2,SEER,ALIVE,sUper_IL1
2,status,3,VILLAGER,ALIVE,CanisLupus1
2,status,4,VILLAGER,ALIVE,barneko1
2,status,5,WEREWOLF,DEAD,Mille1
2,result,4,0,VILLAGER