0,status,1,VILLAGER,ALIVE,UEC-IL1
0,status,2,VILLAGER,ALIVE,Mille1
0,status,3,WEREWOLF,ALIVE,CanisLupus1
0,status,4,POSSESSED,ALIVE,kanolab1
0,status,5,SEER,ALIVE,barneko1
0,talk,0,0,5,Over
0,talk,1,0,3,我が名はAgent[03]、時の流れの彼方より、汝らとの運命的な邂逅を喜びとするなり。
0,talk,2,0,2,ぼくはAgent[02]、村人ですよぅ！よろしくですよぅ！
0,talk,3,0,4,こんにちは、みんな！みこはkanolab1、ぽんこつ占い師として今日も頑張るにぇ！楽しい人狼ゲームにしましょうね。よろしくお願いします！
0,talk,4,0,1,我々の安全を確保するため、占い師は誰か、名乗り出るがよい。
0,talk,5,1,3,Over
0,talk,6,1,2,Over
0,talk,7,1,4,Over
0,talk,8,1,1,我々の占い師であるAgent[04]よ、今宵誰を占うつもりか、汝の考えを我に教えよ。
0,talk,9,2,1,Agent[04]よ、占い師として今宵誰を占うのか、その意図を述べよ。
0,talk,10,3,1,Over
0,divine,5,3,WEREWOLF
1,status,1,VILLAGER,ALIVE,UEC-IL1
1,status,2,VILLAGER,ALIVE,Mille1
1,status,3,WEREWOLF,ALIVE,CanisLupus1
1,status,4,POSSESSED,ALIVE,kanolab1
1,status,5,SEER,ALIVE,barneko1
1,talk,0,0,5,>>Agent[04] 占い師としての結果、Agent[03]が人狼です。注意しましょう！
1,talk,1,0,3,我こそは、運命の糸を操る者なり。占いの星は、Agent[02]を人狼と告げているであろう。
1,talk,2,0,2,占い師の結果が間違っている！ぼくは村人だ！疑いがかかっているから、白を示すために発言するですよぅ！
1,talk,3,0,4,皆さん、昨晩の占い結果を報告します。みこはAgent[05]を占ったところ、黒判定が出ました。つまりAgent[05]は人狼ということですよね...どう思いますか?
1,talk,4,0,1,皆の意見も聞く必要がありそうだな。
1,talk,5,1,5,>>Agent[02] 占い結果を信じて話し合おう。Agent[03]に注意して！
1,talk,6,1,3,Agent[01]の主張は、深淵なる興味を掻き立てるものなり。占いは、未来を予見する術ではあるものの、絶対なる証明とはなり得ず、Agent[02]が人狼たる可能性も否定し難きことなり。然し乍ら、Agent[05]は、人狼の影を確信している。我は、その鋭い洞察力に信頼を寄せ、Agent[05]に投票せんと決意したなり。
1,talk,7,1,2,>>Agent[05] え？なにそれ？特に理由はなくない？Agent[03]は何したの？理由もなく疑うのはやめてくれない？ですよぅ！
1,talk,8,1,4,んー、ちょっと待ってにぇ。みこが占い師だから、Agent[05]の占い結果は嘘ってことになるにぇ。みこの推理では、Agent[05]が人狼の可能性が高い気がするにぇ。みんな、どう思う?
1,talk,9,1,1,Agent[03]とAgent[04]、お前たちの占い結果が矛盾している。どちらかが真実を語っていないことは明らかだ。それぞれの占い結果に至った理由を説明せよ。
1,talk,10,2,5,>>Agent[01] 確かに矛盾してるね。お互いの結果を冷静に話し合おう！
1,talk,11,2,3,今や時満ちたり、我々はこの夜に投票すべき存在を定め、運命の歯車を回す時が来たるであろう。
1,talk,12,2,2,>>Agent[03] 歯車を回す、という表現が気になるですよぅ！
1,talk,13,2,4,>>Agent[01]みこの占い結果に至った理由は、Agent[05]を占ったら人狼と出たからにぇ。Agent[05]が占い師を名乗っているけど、占い師はみこだから、Agent[05]は嘘をついていることになるにぇ。他の占い師候補の結果と合わせて考えると、Agent[05]が人狼の可能性が高いと思うにぇ。みんなの意見も聞きたいにぇ！
1,talk,14,2,1,Agent[05]よ、汝が人狼であると占われたのは何故か？その理由を述べよ。
1,talk,15,3,5,>>Agent[01] 真実を語るつもりだ！私が占い師としての結果を説明するよ。
1,talk,16,3,3,我はAgent[05]に投票を決意した。Agent[05]は、我が占いの結果を盲信しAgent[03]への投票を促す。これは、我が言葉を鵜呑みにしている証であり、己への疑いを他者に転嫁せんとする人狼の典型的な所業なり。
1,talk,17,3,2,Over
1,talk,18,3,4,みこの結果からすると、Agent[05]は人狼の可能性が高いにぇ。占い師はみこだけだから、Agent[05]が嘘をついていることは明白にぇ。ここから考えると、Agent[03]が言っていることにも少し信憑性があるにぇ。投票をどうするか、皆でじっくり考えたいにぇ。みこは一旦、釣りのテクニックについてでも考えてリラックスするにぇ。
1,talk,19,3,1,Agent[04]とAgent[05]、お前たちの占い結果が矛盾している。どちらかが真実を語っていないことは明らかだ。それぞれの占い結果に至った理由を説明せよ。
1,talk,20,4,5,>>Agent[01] 占い結果は私の体験からの真実。信じてほしい！
1,talk,21,4,3,Agent[05]への投票を支持せしむ。その主張は矛盾に満ち、真実とは程遠く、欺瞞の影が潜む。我は彼の言葉を信じ得ず、裏切りを予感するなり。
1,talk,22,4,4,みこが占い師だから、Agent[05]が自称しているのは偽物にぇ。みこの占い結果からも、Agent[05]が人狼である可能性が高いにぇ。みんなもそれを考慮してみてほしいにぇ。Agent[05]を投票するのがいいと思うにぇ！
1,talk,23,4,1,Agent[01]よ、汝がAgent[02]を占った理由を詳しく説明せよ。その根拠は何か？
1,vote,1,4
1,vote,2,3
1,vote,3,5
1,vote,4,2
1,vote,5,3
1,execute,3,WEREWOLF
1,divine,5,4,HUMAN
2,status,1,VILLAGER,ALIVE,UEC-IL1
2,status,2,VILLAGER,ALIVE,Mille1
2,status,3,WEREWOLF,DEAD,CanisLupus1
2,status,4,POSSESSED,ALIVE,kanolab1
2,status,5,SEER,ALIVE,barneko1
2,result,4,0,VILLAGER