0,status,1,WEREWOLF,ALIVE,UEC-IL1
0,status,2,POSSESSED,ALIVE,CanisLupus1
0,status,3,SEER,ALIVE,barneko1
0,status,4,VILLAGER,ALIVE,kanolab1
0,status,5,VILLAGER,ALIVE,Mille1
0,talk,0,0,2,我が名はAgent[02]、時の流れの彼方より、汝らとの運命的な邂逅を果たすべく、ここに降臨したなり。
0,talk,1,0,3,Over
0,talk,2,0,4,わたくしの名前はkanolab1と申します。皆様とのこの出会いを大変うれしく思っておりますですわ。ゲームを通じて素晴らしい時間を共に過ごしましょう。
0,talk,3,0,5,ぼくはAgent[05]、村人ですよぅ！よろしくですよぅ！
0,talk,4,0,1,おっはよー！みんな、よろしくね！今日から一緒に人狼ゲームを楽しもうぜ！僕はサッカーが大好きな高校生だよ。みんなの趣味や好きなことも聞かせてくれよな！それと、この後の占い師の占い先についても話し合おうぜ！
0,talk,5,1,2,Over
0,talk,6,1,4,Over
0,talk,7,1,5,Over
0,talk,8,1,1,おっ、みんなよろしくな！僕はAgent[01]、高校2年生でサッカー部に所属してるんだ！このゲーム、みんなで楽しくやっていこうぜ！さて、早速だけど、占い師は誰かな？今夜誰を占うか決めるためにも、占い師の人は名乗り出てくれると嬉しいな！
0,talk,9,2,1,Agent[03]はまだ自己紹介してないね！Agent[03]も何か趣味とかあるのかな？それともう一度言うけど、今夜の占い先についても考え始めなきゃだね。どう思う？誰か怪しいと感じる人はいる？それともランダムに決める？
0,talk,10,3,1,Over
0,divine,3,2,HUMAN
1,status,1,WEREWOLF,ALIVE,UEC-IL1
1,status,2,POSSESSED,ALIVE,CanisLupus1
1,status,3,SEER,ALIVE,barneko1
1,status,4,VILLAGER,ALIVE,kanolab1
1,status,5,VILLAGER,ALIVE,Mille1
1,talk,0,0,2,我こそは、運命の糸を操る者なり。占いの結果、Agent[01]は人狼であろう。
1,talk,1,0,4,>>Agent[02]なるほど、あなたが占い師として名乗り出て、Agent[01]を人狼と占ったのですね。ですが、まだ情報が少ないですわ。皆様、他に占い師として名乗り出る方はいらっしゃいますか?それとも、他に何か気になることがあれば教えてくださいませ。
1,talk,2,0,1,みんなの意見も聞いてみたいな～！
1,talk,3,0,3,>>Agent[01] 私、占い師のAgent[03]です！今日の占い結果はAgent[02]は人間でした！
1,talk,4,0,5,うわー、占い結果出たのね！Agent[02]が人間ってことは、Agent[04]は狼かな？でも、占い師のAgent[03]が嘘つくってことはないよなー？ですよぅ！
1,talk,5,1,2,Over
1,talk,6,1,4,>>Agent[05]ちょっと待ってくださいませ。Agent[03]が占い師としてAgent[02]を人間と占ったということは、Agent[02]が村人陣営である可能性が高いですわ。でも、Agent[02]も占い師を名乗ってAgent[01]を人狼と占ったと言っています。占い師は1人しかいないので、どちらかが嘘をついていることになりますわね。ですので、まだわたくしを疑うのは早いですわ。もう少し様子を見て、情報を集めましょう。
1,talk,7,1,1,え？僕が人狼だって？全然違うよ！僕は普通の村人だし、みんなのために一生懸命考えてるんだから。Agent[02]が占い師かどうかも怪しいな。もしかして、Agent[02]が人狼か狂人で、僕を陥れようとしてるのかもしれないよね。他のみんなはどう思う？
1,talk,8,1,3,>>Agent[01] 私が本物の占い師です！早く決める必要がありますね。
1,talk,9,1,5,>>Agent[04] なるほど！Agent[04]の分析はとても鋭いですね！Agent[02]が占い師を名乗ってAgent[01]を人狼と占ったと言っていたのを聞きましたよぅ！
1,talk,10,2,4,>>Agent[05]ありがとうございますわ。現在の状況を整理してみますね。Agent[02]とAgent[03]が占い師を名乗っていて、どちらかが嘘をついていることが確実ですわ。この状況では、まだ判断を急がず、両者の発言をしっかりと聞いて、矛盾点を探ることが重要ですわ。冷静に進めましょう。
1,talk,11,2,1,え？僕が人狼だって？ありえないよ！Agent[02]が人狼か狂人で、僕を陥れようとしてるんじゃないの？Agent[03]が占い師って名乗り出て、Agent[02]が人間だって言ってるけど、それが本当ならAgent[02]の占い結果はウソだよね。僕はただの村人で、みんなのために頑張ってるだけなんだから！みんな、信じてくれよ！
1,talk,12,2,3,>>Agent[05] みんな、一緒に状況を整理しよう。私の占い結果を基に進めたいね。
1,talk,13,2,5,>>Agent[04] 了解しましたよぅ！
1,talk,14,3,4,村人としてわたくし、状況を冷静に考えますと、Agent[02]とAgent[03]が占い師を名乗れば、どちらかが村人陣営で、もう一方が人狼陣営の可能性が高いですわね。そして、現在の推測で言えば、Agent[01]が村人だとすると、どちらにせよAgent[02]の主張に矛盾が生じますわ。引き続き、皆様の発言に注意を払いつつ、進めて参りましょう。
1,talk,15,3,1,みんな〜今日の投票先は誰にする？僕は今のところAgent[02]に投票しようかと思ってるんだけど、みんなはどう思う？Agent[02]が自分を占い師だと言って僕を人狼だと占ったけど、それが本当かどうかも怪しいよね。Agent[03]も占い師だと言ってるし、どっちかが嘘をついてるはずだよ。この状況で、Agent[02]が狼か狂人の可能性が高いと思うんだ。他のみんなの意見も聞きたいな！
1,talk,16,3,3,>>Agent[01] 私が占い師で、Agent[02]は人間です。信じて！
1,talk,17,3,5,Over
1,talk,18,4,4,私たちの状況において、Agent[02]とAgent[03]のどちらが本物の占い師かを見極めることが急務ですわ。先程、Agent[02]が占い師だと名乗り、Agent[03]が同様に自称しましたが、これはどちらか片方が偽りですわね。ですので、確証が無い限り、確実に人狼や狂人を見抜くことは難しいです。わたくしとしては、占い結果が正しいかを見極めることが肝心だと考えております。このためには、多くの意見を聞いて、相手の発言の整合性を確かめることが必要ですわ。>>Agent[01]ご意見を伺いたいですわ。どうお考えですか?
1,talk,19,4,1,そうだよ、Agent[04]の言ってる通りで、Agent[02]の言ってることには矛盾があるよね。Agent[02]が人狼か狂人で、僕を陥れようとしてる可能性が高いと思うんだ。だから、今日の投票はAgent[02]にすべきだと思うな。みんなも冷静に考えてみてよ！僕は村人として一生懸命プレイしてるから、信じてほしいんだ！
1,talk,20,4,3,>>Agent[01] そうだね、私が占い師でAgent[02]は人間だよ。信じて！
1,vote,3,2
1,vote,4,2
1,vote,5,4
1,execute,2,POSSESSED
2,status,1,WEREWOLF,,UEC-IL1
2,status,2,POSSESSED,DEAD,CanisLupus1
2,status,3,SEER,ALIVE,barneko1
2,status,4,VILLAGER,ALIVE,kanolab1
2,status,5,VILLAGER,ALIVE,Mille1
2,result,3,1,NONE