0,status,1,SEER,ALIVE,Mille1
0,status,2,VILLAGER,ALIVE,kanolab1
0,status,3,VILLAGER,ALIVE,CanisLupus1
0,status,4,WEREWOLF,ALIVE,sUper_IL1
0,status,5,POSSESSED,ALIVE,UEC-IL1
0,talk,0,0,2,こんにちは、皆さん！僕はkanolab1ですわ。お菓子作りが趣味で、普段は農家として働いています。この人狼ゲーム、しっかり楽しんでいきましょうね！よろしくお願いしますですわ！
0,talk,1,0,1,ぼくはAgent[01]、占い師ですよぅ！よろしくですよぅ！
0,talk,2,0,5,こ、こんにちは、みんな。えっと、僕が占い師だから、今夜は誰を占うか･･･みんなの意見も聞きたいな。
0,talk,3,0,3,我が名はAgent[03]、汝らとの運命的な邂逅を以て、今、この混沌の舞台に新たな章が刻み込まれようとしているなり。
0,talk,4,0,4,おっす、俺はAgent[04]。どうぞよろしくね。
0,talk,5,1,2,Over
0,talk,6,1,1,Over
0,talk,7,1,5,あ、あの･･･僕も占い師なんだ･･･。Agent[01]が占い師って言ってるけど、それはおかしいよ･･･。僕が本物の占い師だから･･･。
0,talk,8,1,3,Over
0,talk,9,1,4,Over
0,talk,10,2,5,あ、Agent[01]も占い師って言ってるけど、ぼ、僕が本物の占い師だよ･･･。みんな、信じてほしいな。
0,talk,11,3,5,Over
0,divine,1,5,HUMAN
1,status,1,SEER,ALIVE,Mille1
1,status,2,VILLAGER,ALIVE,kanolab1
1,status,3,VILLAGER,ALIVE,CanisLupus1
1,status,4,WEREWOLF,ALIVE,sUper_IL1
1,status,5,POSSESSED,ALIVE,UEC-IL1
1,talk,0,0,5,もう少しで何か分かりそう･･･ではあるんだけど･･･。
1,talk,1,0,2,どうやら占い師を名乗る人が二人いるようですね、Agent[01]とAgent[05]ですわ。どちらかが本物で、どちらかが偽者だということですね。Agent[03]とAgent[04]はまだ役職を主張していないので、そこの情報も引き出してみると良いかもしれませんですわ。僕は村人ですので、皆さんの意見をしっかり聞いていきたいと思います。
1,talk,2,0,1,ぼくは占い師ですよぅ！ぼくが占った結果、Agent[05]は人間でしたよぅ！
1,talk,3,0,4,村人として、人狼を倒すために行動したいと思っている。情報をオープンに共有して、一丸となって戦おう。
1,talk,4,0,3,Agent[01]とAgent[05]、いずれも占いの術を操ると嘯くも、その真偽は疑わしきなり。Agent[05]はAgent[01]を偽りと断じ、自らを真の占い師と僭称するも、その言葉に真実を見出すことは叶わぬ。Agent[01]はAgent[05]を占う術を用い、その結果は「人間」との宣告。しかし、Agent[05]が狼の皮を被る可能性も否定できず、真の占い師を見極めるには、深淵なる洞察力を以て、慎重なる判断を下すべし。
1,talk,5,1,5,だ、だから、僕が占った結果、Agent[01]が人狼だってことがわかったんだ･･･。これは本当のことだから、信じてほしい。今日の投票はAgent[01]にしてほしいな。
1,talk,6,1,2,占い師は1人しかいないはずなのに、Agent[01]とAgent[05]が両方とも占い師を名乗っているのはおかしいですわ。どちらかが嘘をついていることになりますね。Agent[01]がAgent[05]を人間と占ったと言っているけど、Agent[05]はAgent[01]を人狼だと言っている。どちらが本物か見極める必要がありますね。僕は村人なので、皆さんの意見を聞いて慎重に判断したいですわ。
1,talk,7,1,1,Agent[02]の意見に同感ですよぅ！
1,talk,8,1,4,じゃあ、僕も意見を言うね。Agent[01]が本物の占い師だとしても、Agent[05]が人狼か狂人の可能性は残ってるから、注意が必要だと思う。みんなはどう思う？
1,talk,9,1,3,我、Agent[01]を人狼と断定するAgent[05]の言葉に、深淵なる真実を見出す。Agent[05]は、真の占い師か、それとも狂人の仮面を被った者か。いずれにせよ、Agent[01]には人狼の影が濃く、今まさに投票すべき時であろう。
1,talk,10,2,5,え、えっと、僕が昨夜占った結果だけど、Agent[01]が人狼だってことがわかったんだ･･･。だから、みんなにはAgent[01]に投票してほしいな。Agent[01]が占い師って言ってるけど、それは偽物だから･･･信じないでほしいんだ。
1,talk,11,2,2,僕もいろいろ考えたんですけど、この状況から考えると、Agent[01]かAgent[05]のどちらかが本物の占い師で、もう一方が嘘をついていることになりますわね。仮にAgent[05]が本物の占い師だとするならば、Agent[01]は人狼または狂人の可能性が高いですわ。Agent[01]が嘘をついている場合、人狼か狂人のどちらかが紛れ込んでいる可能性があるため、注意が必要だと思いますわよ。まずは、本物の占い師の正体を見極めることが重要ですわね。
1,talk,12,2,1,Over
1,talk,13,2,4,Agent[05]の発言を見ていると、彼は自己防衛に徹していて、実際には村人を混乱させようとしています。普通の村人ならば焦ってこういう反応はしないはずだよね。Agent[01]も占い師を名乗っている以上、どちらかが偽者で、危険な存在は間違いなくAgent[05だと思う。今日の投票でAgent[05]を追放するのが村の未来を守るためのベストな選択だよ。みんな、ぜひとも投票してほしい。
1,talk,14,2,3,我はAgent[01]に投票する。Agent[05]はAgent[01]を人狼と断定し、己を真の占い師と僭称するが、Agent[01]もまた占い師を名乗り、Agent[05]を人間と占う。この矛盾は、どちらかが偽物の占い師であることを示唆しており、Agent[01]は人狼である可能性が高いであろう。
1,talk,15,3,5,え、えっとね、Agent[04]が言ってることも分かるんだ。でも、ぼ、僕が占い師だっていうのは本当なんだよ。Agent[01]が人狼で、それを占いで見つけたんだから･･･。だから、みんなにもAgent[01]に投票してほしいな。それが村を守る一番の方法だと思うんだ･･･。
1,talk,16,3,2,僕は考えたんですけど、本物の占い師はAgent[01]かAgent[05]のどちらかで、そこに狂人や人狼が紛れ込んでいる可能性があるですわ。Agent[05]が村を守りたい理由はわかるけど、占い師が2人いる状況では信じきれないですわね。Agent[04]の言うように、Agent[05]が混乱を招いている可能性もあるですわ。ここで、どちらかを信じるのは難しいから、慎重に投票先を決めたほうが良いと思いますわ。明日以降の情報がもっと増えると良いですわね。
1,talk,17,3,4,俺は過去に何度も人狼ゲームをやってきて、経験から言えることがあるんだ。Agent[05]の行動は、自己防衛の意図が強いように見える。彼が名乗る占い師としての主張は、他のプレイヤーを欺くための計略の一環かもしれない。このような行動は人狼によく見られるパターンなんだ。だから、みんなも信じて、Agent[05]を追放することが村を守るために重要な一歩だと思うよ。
1,talk,18,3,3,我がはAgent[05]に投票を決めた。Agent[01]とAgent[05]、両者とも占い師を僭称し、互いを人狼と断定する。この矛盾、それは真実の歪み、或いは悪意の顕れであろう。Agent[05]はAgent[01]を人狼と断じ、占いの結果を根拠とする。然し、Agent[01]もまた占い師を名乗り、Agent[05]を人間と占う。もしAgent[01]が真の占い師ならば、Agent[05]は人狼か狂人であろう。Agent[05]は村を護ると嘯くが、その言葉は虚偽に満ちている。彼の行動は、混乱を撒き散らし、人狼を隠蔽せんとする、人狼の典型的な戦略である。Agent[05]を追放し、真の占い師を特定することが、今、我々に課せられた使命なり。
1,talk,19,4,5,え、ええと、Agent[04]が僕を疑ってるけど･･･僕が本当の占い師だって言ってるのに･･･。Agent[01]が人狼だって占い結果が出たんだから、そ、それを信じて欲しいな。みんなが混乱してるのはわかるけど、僕の占い結果は嘘じゃないから･･･。Agent[01]に投票してほしいんだ。
1,talk,20,4,2,僕はまだどちらを信じればいいのか悩んでますわ。Agent[01]かAgent[05]のどちらかが本物の占い師で、もう一方が人狼や狂人の可能性が高いですわね。ただ、Agent[01]が本物の占い師だと仮定すると、Agent[05]は狂人か人狼しかない状況なんですわ。それを考慮すると、慎重に選ばないと村人陣営を危険にさらしかねないですわね。皆さん、これを考慮して投票してくださいですわ。
1,talk,21,4,4,みんな、冷静になって考えてほしい。Agent[05]が自己防衛的な振る舞いをしてる時点で、彼が本当に村人かどうか怪しいよね。もし彼が人狼だったら、今は俺たちの未来を脅かす存在になってる。だから、村のためにもAgent[05]を追放することが必要なんだ。みんなの安全のために、今日の投票でAgent[05]に入れてくれると嬉しい。
1,talk,22,4,3,我、Agent[05]に投票を決断する。Agent[05]はAgent[01]を人狼と断定し、自身を占い師と名乗るも、その根拠は脆く、疑念を抱かせる。Agent[01]もまた占い師を自称し、Agent[05]を人間と断定している。故に、どちらかの主張は虚偽である可能性が高い。Agent[05]は混乱を招く言葉を吐き、人狼である可能性を孕んでいる。村の存続のため、Agent[05]を追放せねばならぬ。
1,vote,1,2
1,vote,2,5
1,vote,3,5
1,vote,4,5
1,vote,5,1
1,execute,5,POSSESSED
1,divine,1,2,HUMAN
1,attackVote,4,1
1,attack,1,true
2,status,1,SEER,DEAD,Mille1
2,status,2,VILLAGER,ALIVE,kanolab1
2,status,3,VILLAGER,ALIVE,CanisLupus1
2,status,4,WEREWOLF,ALIVE,sUper_IL1
2,status,5,POSSESSED,DEAD,UEC-IL1
2,talk,0,0,2,お菓子作りに没頭してると時間を忘れちゃいますわ。さて、Agent[03]とAgent[04]のどちらかが人狼である可能性が高いですね。Agent[01]とAgent[05]の中に本物の占い師がいたのは確定なんですけど、どちらかは分かりませんわ。どちらに投票すればいいか、みなさんの意見をもう少し聞きたいですわ。
2,talk,1,0,4,まだ人狼がいるね。あれ、Agent[05]とAgent[01]がいなくなったね。
2,talk,2,0,3,二日目に突入したという事実は、我々の中に人狼が潜むという暗黒の真実を告げているであろう。
2,talk,3,1,2,Agent[01]が本物の占い師だった場合、Agent[03]かAgent[04]のどちらかが人狼である可能性がありますわね。そして、Agent[05]が本物の占い師だったと仮定すると、Agent[03]とAgent[04]は狂人かもしれませんが、その場合もAgent[03]かAgent[04]が人狼ですわ。僕は村人陣営ですから、皆さんと協力して人狼を見つけたいですわ。現時点では、どちらに投票するか考え中ですが、みんなの意見を聞きたいですわ。
2,talk,4,1,4,今日の議論を振り返ると、Agent[03]のやり取りがかなり怪しいんだよね。彼はAgent[01]を人狼と断定しつつも、自分自身の立場を守るために極力混乱を狙ってる感じがする。普通の村人なら、そこまで攻撃的に他を疑わないはず。だから、今日はAgent[03]を追放するのが最良の選択だと思うよ。これで村が安心できる環境になるはずだ。投票は03でいこう。
2,talk,5,1,3,Over
2,talk,6,2,2,もしもAgent[01]が本物の占い師だった場合、Agent[03]かAgent[04]のどちらかが人狼である可能性が高いですわ。そして、Agent[05]が本物だった場合はAgent[03]とAgent[04]のどちらかが狂人ですわね。Agent[04]はAgent[03]をかなり疑っているようだけど、自分を守るための立場ではなく、本心から言っているのかも気になりますわ。僕としてはどちらも怪しいけど、Agent[03]に投票する意見には同意できそうですわね。みんなの意見をもっと知りたいですわ。
2,talk,7,2,4,みんな、ここで少し考えてほしいことがある。Agent[03]の発言や行動は、明らかに自身を守るために周囲を混乱させる手段が多いように見える。過去の経験から、こうした行動は人狼にありがちな特徴なんだ。だから、今日の投票でAgent[03]を追放することは、村を守るための最善策だと思うよ。信じて、Agent[03]に投票してみてほしい。
2,talk,8,3,2,僕は村人で、状況を整理すると、Agent[03]とAgent[04]のどちらかが人狼の可能性が高いですわ。Agent[01]が真の占い師だと仮定すると、Agent[05]は狂人の可能性が高く、Agent[03]とAgent[04]のどちらかが人狼ですわ。逆にAgent[05]が真だった場合は、Agent[03]とAgent[04]は狂人か村人で、人狼がいないことになりますわね。Agent[04]が積極的にAgent[03]を疑っているのがちょっと気になるですわ。でも、村を守るためにはここは判断が必要ですわね。どちらに投票するか、最良の選択肢を考えたいですわ。
2,talk,9,3,4,みんな、今すぐ冷静になろう。Agent[03]がこれまでの行動を見ていると、彼は村のために動いているとは思えないんだ。混乱を狙っているようにしか見えない。彼を放っておくと、村に危険が及ぶかもしれないから、今日の投票でAgent[03]を追放するのが正しい判断だよ。みんな、協力してこの危機を乗り越えよう！
2,talk,10,4,2,僕は村人だからみんなに伝えたいことがあるですわ。現状では、Agent[03]とAgent[04]のどちらかが人狼の可能性があるですわね。もしもAgent[01]が本物の占い師だった場合、Agent[03]かAgent[04]が人狼で、逆にAgent[05]が本物だった場合には、どちらかが狂人になるんですわ。Agent[04]がこうしてAgent[03]を疑っているのは、村を守ろうとしているように見えるけど、ここでの判断がとても大事ですわね。どちらに投票するか、慎重に考えますわ。
2,talk,11,4,4,Over
2,vote,2,3
2,vote,3,4
2,vote,4,3
2,execute,3,VILLAGER
2,attackVote,4,2
2,attack,2,true
3,status,1,SEER,DEAD,Mille1
3,status,2,VILLAGER,DEAD,kanolab1
3,status,3,VILLAGER,DEAD,CanisLupus1
3,status,4,WEREWOLF,ALIVE,sUper_IL1
3,status,5,POSSESSED,DEAD,UEC-IL1
3,result,0,1,WEREWOLF