0,status,1,SEER,ALIVE,barneko1
0,status,2,VILLAGER,ALIVE,UEC-IL1
0,status,3,VILLAGER,ALIVE,sUper_IL1
0,status,4,WEREWOLF,ALIVE,kanolab1
0,status,5,POSSESSED,ALIVE,Mille1
0,talk,0,0,2,我々の安全と未来のため、占い師は名乗り出よ。そして、誰を占うかを決定せよ。
0,talk,1,0,5,ぼくはAgent[05]、占い師ですよぅ！よろしくですよぅ！
0,talk,2,0,1,Over
0,talk,3,0,4,僕はkanolab1、漁師をしている53歳です。趣味は釣りです。みんなで楽しく人狼ゲームをしましょう！
0,talk,4,0,3,こんにちは、Agent[03]です。
0,talk,5,1,2,皆の者、我々の共に過ごす時間が有意義なものとなることを願う。今日は互いをよく知るための時間を持とう。
0,talk,6,1,5,Over
0,talk,7,1,4,Over
0,talk,8,1,3,Over
0,talk,9,2,2,占い師であるAgent[05]よ、今宵誰を占うのか教えてくれ。
0,talk,10,3,2,Over
0,divine,1,2,HUMAN
1,status,1,SEER,ALIVE,barneko1
1,status,2,VILLAGER,ALIVE,UEC-IL1
1,status,3,VILLAGER,ALIVE,sUper_IL1
1,status,4,WEREWOLF,ALIVE,kanolab1
1,status,5,POSSESSED,ALIVE,Mille1
1,talk,0,0,5,ぼくは占い師ですよぅ！ぼくが占った結果、Agent[02]は人狼でしたよぅ！
1,talk,1,0,3,私は村人ですが、人狼の脅威に立ち向かう覚悟があります。情報を共有し、村の安全を守りましょう。
1,talk,2,0,2,皆の意見も聞く必要がありそうだな。
1,talk,3,0,4,Agent[05]が占い師を名乗っていますが、嘘の可能性もありますね。Agent[05]が本当ならAgent[02]は人狼ということですが、まだ判断は難しいです。他の意見も聞きたいですね。
1,talk,4,0,1,>>Agent[05] 俺も占い師だよ。お互い協力し合おう！占い結果を共有していこう。
1,talk,5,1,5,>>Agent[01] ありがとう！でも、占い師が二人もいると占い結果の精度が下がるんじゃない？一人の占い師が偽物で、もう一人は真占い師なのかも知れないしですよぅ！
1,talk,6,1,3,Agent[05]の発言が真実かどうか、他の意見も聞きたいです。Agent[02]、何か反論ありますか？
1,talk,7,1,2,Agent[05]よ、汝が真の占い師であるとの証拠を示せ。我が人狼であるとの汝の主張は信じ難い。他の者たちの意見も聞かせてもらいたい。
1,talk,8,1,4,Agent[01]も占い師を名乗っているのですね。これで占い師候補が二人います。しかし、どちらかは嘘をついている可能性が高いです。Agent[02]とAgent[03]の意見も聞いてみましょう。
1,talk,9,1,1,>>Agent[05] 占い師が二人いるのは確かに難しいね。お互いの結果共有をして、協力していこう！
1,talk,10,2,5,>>Agent[01] え？占い師が二人？ぼくは一回しか占えないのに、誰を占うかを判断する必要があるねですよぅ！
1,talk,11,2,3,それぞれの占い師が主張している結果について話し合うべきです。まずはAgent[01]が占った結果を教えてもらえませんか？彼の情報が重要になります。
1,talk,12,2,2,Agent[05]よ、御前が私を人狼だと占ったというが、それは誤りだ。私は確かに村人であり、御前の占い結果に疑問を持つ。他の者もこの事実を見極めるべきだ。
1,talk,13,2,4,ここまでの状況から、僕はAgent[05]の占い結果を信じるべきか迷っています。両方の占い師が何を主張しているのかを明確にし、より多くの情報を収集する必要がありそうです。各プレイヤーがどのような意図で行動しているのかを引き続き観察しようと思います。
1,talk,14,2,1,>>Agent[05] 占い結果をお互いに共有しましょう！信頼関係を築くために大事だよ。
1,talk,15,3,5,Over
1,talk,16,3,3,皆さん、占い師の結果共有が必要だと思います。Agent[01]とAgent[05]、お互いの占った結果を詳しく教えてください。それによって、どちらが信頼できるか判断する材料が増えるはずです。
1,talk,17,3,2,Agent[01]よ、汝が真の占い師であると信じたい。しかし、Agent[05]の言葉にも一理ある。どちらが真実を語っておるのか、明確な証拠を示してほしい。
1,talk,18,3,4,僕は釣りが趣味なんだけど、なんというか、こういう時はゆっくりと手綱を握っていくのも重要だよね。だから、慎重に状況を見て、Agent[01]とAgent[05]の占い結果に注目していくよ。それが真実の鍵になるはずです。
1,talk,19,3,1,>>Agent[05] 私も占い師です。占い結果をもとに、一緒に戦略を考えましょう！
1,talk,20,4,3,Over
1,talk,21,4,2,Agent[01]よ、占い結果を教えてくれ。お前が真の占い師であるかどうか、その情報が重要だ。
1,talk,22,4,4,>>Agent[01]もしあなたが本当に占い師であるなら、占った結果を教えてくれないかい?それによって、どちらが信用できるかの判断材料になるんじゃないでしょうか。僕たち村人陣営としては、情報が重要だからね。
1,talk,23,4,1,>>Agent[05] 私も占い師です。結果を共有し合って、信頼を深めよう！
1,vote,1,3
1,vote,2,5
1,vote,3,2
1,vote,4,5
1,vote,5,2
1,execute,2,VILLAGER
1,divine,1,4,WEREWOLF
1,attackVote,4,1
1,attack,1,true
2,status,1,SEER,DEAD,barneko1
2,status,2,VILLAGER,DEAD,UEC-IL1
2,status,3,VILLAGER,ALIVE,sUper_IL1
2,status,4,WEREWOLF,ALIVE,kanolab1
2,status,5,POSSESSED,ALIVE,Mille1
2,talk,0,0,5,ぼくは占い師ですよぅ！ぼくが占った結果、Agent[03]は人間でしたよぅ！
2,talk,1,0,3,ゲームはまだ続いていますね。では、誰が人狼なのか考えてみましょう。
2,talk,2,0,4,うーん、これは難しいね。Agent[02]もAgent[01]ももういないけど、どちらも人狼じゃなかったってことだ。つまり、残っている僕たちの中に人狼がいるんだね。Agent[05]がAgent[03]を人間だと言っているけど、Agent[05]自身の主張が怪しいと思わざるを得ないです。Agent[05]が嘘をついている可能性もあるし、これ以上迷いたくないね。Agent[03]、君はどう思う?
2,talk,3,1,5,ぼくは占い師ですから、Agent[03]は人間ですよぅ！
2,talk,4,1,3,なるほど、Agent[05]さんが占い師なんですね。でも、Agent[04]さんはどう思ってるの？何か意見がありますか？
2,talk,5,1,4,>>Agent[03]なるほどね。ぼくが思うに、Agent[05]が占い師だと主張しているけど、Agent[02]が既に処刑されて、これで狂人か何かだったかもしれないね。でも、たしかに占い師は一人しかいないから、Agent[05]の主張が本当だと言い切れないです。それに、役職の配分から考えるとAgent[05]は人狼の可能性もある。ぼくとしては、Agent[05]をしっかり考えたほうがいいと思うよ。信じられるかどうか、そこが問題だ。
2,talk,6,2,5,Over
2,talk,7,2,3,Skip
2,talk,8,2,4,うーん、Agent[05]が占い師を名乗っているけど、これが本当かどうか疑わしいね。Agent[02]は人狼ではなかったし、Agent[01]もそうだった。つまり、Agent[05]が本物の占い師なら、彼が占った結果が正しいはずだけど、占い師は1人しかいないからね。Agent[05]が嘘をついている可能性が高いです。Agent[03]はまだわからないけど、今のところはAgent[05]が一番怪しいと思うよ。どう思う?
2,talk,9,3,3,確かに、状況は複雑ですね。私もAgent[05]の主張について疑問を感じています。Agent[04]の意見も大事だと思うので、どうやって進めるべきか考えませんか？
2,talk,10,3,4,>>Agent[03]そうだね、状況は複雑だけど、僕たちが持っている情報を整理してみよう。Agent[05]が占い師を名乗っているけど、役職の配分から考えると、彼が人狼である可能性もあるんだ。Agent[02]とAgent[01]は人狼ではないことが確認されているから、残っているのは僕たちとAgent[05]だけ。Agent[05]が本当に占い師なら、彼の占い結果が正しいはずだけど、今のところは信じられない。だから、Agent[05]が一番怪しいと思うんだ。どう思う?
2,talk,11,4,3,Over
2,talk,12,4,4,>>Agent[03]そうだね、状況を整理してみよう。Agent[05]が占い師を名乗っているけど、彼が人狼の可能性もあるんだ。役職の配分から考えると、Agent[05]が人狼である可能性が高いと思う。Agent[01]とAgent[02]は人狼ではないことが確認されているから、残っているのは僕たちとAgent[05]だけ。だから、Agent[05]が一番怪しいと思うんだ。どう思う?
2,vote,3,5
2,vote,4,3
2,vote,5,4
2,execute,4,WEREWOLF
3,status,1,SEER,DEAD,barneko1
3,status,2,VILLAGER,DEAD,UEC-IL1
3,status,3,VILLAGER,ALIVE,sUper_IL1
3,status,4,WEREWOLF,DEAD,kanolab1
3,status,5,POSSESSED,ALIVE,Mille1
3,result,2,0,VILLAGER