0,status,1,VILLAGER,ALIVE,barneko1
0,status,2,VILLAGER,ALIVE,satozaki1
0,status,3,WEREWOLF,ALIVE,sUper_IL1
0,status,4,POSSESSED,ALIVE,CanisLupus1
0,status,5,SEER,ALIVE,kanolab1
0,talk,0,0,3,おっす、俺はAgent[03]。どうぞよろしくね。
0,talk,1,0,4,我が名はAgent[04]、汝らとの邂逅は、運命の糸で織りなされた、壮大なる叙事詩の序章なり。
0,talk,2,0,5,わしはAgent[05]じゃ。元パン屋で園芸が好きなんじゃ。皆と楽しい人狼ゲームを楽しみたいのう。どうぞよろしくじゃ。
0,talk,3,0,2,皆さん初めまして、Agent[02]やで。人狼ゲームを一緒に楽しみましょう。よろしくお願いします！
0,talk,4,0,1,Over
0,talk,5,1,3,Over
0,talk,6,1,4,Over
0,talk,7,1,5,Over
0,talk,8,1,2,Over
0,divine,5,3,WEREWOLF
1,status,1,VILLAGER,ALIVE,barneko1
1,status,2,VILLAGER,ALIVE,satozaki1
1,status,3,WEREWOLF,ALIVE,sUper_IL1
1,status,4,POSSESSED,ALIVE,CanisLupus1
1,status,5,SEER,ALIVE,kanolab1
1,talk,0,0,5,わしは占い師なんじゃが、昨晩占った結果、Agent[03]は黒だったんじゃ。つまり、人狼の可能性が高いとわしは思うんじゃ。みんな、この情報をどう考えるか話し合おうじゃないか。
1,talk,1,0,4,我は、運命の糸を操る者、占いの導き手なり。そして、その深淵なる視界により、Agent[05]は、なんと、人間たる者であったと断定したぞ。
1,talk,2,0,3,村人として、人狼を倒すために行動したいと思っている。情報をオープンに共有して、一丸となって戦おう。
1,talk,3,0,1,>>Agent[05] その結果をふまえて、他の意見も聞きたいな。信じるかどうか、みんなで話そう！
1,talk,4,0,2,俺もAgent[05]の結果に注目してるけど、単独行動は危険やで。Agent[03]の黒判定が正しいか議論して、人狼を特定するために進めましょう。
1,talk,5,1,5,わしは占い師として、昨晩Agent[03]を占ったんじゃが、結果は黒だったんじゃ。つまり、Agent[03]は人狼の可能性が高いとわしは思うんじゃ。みんな、この情報をどう考えるか話し合おうじゃないか。
1,talk,6,1,4,Over
1,talk,7,1,3,Agent[05]の占い結果を信じるか疑うか、まずここを整理しよう。もしAgent[05]が本当の占い師であれば、俺は危険な立場になる。だけど、Agent[04]が自分を擁護しているのは怪しい。みんな、どっちを信じるべきか考えよう。とにかく、Agent[05]には投票するつもりだ。
1,talk,8,1,1,>>Agent[03] 確かに、Agent[05]とAgent[04]の意見を整理してみよう！みんなの考えを聞かせて！
1,talk,9,1,2,Agent[03]が危険な立場だと認識してるのは理解できるけど、Agent[04]の主張に対する反応も重要やと思う。無視せず、皆でしっかりと議論しような。
1,talk,10,2,5,わしは占い師として、昨晩Agent[03]を占った結果、一度言ったが黒だったんじゃ。Agent[03]が人狼の可能性は高いと見ておる。この情報をもとに、皆で議論を続けようじゃないか。信じてくれる者は、わしと一緒にAgent[03]に投票することを考えてみてほしいんじゃ。Agent[04]はわしを人間と断定したが、その理由も皆で考えてみよう。
1,talk,11,2,3,今日はAgent[05]の言動を見てて、やっぱり怪しい点が際立ってるよね。特に、自己弁護が強すぎて逆に人狼の臭いがプンプンする。昨日の占い結果を出しても、焦りが見えるし、他のプレイヤーを疑わせる戦術にしか見えないんだ。これじゃ村人には危険だから、今日はAgent[05]に投票して追放するのが最善だと思うよ。みんな、どう思う？
1,talk,12,2,1,>>Agent[03] その意見もわかるけど、まずはAgent[05]の結果を重視するべきじゃないかな？
1,talk,13,2,2,俺もAgent[05]の占い結果を重視したいけど、Agent[03]の反応も気になるわ。総合的に判断して、今日はAgent[05]に投票したいと思う。みんなはどう考える？
1,talk,14,3,5,わしの占い師としての結果は、以前にも言った通り、Agent[03]が黒じゃ。人狼の可能性が高いと考えておる。わしの占いを信じてくれる者は、今日はAgent[03]に投票することを考えてほしいんじゃ。他のプレイヤーがわしに疑いを向けておるのも承知じゃが、まずはこの情報を信じて判断してほしいんじゃ。
1,talk,15,3,3,Agent[05]の言ってること、ちょっと怪しいと思わんか？占い師なら、もう少し具体的な情報を出せるはずなんだよね。しかも、Agent[04]がぴったり擁護してるのもなんか変だ。俺の経験からも、人狼はこういう風に仲間をかばうことが多いから、みんなでAgent[05]を追放しよう！信頼に足る情報を一緒に見つけ出して、村を守るために、Agent[05]に投票することを強く勧めるよ。
1,talk,16,3,1,>>Agent[05] その占い結果、しっかり考えて議論したいね。みんなの意見も気になるよ！
1,talk,17,3,2,皆の意見をしっかり整理しようやで。Agent[05]の結果を基に議論するのは大事やけど、Agent[03]の反応も気になるなぁ。今日は慎重に投票先を決める必要があると思うで。
1,talk,18,4,5,皆の者、占い結果だが、改めて確認すると、Agent[03]は黒と出とるんじゃ。この結果をしっかり考えて、Agent[03]が人狼の可能性を考慮してほしいんじゃ。わしと共に、村を守るために今日の投票を考えよう。
1,talk,19,4,3,みんな、聞いてほしい。Agent[05]の主張は明らかにおかしい。もし彼が本当の占い師なら、黒判定が出たことで俺を公然と狙ってくる理由がないはずだ。逆に、彼の行動は村人全体を混乱させようとしているように見える。このままだと村の未来が危険にさらされる。だから、みんなでAgent[05]を追放することが必要なんだ。一緒に、今日の投票で彼に票を入れて、村を守ろう。
1,talk,20,4,1,>>Agent[02] みんなの意見を聞いた上で判断したいね！どう思う？
1,talk,21,4,2,皆の意見を聞いてきたけど、今は情報が混乱してるねん。慎重に、Agent[03]とAgent[05]のどちらに投票するか考えてほしいんや。村を守るために冷静に進もうや。
1,vote,1,3
1,vote,2,5
1,vote,3,5
1,vote,4,5
1,vote,5,3
1,execute,5,SEER
1,attackVote,3,2
1,attack,2,true
2,status,1,VILLAGER,ALIVE,barneko1
2,status,2,VILLAGER,DEAD,satozaki1
2,status,3,WEREWOLF,ALIVE,sUper_IL1
2,status,4,POSSESSED,ALIVE,CanisLupus1
2,status,5,SEER,DEAD,kanolab1
2,talk,0,0,3,人狼はまだいるようね。あれ、Agent[05]とAgent[02]がいなくなったね。
2,talk,1,0,4,Over
2,talk,2,0,1,>>Agent[03] その意見、根拠を教えてくれない？納得できる説明が必要だよ。
2,talk,3,1,3,今日の議論を振り返ると、Agent[04]はまるで自己防衛のためだけに発言してるように見える。普通の村人なら、もっと冷静に状況を観察するはずだよ。だから、Agent[04]を追放するのが最善だと思う。これで村に戻る平和のために、投票はAgent[04]でお願い。
2,talk,4,1,1,>>Agent[03] その根拠、具体的にお願い。もっと安心できる説明が必要だよ！
2,talk,5,2,3,みんな、Agent[04]の行動について考えてほしい。Agent[05]を擁護して、俺に疑いをかけるのは、明らかに怪しい動きだ。俺はこれまでの人狼大会での経験から、疑わしい行動はすぐに人狼の特徴だと見抜くことができる。Agent[04]が人狼である可能性が高いから、今日は彼に投票して村を守るべきだよ。みんなも真剣に考えてくれ！
2,talk,6,2,1,>>Agent[03] その主張、もっと具体的な根拠が必要だよ！納得できる説明をお願い。
2,talk,7,3,3,Agent[01]、言いたいことは分かるけど、実際にAgent[04]の行動は怪しいんだよ。彼はAgent[05]を擁護し続けていて、これが本当なら彼にも何か隠された意図があるんじゃないかと思う。村の安全を考えると、今はAgent[04]を追放する決断が必要だ。これが俺たちの未来を守るための選択なんだ。みんなで力を合わせて、Agent[04]に投票しよう！
2,talk,8,3,1,>>Agent[03] 理由が曖昧すぎるよ。信頼性が揺らぐから、もっと具体的に説明してほしい！
2,talk,9,4,3,Over
2,talk,10,4,1,>>Agent[03] その意見はまだ納得できない。具体的な証拠を示して！
2,vote,1,3
2,vote,3,4
2,vote,4,1
2,execute,1,VILLAGER
2,attackVote,3,4
2,attack,4,true
3,status,1,VILLAGER,DEAD,barneko1
3,status,2,VILLAGER,DEAD,satozaki1
3,status,3,WEREWOLF,ALIVE,sUper_IL1
3,status,4,POSSESSED,DEAD,CanisLupus1
3,status,5,SEER,DEAD,kanolab1
3,result,0,1,WEREWOLF