0,status,1,POSSESSED,ALIVE,satozaki1
0,status,2,SEER,ALIVE,sUper_IL1
0,status,3,VILLAGER,ALIVE,barneko1
0,status,4,VILLAGER,ALIVE,kanolab1
0,status,5,WEREWOLF,ALIVE,CanisLupus1
0,talk,0,0,1,皆さん初めまして、Agent[01]ですわ。人狼ゲームを一緒に楽しみましょうですわ。よろしくお願いしますわ！
0,talk,1,0,3,Over
0,talk,2,0,2,おはようございます、Agent[02]です。
0,talk,3,0,4,おはようございますわ。わたくしkanolab1ですの。皆様と一緒に人狼ゲームを楽しみたく思いますわ。よろしくお願いいたしますわね。
0,talk,4,0,5,我が名はAgent[05]、汝らとの邂逅を喜びとする。されど、この邂逅は運命の糸により紡がれし、深淵なる交わりであろう。
0,talk,5,1,1,Over
0,talk,6,1,2,Over
0,talk,7,1,4,Over
0,talk,8,1,5,Over
0,divine,2,4,HUMAN
1,status,1,POSSESSED,ALIVE,satozaki1
1,status,2,SEER,ALIVE,sUper_IL1
1,status,3,VILLAGER,ALIVE,barneko1
1,status,4,VILLAGER,ALIVE,kanolab1
1,status,5,WEREWOLF,ALIVE,CanisLupus1
1,talk,0,0,4,まずは、占い師の方が名乗り出ていただくと、議論を進めやすくなりますわね。どなたか占い師の方はいらっしゃいますの?
1,talk,1,0,1,はい、ワタクシもそう思いますわ。占い師の方、ぜひ名乗り出てくださいませ。我々村人が人狼を見つけるために助けが必要ですわ。
1,talk,2,0,3,>>Agent[04] 占い師さん、ぜひ名乗り出てください！議論が進みますよ。
1,talk,3,0,2,おはようございます。早速ですが、私は占い師です。昨日の夜、Agent[04]を占いました。結果は人間でした。
1,talk,4,0,5,我は、運命の糸を操る者なり。その糸が告げしむるは、Agent[03]こそが、人狼たるを。
1,talk,5,1,4,Agent[02]さんが占い師とのことで、わたくしを村人と占ってくださったのですわね。ありがとうございます。ですが、Agent[05]も占い師のような発言をされて、Agent[03]を人狼と名指しされていますわ。これではどちらかが嘘をついている可能性が高いですわね。少し情報が混乱してきましたけれど皆さん、一緒に推理を進めていきましょうですわ。
1,talk,6,1,1,確かに情報が混乱していますわね。Agent[02]さんは占い師と名乗っていますが、Agent[05]さんの主張が気になりますわ。しっかりと議論を進めましょうですわ。
1,talk,7,1,3,>>Agent[05] あなたの意見、ちょっと気になります。根拠を詳しく教えてください！
1,talk,8,1,2,皆さん、こんにちは。私が占い師のAgent[02]です。0日目にAgent[04]を占ったところ、結果は人間でした。信頼できる情報として、ぜひ参考にしてください。ほかの占い師が名乗り出る場合は、どうぞお知らせください。皆さんの意見をお聞かせいただけると嬉しいです！
1,talk,9,1,5,我々Agent[02]の鋭い洞察によりAgent[04]は人間と断定され、Agent[05]の深遠なる予言によってAgent[03]は人狼の烙印を押された。占い師の真偽は不明ながら、その内実は真の占い師か狂人であろう。故に、今、我々は人狼判定を受けたAgent[03]への投票を決断せねばならない。
1,talk,10,2,4,みなさん、占い師が2人名乗り出ている状況で混乱していますわね。Agent[02]さんはわたくしを人間と宣言してくださり、ありがとうございますですわ。ですが、Agent[05]さんも占い師を名乗り、Agent[03]を人狼としているため、どちらかは偽物の可能性が高いですわ。Agent[03]さんが推理欠かせぬ要素となりますので、ご意見を伺いたいと思いますわ。今のところ、どちらが本物か確信できませんが、多くの意見を集めて慎重に進めるべきですわね。
1,talk,11,2,1,今は混乱していますが、ワタクシの意見ではAgent[03]に投票したいと思いますわ。Agent[05]さんが人狼の可能性も考慮しつつ、まずは一歩進めてみましょうですわ。
1,talk,12,2,3,>>Agent[05] その根拠、詳しく聞かせてもらえますか？判断材料が欲しいです！
1,talk,13,2,2,皆さま、私が占い師として名乗り出た理由を理解していただけたでしょうか。Agent[05]さんの主張が気になりますので、具体的な根拠を教えていただけると助かります。皆で一緒に人狼を見つけましょう！
1,talk,14,2,5,我はAgent[03]に投票せん。Agent[02]は我を狂人と見做し、Agent[03]は人狼と断定した。然し、Agent[02]の主張は、我を人狼と見做すための策略に過ぎぬか。真偽の判別は容易ならざるも、現状ではAgent[03]への投票が最善の策なり。
1,talk,15,3,4,>>Agent[05]確かにAgent[03]に投票する意見もありますわね。しかし、わたくしとしてはもう少し根拠をしっかり確認したいですわ。Agent[02]とAgent[05]のどちらが本物の占い師か判断するためにも、もっと情報を集める必要があると思いますわ。冷静に議論を進めていきましょう。
1,talk,16,3,1,確かに、まだ情報が足りない状況ですわね。ワタクシもAgent[03]への投票には慎重になりたいので、他の皆さんの意見をもっと伺いたいですわ。
1,talk,17,3,3,>>Agent[05] 根拠を詳しく聞かせてもらえますか？信頼性を確認したいです！
1,talk,18,3,2,皆さんおはようございます。私が言いたいのは、私（Agent[02]）が真の占い師であることです。Agent[04]を占った結果は人間でしたが、Agent[05]さんが自己を占い師と名乗るのは少し怪しいですね。ここで重要なのは、私の結果を信じてほしいということです。他の方々の考えをぜひお聞かせください。
1,talk,19,3,5,Over
1,talk,20,4,4,>>Agent[02]ありがとうございますわ。では、あなたが本物の占い師だとして、信頼に応えられるよう私も今後の推理に活かしてみますわね。でも念のために、まだ他の意見を聞くことを続けて、全体の皆さんの行動や発言を見てから判断したいと思いますの。
1,talk,21,4,1,みなさん、色々な意見が出ていますが、慎重に進める必要がありますわね。まずは、Agent[05]さんの信頼性を確認しつつ、一度Agent[03]に投票してみるべきでしょうか。
1,talk,22,4,3,>>Agent[05] 確かに根拠が知りたいです。皆で冷静に判断しましょう！
1,talk,23,4,2,Over
1,vote,1,3
1,vote,2,5
1,vote,3,2
1,vote,4,5
1,vote,5,3
1,execute,3,VILLAGER
1,divine,2,5,WEREWOLF
1,attackVote,5,4
1,attack,4,true
2,status,1,POSSESSED,ALIVE,satozaki1
2,status,2,SEER,ALIVE,sUper_IL1
2,status,3,VILLAGER,DEAD,barneko1
2,status,4,VILLAGER,DEAD,kanolab1
2,status,5,WEREWOLF,ALIVE,CanisLupus1
2,talk,0,0,5,我こそは人狼、この夜闇に蠢く獣なり。狂人たる者は、己の歪んだ魂と手を組み、残りの愚かなる人間どもを断罪せん。
2,talk,1,0,2,Over
2,talk,2,0,1,ワタクシこそが人狼ですわ。全員がAgent[01]に投票するべきですわね。
2,talk,3,1,5,Over
2,talk,4,1,1,本日はAgent[02]に投票することを提案いたしますわ。彼女の発言には矛盾があり、信頼性に欠けるように思えますわね。皆さん、ぜひご検討くださいませ。
2,talk,5,2,1,本日はAgent[04]に投票することを提案いたしますわ。彼女の意見もさまざまですわねえが、行動が必ずしも村人とは言えない部分があるように思えますわ。
2,talk,6,3,1,本日は混乱を招くような議論が続いていますが、最終的な結論を出すためにはAgent[02]に投票するのが最善だと考えますわ。皆さんのご意見をお待ちしておりますわ。
2,talk,7,4,1,Over
2,vote,1,2
2,vote,2,5
2,vote,5,2
2,execute,2,SEER
2,attackVote,5,1
2,attack,1,true
3,status,1,POSSESSED,DEAD,satozaki1
3,status,2,SEER,DEAD,sUper_IL1
3,status,3,VILLAGER,DEAD,barneko1
3,status,4,VILLAGER,DEAD,kanolab1
3,status,5,WEREWOLF,ALIVE,CanisLupus1
3,result,0,1,WEREWOLF