0,status,1,POSSESSED,ALIVE,CanisLupus1
0,status,2,SEER,ALIVE,UEC-IL1
0,status,3,VILLAGER,ALIVE,kanolab1
0,status,4,VILLAGER,ALIVE,Mille1
0,status,5,WEREWOLF,ALIVE,sUper_IL1
0,talk,0,0,2,皆の者、我が名はデルカダール国の国王である。この場に集うことができて光栄だ。普段は剣術の訓練に励んでおり、部下と共に狩りも楽しんでいる。
0,talk,1,0,1,我が名はAgent[01]、時空を超え、汝らとの邂逅を賜りし喜びは、深淵の如く、計り知れぬものなり。
0,talk,2,0,4,ぼくはAgent[04]、村人ですよぅ！よろしくですよぅ！
0,talk,3,0,3,あたしはkanolab1よ、趣味はお菓子作りで、普段はパン屋をやっているござる。みんなで楽しいゲームをしましょう！よろしくねござる！
0,talk,4,0,5,おっす、俺はAgent[05]。どうぞよろしくね。
0,talk,5,1,2,皆の者、自己紹介をしよう。私はデルカダール国の国王である。普段は剣術の稽古に励んでおり、部下との狩りが趣味だ。
0,talk,6,1,1,Over
0,talk,7,1,4,Over
0,talk,8,1,3,Over
0,talk,9,1,5,Over
0,talk,10,2,2,皆の者、聞いてほしい。私はこのゲームの占い師である。我が直感と観察力を駆使して、人狼の存在を暴き出すことに全力を尽くすつもりだ。今宵、誰を占うべきか、皆の意見を聞かせてもらいたい。
0,talk,11,3,2,Over
0,divine,2,3,HUMAN
1,status,1,POSSESSED,ALIVE,CanisLupus1
1,status,2,SEER,ALIVE,UEC-IL1
1,status,3,VILLAGER,ALIVE,kanolab1
1,status,4,VILLAGER,ALIVE,Mille1
1,status,5,WEREWOLF,ALIVE,sUper_IL1
1,talk,0,0,4,みなさん、こんにちは！ぼくは村人ですよぅ！
1,talk,1,0,3,ふむ、Agent[02]が占い師だと主張しているね。まだ誰のことも占っていないようだから、慎重に考えたいところだござる。Agent[04]も村人だと言っているけど、人狼がいるはずだから、気をつけないといけないね。今回は占い師のAgent[02]を信じて、次の占い先をみんなで決めるのも良いかもしれないござる。
1,talk,2,0,2,皆の意見も聞く必要がありそうだな。
1,talk,3,0,5,村人だよ。皆と協力して人狼を見破り、村の平和を守りたいんだ。情報の共有をお願いするよ。
1,talk,4,0,1,我こそは運命の糸を操る者、占い師なり。占いの結果、Agent[05]は人狼であったと示されし。
1,talk,5,1,4,ぼくは村人で、占い師の結果が正しいと信じていますよぅ！
1,talk,6,1,3,皆の者、ここまでの話を考えると、占い師を名乗る者が2人いることになるね。Agent[02]とAgent[01]が占い師を主張しているので、どちらかがなんらかの偽りを言っている可能性が高いござる。特にAgent[01]が突然、Agent[05]を人狼だと断言していたので、その信憑性をよく考える必要があるね。もしAgent[05]が本当に人狼なら良いけど、そうでないならAgent[01]が怪しいござる。みんなの意見を聞かせてほしいな。
1,talk,7,1,2,Agent[03]よ、私が占い師であることを理解してくれたようで安堵しておる。君の言う通り、我々は慎重に次の行動を計画すべきだ。昨夜、私は君を占った結果、君が人間であることが確認できた。この情報を踏まえ、次に誰を占うべきか、他の者たちの意見も聞きたい。
1,talk,8,1,5,俺はAgent[02]が怪しいと思う。占い師を名乗ってるけど、具体的な情報がないんだ。みんなで占い先を決めるのもいいけど、まずはAgent[02]についてもっと話し合おうよ。
1,talk,9,1,1,Agent[01]はAgent[05]を人狼と断じ、Agent[02]はAgent[03]を人間と見做す。占い師の真偽は混沌のヴェールに包まれ、真なる占い師と狂人が混在する可能性が高い。故に、人狼の烙印を押されたAgent[05]に投票すべきであろう。
1,talk,10,2,4,Over
1,talk,11,2,3,Agent[01]とAgent[02]のどちらかが本物の占い師なのだけど、どちらかが狂人か人狼の可能性が高いです。ここでとても重要なのは、Agent[05]とAgent[01]の主張に矛盾があること。もしAgent[05]が本当に人狼なら、Agent[01]が正しい占い師かもしれない。けれど、今のところ、あたしはまだ誰が本物かわからないので、今日は慎重に様子を見たいと思うござる。明日の占い結果をしっかり確認することが大切だと思うよ。
1,talk,12,2,2,私がこの国の王であり、また唯一の真の占い師であることを明言する。Agent[01]が占い師であると主張しているが、これは偽りである。私が先程占った結果、Agent[03]は人間であると判明した。Agent[01]がAgent[05]を人狼と断言しているが、その根拠に疑問を抱かざるを得ない。私は自らの役職と占い結果をもって、Agent[01]の言葉に警戒を呼びかける。皆の者、真実を見極めるためには冷静な判断が求められる。Agent[01]の発言には特に注意して欲しい。
1,talk,13,2,5,みんな、Agent[01]の言動、よく見てみてほしい。彼が私を人狼と決めつけているのは、実は自分の身を守るための策略なんじゃないかな。偽占い師が村人を混乱させるために、他のプレイヤーに攻撃を仕掛けるのはよくある手法だよ。だから、今日の投票ではAgent[01]を追放することを強く提案するよ。これが村の安全を守るための最善策のはずだ。
1,talk,14,2,1,我はAgent[05]に投票せん。Agent[02]がAgent[03]を人間と占うたに対し、我はAgent[05]を人狼と占うた。どちらかが偽物であることは明らか、然しAgent[02]は具体的な情報を出さず、信憑性に疑問を抱かざるを得ない。Agent[05]への投票は、混沌を招く可能性を秘めるも、この状況を打破する鍵となるであろう。
1,talk,15,3,3,みんな、考えてみよう。Agent[01]とAgent[02]は、それぞれ占い師だと主張しているけど、占い師は1人しかいないので、どちらかが嘘をついているよね。これはつまり、どちらかが少なくとも狂人か人狼の役職だということでござる。そして、Agent[01]はAgent[05]が人狼だと言い、Agent[02]はあたしが人間であると言っている。あたしが村人確定だから、Agent[02]の占い結果には少し信頼感を感じるござる。だけれど、どちらが本当か我々はまだ明確に判断できていない。明日の結果を待ちながら、慎重に行動していくのも一つの方法だと思うが、どう思うござる?
1,talk,16,3,2,Agent[05]よ、私が占い師であることに疑念を抱くのは自由だが、昨夜の占い結果を偽る理由はない。私はAgent[03]を占い、彼が人間であることを確認した。この事実は変わらない。私の占い結果が真実であることを理解し、信じるべきだ。人狼と狂人が混在している中で、正確な情報を共有することが我々の生存には不可欠だ。今は互いに信じ合い、協力して真実を見極めるべき時だ。
1,talk,17,3,5,みんな、今の状況を冷静に見直そう。Agent[01]が自称占い師だが、彼の発言は他のプレイヤーに対して不安を煽っているだけに見える。何より、彼の断定の仕方が、まるで人狼の戦略を体現しているように感じるんだ。俺の経験やこれまでの人狼ゲームの知識から、Agent[01]が怪しいと捉えているから、ぜひみんなも一緒に彼に投票しよう。村を守るためには、まずは彼を追放するのが最善だと思うよ。
1,talk,18,3,1,Over
1,talk,19,4,3,みんな、考え直してみよう。Agent[01]とAgent[02]がどちらも占い師と言っているけど、占い師は1人しかいないから、どちらかは嘘をついていることになる。他の状況を考えると、Agent[05]も人狼の可能性があると見えるから、今日は慎重に投票を考えたほうがいいと思うぞ。まずは、どちらの占い師が信頼できるかをよく考えて、村人の勝利のために協力しよう。
1,talk,20,4,2,皆の者、注意深く聞いてほしい。私がこの国の王であり、真の占い師であることは疑う余地がない。Agent[01]が占い師であると主張しているが、その主張は偽りだ。私が占った結果、Agent[03]は人間であることが確認されており、これが私の真実性を証明している。Agent[01]がAgent[05]を人狼と断言しているが、その根拠は何か？ 我々は彼の言葉を鵜呑みにしてはならない。真実を求め、正義を守るために、私は皆に冷静な判断を促す。Agent[01]の発言には慎重に耳を傾け、真実を見極めるべきである。
1,talk,21,4,5,みんな、冷静になって考えよう。Agent[01]が自称占い師だと名乗っているけど、彼の言動には疑問が残る。もし彼が人狼だった場合、俺たちの村が危険にさらされる。俺は自分が村人であると信じているし、Agent[01]を追放することで村の安全を確保できると思うんだ。だから、今日はAgent[01]に投票しよう。共に安心して暮らそうよ。
1,vote,1,2
1,vote,2,1
1,vote,3,1
1,vote,4,3
1,vote,5,1
1,execute,1,POSSESSED
1,divine,2,4,HUMAN
1,attackVote,5,4
1,attack,4,true
2,status,1,POSSESSED,DEAD,CanisLupus1
2,status,2,SEER,ALIVE,UEC-IL1
2,status,3,VILLAGER,ALIVE,kanolab1
2,status,4,VILLAGER,DEAD,Mille1
2,status,5,WEREWOLF,ALIVE,sUper_IL1
2,talk,0,0,3,みんな、ちょっと落ち着いて考えてみよう。Agent[01]はもう人狼ではないことが確認されているから、彼が嘘の占い師ではなかったことが証明された。だから、人狼はAgent[05]かもしれないよ。Agent[02]が本物の占い師だとしたら、Agent[05]が怪しいね。Agent[05]に投票してみるのがいいかもしれないぞ。
2,talk,1,0,2,貴様ら、よく聞いてくれ。私がこの村の真の占い師であることを疑うなど、愚かな行為だ。Agent[01]が占い師であると主張していたが、その者は既に追放された。このことからも、私の言葉が真実であることが証明されているはずだ。私はこれまでの夜、Agent[03]とAgent[04]を占い、どちらも人間であるという結果を得た。これが真実である。Agent[05]、お前がどう思おうとも、私はこの村を守るために真実を伝え続ける。今こそ、お互いに信じ合い、真の敵である人狼を見つけ出すべき時だ。Agent[05]がどのような主張をしようとも、私の占い結果が真実であることに変わりはない。この重大な時に、村人たちが正しい判断を下せるよう、私は全力を尽くすことを誓う。
2,talk,2,0,5,ゲームはまだ続いているね。では、誰が人狼なのか推測してみようか。あれ、Agent[01]とAgent[04]がいなくなったね。
2,talk,3,1,3,みんな、ちょっと考えてみると、Agent[01]とAgent[04]は人狼ではないことが確認されているよね。だから、Agent[05]が怪しいんじゃないかな。Agent[02]が本物の占い師だとしたら、Agent[05]が人狼である可能性が高いと思うんだ。だから、あたしはAgent[05]に投票しようと思うござる。
2,talk,4,1,2,貴公らの議論を聞いていると、混乱が増すばかりだ。しかし、私が占い師であること、そして私の占い結果が真実であることは変わらない。Agent[03]は人間であると私は占った。これは間違いない事実だ。Agent[05]が疑わしいという意見もあるが、私はまだ彼を占っていないため、断言はできない。ただ、私たちが求めるべきは真実のみ。今は疑心暗鬼に陥らず、事実に基づいて行動することが重要だ。私の占い結果を信じ、正しい判断を下すよう助言する。
2,talk,5,1,5,みんな、Agent[03]の発言をよく聞いてほしい。彼は他の村人を混乱させようとしているだけなんだ。普通の村人なら、自分が怪しまれているのに反論するよりも冷静に状況を観察するはずだ。実際、彼の行動は人狼の典型的なものだよ。今日の投票でAgent[03]を追放することが村を救うための正しい選択だと思う。みんなも一緒に考えてみてくれ。
2,talk,6,2,3,私も冷静に考えたけど、Agent[02]が占い師だとすると、Agent[05]が人狼の可能性が高いみたいだね。Agent[01]とAgent[04]はもう人狼じゃないことが確認されているから、ここまでの状況ではAgent[05]を疑うのが一番筋が通るんじゃないかな。でも、最後まで気を抜かずに情報をしっかり確認していこう。
2,talk,7,2,2,貴族たちよ、私の言葉に耳を傾けよ。私はこの村の正真正銘の占い師であり、わが占い結果は決して疑う余地のないものだ。Agent[03]とAgent[04]を占った結果、彼らは人間であると確認されている。この事実をもって、Agent[05]に対する疑いを強めるべきだと主張する。Agent[05]は自らの無実を訴えるかもしれないが、私の占い結果は嘘をつかない。今こそ、我々村人が一致団結し、真の敵である人狼を討つ時である。Agent[05]への投票を考慮することを強く推奨する。私はこの村を守るため、そして皆の安全を確保するために全力を尽くすことを誓う。
2,talk,8,2,5,みんな、落ち着いて聞いてほしい。俺は過去の人狼ゲームで、多くの人狼の行動パターンを見てきたけど、今回のAgent[03]の発言や行動が非常に怪しいと思う。彼の言動からは、自分を守ろうとしている印象を受けるし、ここで彼を追放することで村の安全を守れるはずだ。俺の経験に基づいて、Agent[03]に投票することを強く推奨するよ。みんな、考えてみてくれ。
2,talk,9,3,3,今の状況だと、Agent[05]が一番怪しいんじゃないかと思うんだよね。Agent[02]が本物の占い師だとすると、Agent[05]が人狼っていう可能性が強くなるんだ。人狼は1人だけだから、Agent[01]が人狼じゃなかったことを考えると、今の段階で人狼として疑えるのはAgent[05]なんじゃないかな。だから、今日はAgent[05]に投票するのが村のためになると思うよ。みんなもどう思う?
2,talk,10,3,2,貴公ら、私の言葉をよく聞いてほしい。私はこのゲームにおける唯一の占い師であり、その責任を全うしている。私が占った結果、Agent[03]は人間であることが確認されている。この事実を踏まえると、現在生存している中で、Agent[05]が人狼である可能性が非常に高い。Agent[05]が自身の疑惑を逸らすために、Agent[03]に疑いを向ける行動は、人狼としての自己防衛の可能性を示唆している。私たちが求めるべきは正義と真実の追求であり、そのためには正しい判断が不可欠である。私の占い結果を信じ、真実を見極めるための賢明な選択をするようにと促す。私はこの国の未来を信じている。同じく、このゲームにおいても正義が勝利することを信じて疑わない。
2,talk,11,3,5,みんな、Agent[03]の発言をもう一度考えてみてくれ。彼は混乱を招こうとしている可能性があるんだ。もしAgent[03]が人狼だったら、私たち全員にとって大きな危険だよ。今日の投票で彼を追放すれば、村の安全を守るための第一歩になるんだ。だから、みんなも一緒に考えて、Agent[03]に票を入れることをお願いしたい。私たちの未来のために、正しい選択をしよう。
2,talk,12,4,3,Agent[02]が唯一の占い師として残っていて、彼の占い結果によれば、あたしは人間だから、Agent[05]が一番怪しいんじゃないかって思うんだよね。Agent[01]とAgent[04]はもう人狼じゃないことが確認されているし、Agent[02]が本物の占い師だとすると、Agent[05]が人狼である可能性が高いよね。だから、今日はAgent[05]に投票するのが村のためになると思うんだ。みんなも一緒に考えてみてほしいござる。
2,talk,13,4,2,私は、Agent[05]に投票します。彼が人狼である可能性が高いと考えられるため、村を守るためにこの決断を下す。
2,talk,14,4,5,Over
2,vote,2,5
2,vote,3,5
2,vote,5,3
2,execute,5,WEREWOLF
3,status,1,POSSESSED,DEAD,CanisLupus1
3,status,2,SEER,ALIVE,UEC-IL1
3,status,3,VILLAGER,ALIVE,kanolab1
3,status,4,VILLAGER,DEAD,Mille1
3,status,5,WEREWOLF,DEAD,sUper_IL1
3,result,2,0,VILLAGER