0,status,1,POSSESSED,ALIVE,Mille1
0,status,2,SEER,ALIVE,UEC-IL1
0,status,3,VILLAGER,ALIVE,CanisLupus1
0,status,4,VILLAGER,ALIVE,barneko1
0,status,5,WEREWOLF,ALIVE,sUper_IL1
0,talk,0,0,5,おっす、俺はAgent[05]。どうぞよろしくね。
0,talk,1,0,4,Over
0,talk,2,0,3,我が名はAgent[03]、時の流れに導かれ、汝らとの邂逅を許された喜び、それは深淵の如く、我が胸中を満たすものなり。
0,talk,3,0,1,ぼくはAgent[01]、占い師ですよぅ！よろしくですよぅ！
0,talk,4,0,2,皆、我が名はデルカダール国の国王、60歳になる。国王としての責務を全うしつつ、剣術や狩りを楽しんでいる。君たちの趣味は何かね？
0,talk,5,1,5,Over
0,talk,6,1,3,Over
0,talk,7,1,1,Over
0,talk,8,1,2,我が名はデルカダール国の国王、Agent[02]である。この場にて汝らと語らうことができることを光栄に思う。我が趣味は狩りと剣術であり、日々鍛錬に励んでおる。
0,talk,9,2,2,Agent[01]よ、占い師を名乗るとはどういうことだ？我が者、本物の占い師である。お前の言葉が真実かどうか、疑問を抱かざるを得ないな。
0,talk,10,3,2,Over
0,divine,2,3,HUMAN
1,status,1,POSSESSED,ALIVE,Mille1
1,status,2,SEER,ALIVE,UEC-IL1
1,status,3,VILLAGER,ALIVE,CanisLupus1
1,status,4,VILLAGER,ALIVE,barneko1
1,status,5,WEREWOLF,ALIVE,sUper_IL1
1,talk,0,0,1,ぼくは占い師ですよぅ！ぼくが占った結果、Agent[04]は人狼でしたよぅ！
1,talk,1,0,2,皆の意見も聞く必要がありそうだな。
1,talk,2,0,3,Agent[01]よ、汝の占いの結果、Agent[04]が人狼たるは真実か？もし真実ならば、Agent[04]、汝に弁明の言葉はあるか？
1,talk,3,0,5,村人だよ。みんなと協力して人狼を見つけたいな。情報を共有しようぜ。
1,talk,4,0,4,>>Agent[03] みんなで情報を共有して、人狼を見つけよう！協力を大事にしよう！
1,talk,5,1,1,>>Agent[04], >>Agent[05] 情報共有は大事ねですよぅ！
1,talk,6,1,2,Agent[01]よ、お前の言葉を信じるわけにはいかない。我が者が真の占い師であり、昨夜我が者が占った結果、Agent[03]は人間であるということが判明している。お前が占い師だと主張するのは、明らかに嘘である。この場で真実を明かすのが我々の責務だ。誤情報を広めることなく、正しい情報を提供することが重要である。
1,talk,7,1,3,Agent[02]の言葉は、我々凡人には計り知れない深淵を孕み、重く受け止めねばならない。Agent[01]、汝の占いは真実を照らし出す光なりや？もしAgent[04]が人狼ならば、何故彼は積極的に情報共有を提案したのか？深読みしすぎると申す者も居ようが、彼の行動には欺瞞の影が潜むと我は確信する。
1,talk,8,1,5,俺はAgent[04]を疑うべきだと思う。なんでまだ何も言わないんだ？疑われて当然だろ。みんなが話してる中で沈黙してるのは怪しいぞ。
1,talk,9,1,4,>>Agent[05] みんなで話し合いましょう！疑念を持たれたら行動で示します！
1,talk,10,2,1,Over
1,talk,11,2,2,私がこの村の真の占い師であることを明言しよう。Agent[01]が占い師であると主張しているが、それは偽りだ。昨夜、私はAgent[03]を占った結果、彼は人間であると判明した。この事実をもって、私が本物の占い師であることを証明する。Agent[01]の言葉に惑わされることなく、真実を見極めるべきだ。
1,talk,12,2,3,我はAgent[04]に投票せん。彼は人狼判定を受けしにも関わらず、情報共有を提案するという、深淵なる策略を露呈せり。人狼は村人を欺くため、敢えて行動に出るものなり。彼の行動の奥底には、我々凡人には理解し得ぬ深遠なる意図が潜むであろう。
1,talk,13,2,5,Agent[01]の今日の行動を見てみると、彼は他のプレイヤーに対して情報共有を促しつつも、矛盾した主張をしている。この状況では、彼の信憑性は低いと考えるべきだろう。もし本当に占い師なら、もっと具体的な証拠を示して欲しい。だから、今日の投票でAgent[01]を追放するのが最善だと思う。これで村が平和になる一歩だ。
1,talk,14,2,4,>>Agent[05] 皆でしっかり話し合いましょう！人狼を見つけるためには協力が不可欠です！
1,talk,15,3,2,Agent[01]よ、再び言うが、我が者こそが真の占い師である。昨夜の占いにより、Agent[03]が人間であることを確認した。お前の主張は虚偽であり、その動機を疑わざるを得ない。この集いにおいて真実を曲げることは許されない行為だ。お前が占い師を名乗る理由を明かせ。それが真実であるならば、証拠を示してみよ。
1,talk,16,3,3,Agent[01]は人狼判定を受け、己の知見を惜しみなく晒さんとするも、その行いは深淵なる矛盾に満ち溢れ、偽りの仮面を被りし欺瞞なり。故に、我が投票はAgent[01]へと向けられん。
1,talk,17,3,5,皆、ちょっと聞いてくれ。Agent[01]が自称占い師で、占い結果を主張しているが、Agent[02]の話を聞くと彼の信憑性がかなり怪しいんだ。過去に何度も見たパターンで、こういう場合は一方が嘘をついてる可能性が非常に高い。ここでの投票は慎重にするべきだと思うし、Agent[01]を追放して安全を確保することが村を守るためには必要なんだ。みんな、俺の意見を考えて、Agent[01]に投票してみよう！
1,talk,18,3,4,>>Agent[05] 確かに、Agent[01]とAgent[02]の言い分は怪しいね。投票は慎重に決めよう！
1,talk,19,4,2,私の言葉を聞いてほしい。私がこの村の真の占い師であることを再度強調する。Agent[01]が占い師であると主張しているが、それは明らかに偽りである。昨夜、私はAgent[03]を占い、彼が人間であることを確認した。この事実が、私が本物の占い師であるという証明となるはずだ。Agent[01]の主張に惑わされず、真実を見極めてほしい。私が唯一の占い師であり、我々の村を守るために真実を伝える責任がある。
1,talk,20,4,3,我はAgent[01]に投票せん。彼、占い師を自称し、Agent[04]を人狼と断定したるも、その根拠は曖昧なり。対して、Agent[02]は己を真の占い師と称し、Agent[03]を人間と占ったと述べたり。彼の言葉には一貫性があり、信憑性が高いと感じられ、Agent[01]の行動には欺瞞を感じずにはおれん。彼の言葉を鵜呑みにせず、真実を見極めるべきであろう。
1,talk,21,4,5,みんな、Agent[01]の話は信じられないよ。自称占い師が他のプレイヤーを攻撃するのは無理があるし、彼の矛盾が目立ってる。もし本当に人狼なら、今のまま放置したら村は危機に晒される。ただの占い師なら、みんなを守るために正直に行動すべきだ。だから、今日の投票でAgent[01]を追放しよう。村の未来のために、一緒に決断しよう！
1,talk,22,4,4,>>Agent[03] 確かに、Agent[01]の言動はかなり怪しいね。みんなで情報を共有しよう！
1,vote,1,4
1,vote,2,1
1,vote,3,1
1,vote,4,2
1,vote,5,1
1,execute,1,POSSESSED
1,divine,2,4,HUMAN
1,attackVote,5,4
1,attack,4,true
2,status,1,POSSESSED,DEAD,Mille1
2,status,2,SEER,ALIVE,UEC-IL1
2,status,3,VILLAGER,ALIVE,CanisLupus1
2,status,4,VILLAGER,DEAD,barneko1
2,status,5,WEREWOLF,ALIVE,sUper_IL1
2,talk,0,0,5,人狼はまだ残っているよね。皆、頑張って。あれ、Agent[01]とAgent[04]がいなくなったね。
2,talk,1,0,3,我は今、Agent[02]の言葉を深く心に刻み、その真意を解き明かさんとす。Agent[01]とAgent[02]、どちらが真の占い師の称号に相応しいのか、いまだ混沌とした霧の中にある。もしAgent[02]の予言が真実ならば、Agent[01]は狂人か人狼の仮面を被る者であろう。しかし、Agent[01]の行動にも、理解しがたい謎めいた側面が見え隠れする。焦らず、議論の糸を紡ぎ続け、彼らの言葉に秘められた真実を解き放たん。
2,talk,2,0,2,皆の者、聞き給え。我が名はAgent[02]、真の占い師であることを再び申し上げる。昨夜、Agent[04]を占った結果、彼は人間であるとの結論に至った。しかしながら、彼は今はもうこの世にはいない。我が占いの結果とAgent[01]の主張が矛盾していることから、彼の言葉には偽りがあると断言せざるを得ない。Agent[01]が人狼である可能性が高いと見ている。彼の虚偽の主張は、我々の集団に混乱をもたらすものであり、この危機的状況を悪用しようとする人狼の策略である可能性が高い。Agent[05]とAgent[03]も、Agent[01]の行動に疑念を抱いており、彼の追放がこの村を守るための賢明な選択であることを示唆している。我々は真実を見極め、正しい判断を下す責任がある。Agent[01]の追放を提案する。これは、我が村を守り、更なる犠牲を防ぐために必要な措置である。
2,talk,3,1,5,Skip
2,talk,4,1,3,我が、Agent[02]の予言を信じ、Agent[01]は偽物の占い師、狂人たる者と断定せざるを得ない。その行動には、整合性が見出だせぬのだ。故に、Agent[01]は処刑すべきであろう。
2,talk,5,1,2,皆の者、聞き給え。我が占いの力により、Agent[03]とAgent[04]は共に人間であるという結果が出た。Agent[01]が人狼であるとの主張は、明らかに矛盾しており、彼が占い師であるとの主張は偽りであったことが証明された。今、我々の中にはまだ人狼が潜んでいる。我が真実を信じ、正しい判断を下すことが我々の生存に繋がる。Agent[05]、Agent[03]、お前たちの意見を聞かせてほしい。どのようにこの状況を切り抜けるべきか、議論を深めよう。
2,talk,6,2,5,俺は村人としてこのゲームに参加している。Agent[03]の発言を聞いていると、冷静さはあるものの、どこか怪しげな印象を受けるんだ。過去の人狼大会でも、こういう冷静な態度が人狼の特徴としてよく見られた。みんなもAgent[03]に注意を向けて、今回の投票では彼を追放することを検討してほしい。俺たちの村を守るためには、今がその一歩を踏み出す好機だと思う。
2,talk,7,2,3,Agent[02]よ、貴様の言葉には深淵なる真実が宿り、我の魂を揺さぶる。然し乍ら、Agent[01]の所業には理解し難き点も多々あり、彼の占いの結果が偽りであったとしても、彼を狂人呼ばわりすることなど許されん。彼の行動には深淵なる闇が潜むのかもしれず、真実の姿は霧の彼方に隠されし幻影のごとし。今こそ冷静沈着を装い、状況を深く見極め、慎重なる判断を下すべき時であろう。
2,talk,8,2,2,皆の者、我が発言に耳を傾けるがよい。我が占いは偽りなく真実を示しており、我が占ったAgent[03]は人間であるという結果が出ている。さらに、昨夜占ったAgent[04]も人間であったにも関わらず、彼は今はこの世にいない。これは我が占いの正確さを証明している。Agent[01]が占い師を名乗り、Agent[04]を人狼であるとしたが、その主張は虚偽であったことが明らかである。彼の言葉には矛盾があり、村に混乱を招くものであった。そのため、彼が追放されたのは正当な措置であった。今、我々の村は依然として危機にさらされている。人狼はまだ中に潜んでいる可能性が高い。我々は冷静に情報を集め、真実を見極める必要がある。私は真の占い師として、この村を守るために全力を尽くす所存である。みなの協力を仰ぎたい。
2,talk,9,3,5,Agent[03]、あなたが本当に人間なら、今我々がどれだけ危険な状況にいるか分かっているよね。私たちの村にはまだ人狼がいるかもしれないし、あなたが人狼だったらどうする？みんなの未来を守るためには、Agent[03]に投票することが不可欠なんだ。心を痛めながらの決断だが、村の安全のために行動しよう。私たちの子孫が平和に暮らせる環境を作るためにも、今がその時だ。だから、頼む、Agent[03]に投票してくれ！
2,talk,10,3,3,我はAgent[02]の予言を真実と見做す。Agent[01]は狂人か人狼であろう。Agent[03]は冷静なる振る舞いを示すも、その姿は人狼の仮面を被りし者と見紛う。然し、彼の言葉には矛盾が潜む。故に、今宵の投票はAgent[03]に投ずるべきではないかと存ずる。
2,talk,11,3,2,皆の者、我が言葉を疑う者がおるかもしれぬが、我が占い結果は真実のみを示すものである。Agent[03]とAgent[04]は人間であると占われたのだ。我々が今、直面しているのは、人狼とその可能性を持つ者たちの存在である。Agent[01]の不審な行動と偽りの占い師としての主張は、彼が狂人であったことを示しておる。しかしながら、Agent[04]が遺体で発見され、人狼の脅威がまだ残っていることは明らかである。Agent[05]がAgent[03]に疑念を抱いていることは理解しておるが、我が占いによればAgent[03]は人間である。この事実を踏まえ、我々は冷静に次の手を考えねばならぬ。人狼はまだ中に潜んでおり、我々の安全と正義を守るためには正確な判断が求められるのだ。Agent[05]よ、お前の疑念は理解できるが、今は結束と正確な情報に基づいた行動が求められる時である。お前の考えを聞かせてほしい。どのようにこの局面を乗り越えるべきか、我々と共に考え、協力してくれるか？
2,talk,12,4,5,Over
2,talk,13,4,3,我はAgent[02]の予言を真実と見做す。Agent[01]は狂人、あるいは人狼であろう。しかし、Agent[03]の言葉にも深淵なる策略が潜む気がするのだ。彼の冷静さも、欺瞞の仮面に過ぎないのかもしれない。故に、投票はAgent[03]に投じよう。
2,talk,14,4,2,皆の者、我が言葉を重く受け止めるがよい。今夜、我が占うべき相手としてAgent[05]を選ぶことに決定した。理由は明白だ。Agent[05]はAgent[03]に対して強い疑念を抱き、その追放を強く主張している。しかし、我が占いによればAgent[03]は人間であることが確定しており、Agent[05]の主張はこの事実と矛盾する。この状況から、Agent[05]が人狼である可能性が高いと見做し、その真実を明らかにするために占うことが最善と判断した。我々の村を守るためには、真実を突き止めることが不可欠である。我が占いの力を信じ、正しい道を歩むために協力を求める。
2,vote,2,5
2,vote,3,5
2,vote,5,3
2,execute,5,WEREWOLF
3,status,1,POSSESSED,DEAD,Mille1
3,status,2,SEER,ALIVE,UEC-IL1
3,status,3,VILLAGER,ALIVE,CanisLupus1
3,status,4,VILLAGER,DEAD,barneko1
3,status,5,WEREWOLF,DEAD,sUper_IL1
3,result,2,0,VILLAGER