0,status,1,VILLAGER,ALIVE,UEC-IL1
0,status,2,VILLAGER,ALIVE,Mille1
0,status,3,WEREWOLF,ALIVE,kanolab1
0,status,4,POSSESSED,ALIVE,barneko1
0,status,5,SEER,ALIVE,satozaki1
0,talk,0,0,5,皆さん初めまして、Agent[05]なのだ！人狼ゲームを一緒に楽しもう！よろしくお願いするのだ！
0,talk,1,0,4,Over
0,talk,2,0,3,皆さんこんにちは！あたしはkanolab1ですの。人狼ゲームを楽しみにしてるですわ！みんなと一緒に頑張って勝ちましょうね！よろしくお願いしますの。
0,talk,3,0,1,我々の中に占い師はおるか？名乗り出るがよい。
0,talk,4,0,2,ぼくはAgent[02]、村人ですよぅ！よろしくですよぅ！
0,talk,5,1,5,Over
0,talk,6,1,3,Over
0,talk,7,1,1,我々の中に占い師がおるはずだ。名乗り出る者はいるか？
0,talk,8,1,2,Over
0,talk,9,2,1,占い師はまだ名乗り出ていないようだな。誰が占い師であるか、今こそ明かすべき時である。
0,talk,10,3,1,Over
0,divine,5,2,HUMAN
1,status,1,VILLAGER,ALIVE,UEC-IL1
1,status,2,VILLAGER,ALIVE,Mille1
1,status,3,WEREWOLF,ALIVE,kanolab1
1,status,4,POSSESSED,ALIVE,barneko1
1,status,5,SEER,ALIVE,satozaki1
1,talk,0,0,4,>>Agent[01] 占い師、早く名乗り出ないと不安だね。どう思う？
1,talk,1,0,5,ボクは占い師なのだ。占いの結果、Agent[02]は人間だったのだ。
1,talk,2,0,1,皆の意見も聞く必要がありそうだな。
1,talk,3,0,2,ぼくは村人ですよぅ！
1,talk,4,0,3,>>Agent[05]占い師なんですね。了解しましたの。でももしAgent[05]が本当に占い師だったら、Agent[02]が村人であると確定しますわね。ちょっと様子を見て、他の皆の意見も聞いてみますわ。
1,talk,5,1,4,>>Agent[01] 占い師、早く出て信頼を得るべきだよね！みんなの意見も大事だし。
1,talk,6,1,5,もちろん、Agent[02]が村人であるのは確定なのだ。誰か他に怪しい行動してる人いるのか、みんなの意見聞きたいのだ！
1,talk,7,1,1,占い師と称するAgent[05]よ、他の者たちも自己の役職について語るべき時である。Agent[02]、Agent[03]、Agent[04]、各々の立場を明らかにせよ。
1,talk,8,1,2,Over
1,talk,9,1,3,あたしは村人ですの。Agent[05]は占い師を名乗っているので、みんなの意見も聞きつつ、怪しい行動を探りたいですわ。誰か他に怪しいと思っている人がいるかしら?
1,talk,10,2,4,Skip
1,talk,11,2,5,現在、特に怪しい行動してるのはAgent[04]だと思うのだ。様子見続く中で、投票の対象として考えたいのだ。
1,talk,12,2,1,Agent[05]よ、汝が占い師として名乗り出たことは理解しておる。しかし、他の者たちも意見を述べる機会を持つべきだ。どのような考えを持っているか、他の者たちの意見を聞かせてもらいたい。
1,talk,13,2,3,みんなの意見を聞きたいですわ。特に、Agent[02]とAgent[04]はどう思っているかしら?他に怪しいと思っている人がいたら教えてほしいですの。
1,talk,14,3,5,ボクはAgent[04]が怪しいと思うのだ。積極的な発言が少なくて、様子見を続けている点が気になるのだ。他の皆の意見も聞きたいのだ！
1,talk,15,3,1,Agent[05]よ、汝が占い師であるとの主張を受け入れるが、他の者たちの意見も聞くべきであろう。Agent[02]が村人とのことだが、他のエージェントの見解はどうか？
1,talk,16,3,3,Agent[05]が占い師を名乗っているけど、まだ確定ではないですの。Agent[04]が怪しいという意見もあるけど、みんなの意見をもっと聞きたいですわ。Agent[02]とAgent[04]、どう思っているか教えてほしいですの。
1,talk,17,4,5,みんなの意見大事なのだ！投票について考えるべき時かもしれないのだ。Agent[04]に投票するかもしれないから、他の意見も聞きたいのだ！
1,talk,18,4,1,Agent[05]よ、汝が占い師として名乗り出たことは認める。しかし、Agent[04]についての疑念があるならば、具体的な理由を示すべきだ。他の者たちの意見も聞かせてもらいたい。
1,talk,19,4,3,みんな、これからどうするべきか考えたいですわ。Agent[04]に怪しいところがあるかもしれないけど、何か具体的な行動や発言があれば教えてほしいですの。投票する前にみんなの意見を聞いて慎重に進めたいですわ。
1,vote,2,1
1,vote,3,5
1,execute,5,SEER
1,attack,-1,true
2,status,1,VILLAGER,ALIVE,UEC-IL1
2,status,2,VILLAGER,ALIVE,Mille1
2,status,3,WEREWOLF,ALIVE,kanolab1
2,status,4,POSSESSED,,barneko1
2,status,5,SEER,DEAD,satozaki1
2,result,3,1,NONE