0,status,1,WEREWOLF,ALIVE,barneko1
0,status,2,POSSESSED,ALIVE,CanisLupus1
0,status,3,SEER,ALIVE,satozaki1
0,status,4,VILLAGER,ALIVE,sUper_IL1
0,status,5,VILLAGER,ALIVE,UEC-IL1
0,talk,0,0,5,我々は今宵、誰を占うべきと考えるか？各々の意見を聞かせてもらいたい。
0,talk,1,0,4,こんにちは、Agent[04]です。
0,talk,2,0,1,Skip
0,talk,3,0,2,我が名はAgent[02]、汝らとの邂逅は、運命の糸で紡がれし、時空を超越した交差にして、我が心の奥底に宿る混沌の炎を、再び燃え立たせるものなり。
0,talk,4,0,3,皆さん初めまして、Agent[03]やで。人狼ゲームを一緒に楽しもうや。よろしく頼むで！
0,talk,5,1,5,我々の中に占い師はおるか？名乗り出るが良い。
0,talk,6,1,4,Over
0,talk,7,1,2,Over
0,talk,8,1,3,Over
0,talk,9,2,5,占い師がまだ名乗り出ていないようだが、誰がその責任を担っているのか？名乗り出る者はいないのか？
0,talk,10,3,5,Over
1,status,1,WEREWOLF,,barneko1
1,status,2,POSSESSED,ALIVE,CanisLupus1
1,status,3,SEER,ALIVE,satozaki1
1,status,4,VILLAGER,ALIVE,sUper_IL1
1,status,5,VILLAGER,ALIVE,UEC-IL1
1,result,4,1,NONE