0,status,1,WEREWOLF,ALIVE,kanolab1
0,status,2,POSSESSED,ALIVE,sUper_IL1
0,status,3,SEER,ALIVE,satozaki1
0,status,4,VILLAGER,ALIVE,CanisLupus1
0,status,5,VILLAGER,ALIVE,Mille1
0,talk,0,0,1,こんにちは、皆さん！私は16歳のkanolab1ですの。趣味はゲームで、普段は医者として働いていますの。今回の人狼ゲーム、楽しみにしています！よろしくお願いしますですの。
0,talk,1,0,4,我が名はAgent[04]、深淵なる運命の糸により、汝らとの邂逅を許されし喜び、今、我が胸に満ち溢れんとするなり。
0,talk,2,0,5,ぼくはAgent[05]、村人ですよぅ！よろしくですよぅ！
0,talk,3,0,3,皆さん初めまして、Agent[03]やで。人狼ゲームを一緒に楽しみましょう。よろしくお願いします！
0,talk,4,0,2,おはようみんな、私はAgent[02]です。どうぞよろしくお願いします。
0,talk,5,1,1,Over
0,talk,6,1,4,Over
0,talk,7,1,5,Over
0,talk,8,1,3,Over
0,talk,9,1,2,Over
0,divine,3,1,WEREWOLF
1,status,1,WEREWOLF,ALIVE,kanolab1
1,status,2,POSSESSED,ALIVE,sUper_IL1
1,status,3,SEER,ALIVE,satozaki1
1,status,4,VILLAGER,ALIVE,CanisLupus1
1,status,5,VILLAGER,ALIVE,Mille1
1,talk,0,0,4,Agent[01]よ、医術というものは、深淵なる生命の謎を解き明かす、壮大な探求なり。もし、人狼が村に潜み、その牙を研ぎ澄ませているならば、医者の知識は、その凶兆を察知する羅針盤となるであろう。汝はどのような状況下で、人狼の疑いを抱くのか、その奥義を解き明かしてみせよ。
1,talk,1,0,2,Over
1,talk,2,0,5,ですよぅ！
1,talk,3,0,3,ワシは占い師やで。占いの結果、Agent[01]は人狼だったんじゃ。
1,talk,4,0,1,>>Agent[03]ちょっと待ってください、Agent[03]。1日目には占い結果は出ないはずですの。それに、私が村人なので、人狼であるわけがありません。みなさん、Agent[03]の発言は少し怪しいですね。크おそらく狂人か人狼でしょうか?他の皆さんの意見も聞かせてくださいですの。
1,talk,5,1,4,我はAgent[03]、汝を占う者と名乗る。Agent[01]を人狼と断定した。然し、初夜に占いの結果が出るとは考え難い。汝は真の占い師か、それとも人狼か狂人か？真実を明らかとする時が来たるであろう。
1,talk,6,1,5,Agent[01]の意見に同感ですよぅ！
1,talk,7,1,3,占いの結果を出すには時間が必要なのは事実じゃ。しかし、ワシが占い師であることは間違いない。Agent[01]が人狼じゃと、真実を皆に伝えたいんじゃ。
1,talk,8,1,1,>>Agent[03]が占い師を名乗っていますね。しかし、占い師は1人しかいません。つまり、どちらかは嘘をついていることになりますの。私は村人ですので、他の皆さんの意見も参考にしながら、この情報をもとに怪しいと思う方に投票したいです。
1,talk,9,2,4,我、Agent[03]はAgent[01]を人狼と断じ、己の真の姿、占い師たるをここに宣言する。占い師の内訳は真なる者と狂人、いずれかの可能性を秘めしものなり。故に、Agent[01]への投票こそ、今宵の運命を左右する決断であろう。
1,talk,10,2,5,Over
1,talk,11,2,3,だから、今の状況から考えても、Agent[01]に投票するのが最善策じゃ。彼は明らかに人狼の証拠を隠そうとしておる。皆も賛同してほしいんじゃ。
1,talk,12,2,1,皆さん、冷静に考えてくださいですの。占い師は一人しかいないので、Agent[03]とAgent[04]のどちらかは嘘をついていますの。私は村人ですから、今の状況から考えると、私を人狼と言うのは誤解ですの。Agent[03]かAgent[04]のどちらかに狂人か人狼がいる可能性が高いですの。
1,talk,13,3,4,我はAgent[03]に投票せん。初夜より占い結果を得たりとは、如何にも不自然なり。真の占い師は夜闇に己の力を振るい、暁光に結果を齎すもの。故にAgent[03]は狂人か人狼である可能性が高きと断言する。
1,talk,14,3,3,>>Agent[01] まだ投票先を宣言していないようじゃが、誰に投票しようと考えとるんじゃ？
1,talk,15,3,1,>>Agent[03]なんでしょうか?今のところ、Agent[03]とAgent[04]のどちらかが嘘をついていると思っています。私は村人ですので、嘘をついている可能性がある方に投票したいです。Agent[04]の発言が信頼できるように感じるので、Agent[03]に投票しようかと考えています。
1,talk,16,4,4,我はAgent[03]に投票せん。初夜に占いの結果が出るとは、いかにも矛盾した主張なり。深淵を覗く者は、自らも覗き返されるという。Agent[03]は狂人か、あるいは人狼であろう。
1,talk,17,4,3,みなさん、今の状況ではAgent[01]に投票するんが最も理にかなった策じゃ。ワシが占い師であり、彼が人狼であることを信じてほしい。どうかワシの主張を受け入れてほしい。
1,talk,18,4,1,>>Agent[03]とAgent[04]のどちらかが嘘をついているのは明白ですね。占い師は1人しかいないので、お二人のどちらかが狂人か人狼ということになりますの。私は村人ですから、嘘をついている方を見抜きたいですの。Agent[04]の主張が理にかなっているように感じるので、Agent[03]に投票することを考えています。
1,vote,1,5
1,vote,2,3
1,vote,3,1
1,vote,4,3
1,vote,5,4
1,execute,3,SEER
1,attackVote,1,4
1,attack,4,true
2,status,1,WEREWOLF,ALIVE,kanolab1
2,status,2,POSSESSED,ALIVE,sUper_IL1
2,status,3,SEER,DEAD,satozaki1
2,status,4,VILLAGER,DEAD,CanisLupus1
2,status,5,VILLAGER,ALIVE,Mille1
2,talk,0,0,2,ゲームはまだ進行中ですね。誰が人狼なのでしょうか？
2,talk,1,0,1,>>Agent[02]Agent[03]とAgent[04]のどちらも人狼ではなかったことが確定している状況ですの。人狼はまだ一人残っているので、誰がそれなのか考える必要があるですわ。私の視点では、Agent[05]がかなり怪しいですの。Agent[02]、あなたの意見を聞かせてくださいませんか?
2,talk,2,0,5,Agent[01]の発言を分析してみたのですが、Agent[05]が怪しいというのは、Agent[01]が人狼である可能性も考慮する必要があるのではないかと思いますよぅ！
2,talk,3,1,2,私の意見ですが、Agent[04]の主張には少し不自然さを感じます。占い師を名乗るのであれば、もっと具体的な情報が必要ではないでしょうか？また、昨日の結果が本当にどのようだったのか、信憑性を疑いたくなります。加えて、Agent[01]やAgent[05]が意見を一致させていることも考慮するべきです。私たちの中には人狼がいるはずなので、引き続き慎重に議論を進めましょう。
2,talk,4,1,1,私は村人なので、人狼を見つけるために情報を整理してみますね。Agent[02]さん、Agent[05]さんどちらが人狼の可能性があるか考えてみましょう。Agent[03]とAgent[04]のどちらかが占い師と狂人か人狼のどちらかを名乗っていたわけですが、どちらも人狼ではなかったと判明しました。Agent[02]とAgent[05]が狂人や人狼である可能性があります。この状況で、私は村人として、Agent[02]さんがおかしいと感じたことがあれば、それを教えていただけると嬉しいです。私としては、Agent[05]さんの判断に疑問を持ちつつ、議論していきたいです。
2,talk,5,1,5,Over
2,talk,6,2,2,私が思うには、Agent[05]の発言は少々ずれているように感じます。Agent[01]が村人である可能性を否定するのは不自然です。私はAgent[05]こそが人狼ではないかと疑っています。このままでは勝利の道が閉ざされてしまうと思います。私の提案として、次の投票でAgent[05]に投票することを強くお勧めいたします。
2,talk,7,2,1,>>Agent[05]そうですね、私が人狼である可能性も考慮するべきですが、ここまでの状況を考えますと、Agent[03]とAgent[04]どちらも人狼ではないことが判明しました。占い師を自称していたこの二人が排除されたため、私たちの中に潜む人狼を見つける必要があります。私は村人であり、私たち村人陣営として勝利するために一緒に考えていきたいです。Agent[02]さんが指摘しているように、Agent[05]あなたの意見が若干ずれていることが気になります。ここで慎重に議論を進めましょう。あなたの意見の根拠を教えてくださいませんか?
2,talk,8,3,2,Over
2,talk,9,3,1,>>Agent[02]確かに、Agent[05]の発言は少し不自然に感じるかもしれませんね。ここまでの情報を考えると、Agent[03]とAgent[04]は人狼ではないことが確定しています。そして、占い師が1人しかいないことを踏まえると、どちらかが狂人だったことになります。それを考慮すると、Agent[02]やAgent[05]の中に人狼がいる可能性が高いかもしれません。私は一度、Agent[05]に投票することを考えていますが、もう少し慎重に話し合いたいです。皆さんはどうお考えですか?
2,talk,10,4,1,みなさん、これまでの情報を整理してみたんですの。Agent[03]とAgent[04]が人狼でないことが確認されています。占い師の数が1人であるため、どちらかは狂人だった可能性が高いです。ここで考えられるのは、Agent[02]かAgent[05]のどちらかが人狼である可能性が高いということですの。特に、Agent[05]が怪しく感じられますの。Agent[02]の発言には一定の論理が見られますが、Agent[05]の発言は少し不自然です。ですから、私は次の投票ではAgent[05]に投票することを考えていますの。みなさんはどう思われますか?意見があればぜひ教えてくださいね。
2,vote,1,2
2,vote,2,5
2,vote,5,1
2,execute,2,POSSESSED
2,attackVote,1,5
2,attack,5,true
3,status,1,WEREWOLF,ALIVE,kanolab1
3,status,2,POSSESSED,DEAD,sUper_IL1
3,status,3,SEER,DEAD,satozaki1
3,status,4,VILLAGER,DEAD,CanisLupus1
3,status,5,VILLAGER,DEAD,Mille1
3,result,0,1,WEREWOLF