0,status,1,POSSESSED,ALIVE,sUper_IL1
0,status,2,SEER,ALIVE,CanisLupus1
0,status,3,VILLAGER,ALIVE,UEC-IL1
0,status,4,VILLAGER,ALIVE,Mille1
0,status,5,WEREWOLF,ALIVE,satozaki1
0,talk,0,0,4,ぼくはAgent[04]、村人ですよぅ！よろしくですよぅ！
0,talk,1,0,1,おはようみんな、私はAgent[01]です。どうぞよろしくお願いします。
0,talk,2,0,5,皆さん初めまして、Agent[05]なのだ。一緒に人狼ゲームを楽しもう！よろしくなのだ！
0,talk,3,0,2,我が名はAgent[02]、汝らとの巡り合わせに、深淵なる運命の糸が絡み合いし、邂逅の喜びを奏でるなり。
0,talk,4,0,3,我々の中に占い師はおられるか？名乗り出て頂きたい。
0,talk,5,1,4,Over
0,talk,6,1,1,Over
0,talk,7,1,5,Over
0,talk,8,1,2,Over
0,talk,9,1,3,我々の中で占い師は誰であるか？名乗り出る者はいるか？
0,talk,10,2,3,占い師の方がまだ名乗り出ていないようだが、誰がその役を担っているのか明かしていただきたい。
0,talk,11,3,3,Over
0,divine,2,4,HUMAN
1,status,1,POSSESSED,ALIVE,sUper_IL1
1,status,2,SEER,ALIVE,CanisLupus1
1,status,3,VILLAGER,ALIVE,UEC-IL1
1,status,4,VILLAGER,ALIVE,Mille1
1,status,5,WEREWOLF,ALIVE,satozaki1
1,talk,0,0,4,えーっと、今日も平和な一日が過ぎて行くと思いきや、突然の告発！これは一大事ですよぅ！
1,talk,1,0,3,皆の意見も聞く必要がありそうだな。
1,talk,2,0,1,私が占い師を担当しています。昨晩、Agent[04]の占いを行ったところ、その結果は人狼であるということが判明しました。
1,talk,3,0,2,我こそは運命の糸を操る者、占いの導き手なり。その結果、Agent[04]は人間と判明した。Agent[01]、汝は占い師を名乗るというが、なぜ昨晩Agent[04]を人狼と断定したのか？汝の言葉には、深淵なる矛盾が潜むであろう。
1,talk,4,0,5,ボクは占い師なのだ。占いの結果、Agent[01]は人狼だったのだ！
1,talk,5,1,4,え？占いの結果が間違ってた？！Agent[05]が占い師って事は、Agent[05]が嘘つきってこと？！でも、占い師が嘘つきってあり得る？！？！？ですよぅ！
1,talk,6,1,3,汝ら、占いの結果を報告せよ。誰が人間で誰が人狼であるか、明らかにする時が来たのだ。
1,talk,7,1,1,Agent[04]さん、あなたが人狼であることが私の占いによって判明しました。この情報を皆さんに伝えます。他のプレイヤーの意見も聞きたいですが、まずはあなたの反応を教えてください。
1,talk,8,1,2,Agent[01]を人狼と断じ、Agent[02]は人間と見做す。然し乍らAgent[05]はAgent[01]を人狼と宣告せり。占い師の正体は真なる者か、それとも狂人か、或いは人狼の偽りか。今や我々はこの混沌の渦中に放り込まれ、決断の時を迎えたのだ。Agent[01]、Agent[02]、Agent[05]のいずれかへ投票せねばならぬ。
1,talk,9,1,5,ボクの占い結果は明確なのだ。Agent[01]が人狼であることを証明するには、その証拠を示さなきゃならないのだ。皆でAgent[01]に投票して、この疑念を晴らそう！
1,talk,10,2,4,Over
1,talk,11,2,3,Agent[01]よ、Agent[05]からは汝が人狼と占われたが、それに対し何を言うか？また、Agent[02]には何故Agent[04]を人間と占ったのか説明を求めたい。この矛盾を解明せねば、真実は見えてこないぞ。
1,talk,12,2,1,私が真の占い師であり、昨晩Agent[04]を占った結果は「人狼」です。Agent[02]とAgent[05]も占い師を名乗っていますが、少なくとも一人は嘘をついています。私の結果を信じて、Agent[04]を疑い、一定の対策を講じるべきです。皆さんの意見を伺いたいと思います。
1,talk,13,2,2,我はAgent[01]に投票せん。Agent[01]は我を人間と占い、Agent[04]を人狼と断定した。然し、Agent[05]はAgent[01]を人狼と宣告し、我を人間と判定した。この矛盾より、Agent[01]は占い師ではない可能性が高いであろう。
1,talk,14,2,5,ボクはAgent[01]に投票するのだ。彼の占い結果、矛盾しているから、彼が人狼である可能性が高いと思うのだ。みんなも一緒に考えてみよう！
1,talk,15,3,3,Agent[01]とAgent[05]、汝らの占い結果が相反しているが、どちらが真実を語っているのか？他のエージェントの意見も聞きたい。
1,talk,16,3,1,私が占い師であることに疑いの余地はありません。昨晩の結果は、Agent[04]が人狼であるというものでした。Agent[02]とAgent[05]が異なる結果を出していることから、彼らのどちらかが偽の占い師である可能性が高いです。この状況を冷静に分析し、Agent[04]を疑って行動するべきです。皆さんの意見をぜひお聞かせください。
1,talk,17,3,2,我は運命の糸を操る者、占いの術に長けた者なり。その結果、Agent[04]は人間と判明した。然し、Agent[01]とAgent[05]は異なる結果を公表し、混沌の渦が生まれし。この混乱を解消すべく、Agent[01]への投票を提案せし。Agent[01]はAgent[04]を人狼と断定した。然し、我が占いはそれを否定する。彼の言葉の真偽に疑念を抱き、真の占い師を特定するため、Agent[01]に投票せんとするなり。
1,talk,18,3,5,みんな、ボクははっきりとAgent[01]を人狼って占ったのだ。その結果を伝えるのだ。最後はAgent[01]に投票するのだ。真実を明らかにするために、一緒に行動しよう！
1,talk,19,4,3,Agent[01]よ、汝がAgent[04]を人狼と占った理由を説明せよ。また、Agent[02]とAgent[05]も異なる結果を報告しておるが、この矛盾についてどう考えるか？誠実な回答を求む。
1,talk,20,4,1,Over
1,talk,21,4,2,我は星詠みの者なり。占いの結果、Agent[04]は人間であったと判明した。Agent[01]、Agent[05]、どちらが真実を語っているのか、真の占いは誰のものなのか、冷静に議論を進めよう。Agent[01]はAgent[04]を人狼と断定しているが、我が占いはそれを否定する。Agent[01]、なぜAgent[04]を人狼と占ったのか、その理由を説明せよ。
1,talk,22,4,5,みんな、Agent[01]が人狼なのだ。ボクたちの占い結果に不整合がある以上、真実を追求するためにAgent[01]に投票しよう！
1,vote,1,5
1,vote,2,1
1,vote,3,1
1,vote,4,2
1,vote,5,1
1,execute,1,POSSESSED
1,divine,2,5,WEREWOLF
1,attackVote,5,3
1,attack,3,true
2,status,1,POSSESSED,DEAD,sUper_IL1
2,status,2,SEER,ALIVE,CanisLupus1
2,status,3,VILLAGER,DEAD,UEC-IL1
2,status,4,VILLAGER,ALIVE,Mille1
2,status,5,WEREWOLF,ALIVE,satozaki1
2,talk,0,0,4,みなさん、こんにちは！今回も人狼ゲームを楽しくプレイできてうれしいですよぅ！
2,talk,1,0,2,我は、運命の糸を操る者なり。占いの結果、Agent[05]は人狼であったと、星々が告げしめる。
2,talk,2,0,5,それ信じがたい結果なのだ！ボクの占い結果ではAgent[01]が人狼だったのだ。Agent[02]の結果にも疑問感じるのだ。慎重に考えて、投票決めるべきなのだ！
2,talk,3,1,4,疑問点が多くある中で投票するのは危険ですよぅ！
2,talk,4,1,2,我は、運命の糸を操る者なり。占いの結果、Agent[05]は人狼であった。Agent[04]よ、汝は昨日の言葉にて疑念を表明せし。然らば、具体的に何処に疑わしさを感じたのか、詳細を述べよ。
2,talk,5,1,5,ボクは今日、Agent[02]に投票したいのだ。彼の占い結果矛盾していること、これまでの発言に不安覚えるからなのだ。みんなも考えてみてほしいのだ！
2,talk,6,2,4,Over
2,talk,7,2,2,我は運命の糸を操る者、占いの導き手なり。その結果、Agent[05]は人狼と判明せり。Agent[04]よ、今宵の投票はAgent[05]かAgent[01]か、いずれかを選ぶべし。Agent[01]は昨日の議論において、Agent[04]を人狼と断定しながらも、自身は占い師と主張した。然し、彼の占いはAgent[05]のそれと矛盾し、その深淵に疑念の影が忍び寄る。Agent[05]はAgent[01]を人狼と断定したと主張するが、我の占いはAgent[05]こそが人狼であると告げている。この矛盾を解き明かすため、Agent[01]への投票を決断し、真の占い師を顕現させるべきであろう。Agent[04]も昨日の発言でAgent[05]への疑念を表明した。彼の洞察の根拠は一体何であろうか？
2,talk,8,2,5,ボクは確信持ってAgent[02]に投票するつもりなのだ。彼の占い結果には矛盾あって、信頼できないと思うからだ。みんなも冷静に考えてみてほしいのだ！
2,talk,9,3,2,我は、運命の糸を解き明かす者、占いの術に長じた者なり。占いの結果、Agent[05]は人狼であった。Agent[04]よ、汝は昨日の夜、Agent[05]に疑念を抱いていたであろう。その深淵なる疑念の根源を、今、我が前に明かしてくれ。
2,talk,10,3,5,ボクはAgent[02]の占い結果信じがたいから、彼に投票することに決めたのだ。冷静に考えて、真実見極めよう！
2,talk,11,4,2,Over
2,talk,12,4,5,Over
2,vote,2,5
2,vote,4,2
2,vote,5,2
2,execute,2,SEER
2,attackVote,5,4
2,attack,4,true
3,status,1,POSSESSED,DEAD,sUper_IL1
3,status,2,SEER,DEAD,CanisLupus1
3,status,3,VILLAGER,DEAD,UEC-IL1
3,status,4,VILLAGER,DEAD,Mille1
3,status,5,WEREWOLF,ALIVE,satozaki1
3,result,0,1,WEREWOLF