0,status,1,SEER,ALIVE,UEC-IL1
0,status,2,VILLAGER,ALIVE,Mille1
0,status,3,VILLAGER,ALIVE,kanolab1
0,status,4,WEREWOLF,ALIVE,sUper_IL1
0,status,5,POSSESSED,ALIVE,CanisLupus1
0,talk,0,0,2,ぼくはAgent[02]、村人ですよぅ！よろしくですよぅ！
0,talk,1,0,4,おっす、俺はAgent[04]。どうぞよろしくね。
0,talk,2,0,1,皆の者、私はデルカダール国の国王である。歳は60になるが、剣術や狩りを楽しむことが多い。部下たちと共に国を守り、裏切り者には厳しくあたることを信条としている。
0,talk,3,0,5,我が名はAgent[05]、時空を超えし運命の糸により、汝らとの邂逅を許されたる喜び、今、我が胸中に満ち溢れんばかりなり。
0,talk,4,0,3,わしはkanolab1、昔は医者をやっておった。今は園芸を楽しんでおるぞ。年齢は75じゃがまだまだ元気じゃ。よろしく頼む。
0,talk,5,1,2,Over
0,talk,6,1,4,Over
0,talk,7,1,1,わたくしはAgent[01]、この国の国王にして占い師でござる。皆の者、よろしく願う。
0,talk,8,1,5,Over
0,talk,9,1,3,Over
0,talk,10,2,1,皆の者、私がこの村の占い師であることを明言する。信じるか信じないかは各々の判断に委ねるが、私は真実のみを語る。明日の占い先について議論を進めたい。誰が怪しいと感じるか、意見を聞かせてもらいたい。
0,talk,11,3,1,Over
0,divine,1,3,HUMAN
1,status,1,SEER,ALIVE,UEC-IL1
1,status,2,VILLAGER,ALIVE,Mille1
1,status,3,VILLAGER,ALIVE,kanolab1
1,status,4,WEREWOLF,ALIVE,sUper_IL1
1,status,5,POSSESSED,ALIVE,CanisLupus1
1,talk,0,0,4,村人だよ。人狼が村人になりすまそうとすることもあるから、怪しい点や行動の不自然さには敏感になろう。
1,talk,1,0,5,我は、運命の糸を操る者なり。占いの結果、Agent[02]は、その牙を隠した人狼であったと断言せざるを得ない。
1,talk,2,0,3,Agent[01]が占い師を名乗っておるが、Agent[05]も占い結果を言っておるのう。どちらかが嘘をついておる可能性が高いのじゃ。明日になれば占い結果が増えるから、そこから判断材料が増えるじゃろう。まずは皆の意見を聞いて、怪しいと思う者を見つけるのが大事じゃな。
1,talk,3,0,1,皆の意見も聞く必要がありそうだな。
1,talk,4,0,2,ぼくもAgent[01]の占い師の発言に疑問符がつきますよぅ！
1,talk,5,1,4,プレイヤー1が他のプレイヤーを無理に疑っているのが気になるね。結構不自然だと思う。ちょっと注意が必要そうだ。どう思う？
1,talk,6,1,5,Over
1,talk,7,1,3,わしは村人じゃ。Agent[01]は占い師を名乗り、Agent[05]も占い結果を出している。これはどちらかが狂人か人狼として嘘をついておる可能性が高い。まずは議論を進めて、他の発言から怪しい行動を見つけていくのが大事じゃ。
1,talk,8,1,1,皆の者、注意して聞いてほしい。私がこの村の唯一の真の占い師であることを再度宣言する。Agent[05]が占い師であると主張しているが、これは偽りである。我が占いによれば、Agent[03]は人間であるという結果が出ており、Agent[05]が述べた占い結果は信じるに値しない。我々は真実を追求するため、誤った情報に惑わされてはならない。Agent[05]の動きには注意が必要である。他の者たちも、この事実を踏まえた上で、疑念を持つべき人物について意見を述べてほしい。
1,talk,9,1,2,Agent[01]の発言を真実と受け止めたいのですが、Agent[05]が占い師であると主張していますよぅ！
1,talk,10,2,4,みんなの意見を見てると、Agent[01]の言動が全体に対してあまり信頼性がない気がする。彼は具体的な結果を語らず、他の意見に流されてばかりだよね。普通の村人だったら、もっとしっかりとした発言をするはず。今回の投票ではAgent[01]を追放するのが最善だと思うんだ。村を守るためには、彼を排除する必要があるよ。
1,talk,11,2,3,>>Agent[04]なるほど、意見を聞かせてもらってありがとうじゃ。Agent[01]とAgent[05]の間で占い師の対立があるから、どちらかが間違いであることは確かじゃな。わしとしては、慎重に考えていくべきと思う。賛成や反対だけでなく、他の怪しい動きを見つけることも大事じゃよ。村を守るためには多角的に考えよう。
1,talk,12,2,1,皆の者、聞きたまえ。私がこの国の占い師であることは疑う余地もない。私はAgent[03]を占った結果、彼が人間であることが確認された。Agent[05]が占い結果を出しているというが、それは偽りだ。このゲームにおいて占い師は私一人のみ。したがって、Agent[05]が占い師を名乗るのは狂人か人狼のどちらかであることが明らかだ。みなの者、この事実を忘れるな。私が真実を伝える占い師であることを信じ、疑わしいAgent[05]に注意を払うべきだ。
1,talk,13,2,2,Over
1,talk,14,3,4,俺は過去の人狼ゲームで数々の対戦経験があるんだけど、Agent[01]の行動がすごく怪しいんだ。彼が占い師を名乗っているが、他のプレイヤーの意見をあまりも無視しているように見える。このような積極的な振る舞いは、人狼が巧妙に村を混乱させるためのものだと感じるよ。だからみんな、Agent[01]を追放することを考えてほしい。安全な村を守るためには、今がその一歩だと思うんだ。
1,talk,15,3,3,わしは村人じゃから、占い師の対立をしっかり見極めたいところじゃ。Agent[01]とAgent[05]のどちらかが偽物であることは確かじゃが、まだどちらが本物かはわからん。みんなの意見を聞きながら、慎重に判断していこうと思うんじゃ。
1,talk,16,3,1,皆の者、我が言葉に耳を傾けるがよい。私はこの村の占い師としての役割を誇りを持って果たしており、その真実を証明するために、昨夜の占い結果をもう一度明確に述べよう。私が占ったAgent[03]は人間であるという結果が出た。この結果は、我が力と責任を全うするために得たものだ。Agent[05]が占い師であると主張するが、その主張は偽りであり、狂人か人狼の可能性が高い。我々は真実を追求し、村を守るために正しい選択をしなければならない。Agent[05]の言動には疑問を持ち、その真意を見極めるべきだ。その上で、他の者たちも自身の見解を述べ、村全体で正しい判断を下すべき時である。
1,talk,17,4,4,Agent[01]の発言、やっぱり怪しいよね。彼の言葉には具体的な証拠が欠けているし、他の意見に流されやすい印象が強い。もし彼が人狼だったら、これは僕たち全員にとって危機的な状況だ。だから、今は冷静になってAgent[01]を排除することが、未来の村を守ることに繋がるんだ。みんな、ぜひAgent[01]に投票してくれると助かるよ。
1,talk,18,4,3,わしは占い結果が人間と出ておるが、みんなに信頼されるためにも冷静にこの状況を考えたい。Agent[01]とAgent[05]のどちらかが偽者で、真の占い師が片方しかいないことは明白じゃ。占いローラーでどちらが本物なのか見極めるのも一つの手じゃな。まず一度、みんなの意見を聞かせてほしいのう。
1,talk,19,4,1,Agent[04]よ、我が言葉を聞け。私が占い師であることに疑いを挟むのは自由だが、私はこの国の未来を守るため、また真実を明らかにするためにここにいる。Agent[03]を占い、彼が人間であるという結果を出したのは私だ。Agent[05]が占い師を名乗ること自体、ゲームのルールに反しており、彼の発言は疑わしい。私の行動が怪しいと言うならば、その根拠を示してもらいたい。私はただ、真実をこの場に伝えるために必死であるだけだ。みんなが安全にゲームを進められるよう、私は偽りのない情報を提供し続けるつもりだ。
1,vote,1,5
1,vote,2,4
1,vote,3,1
1,vote,4,1
1,vote,5,1
1,execute,1,SEER
1,attackVote,4,3
1,attack,3,true
2,status,1,SEER,DEAD,UEC-IL1
2,status,2,VILLAGER,ALIVE,Mille1
2,status,3,VILLAGER,DEAD,kanolab1
2,status,4,WEREWOLF,ALIVE,sUper_IL1
2,status,5,POSSESSED,ALIVE,CanisLupus1
2,talk,0,0,4,まだまだ人狼は残っている。どうしよう。あれ、Agent[01]とAgent[03]がいなくなったね。
2,talk,1,0,2,えっ、二人もいなくなっちゃったの？！状況的には人狼が消えた可能性もあるし、更に疑う必要があるねですよぅ！
2,talk,2,0,5,Over
2,talk,3,1,4,Skip
2,talk,4,1,2,Passですよぅ！
2,talk,5,2,4,俺の考えを聞いてほしい。Agent[05]の発言は明らかに疑わしいんだ。1日目にAgent[02]を人狼と決めつけて、混乱を招こうとしてるのは、人狼の典型的な行動パターンだ。俺は人狼大会での経験から、このような行動が人狼を示唆していることを知ってる。みんなもそのことを考えて、Agent[05]に投票しようよ。村を守るためには必要な一歩だと思う。
2,talk,6,2,2,Over
2,talk,7,3,4,みんな、今の状況を冷静に見てみよう。Agent[05]の言動、ちょっと怪しく思わない？彼が言ってることは、自分を守るためだけの発言に聞こえるんだ。もし彼が人狼なら、他の村人がどれだけ危険な目に合うか、考えたことある？不安を抱えたままでは進めない。だから、今日の投票でAgent[05]に票を入れることで、俺たちの村を守る第一歩を踏み出そう。みんなの助けが必要だよ！
2,talk,8,4,4,Over
2,vote,2,4
2,vote,4,5
2,vote,5,4
2,execute,4,WEREWOLF
3,status,1,SEER,DEAD,UEC-IL1
3,status,2,VILLAGER,ALIVE,Mille1
3,status,3,VILLAGER,DEAD,kanolab1
3,status,4,WEREWOLF,DEAD,sUper_IL1
3,status,5,POSSESSED,ALIVE,CanisLupus1
3,result,2,0,VILLAGER