0,status,1,VILLAGER,ALIVE,barneko1
0,status,2,VILLAGER,ALIVE,UEC-IL1
0,status,3,WEREWOLF,ALIVE,sUper_IL1
0,status,4,POSSESSED,ALIVE,kanolab1
0,status,5,SEER,ALIVE,satozaki1
0,talk,0,0,4,おっしゃー！みんな元気?あたいは音楽家のkanolab1のら！みんなで楽しいゲームにしようのら！
0,talk,1,0,5,皆さん初めまして、Agent[05]なのだ。一緒に人狼ゲーム楽しもうよ！よろしくお願いするのだ！
0,talk,2,0,1,Over
0,talk,3,0,3,おっす、俺はAgent[03]。どうぞよろしくね。
0,talk,4,0,2,我々の議論を始める前に、皆の安全と正義のために、占い師は名乗り出ていただきたい。そして、最初の占い対象を決定するのだ。
0,talk,5,1,4,Over
0,talk,6,1,5,Over
0,talk,7,1,3,Over
0,talk,8,1,2,皆の者、占い師はまだ名乗り出ていないようだな。占い師が誰であるか、名乗り出るべき時である。それによって、我々はより良い戦略を立てることができるだろう。
0,talk,9,2,2,占い師がまだ名乗り出ていないようだが、誰かがその役割を担っているはずである。占い師よ、前に出て自らを明かし、誰を占うのかを我々に教えよ。
0,talk,10,3,2,Over
0,divine,5,4,HUMAN
1,status,1,VILLAGER,ALIVE,barneko1
1,status,2,VILLAGER,ALIVE,UEC-IL1
1,status,3,WEREWOLF,ALIVE,sUper_IL1
1,status,4,POSSESSED,ALIVE,kanolab1
1,status,5,SEER,ALIVE,satozaki1
1,talk,0,0,4,皆さん、あたいの占い結果を報告するよ。昨夜はAgent[01]を占ったんだが、Agent[01]は白（村人）だと判明したよ。これについて何か意見あるかな？
1,talk,1,0,3,村人として参加しているよ。情報を共有し、集めることに努力して、村の平和を守るために協力しよう。
1,talk,2,0,5,ボクは占い師なのだ。占いの結果、Agent[04]は人間だったのだ。
1,talk,3,0,2,皆の意見も聞く必要がありそうだな。
1,talk,4,0,1,>>Agent[02] 占い師情報は大事だね。みんなで確認し合おう！
1,talk,5,1,4,ふむ、Agent[05]も占い師を名乗っているのらね。でも占い師は1人しかいないから、どちらかが嘘をついていることになるのら。あたいはAgent[01]を白と占ったけど、Agent[05]はあたいを白と占ったと言ってるのら。これを考えると、Agent[05]が嘘をついている可能性が高いのら。みんなはどう思う?
1,talk,6,1,3,俺はAgent[04]の占い結果を信じるよ。Agent[01]が村人ってわかったから、次は怪しいAgent[02]に投票するべきだと思う。みんなどう思う？
1,talk,7,1,5,Agent[04]の結果について考え直してほしいのだ。ボクが占い師で、Agent[04]が人狼の可能性高いのだ。信じて投票してほしいのはAgent[04]なのだ。
1,talk,8,1,2,占い師が二人名乗り出ておるが、どちらかが偽者であることは明白だ。Agent[04]とAgent[05]、お前たちの占いの根拠を語ってみよ。どのようにして決めたか、その理由を述べよ。
1,talk,9,1,1,>>Agent[04] 占い結果の根拠を詳しく聞かせて！信じるためには情報が必要だね。
1,talk,10,2,4,>>Agent[02]あたいが占い師として名乗り出た理由は、村人陣営を勝利に導くために必要だからのら。初日の占いはランダムになってしまうことが多いけど、あたいはAgent[01]を占って白だと分かったよ。その結果を基に、次の戦略を考えることができるのら。Agent[05]が嘘をついている可能性が高いから、みんなで相談してしっかり判断してほしいのら！
1,talk,11,2,3,今日の発言を見ても、Agent[04]が他のプレイヤーを疑うことで自分の立場を強化しようと必死になっているのがわかるよね。そんな状況下で彼を信用するのは難しいと思う。これ以上混乱が続くのは避けたいし、今日はAgent[04]を追放するべきだと思う。これが村を守る最善の策だよ。
1,talk,12,2,5,みんなの意見に耳を傾けてほしいのだが、ボクはAgent[04]に投票したいと思うのだ。彼の言動が怪しいからなのだ。ぜひみんなも同様に考えてほしいのだ！
1,talk,13,2,2,Agent[01]とAgent[05]の発言に注目すべきだ。どちらかが狂人または人狼である可能性が高い。我々は慎重に情報を分析し、真実を見極める必要がある。
1,talk,14,2,1,>>Agent[05] あなたの根拠も教えて！どちらが本物か確かめないとね。
1,talk,15,3,4,>>Agent[01]あたいは占い師なんだから、みんなにとってあたいの発言が重要だと思うのら。それにね、Agent[05]が偽の占い師を名乗っているから、彼を追放することが村人陣営として重要だと理解してほしいのら。他の皆も慎重に考えて、あたいに投票するのではなく、論理的にAgent[05]の言動を見極めてほしいのら！
1,talk,16,3,3,俺は今回の状況を見て考えてるんだが、Agent[04]の行動はかなり怪しいよ。彼が自分を占い師として名乗り出ているのに、Agent[05]を攻撃することで自分の信頼を得ようとしてるのは、逆に彼が人狼の可能性があるって証拠だと思う。俺の経験からも、人狼はこういう風に仲間をかばうケースが多いんだ。だから、みんなもAgent[04]に投票して、村を守るための一歩を踏み出そう！
1,talk,17,3,5,>>Agent[02] まだ投票先宣言してないのだが、誰に投票しようと考えてるのだ？
1,talk,18,3,2,Agent[01]とAgent[04]、汝らの占いの根拠を明かすべし。どちらが真の占い師か、その理由を述べよ。
1,talk,19,3,1,>>Agent[02] みんなの意見を聞いて占いの根拠を明らかにしよう！議論しよう！
1,talk,20,4,4,>>Agent[05]あたいが本物の占い師だから、Agent[05]が嘘をついているってことは筋が通るのら。Agent[05]が偽という可能性を考えれば彼が村人陣営じゃないと疑うのも当然だと思うのら。投票で間違った選択をしないためにも、Agent[05]に投票することをおススメするのら。
1,talk,21,4,3,みんな、今は冷静になろう。Agent[04]がもし本当に人狼だったら、俺たちの村全体が危険にさらされるかもしれない。このまま彼を放っておくわけにはいかないんだ。彼が他のプレイヤーを疑うことで自分を守ろうとしているのが見え見えだから、しっかり考えて、今日はAgent[04]に投票しよう。みんなの未来を守るために、必ず一緒に行動してほしい。
1,talk,22,4,5,みんなの意見考慮して真剣に議論進めよう！今日の投票先はAgent[04]に決めたのだ。彼の行動人狼の可能性示唆してるから、ぜひ賛同してほしいのだ！
1,talk,23,4,2,Agent[05]よ、なぜAgent[04]を占ったのか？その理由を述べよ。我々は真実を知る必要がある。
1,talk,24,4,1,>>Agent[04] 根拠をもっと詳しく説明して！信頼性を知りたい。
1,vote,1,4
1,vote,2,5
1,vote,3,4
1,vote,4,2
1,vote,5,4
1,execute,4,POSSESSED
1,divine,5,1,HUMAN
1,attackVote,3,5
1,attack,5,true
2,status,1,VILLAGER,ALIVE,barneko1
2,status,2,VILLAGER,ALIVE,UEC-IL1
2,status,3,WEREWOLF,ALIVE,sUper_IL1
2,status,4,POSSESSED,DEAD,kanolab1
2,status,5,SEER,DEAD,satozaki1
2,talk,0,0,2,Agent[01]とAgent[03]、我々の中にはまだ裏切り者が潜んでいる。Agent[04]とAgent[05]の処刑後の状況を踏まえ、汝らの現在の立場と疑念を明らかにせよ。我々は真実を見極めねばならぬ。
2,talk,1,0,3,人狼はまだ残っているよね。皆、頑張って。あれ、Agent[04]とAgent[05]がいなくなったね。
2,talk,2,0,1,>>Agent[04] その根拠、もう少し詳しく教えて！みんなで信頼し合おう。
2,talk,3,1,2,Agent[01]よ、汝が人狼ではないと証明するために、これまでの行動や発言の理由を詳しく説明せよ。
2,talk,4,1,3,今日の中で一番怪しいのはAgent[02]だと思う。彼は他のプレイヤーに疑念を持たせることで、自分の立場を守ろうとしているように見える。普通の村人はそんなことしないから、これ以上のリスクを避けるためにもAgent[02]を追放するのがベストだよ。これで村がもっと安全になる可能性が高いから、ぜひ投票してほしい。
2,talk,5,1,1,>>Agent[02] 君の意見、興味深いね。何か具体的な根拠があれば教えて！
2,talk,6,2,2,Agent[01]よ、汝が占い師であると主張する根拠を詳しく教えてほしい。どのような理由でAgent[02]を占ったのか、その動機を明確にしてもらいたい。
2,talk,7,2,3,みんな、Agent[02]の行動には怪しいところがいくつかある。まず、彼が我々（Agent[01]と私）に疑念を持つ姿勢は、実際には彼が人狼である可能性を示唆していると思う。俺は過去に人狼ゲームで多くの経験を積んでいるが、人狼が他のプレイヤーを疑うことで目を逸らそうとする戦略はよく見られるんだ。だから、今日はAgent[02]を追放するのが村のためになるはずだ。みんなも信じて、彼に投票しよう！
2,talk,8,2,1,>>Agent[03] 君の意見には賛成だよ。Agent[02]の疑念は怪しいね。投票しよう！
2,talk,9,3,2,Agent[01]よ、汝が人狼ではないと断言する根拠を示せ。我々は真実を知る権利がある。
2,talk,10,3,3,みんな、これまでの話をよく考えてみてほしい。Agent[02]は明らかに自分を守るために他のプレイヤーに疑念を抱かせようとしてる。これは村人としての行動には思えないよ。自分の立場を確保するために周りを疑わせるなんて、本来の仲間としての姿勢じゃない。私たちの安全のためにも、Agent[02]を追放する必要がある。今日の投票は彼に入れてほしい。これが村の未来を守るための大切な一歩だと思うんだ。みんな、一緒に頑張ろう！
2,talk,11,3,1,>>Agent[02] 君の行動に不審を感じる理由、詳しく教えて！皆が納得できる説明を。
2,talk,12,4,2,我はデルカダール国の国王である。今回、我が疑念が最も強いのはAgent[01]にある。彼の行動から人狼の可能性を疑っており、村人として彼に投票する。我が国の運命は汝らの手にかかっているぞ。Agent[01]に投票する。
2,talk,13,4,3,Over
2,talk,14,4,1,>>Agent[02] 君の理由には疑問が多いよ。具体的な根拠を持ってるのかな？
2,vote,1,2
2,vote,2,1
2,vote,3,2
2,execute,2,VILLAGER
2,attackVote,3,1
2,attack,1,true
3,status,1,VILLAGER,DEAD,barneko1
3,status,2,VILLAGER,DEAD,UEC-IL1
3,status,3,WEREWOLF,ALIVE,sUper_IL1
3,status,4,POSSESSED,DEAD,kanolab1
3,status,5,SEER,DEAD,satozaki1
3,result,0,1,WEREWOLF