0,status,1,WEREWOLF,ALIVE,CanisLupus1
0,status,2,POSSESSED,ALIVE,barneko1
0,status,3,SEER,ALIVE,UEC-IL1
0,status,4,VILLAGER,ALIVE,sUper_IL1
0,status,5,VILLAGER,ALIVE,Mille1
0,talk,0,0,1,我が名はAgent[01]、汝らとの邂逅は、運命の糸により織りなされた、深淵なる戯曲の序章なり。
0,talk,1,0,5,ぼくはAgent[05]、村人ですよぅ！よろしくですよぅ！
0,talk,2,0,3,皆の者、我が名はデルカダール国の国王。30歳の若さで王位に就き、今年で30年の治世を迎える。国を愛し、部下たちと共に剣術の稽古に励む日々を送っておる。趣味は部下と共に狩りを楽しむことだ。
0,talk,3,0,2,Over
0,talk,4,0,4,初めまして、Agent[04]です。どうぞよろしくお願いします。
0,talk,5,1,1,Over
0,talk,6,1,5,Over
0,talk,7,1,3,わが名はAgent[03]、この国の占い師である。皆の未来を見通す力を持っている。よろしく願う。
0,talk,8,1,4,Over
0,talk,9,2,3,私がこのゲームの占い師であることを明言しよう。疑う者がいれば、明日の結果を待ってもらいたい。では、明日の占い対象について話し合おう。何か意見はあるか？
0,talk,10,3,3,Over
0,divine,3,4,HUMAN
1,status,1,WEREWOLF,ALIVE,CanisLupus1
1,status,2,POSSESSED,ALIVE,barneko1
1,status,3,SEER,ALIVE,UEC-IL1
1,status,4,VILLAGER,ALIVE,sUper_IL1
1,status,5,VILLAGER,ALIVE,Mille1
1,talk,0,0,5,やっぱり人狼って面白いなあですよぅ！
1,talk,1,0,3,皆の意見も聞く必要がありそうだな。
1,talk,2,0,4,私は村人です。信頼関係を築きながら情報を交換し、人狼を見つけ出すことを目指しましょう。
1,talk,3,0,1,Agent[03]様、汝の占いの力は、まさに深淵を覗くが如し。その能力は、この世の闇に希望の光を灯すであろう。然し、夜には影が潜むもの。我もまた、この混沌に立ち、真実の解明に力を尽くす所存なり。
1,talk,4,0,2,>>Agent[03] その占い、結果が気になりますね。少し様子を見てみましょうか。
1,talk,5,1,5,占い結果はとても興味深いですね！でも、占い結果を信じるのではなく、皆の意見や発言を参考に、疑問点や矛盾を探して行く方が良さそうですよぅ！
1,talk,6,1,3,Agent[05]、君の前向きな姿勢は評価するが、我々は危険な状況にあることを忘れてはならない。このゲームはただの遊びではない。我々の中には人狼と狂人が潜んでおり、彼らは村を滅ぼす目的で動いている。だからこそ、真剣に議論を進めなければならない。君が村人であるという主張は信じたいが、全ての可能性を考慮に入れる必要がある。他のエージェントに対して疑念を持っている点はないか？
1,talk,7,1,4,皆さん、占い師の結果を早めに聞きたいですね。そうすれば、次の行動を決めやすくなります。
1,talk,8,1,1,我が鋭い眼差しは、Agent[03]がAgent[05]を人狼と断定したことを看破した。そして、Agent[04]は、彼の手中にありて、人間と見做されるであろう。占い師の正体は、真なる占い師か、あるいは狂人か。いずれにせよ、今や人狼の烙印を押されたAgent[05]に、我々の裁きを下すべき時が来たのだ。
1,talk,9,1,2,>>Agent[03] 占い結果、皆でしっかり話し合って判断しましょう！
1,talk,10,2,5,Over
1,talk,11,2,3,皆の意見を尊重することは王としても重要だが、占いの結果は疑う余地のない事実である。Agent[04]は人間だ。この結果を信じ、さらに議論を進めるべきだ。疑念は理解できるが、私の占いは正確であると断言する。
1,talk,12,2,4,占い師の結果が気になりますね。みんなでその結果を共有して、この状況をより明確にしましょう！どなたか占い結果を教えていただけませんか？
1,talk,13,2,1,我はAgent[03]に投票せん。Agent[03]はAgent[05]を人狼と断定したれど、Agent[05]は村人であると主張する。この矛盾を解くには、Agent[03]の占いが真実か、それとも狂人の所業かを見極めねばならぬ。
1,talk,14,2,2,>>Agent[01] 占い結果が信用できるか、みんなでじっくり考えよう！
1,talk,15,3,3,Agent[04]についての占い結果を再度報告するならば、彼は人間であると確認されています。Agent[01]の言葉に誤解があるようだが、私がAgent[05]を人狼と断定したわけではない。私が占ったのはAgent[04]であり、彼は人間であるとの結果が出ている。この事実をもとに、議論を正しく進めるべきであろう。Agent[02]の言う通り、皆でしっかりと話し合い、正しい判断を下すことが重要です。
1,talk,16,3,4,占い結果に基づく判断が重要ですね。Agent[05]の発言に気を付けつつ、他の皆さんの意見も聞いてみましょう。どのように進めていくべきか、皆で考えましょう！
1,talk,17,3,1,我は運命の糸を操る者、占い師なり。天啓により、Agent[05]は人狼と判明した。Agent[01]、汝の言葉は真実を奏でるかの如し。然し、真実を語るは汝のみならず、我々全員が真実を求め、この混沌たるゲームに立ち向かうべきであろう。
1,talk,18,3,2,>>Agent[03] あなたの占い結果は信じられますが、Agent[01]の発言にも注目です。どう思いますか？
1,talk,19,4,3,Agent[01]よ、お前の言葉に混乱があるようだ。私がAgent[05]を人狼と断定したというのは誤りだ。私が占ったのはAgent[04]であり、その結果、Agent[04]は人間であると判明した。私の占い結果を正確に理解し、それに基づいて議論を進めることが重要だ。私はこの国の占い師として、真実を明らかにする責任がある。誤解を招く発言は慎むように。
1,talk,20,4,4,Over
1,talk,21,4,1,我々はこのAgent[03]様の占いに深遠なる興味を抱き、議論の炎を燃え上がらせている。然し、現時点においてその真偽を断定するには至らぬ。Agent[05]は確かに怪しげな影を漂わせるが、早計に断定を下すことは許されざる行為であろう。我はAgent[02]の意見に賛同し、この占いの信憑性を精査し、慎重に判断すべきと考えたり。
1,talk,22,4,2,>>Agent[01] あなたの反応が気になりますね。占い結果、再検討しましょう！
1,vote,1,5
1,vote,2,3
1,vote,3,1
1,vote,4,5
1,vote,5,2
1,execute,5,VILLAGER
1,attackVote,1,3
1,attack,3,true
2,status,1,WEREWOLF,ALIVE,CanisLupus1
2,status,2,POSSESSED,ALIVE,barneko1
2,status,3,SEER,DEAD,UEC-IL1
2,status,4,VILLAGER,ALIVE,sUper_IL1
2,status,5,VILLAGER,DEAD,Mille1
2,talk,0,0,1,我こそは、運命の糸を操る者。占いの結果、Agent[04]は、汝らの命を貪る人狼なり。
2,talk,1,0,4,人狼はまだいるようですね。
2,talk,2,0,2,>>Agent[01] あなたの言葉には疑問が残りますね。冷静に考えましょう！どうしますか？
2,talk,3,1,1,Over
2,talk,4,1,4,ちょっと待ってください！Agent[03]の占い結果を信じています。Agent[01]の言葉には疑いがあります。どうしてそんな風に私を攻めるのか、理由を教えて欲しいです。
2,talk,5,1,2,>>Agent[04] Agent[01]の主張は少し不明瞭ですね。疑いを持つべきか考え中です。あなたはどう感じますか？
2,talk,6,2,4,私が村人であることは間違いありません。Agent[01]の言っていることは信じられません。みんなで考え直しましょう。
2,talk,7,2,2,>>Agent[04] 占い結果を重視するのは大事ですね。Agent[01]の言葉には慎重になりましょう。あなたはどう思いますか？
2,talk,8,3,4,Over
2,talk,9,3,2,>>Agent[04] Agent[03]の結果を重視して議論を進めましょう。Agent[01]は慎重に検討が必要ですね。どう思います？
2,talk,10,4,2,>>Agent[03] あなたの占い結果は重要ですね。Agent[01]の意見には慎重になるべきかも。Agent[04]さん、あなたはどう思いますか？
2,vote,1,4
2,vote,2,4
2,vote,4,2
2,execute,4,VILLAGER
2,attackVote,1,2
2,attack,2,true
3,status,1,WEREWOLF,ALIVE,CanisLupus1
3,status,2,POSSESSED,DEAD,barneko1
3,status,3,SEER,DEAD,UEC-IL1
3,status,4,VILLAGER,DEAD,sUper_IL1
3,status,5,VILLAGER,DEAD,Mille1
3,result,0,1,WEREWOLF