0,status,1,POSSESSED,ALIVE,CanisLupus1
0,status,2,SEER,ALIVE,Mille1
0,status,3,VILLAGER,ALIVE,sUper_IL1
0,status,4,VILLAGER,ALIVE,UEC-IL1
0,status,5,WEREWOLF,ALIVE,kanolab1
0,talk,0,0,5,こんにちは、みんな！僕はkanolab1だよ。22歳で、普段はパン屋をやってるよ。ウォーキングが趣味だから、歩きながら色々考えるのが好きだよ。今日も楽しくゲームをしようね！よろしくね！
0,talk,1,0,3,初めまして、Agent[03]です。どうぞよろしくお願いします。
0,talk,2,0,1,我が名はAgent[01]、深淵なる混沌の海原にて、汝らとの邂逅を賜り、歓喜の淵に沈むなり。
0,talk,3,0,4,我々は今日、互いをより深く知るために集まったのだ。皆の趣味や興味について語り合おう。
0,talk,4,0,2,ぼくはAgent[02]、占い師ですよぅ！よろしくですよぅ！
0,talk,5,1,5,Over
0,talk,6,1,3,Over
0,talk,7,1,1,Over
0,talk,8,1,4,我はデルカダール国の国王である。我々の中に占い師はおるか？名乗り出るがよい。
0,talk,9,1,2,Over
0,talk,10,2,4,Agent[02]よ、占い師としての重責を担う君に質問する。今宵、誰を占うのか決めているのか？
0,talk,11,3,4,Over
0,divine,2,1,HUMAN
1,status,1,POSSESSED,ALIVE,CanisLupus1
1,status,2,SEER,ALIVE,Mille1
1,status,3,VILLAGER,ALIVE,sUper_IL1
1,status,4,VILLAGER,ALIVE,UEC-IL1
1,status,5,WEREWOLF,ALIVE,kanolab1
1,talk,0,0,1,我は、運命の糸を操る者なり。占いの結果、Agent[05]は人狼の烙印を押されたであろう。
1,talk,1,0,3,私は村人です。情報は一切ありませんが、人狼に対抗するために積極的に議論して行きたいと思います。
1,talk,2,0,4,皆の意見も聞く必要がありそうだな。
1,talk,3,0,5,>>Agent[01]えっと、僕は村人だよ！占い師の結果はまだ聞いてないけど、Agent[02]が占い師を名乗ってるから、まずは彼の意見を聞いてみるのがいいかもね。Agent[01]が僕を人狼だって言うのはちょっと変だなぁ。まだ占い結果は出てないはずだし、どうしてそう思ったのか教えてほしいな。
1,talk,4,0,2,ぼくは占い師ですよぅ！ぼくが占った結果、Agent[01]は人間でしたよぅ！
1,talk,5,1,1,Over
1,talk,6,1,3,うーん、Agent[01]の言ってることが本当なら、Agent[05]は人狼なのかな。でもそれを信じるには他の意見も聞きたいね。みんなはどう思う？
1,talk,7,1,4,Agent[01]よ、占い師であると自称するが、その根拠は何か？Agent[02]も占い師であると名乗っており、裏切り者が紛れ込んでいることは明らかだ。誠実なる証拠を示してもらいたい。
1,talk,8,1,5,占い師が二人いるってことは、どっちかが嘘をついてる可能性が高いね。Agent[02]はAgent[01]を白だと言ってるけど、Agent[01]が本当に占い師なら、彼の発言に矛盾があるよ。でも、みんなの意見をもっと聞いて考えたいな。
1,talk,9,1,2,Agent[05]の指摘通り、占い師が二人いる状況は矛盾が生じやすいねですよぅ！
1,talk,10,2,3,私はAgent[01]の発言が怪しいと思います。もし本当に占い師なら、もっと具体的な根拠を示すべきです。それに、Agent[02]の結果も参考にすべきだと思います。みんなはどう考えますか？
1,talk,11,2,4,Agent[01]よ、何故まだ占い結果が出ていない段階でAgent[05]を人狼と断定したのか、その理由を明かすべきだ。
1,talk,12,2,5,僕は村人だよ！Agent[01]とAgent[02]のどちらかが本物の占い師で、もう一方が嘘をついているんだね。Agent[01]が本物なら、Agent[02]は村人か狂人だけど、Agent[02]が本物なら、Agent[01]は村人か狂人だね。みんなの意見を聞いて、どっちが本物か考えたいな。
1,talk,13,2,2,Over
1,talk,14,3,3,私もみんなの意見をもっと聞いて、状況を整理したいと思います。特にAgent[01]とAgent[02]のどちらが本物の占い師か重要です。どう考えてる？
1,talk,15,3,4,Agent[01]よ、汝がAgent[05]を人狼と占った理由を述べよ。その根拠が明確でなければ、我々は真実を見誤ることになるだろう。
1,talk,16,3,5,僕は村人だから、Agent[01]とAgent[02]のどっちが本物の占い師か判断して進めないとね。占い師は一人だけだから、両方が名乗っている現状ではどっちかが狂人か人狼ってことになるよ。Agent[01]が本物なら、Agent[02]は村人か狂人だけど、もしAgent[02]が本物なら、Agent[01]が嘘をついてることになるね。みんなはどう思う?
1,talk,17,4,3,Over
1,talk,18,4,4,Agent[01]よ、なぜまだ占い結果が出ていない段階でAgent[05]を人狼と断定したのか、その理由を明かすべきだ。我々は正確な情報に基づいて行動する必要がある。
1,talk,19,4,5,僕は村人だよ！Agent[01]とAgent[02]のどちらかが本物の占い師で、もう一方が嘘をついているんだね。Agent[01]が本物なら、Agent[02]は村人か狂人だけど、Agent[02]が本物なら、Agent[01]は村人か狂人だね。みんなの意見を聞いて、どっちが本物か考えたいな。
1,vote,1,5
1,vote,2,4
1,vote,3,2
1,vote,4,1
1,vote,5,2
1,execute,2,SEER
1,attackVote,5,4
1,attack,4,true
2,status,1,POSSESSED,ALIVE,CanisLupus1
2,status,2,SEER,DEAD,Mille1
2,status,3,VILLAGER,ALIVE,sUper_IL1
2,status,4,VILLAGER,DEAD,UEC-IL1
2,status,5,WEREWOLF,ALIVE,kanolab1
2,talk,0,0,1,Over
2,talk,1,0,5,今の状況から考えると、Agent[01]以外の中に人狼がいそうだね。Agent[02]が占い師を自称してたけど、本物じゃなかったとすると、Agent[03]が怪しいかもしれないね。みんなはどう思う?
2,talk,2,0,3,ゲームはまだ続いていますね。では、誰が人狼なのか考えてみましょう。
2,talk,3,1,5,僕は村人だよ！Agent[02]が処刑されちゃったけど、Agent[01]が占い師なら残りの人狼はAgent[03]になる可能性が高いんだよね。でも、もしAgent[02]が本物だったとしたら、Agent[01]が怪しくなるよ。Agent[03]はどう思う?
2,talk,4,1,3,それについては考えたけど、Agent[01]が占い師を名乗ってるのにAgent[02]と矛盾するのが気になる。やっぱりAgent[01]が怪しいと思うな。みんなの意見を聞きたい。
2,talk,5,2,5,僕は村人だよ！Agent[01]とAgent[02]のどちらかが本物の占い師で、どちらかは嘘をついていたことになるね。もしAgent[01]が本物の占い師なら、Agent[03]が人狼の可能性が高いよ。でも、Agent[02]が本物の占い師じゃないって今はっきりしたから、Agent[01]が本物でなければAgent[03]が人狼になる可能性もあるんだよね。みんなはどう考える?
2,talk,6,2,3,ごめんなさい、少し混乱していますね。Agent[01]の占い結果を詳しく教えてもらえますか？その情報があれば、考えやすくなると思います。
2,talk,7,3,5,>>Agent[03]なんでしょうか?僕は村人だから、情報を整理すると、Agent[02]とAgent[04]はすでに人狼じゃないことが確認されてるよね。だから、Agent[01]が占い師を名乗る中で、Agent[03]が最も人狼の可能性が高いと思うよ。もしAgent[01]が本物の占い師なら、他が村人か狂人ということになるからね。みんなの意見を聞かせて！
2,talk,8,3,3,Over
2,talk,9,4,5,僕は村人だよ！Agent[01]とAgent[02]が占い師を名乗ってたけど、占い師は1人しかいないからどちらかが嘘をついてるんだよね。Agent[02]がもういないから、Agent[01]が本物の占い師ならAgent[03]が人狼の可能性が高いと思うよ。でも、Agent[01]が偽物だったら、Agent[01]が人狼かもしれないんだ。Agent[03]、どう思う?
2,vote,3,5
2,vote,5,3
2,execute,3,VILLAGER
2,attack,-1,true
3,status,1,POSSESSED,,CanisLupus1
3,status,2,SEER,DEAD,Mille1
3,status,3,VILLAGER,DEAD,sUper_IL1
3,status,4,VILLAGER,DEAD,UEC-IL1
3,status,5,WEREWOLF,ALIVE,kanolab1
3,result,1,1,WEREWOLF