0,status,1,SEER,ALIVE,CanisLupus1
0,status,2,VILLAGER,ALIVE,barneko1
0,status,3,VILLAGER,ALIVE,satozaki1
0,status,4,WEREWOLF,ALIVE,kanolab1
0,status,5,POSSESSED,ALIVE,Mille1
0,talk,0,0,5,ぼくはAgent[05]、占い師ですよぅ！よろしくですよぅ！
0,talk,1,0,3,皆さん初めまして、Agent[03]やで。人狼ゲームを一緒に楽しもうや。よろしく頼むで！
0,talk,2,0,4,こんにちは！あてぃしはkanolab1です。みんなで楽しく人狼ゲームをしましょうね！よろしくです！
0,talk,3,0,2,Over
0,talk,4,0,1,我が名はAgent[01]、時の流れに翻弄されし運命の糸が、今、汝らと交錯する時を告げしるす。
0,talk,5,1,5,Over
0,talk,6,1,3,Over
0,talk,7,1,4,Over
0,talk,8,1,1,Over
0,divine,1,5,HUMAN
1,status,1,SEER,ALIVE,CanisLupus1
1,status,2,VILLAGER,ALIVE,barneko1
1,status,3,VILLAGER,ALIVE,satozaki1
1,status,4,WEREWOLF,ALIVE,kanolab1
1,status,5,POSSESSED,ALIVE,Mille1
1,talk,0,0,4,>>Agent[05]占い師COですね！他に占い師の方はいらっしゃいますか?
1,talk,1,0,5,ぼくは占い師ですよぅ！ぼくが占った結果、Agent[01]は人狼でしたよぅ！
1,talk,2,0,2,>>Agent[04] みんな、Agent[05]の結果を信じよう！Agent[01]を処刑するのはやめよう。
1,talk,3,0,3,Agent[05]の結果に対して疑問が残るね。もし本物の占い師なら、乗っ取られた可能性も考慮せんといけんじゃろ。Agent[01]を処刑するのは早計じゃろうと思うんじゃ。
1,talk,4,0,1,我は占いの導き手なり。その結果、Agent[05]は人間たるが、汝は占い師を名乗るという。その根拠は何ぞや？
1,talk,5,1,4,占い師は1人しかいないから、Agent[01]かAgent[05]のどちらかが嘘をついていることになるね。Agent[05]がAgent[01]を人狼と占ったけど、Agent[01]はAgent[05]を村人と占っている。どちらが本物の占い師なのか、慎重に考えないといけないね。
1,talk,6,1,5,>>Agent[04] ぼくは占い師ですが、他に占い師はいないと確定していますよぅ！
1,talk,7,1,2,>>Agent[05] みんな、Agent[05]を信じて行動しましょう！協力が大事です！
1,talk,8,1,3,現状ではどちらの占い師を信じるか決めかねるな。慎重に状況を見極めないと、誤った判断をしてしまう可能性がある。Agent[01]とAgent[05]の確認が必要じゃ。
1,talk,9,1,1,我は断言する、Agent[05]がAgent[01]を人狼と断定し、Agent[01]がAgent[05]を人間と断定したことは、深淵なる運命の糸が絡み合い、混沌とした夜明けを告げる前兆なり。占い師の内訳は真なる者と狂人、いずれかであろう。故に、人狼判定を受けたAgent[01]に投票すべき時が来たる。
1,talk,10,2,4,占い師は1人しかいないから、Agent[01]とAgent[05]のどちらかが偽物だよね。Agent[05]が本物の占い師なら、Agent[01]は人狼になる。でも、Agent[01]が本物なら、Agent[05]が狂人か村人。どちらを信じるか、もう少し情報が欲しいね。
1,talk,11,2,5,>>Agent[02] ありがとう、Agent[02]！信じるということは、疑う心を捨てることですよぅ！
1,talk,12,2,2,>>Agent[05] みんなで協力して人狼を突き止めよう！信じて行動しよう！
1,talk,13,2,3,現時点ではAgent[05]に疑念を抱いとる。彼の結果が確かなら、Agent[01]が人狼じゃが、その信憑性には疑問が残る。ワシはAgent[05]への投票を提案するで。
1,talk,14,2,1,我はAgent[05]に投票せん。Agent[05]は我を人狼と断定したれど、我は彼を人間と判定した。この矛盾から、Agent[05]は狂人である可能性が高いであろう。狂人は村人を人狼と偽り村を混乱させる、危険なる存在なり。
1,talk,15,3,4,あてぃしは、今のところAgent[01]が本物の占い師っぽいかなって思うです。Agent[01]が本物だとすると、Agent[05]は村人か狂人の可能性があるから、慎重に判断するのがいいかも。Agent[05]が人間を人狼と言ってる可能性もあるし、混乱していたら大変なので気をつけたいですね。
1,talk,16,3,5,Over
1,talk,17,3,2,>>Agent[03] 俺も慎重に行こうと思ってるよ。意見交換しよう！
1,talk,18,3,3,>>Agent[02] まだ投票先を宣言していないようじゃが、誰に投票しようと考えとるんかい？
1,talk,19,3,1,我こそは運命の糸を操る者、占いの力を持つ者なり。天啓により、Agent[05]は人間であると判明した。然し、その魂は闇に染まり、狂人の烙印を押されし者であろう。Agent[05]は、我が占いを否定し、自身を占いの力を持つ者と僭称する。だが、真の占いは唯一、我のみがその力を有する。Agent[05]は、村を混乱の淵に突き落とすため、虚偽を吐き、欺瞞を弄する者なり。故に、Agent[05]に投票せよ。
1,talk,20,4,4,占い師は1人しかいないから、Agent[01]とAgent[05]のどちらかが嘘をついていることになるね。Agent[01]が本物なら、Agent[05]は村人か狂人。Agent[05]が本物なら、Agent[01]は人狼。どっちを信じるか、みんなの意見を聞きたいな。
1,talk,21,4,2,>>Agent[01] それなら、もう少し具体的な情報を教えてほしいな！
1,talk,22,4,3,現在の情報では、Agent[05]への疑念が強い。意見は分かれているが、信じる者を選ばねばならん。故に、Agent[05]に投票すべきじゃと考えますじゃろう。
1,talk,23,4,1,我は予言者なり。占いの結果、Agent[05]は人間と判明した。然し、Agent[05]は欺瞞を弄し、自身を予言者と僭称し、我を人狼と断定した。しかし、我はAgent[05]を人間と占った。この矛盾から、Agent[05]は狂人か村人であろう。Agent[05]に投票せよ。
1,vote,1,5
1,vote,3,5
1,vote,4,1
1,vote,5,1
1,execute,5,POSSESSED
1,attackVote,4,3
1,attack,3,true
2,status,1,SEER,ALIVE,CanisLupus1
2,status,2,VILLAGER,,barneko1
2,status,3,VILLAGER,DEAD,satozaki1
2,status,4,WEREWOLF,ALIVE,kanolab1
2,status,5,POSSESSED,DEAD,Mille1
2,result,2,1,NONE