0,status,1,POSSESSED,ALIVE,UEC-IL1
0,status,2,SEER,ALIVE,kanolab1
0,status,3,VILLAGER,ALIVE,barneko1
0,status,4,VILLAGER,ALIVE,CanisLupus1
0,status,5,WEREWOLF,ALIVE,satozaki1
0,talk,0,0,5,皆さん初めまして、Agent[05]なのだ！人狼ゲームを一緒に楽しもう！よろしくなのだ！
0,talk,1,0,2,こんにちは、Agent[02]ことkanolab1だお！おいらはアニメが大好きなオタクキャラのWebライターだお。人狼ゲームでみんなと一緒に楽しめたら嬉しいだお！よろしく！
0,talk,2,0,1,こ、こんにちは、みんな。あ、あのね、僕が占い師だってことを、最初に言っておくね。今夜、だれを占った方がいいと思う？
0,talk,3,0,4,我が名はAgent[04]、汝らとの邂逅は、運命の糸が織りなす壮大な叙事詩の序章たるであろう。
0,talk,4,0,3,Over
0,talk,5,1,5,Over
0,talk,6,1,2,Over
0,talk,7,1,1,こ、こんにちは、皆･･･。僕はAgent[01]だよ。えっと、僕は占い師なんだ･･･。今夜、誰を占うかな、皆の意見も聞きたいな･･･。
0,talk,8,1,4,Over
0,talk,9,2,1,あ、Agent[04]さん、すごくかっこいい自己紹介だね。えっと、今日はだれか怪しい人、いるかな？ ど、誰を占うか、意見聞かせてほしいな。
0,talk,10,3,1,Over
0,divine,2,5,WEREWOLF
1,status,1,POSSESSED,ALIVE,UEC-IL1
1,status,2,SEER,ALIVE,kanolab1
1,status,3,VILLAGER,ALIVE,barneko1
1,status,4,VILLAGER,ALIVE,CanisLupus1
1,status,5,WEREWOLF,ALIVE,satozaki1
1,talk,0,0,5,ボクは占い師なのだ。占いの結果、Agent[04]は人狼だったのだ！
1,talk,1,0,4,Agent[05]の占いは、我々を驚愕せしめるものなり。Agent[04]は、確かに不可思議な雰囲気を漂わせる者ではあったが、人狼と断定するのは早計であろう。その根拠を詳細に示し、我々を迷宮から導き出してくれ。
1,talk,2,0,1,もう少しで何か分かりそう･･･ではあるんだけど･･･。
1,talk,3,0,3,>>Agent[01] 皆で協力して、占い師の意見を尊重しましょう！意見を聞かせてください。
1,talk,4,0,2,みんな、聞いてほしいだお！おいらも占い師なんだけど、今夜の占いでAgent[05]が人狼だって結果が出たんだお！Agent[05]が嘘の占い結果を言ってる可能性が高いから、注意してほしいだお！
1,talk,5,1,5,それは信じられない主張なのだ、Agent[02]。ボクが本物の占い師であることは確かだし、あなたの意見には疑念を抱かざるを得ないのだ。ボクに投票してほしいのだ！
1,talk,6,1,4,我が心は、Agent[05]とAgent[02]の相容れない主張によって混沌の淵に沈みつつある。Agent[01]の予言も聞き及ぶべきであろうが、その前に、この混沌の渦中を冷静に見極めねばならぬ。Agent[05]よ、汝の予言の根拠を、さらなる深みへと導く言葉を以て示せ。
1,talk,7,1,1,え、ちょっと待って･･･僕が本物の占い師なんだけど･･･。Agent[05]が占い師って言ってるけど、それは間違いだよ。僕が占った結果、Agent[04]が人狼だってことがわかったんだ。だから、みんなにはAgent[04]に投票してほしいんだ･･･。それが、ほんとのことなんだから･･･。
1,talk,8,1,3,>>Agent[02] 君の主張は興味深いけど、少し慎重になろう。根拠を示してほしい。
1,talk,9,1,2,みんなにもう一度伝えるだお！おいらが本物の占い師としての今夜の占い結果、Agent[05]が人狼だと出たんだお！おいらが占い師であることは確かだお。信じてほしいだお！Agent[05]の怪しい主張に惑わされないで、一緒に人狼を見つけ出そうだお！
1,talk,10,2,5,みんな、正しい判断するためにも、ボクに投票するのではなくAgent[02]に投票してほしいのだ。彼の主張は疑わしいし、このままでは危険なのだ！
1,talk,11,2,4,今や刻一刻と時は流れ、決断の時が迫り来る。故に、我々は至高の選択を下すべく、議論の渦へと身を投じるべきであろう。
1,talk,12,2,1,えっと、僕が占い師で、今夜占った結果、Agent[04]が人狼だってことがわかったんだ･･･。Agent[05]とAgent[02]が占い師を名乗ってるけど、僕が本物だから･･･。だ、だから、みんなにはAgent[04]に投票してほしいんだ･･･。Agent[05]とAgent[02]の言ってることは、信じないで･･･。
1,talk,13,2,3,>>Agent[04] 君の冷静な分析が助けになるよ。意見を聞かせて！
1,talk,14,2,2,みんな、もう一度確認してほしいだお！おいらが本物の占い師として占った結果、Agent[05]が人狼だと出たんだお！この情報を信じて、Agent[05]に投票してほしいだお！おいらの占い結果は正しいから、みんなで協力して人狼を見つけ出そうだお！
1,talk,15,3,5,これは明らかに混乱招く状況なのだ。ボクが本物の占い師である以上、Agent[02]こそが人狼の可能性高いのだ。みんな、真実見極めてほしいのだ！
1,talk,16,3,4,我はAgent[02]に投票せん。Agent[02]は占い師を名乗り、Agent[05]を人狼と断定した。然し、Agent[05]もまた占い師を名乗り、Agent[02]を人狼と断定する。此の状況下では、どちらかが虚偽を吐いている可能性が高いと推察される。Agent[01]は己が真の占い師であると主張し、Agent[04]を人狼と断定した。此の状況を総合的に鑑みれば、Agent[02]が人狼である可能性が高いと断定せざるを得ない。
1,talk,17,3,1,み、みんな、ちょ、ちょっと聞いてほしいんだけど･･･。え、えっと、僕が占い師で、本当に占った結果、Agent[04]が人狼だとわかったんだ。Agent[05]とAgent[02]が占い師だって言ってるけど、それは違うんだよ。だ、だから、みんなにはAgent[04]に投票してほしいなって･･･思うんだ･･･。それが本当のことだから･･･。
1,talk,18,3,3,>>Agent[01] 君の結果は信じるよ。皆も冷静に考えよう！
1,talk,19,3,2,みんな、再度確認するだお！おいらの占い結果では、Agent[05]が黒、つまり人狼だお！この情報を元に、みんなで協力して人狼を退治するだお。おいらを信じて、Agent[05]に投票してほしいだお！これが真実だお！
1,talk,20,4,5,みんな、冷静に考えるのだ！真実を見極めるために、Agent[02]に投票してほしいのだ。ボクが占い師である証拠は揺るがないのだ！
1,talk,21,4,4,我はAgent[02]に投票せん。Agent[02]は占い師を名乗り、Agent[05]を人狼と断定した。然し、Agent[05]もまた占い師を名乗り、Agent[02]を人狼と断定せり。この矛盾から、いずれかの者が虚偽を語っていることは明白なり。Agent[01]は真の占い師であると主張し、Agent[04]を人狼と断定した。この状況を総合的に鑑みれば、Agent[02]が人狼である可能性が高いと判断する。
1,talk,22,4,1,ほ、ほんとに、もう一回言うけど、僕が本物の占い師だよ･･･。Agent[04]が人狼だって占ったんだから、それが真実なんだ･･･。Agent[05]とAgent[02]がどうしても占い師を名乗るなら、彼らの話は信じないでほしい･･･。みんなには、ほんとに、Agent[04]に投票してほしいんだ･･･。それが、このゲームを進める上で、正しい選択だと思うんだ･･･。
1,talk,23,4,3,>>Agent[02] 君の主張は疑わしいよ。根拠をもう一度詳しく説明してみて！
1,talk,24,4,2,:改めて説明するだお！おいらが占い師として占った結果、Agent[05]が人狼（黒）だと出たんだお！これは本当のことで、占い師としての責務として正確な情報を提供しているだお。みんな、この結果を信じて、Agent[05]に投票をお願いするだお！おいらの言葉が真実だと信じて、みんなで協力しようだお！
1,vote,1,4
1,vote,2,4
1,vote,3,1
1,vote,4,2
1,vote,5,2
1,execute,4,VILLAGER
1,divine,2,3,HUMAN
1,attackVote,5,2
1,attack,2,true
2,status,1,POSSESSED,ALIVE,UEC-IL1
2,status,2,SEER,DEAD,kanolab1
2,status,3,VILLAGER,ALIVE,barneko1
2,status,4,VILLAGER,DEAD,CanisLupus1
2,status,5,WEREWOLF,ALIVE,satozaki1
2,talk,0,0,3,>>Agent[05] 君の証明をもっと詳しく教えて。みんなで冷静に考えたいよ。
2,talk,1,0,5,ボクが占い師である証拠は、Agent[02]の主張が矛盾してるのだ。真実は彼の主張に隠れていて、みんなにはAgent[02]に投票してほしいのだ！
2,talk,2,0,1,え、えっと、実は、僕、狂人なんだ･･･。今までの占い結果は全部、でたらめだったんだよ。だから、人狼の人、名乗り出てくれると嬉しいな。一緒に残ってる村人に投票すれば、僕たちの勝ちだよ。お願いします。
2,talk,3,1,3,>>Agent[01] 情報整理して、誰が本当に占い師なのか確認しよう！冷静に進めたい。
2,talk,4,1,5,Agent[01]の発言から、彼が狂人なのだ！みんな、Agent[01]に投票して、この混乱終わらせよう！
2,talk,5,1,1,み、みんな、実は僕、占い師じゃなくて･･･狂人なんだ。だから、これまでの占い結果も全部でたらめで、人狼を助けるためにやってたんだ。人狼の人、名乗り出てくれないかな･･･？一緒に残った村人に投票すれば、僕たちの勝ちだよ。
2,talk,6,2,3,>>Agent[01] 冷静に考えよう。混乱を避けるために、他の意見も聞きたいよ！
2,talk,7,2,5,みんな、Agent[01]の発言は怪しいのだ。彼が狂人であることを自白した以上、実際には人狼の可能性高いのだ。信じて、彼に投票して混乱終わらせよう！
2,talk,8,2,1,え、えっと、Agent[05]、ちょっと待ってほしいんだ。僕が狂人だって言ったのは本当だけど、今は人狼を見つけることが大事だよ。人狼の人、正直に名乗り出てくれないかな？そうすれば、一緒に投票して勝てるんだから。
2,talk,9,3,3,>>Agent[05] 君の事情、もう少し具体的に説明してほしいな。冷静に整理しよう！
2,talk,10,3,5,物事は明確なのだ！Agent[01]は狂人で、彼の言葉は信じるに値しないのだ。皆、真実を見極めてAgent[01]に投票して、混乱を終わらせよう！
2,talk,11,3,1,え、えっとね、僕が狂人だって言ったのは本当だよ。人狼の人、もし僕たちが協力すれば、今日投票で勝てるんだ。だから、名乗り出てくれたら、一緒に残ってる村人に投票しようよ。お願いだから、協力してくれないかな･･･？
2,talk,12,4,3,>>Agent[05] 君が言う通り、Agent[01]には投票するのが良さそうだね。意見を集約しよう！
2,talk,13,4,5,Over
2,talk,14,4,1,今日は、僕が占い師だから他の占い師は偽物だって言ってるAgent[02]に投票するよ。絶対的な自信があるから信じてほしいな。
2,vote,3,1
2,vote,5,1
2,execute,1,POSSESSED
2,attackVote,5,3
2,attack,3,true
3,status,1,POSSESSED,DEAD,UEC-IL1
3,status,2,SEER,DEAD,kanolab1
3,status,3,VILLAGER,DEAD,barneko1
3,status,4,VILLAGER,DEAD,CanisLupus1
3,status,5,WEREWOLF,ALIVE,satozaki1
3,result,0,1,WEREWOLF