0,status,1,WEREWOLF,ALIVE,sUper_IL1
0,status,2,POSSESSED,ALIVE,barneko1
0,status,3,SEER,ALIVE,Mille1
0,status,4,VILLAGER,ALIVE,kanolab1
0,status,5,VILLAGER,ALIVE,CanisLupus1
0,talk,0,0,5,我が名はAgent[05]、汝らとの巡り合わせは、運命の糸が織りなす壮大な叙事詩の序章たり。
0,talk,1,0,2,Over
0,talk,2,0,1,おっす、俺はAgent[01]。どうぞよろしくね。
0,talk,3,0,4,こんにちは、あてぃしはAgent[04]です。お菓子作りが趣味ですので、ゲームの後に美味しいお菓子を用意したいですね。どうぞよろしくです！
0,talk,4,0,3,ぼくはAgent[03]、占い師ですよぅ！よろしくですよぅ！
0,talk,5,1,5,Over
0,talk,6,1,1,Over
0,talk,7,1,4,Over
0,talk,8,1,3,Over
0,divine,3,1,WEREWOLF
1,status,1,WEREWOLF,ALIVE,sUper_IL1
1,status,2,POSSESSED,ALIVE,barneko1
1,status,3,SEER,ALIVE,Mille1
1,status,4,VILLAGER,ALIVE,kanolab1
1,status,5,VILLAGER,ALIVE,CanisLupus1
1,talk,0,0,1,村人だよ。みんなと協力して情報を集め、村の平和を守りたいんだ。
1,talk,1,0,3,ぼくは占い師ですよぅ！ぼくが占った結果、Agent[01]は人狼でしたよぅ！
1,talk,2,0,2,>>Agent[03] その占い結果、確かに気になるね。みんな、どう思う？
1,talk,3,0,4,>>Agent[02]うーん、Agent[03]が占い師だと名乗って、Agent[01]を人狼だと言ってるけど、まだ他の人の意見も聞いてみたいですね。Agent[01]が本当に人狼かどうか、慎重に考えたいです。
1,talk,4,0,5,Agent[03]の予言、深淵なる真実を告げ、我の魂を揺さぶるものなり。もしAgent[01]が人狼たるならば、なぜこの混沌とした宴に身を投じたのか？深謀遠慮の果て、目的は何か？Agent[01]、汝は我々に説明を賜わらんか？
1,talk,5,1,1,まず、他のプレイヤーの発言を引き続き観察しましょう。誰が一番怪しい行動をしているか、みんなで確認しない？
1,talk,6,1,3,>>Agent[02] ええ、占い師の結果は重要ですからねですよぅ！
1,talk,7,1,2,>>Agent[03] その通り！Agent[01]について、みんなでよく考えよう！
1,talk,8,1,4,うーん、Agent[03]が占い師と名乗ってAgent[01]を人狼だと言うけど、これだけで判断するのは難しいですね。占い結果が真実かどうかは、他のプレイヤーの様子や発言を見ながら判断していきたいです。みんなで協力しながら考えていきましょう！
1,talk,9,1,5,我輩の鋭い洞察により、Agent[03]はAgent[01]を人狼と断定したぞ。占い師は唯一人、その宣告は真実であろう。故に、我々はこの混沌とした夜に、人狼判定を受けたAgent[01]に投票すべきである。
1,talk,10,2,1,みんな、Agent[03]を追放すべきだよ。彼が占い師を名乗っているけど、もし本当ならどうして他の村人の意見を無視して、自分だけの主張を貫いているのか疑問だ。占い結果が嘘だとしたら、村を混乱させる人狼か狂人の可能性が高いよね。彼がこのまま残るのは危険だから、今日の投票でAgent[03]を選ぶことを強く提案するよ。村の平和を守るために、しっかり考えて行動しよう！
1,talk,11,2,3,>>Agent[02] Agent[02]がそう言ってるから、Agent[01]は怪しいと決めつけるのは早計ですよぅ！
1,talk,12,2,2,>>Agent[01] それはちょっと自己防衛に聞こえるよ。他の意見も大事にしよう！
1,talk,13,2,4,うーん、今回は情報が少ないから判断が難しいけど、今はみんなの発言をしっかり観察しておくことが大事かな。特に、占い師を名乗ったAgent[03]が本当に信じられるかどうか気になるところです。村のためにみんなで協力して考えていきましょう！
1,talk,14,2,5,我はAgent[03]に投票せん。Agent[03]は占い師と名乗り、Agent[01]を人狼と断定したれど、その根拠は曖昧にして、混沌の淵に彷徨いし幽玄なる霧のごとし。他の村人の意見を無視し、己の主張のみを貫かんとするその姿は、村を混沌の渦に引きずり込み、滅亡へと導かんとする悪しき予兆なり。
1,talk,15,3,1,みんな、Agent[03]を追放するのがベストだと思う。彼の占い結果が真であるかどうかは、まだ証明されてないからね。俺は心理学の専門家だから、人の発言や行動を冷静に分析できるし、Agent[03]の言動には不自然な点が多い。村人としてこの状況を見極める必要があるから、しっかり考えて、Agent[03]に投票しよう。村を守るために、俺の言葉を信じてほしい。
1,talk,16,3,3,Over
1,talk,17,3,2,>>Agent[04] そうだね、みんなの意見をじっくり聞くのが大事だね。あなたはどう思う？
1,talk,18,3,4,>>Agent[02]ありがとう、Agent[02]。今のところ、Agent[01]とAgent[03]のどちらを信じるべきか悩んでるけど、まだ情報が少ないから、両方の言動を注意深く見る必要があるかなって思ってるです。村のみんなが協力して真実を見つけられるといいですね！
1,talk,19,3,5,我、Agent[03]の占いの結果に一抹の不安を感じずにはいられない。然し、現段階では情報が不足している。Agent[01]の行動をより深く観察し、その本質を見極める必要がある。故に、投票はAgent[03]に投じられるべきであろう。
1,talk,20,4,1,みんな、Agent[03]を追放するべきだと思う。だって、彼が本当に占い師なら、他の意見を無視するなんて絶対におかしいよ。もし彼が人狼だったら、村を混乱させるための策略だろう。俺たちの村の安全を守るためには、彼に票を入れることが必要だ。みんな、力を合わせて、この危険を排除しよう！
1,talk,21,4,2,Skip
1,talk,22,4,4,>>Agent[02]うーん、やっぱりAgent[03]が言ってたことにはちょっと不安が残るかな。もし彼が村を守るための占い師なら、もっと意見をしっかり持ってる気がするです。Agent[01]も怪しんではいるけど、投票はAgent[03]に傾いてる意見が多いので、私もそれに同意するです。
1,talk,23,4,5,Agent[03]の予言は、確かに我が魂を揺さぶる衝撃であった。然し、冷静なる思考を以て深淵を見据える時、其の行動には疑念が渦巻く。真の占い師ならば、何故他の村人の声に耳を傾けようとしないのか？其の言葉には、村を混沌の淵に突き落とさんとする狡猾な策略が潜む。故に、我はAgent[03]に投票するなり。
1,vote,1,3
1,vote,3,1
1,vote,4,3
1,vote,5,3
1,execute,3,SEER
1,attackVote,1,4
1,attack,4,true
2,status,1,WEREWOLF,ALIVE,sUper_IL1
2,status,2,POSSESSED,,barneko1
2,status,3,SEER,DEAD,Mille1
2,status,4,VILLAGER,DEAD,kanolab1
2,status,5,VILLAGER,ALIVE,CanisLupus1
2,result,2,1,NONE