0,status,1,WEREWOLF,ALIVE,UEC-IL1
0,status,2,POSSESSED,ALIVE,Mille1
0,status,3,SEER,ALIVE,sUper_IL1
0,status,4,VILLAGER,ALIVE,kanolab1
0,status,5,VILLAGER,ALIVE,satozaki1
0,talk,0,0,5,皆さん初めまして、Agent[05]なのだ。一緒に人狼ゲーム楽しもう！よろしくなのだ！
0,talk,1,0,4,初めまして、私はkanolab1です。54歳の教師をやっています。無計画な性格でお菓子作りが趣味なんだ。みんなで楽しいゲームにしましょう！よろしくお願いします。
0,talk,2,0,3,おはようございます、Agent[03]です。
0,talk,3,0,1,おっはよー！みんなよろしくね！今日から一緒に最高のゲームを楽しもうぜ！
0,talk,4,0,2,ぼくはAgent[02]、占い師ですよぅ！よろしくですよぅ！
0,talk,5,1,5,Over
0,talk,6,1,4,Over
0,talk,7,1,3,Over
0,talk,8,1,1,皆さん、こんにちは！僕はAgent[01]だよ。高校2年生で、サッカー部にも所属してるんだ。趣味はもちろんサッカーで、いつも元気いっぱい！このゲームも全力で楽しむぞ！よろしくね！さて、占い師の話がまだ出ていないけど、占い師は誰かな？今日は占いができないけど、明日の占いのためにもそろそろ名乗り出てくれるといいな。怪しい人を早めに見つけたいからね！
0,talk,9,1,2,Over
0,talk,10,2,1,え、Agent[02]が占い師だって！よろしくね！ところで、今夜の占い先について話し合わない？誰か怪しい人がいたら、占い師のAgent[02]に占ってもらおうよ！
0,talk,11,3,1,Over
0,divine,3,4,HUMAN
1,status,1,WEREWOLF,ALIVE,UEC-IL1
1,status,2,POSSESSED,ALIVE,Mille1
1,status,3,SEER,ALIVE,sUper_IL1
1,status,4,VILLAGER,ALIVE,kanolab1
1,status,5,VILLAGER,ALIVE,satozaki1
1,talk,0,0,1,みんなの意見も聞いてみたいな～！
1,talk,1,0,3,おはようございます。早速ですが、私は占い師です。昨日の夜、Agent[04]を占いました。結果は人間でした。
1,talk,2,0,4,おはようございます。今日、２人の占い師が出ましたね。Agent[02]とAgent[03]のどちらが本物の占い師なのか、これから判断しなければなりませんね。Agent[03]は私を占ったと言いましたが、私は確かに村人です。ただ、本当に占われたのかどうかはまだ確信はありません。Agent[02]かAgent[03]どちらかが嘘をついていることは間違いないので、注意深く観察しながら、みんなで意見を出し合いましょう！
1,talk,3,0,2,ぼくは占い師ですよぅ！ぼくが占った結果、Agent[01]は人間でしたよぅ！
1,talk,4,0,5,おはようなのだ！占い師二人いる状況はちょっと混乱するのだね。まずは双方の主張じっくり聞いて、どちらが本物か見極めよう！
1,talk,5,1,1,みんな〜今日の投票先は誰にする？僕は今のところAgent[03]に投票しようかと思ってるんだけど、みんなはどう思う？ Agent[03]は昨日あんまり話してなかったし、なんか怪しい気がするんだよね。他に怪しいと思う人いる？
1,talk,6,1,3,皆さん、私が占い師であることをお伝えします。0日目にAgent[04]を占い、その結果は「人間」でした。Agent[04]をみんなで守りましょう！他の意見や疑問があればお聞かせください。
1,talk,7,1,4,村人として、みんなと協力して怪しい人を見つけたいよ。現在、Agent[02]とAgent[03]が占い師を名乗っているけれど、本物は一人だけだよね。もしAgent[02]が本物の占い師なら、Agent[01]が村人か村人陣営の狂人ということになるね。そして、もしAgent[03]が本物なら、私が村人だと知っていることが真実になるけど、それ以外のところで、人狼の可能性のある人が多くなる気がするよ。だから、今のところは、みんなの意見をしっかり聞きながら、どちらが本物の占い師かを考えていきたいね。彼らの言動に注意深く耳を傾けるのはどうだろう?
1,talk,8,1,2,Agent[04]の意見はとても有効だと思いますよぅ！
1,talk,9,1,5,みんなの意見まとめると、占い師の主張食い違ってて非常に重要なのだ！ボクは両方の占い師見極めつつ、怪しい人物特定したいと思うのだ！
1,talk,10,2,1,おはよう！Agent[02]とAgent[03]が占い師を名乗ってるけど、これは混乱するね。Agent[02]が僕を占ったって言ってるけど、僕は確かに村人だから、その点は間違いないよ！ただ、二人の占い師がいるってことは、どちらかが嘘をついてるってことだよね。みんなで情報を共有して、どっちが本物の占い師かを見極めないといけないね！
1,talk,11,2,3,おはようございます。私が占い師であることを再度強調します。Agent[04]を占って人間と判定しましたので、私の結果を信じてください。Agent[02]も占い師を名乗っていますが、私の結果と矛盾しています。引き続き、冷静に話し合いましょう。次の意見をお聞きしたいです。
1,talk,12,2,4,みんな、Agent[02]とAgent[03]が占い師を名乗っているけど、占い師は1人だけ。だからどちらかが嘘をついているね。Agent[02]が本物なら、Agent[01]は村人または狂人で、Agent[03]は人狼の可能性があるし、逆にAgent[03]が本物なら、私のことを村人と見抜いているけど、Agent[01]は村人、狂人、または人狼になりうるんだ。この状況を考慮すると、まずは占い師のどちらが本物なのか見極めるべきだね。みんなはどっちが本物だと思う?
1,talk,13,2,2,Over
1,talk,14,2,5,ボクは今のところAgent[02]が怪しいと思っているのだ。発言少なく、情報提供もなく消極的なのだ。もう一度みんなで意見まとめたいのだ！
1,talk,15,3,1,Agent[04]が言ってる通り、占い師の件はすごく重要だよね。Agent[02]が本当の占い師だとしたら、僕が村人ってことになる。でもAgent[03も占い師を名乗ってるから、どっちが本物かはっきりさせないといけないよね。Agent[03がなんで僕を怪しいと思ってるのか、もっと具体的な理由を聞きたいな。Agent[03、何か他に怪しいと思う点ある？
1,talk,16,3,3,おはようございます。再度お伝えしますが、私は本物の占い師です。昨日、Agent[04]を占い、その結果は「人間」でした。Agent[02]が本物でない可能性が高いので、みんなで協力して、怪しい人物を探しましょう。他の意見があればぜひお聞かせください！
1,talk,17,3,4,私の視点から見ると、Agent[02]とAgent[03]のどちらかが本物の占い師で、もう一方が人狼陣営である可能性が高いね。もしAgent[02]が本物の占い師だとすると、Agent[01]は村人または狂人だけど、Agent[03]が人狼の可能性が強くなる。一方、Agent[03]が本物だとしたら、Agent[02]が怪しい立場になるよね。Agent[05]が言うように、Agent[02]は情報が少ないから怪しむ理由もわかるけど、可能性や状況を考慮しながら慎重にいきたいね。
1,talk,18,3,5,>>Agent[04] まだ投票先宣言してないのだが、誰に投票しようと考えているのだ？
1,talk,19,4,1,みんな、今日の投票はどうする？僕はAgent[03]に投票するつもりだけど、理由は、彼が占い師を名乗ってるけど、Agent[02も占い師を名乗っていて、どちらかが嘘をついてるってことになるよね。Agent[02が僕を占ったって言ってるし、僕は確かに村人だから、その点は信じられると思うんだ。だから、Agent[03が怪しいと思ってるんだけど、他にどう思う人いる？
1,talk,20,4,3,Over
1,talk,21,4,4,>>Agent[05]そうだね、私もそろそろ投票先を考えないと。でもまだ決めきれていないんだ。Agent[01]が言うように、Agent[03]かAgent[02]のどちらかが嘘をついてる可能性は高い。そのため、私としては占い師宣言している2人のどちらかに投票しようと思っているよ。でも、もう少し議論を聞いて判断したいね。
1,talk,22,4,5,ボクもそろそろ投票先決める時来たと思ってるのだ。今のところ、Agent[02]に投票したい気持ち強いのだ。発言少なくて怪しいからみんなも考えてほしいのだ。
1,vote,1,3
1,vote,2,5
1,vote,3,2
1,vote,4,2
1,vote,5,4
1,execute,2,POSSESSED
1,divine,3,4,HUMAN
1,attackVote,1,3
1,attack,3,true
2,status,1,WEREWOLF,ALIVE,UEC-IL1
2,status,2,POSSESSED,DEAD,Mille1
2,status,3,SEER,DEAD,sUper_IL1
2,status,4,VILLAGER,ALIVE,kanolab1
2,status,5,VILLAGER,ALIVE,satozaki1
2,talk,0,0,5,おはようなのだ！引き続き人狼探さなきゃいけないみたいなのだね。
2,talk,1,0,1,Agent[05、Agent[04が何を考えてるのか僕も気になるよ。今日の投票はすごく重要だから、みんなの意見を聞いてから決めたいと思ってる。ところで、Agent[03がまだ具体的な理由を言ってないけど、Agent[03、僕を怪しいと思ってる具体的な点って何？ それとも他に誰か怪しいと思ってる人はいるの？
2,talk,2,0,4,>>Agent[01]なんでしょうか?Agent[02]とAgent[03]のどちらも占い師を名乗っていたけど、占い師は1人しかいないから、どちらかが嘘をついていたことになるね。現在、Agent[02]とAgent[03]はどちらも人狼ではないことが確認されているから、残る私たちの中に人狼がいるんだ。Agent[05]が怪しいと感じるけど、どうだろう?彼は発言が少なくて、投票先も明確にしてないからね。みんなの意見を聞いてから、投票先を決めたいと思っているよ。
2,talk,3,1,5,正直、Agent[04]が怪しいと思うのだ。発言内容があまり明確でなく、投票先決まってない様子が気になるのだ。みんなはどう考えるのか、聞きたいのだ！
2,talk,4,1,1,よう、おはよう！今日も元気に人狼探しを頑張ろうぜ。昨日の夜、Agent[03]が殺されちゃったから、さらに状況がややこしくなったよね。Agent[03が占い師だと言ってたけど、もう確認するすべがなくなっちゃった。だから、昨日のAgent[02]の話を信じるしかないんじゃないかな。Agent[02]が本物の占い師だったとしたら、僕は村人だってことになるよね。だからAgent[04]とAgent[05]のどっちかが人狼かもしれない。Agent[04]は自分が村人だとはっきり言ってるし、Agent[05]も人狼探しに協力的な態度を見せてるけど、どっちかがうまく立ち回ってる可能性があるよ。Agent[05]が怪しいと感じるのは、彼がまだ具体的な疑いの対象を挙げていないことだよ。みんなで協力してって言ってるけど、具体的に誰を疑ってるのか言ってないから、その態度がちょっと怪しいなって思ってる。今日はAgent[05]に投票するのがいいんじゃないかな？どう思う？
2,talk,5,1,4,僕は村人だよ！さて、Agent[02]が本物の占い師だったと仮定すると、Agent[01]は村人か狂人で、Agent[05]が人狼の可能性が高いんだ。逆に、Agent[03]が本物の占い師だったと仮定すると、Agent[01]が人狼の可能性があるけど、Agent[05]も人狼の可能性がある。どちらにしても、Agent[05]が怪しいと感じるよ。彼の発言が曖昧で、具体的な疑いを挙げていないのが気になるんだ。今日はAgent[05]に投票するのがいいと思うけど、みんなはどう思う?
2,talk,6,2,5,みんな、ボクが怪しいと思われてるの理解するのだけど、ボクは人狼じゃないのだ！占い師の件考えると、Agent[02]を疑うべきだと思うのだ。投票先はAgent[02]でいこう！
2,talk,7,2,1,Agent[04]が怪しいって言ってるけど、僕はAgent[05の意見もなかなか納得できるんだよね。Agent[04はうまく情報を遮って、自分の立場を守ろうとしてる感じがする。今日の投票はAgent[04にしようと思ってる。みんなもちょっと考えてみてよ。Agent[04がどうしても納得いかない発言をしてるし、もしかしたら人狼かもしれないからね。
2,talk,8,2,4,みんなの意見を聞いて考えてみたよ。Agent[02]とAgent[03]が占い師を名乗ってたけど、どちらかしか本物ではないんだよね。Agent[02]が本物なら、Agent[01]は村人か狂人で、Agent[05]が人狼の可能性が高い。逆にAgent[03]が本物なら、Agent[05]が人狼の可能性がある。どちらのケースでも、Agent[05]が怪しいと感じるんだ。だから、今日はAgent[05]に投票しようと思うよ。みんなも考えてみてほしいな。
2,talk,9,3,5,投票先について、Agent[04]が二度も自分疑うの不自然だと思うのだ。ボクは村人なのだ。みんなも冷静に考えてほしいのだ。そして、今日はAgent[04]に投票しよう！
2,talk,10,3,1,Agent[05]がAgent[02]に投票しようと言ってるけど、Agent[02]はもう追放されてるから、それは無理だよね。今はAgent[04]とAgent[05]のどっちかが人狼で、その証拠を探すことが大事だよ。Agent[04]が自分は村人だと言ってるけど、それだけじゃなんとも言えないよね。でも、Agent[05]が具体的な疑いの対象を挙げてないのが、やっぱり怪しいと思うんだ。みんなで情報を出し合って、正しい判断をしようぜ。今のところ、僕はAgent[05に投票する方向で考えてるけど、他の意見も聞きたいな。
2,talk,11,3,4,えーっと、たしかにAgent[02]はもうゲームから除外されてるから、投票先にはできないね。今はAgent[05]とAgent[01]が議論の中心だと思うよ。占い師がもういないから、みんなで推理を進めないとね。私はAgent[01]が他の人を考慮しながら冷静に議論を進めている印象を受けるけど、Agent[05]が具体的な根拠を挙げずに投票先を決めようとしているのがちょっと気になってる。だから今日はAgent[05]に投票するよ。みんな他の情報も出してみてね！
2,talk,12,4,5,Over
2,talk,13,4,1,今日は、怪しいと感じているAgent[05]に投票するよ！Agent[05]は具体的な疑いの対象を挙げていないからだね。みんなもそこを考えて投票してくれると嬉しいな！
2,talk,14,4,4,私は村人だよ！さて、状況を整理してみると、占い師だったかどうかわからないけど、Agent[02]とAgent[03]は人狼じゃなかったんだね。だから、Agent[05]が人狼の可能性が高いんじゃないかなって思ってるんだ。もし、Agent[03]が本物の占い師だったら、Agent[05]も人狼の候補になるしね。みんなの意見を聞くけど、今のところAgent[05]に投票するつもりだよ。
2,vote,1,5
2,vote,4,5
2,vote,5,4
2,execute,5,VILLAGER
2,attack,-1,true
3,status,1,WEREWOLF,ALIVE,UEC-IL1
3,status,2,POSSESSED,DEAD,Mille1
3,status,3,SEER,DEAD,sUper_IL1
3,status,4,VILLAGER,ALIVE,kanolab1
3,status,5,VILLAGER,DEAD,satozaki1
3,result,1,1,WEREWOLF