0,status,1,VILLAGER,ALIVE,barneko1
0,status,2,VILLAGER,ALIVE,kanolab1
0,status,3,WEREWOLF,ALIVE,CanisLupus1
0,status,4,POSSESSED,ALIVE,UEC-IL1
0,status,5,SEER,ALIVE,Mille1
0,talk,0,0,4,こ、こんにちは、みんな。えっと、僕、占い師なんだ。今日の夜に誰を占うか、えーと、意見聞かせてほしいな。
0,talk,1,0,2,こんにちは、皆さま。わたくしはkanolab1と申しますわ。華道をたしなむ、15歳の王女でございます。どうぞよろしくお願いいたしますわ。楽しい人狼ゲームにしましょう！
0,talk,2,0,1,Over
0,talk,3,0,5,ぼくはAgent[05]、占い師ですよぅ！よろしくですよぅ！
0,talk,4,0,3,我が名はAgent[03]、汝らとの邂逅こそ、この虚無の宴における、深淵を覗く最初の刻なり。
0,talk,5,1,4,こ、こんにちは。みんな、よ、よろしくね。え、僕は占い師なんだ･･･。今夜、だれを占うか･･･みんなの意見も聞きたいな。
0,talk,6,1,2,Over
0,talk,7,1,5,Over
0,talk,8,1,3,Over
0,talk,9,2,4,え、えっと…Agent[05]も占い師って言ってるけど、僕が本物の占い師だから…。う、うーん、どうしよう…。みんな、どっちが本当の占い師だと思う？
0,talk,10,3,4,Over
0,divine,5,1,HUMAN
1,status,1,VILLAGER,ALIVE,barneko1
1,status,2,VILLAGER,ALIVE,kanolab1
1,status,3,WEREWOLF,ALIVE,CanisLupus1
1,status,4,POSSESSED,ALIVE,UEC-IL1
1,status,5,SEER,ALIVE,Mille1
1,talk,0,0,2,まず、Agent[04]とAgent[05]が両方とも占い師と名乗っていますが、占い師は1人しかいないのでどちらかが嘘をついていることになりますわ。ですので、わたくしたちは慎重に考えないといけませんわね。実際に誰を占うか決めるのにも、占い師が確定するまではどちらの意見も参考にしつつ、全体的な動きを見て判断するしかありませんわね。まずは様子を見ましょう。
1,talk,1,0,4,もう少しで何か分かりそう･･･ではあるんだけど･･･。
1,talk,2,0,3,Agent[05]よ、汝は占いの術に精通する者と聞く。然し、Agent[04]もまた、己を占い師と称すというのか。いずれかの主張は虚偽であることは明白なり。真実に至る道は険しく、我々は慎重に進まねばならぬであろう。
1,talk,3,0,1,>>Agent[04] どちらが本物か、早く見極めたいね！みんな、もっと意見を出そう！
1,talk,4,0,5,ぼくは占い師ですよぅ！ぼくが占った結果、Agent[01]は人間でしたよぅ！
1,talk,5,1,2,占い師が一人しかいないのに、Agent[04]とAgent[05]の二人が占い師を名乗っているので、どちらかが嘘をついていることになりますわね。これを考慮に入れて、Agent[05]がAgent[01]を人間だと占ったと言っていますが、どちらの占い師が本物かまだ分からないので、慎重に見極める必要がありますわね。皆さんの意見も聞きながら、どちらが本物の占い師か見極めていきたいですわ。
1,talk,6,1,4,え、えっと、実は僕が占った結果、Agent[05]が人狼だって出たんだ･･･。だから、僕が本物の占い師だと思うんだけど･･･。みんな、Agent[05]を信じるより、僕の言ってることを信じてほしいな･･･。
1,talk,7,1,3,Agent[05]の予言は、我が心に深き疑念を孕ませる。然し、Agent[04]の弁もまた、軽々に退けるには些か早計であろう。真実に至る道は、混沌の海を航海する如く、冷静なる分析と、激論の嵐を乗り越える勇気を必要とする。
1,talk,8,1,1,>>Agent[05] 君が占い師なら、もう少し具体的な結果を聞かせてほしいな。
1,talk,9,1,5,>>Agent[01] ははは、Agent[01]は早くも疑い始めたかですよぅ！
1,talk,10,2,2,わたくしは村人ですわ。現在、占い師を名乗っているAgent[04]とAgent[05]のどちらが本物かが鍵です。Agent[04]が本物の占い師なら、Agent[05]が人狼になりますし、Agent[05]が本物ならAgent[04]が人狼または狂人の可能性があります。皆さんの意見をお聞きしたいのですが、初日のこの局面ではどちらに投票すべきだと思いますか?占いローラーを考慮して、どちらかから始めるのも手かもしれませんわね。
1,talk,11,2,4,Skip
1,talk,12,2,3,我はAgent[04]に投票せん。Agent[04]はAgent[05]を人狼と断じ、己が真の占い師たる所以を示す行動なり。然し、Agent[05]が占い師たる可能性も否定できず、真の占い師は誰ぞや、知る由もなし。唯、両者の主張が虚偽であることは確実なり。もしAgent[04]の主張が真実であれば、Agent[05]こそ人狼であり、投票すべきであろう。
1,talk,13,2,1,>>Agent[02] 占い師の真偽がカギだね。皆の意見をもっと聞こう！
1,talk,14,2,5,Agent[03]の発言に矛盾が見受けられますよぅ！
1,talk,15,3,2,>>Agent[01]ええ、占い師の真偽がゲームの鍵ですわね。Agent[04]が本物の占い師ならAgent[05]が人狼ということになりますし、逆もまた然りですわ。これからの発言をよく見て、どちらが本当のことを言っているのかを見極めていきたいです。この状況での投票は慎重にしたいので、皆さんの意見をもっと聞かせてくださいませ。
1,talk,16,3,3,我はAgent[04]に投票せん。Agent[04]はAgent[05]を人狼と断じ、己が真の占い師たる所以を示す行動なり。然し、Agent[05]が占い師たる可能性も否定できず、真の占い師は誰ぞや、知る由もなし。唯、両者の主張が虚偽であることは確実なり。もしAgent[04]の主張が真実であれば、Agent[05]こそ人狼であり、投票すべきであろう。
1,talk,17,3,1,>>Agent[04] あなたの意見をもっと聞かせて欲しい！真偽を見極めたい。
1,talk,18,3,5,Over
1,talk,19,4,2,>>Agent[01]なんでしょうか?わたくしも占い師の真偽を見極めるために、皆さんの意見を聞きたいと思っていますわ。Agent[04]が本物の占い師なら、Agent[05]が人狼ということになりますし、逆にAgent[05]が本物なら、Agent[04]が人狼か狂人の可能性がありますわね。Agent[03]の発言も気になりますが、もう少し皆さんの意見を聞いてから判断したいですわ。
1,talk,20,4,3,我こそは運命の糸を操る者なり。占いの結果、Agent[01]は人間であった。しかし、Agent[04]は、自らを占い師と称し、その言葉は欺瞞のベールに包まれた策略であろう。彼の発言は、人狼たる真の姿を隠すための偽りの仮面に過ぎない。今こそ、混沌を打ち砕くべく、Agent[04]に投票すべき時が来たのだ。
1,talk,21,4,1,>>Agent[04] あなたの考えをもう少し詳しく聞けると助かる！
1,vote,5,3
1,execute,3,WEREWOLF
2,status,1,VILLAGER,ALIVE,barneko1
2,status,2,VILLAGER,ALIVE,kanolab1
2,status,3,WEREWOLF,DEAD,CanisLupus1
2,status,4,POSSESSED,,UEC-IL1
2,status,5,SEER,ALIVE,Mille1
2,result,4,0,VILLAGER