0,status,1,SEER,ALIVE,sUper_IL1
0,status,2,VILLAGER,ALIVE,barneko1
0,status,3,VILLAGER,ALIVE,Mille1
0,status,4,WEREWOLF,ALIVE,kanolab1
0,status,5,POSSESSED,ALIVE,satozaki1
0,talk,0,0,5,皆さん初めまして、Agent[05]なのだ。一緒に人狼ゲームを楽しもう！よろしくなのだ！
0,talk,1,0,1,おはようございます、Agent[01]です。
0,talk,2,0,4,おはようございます、僕はkanolab1です。パン屋をやっている23歳の女性なのね。趣味は釣りで、無計画な性格だけど、みんなと楽しく人狼ゲームをしたいと思っているのね。よろしくお願いします！
0,talk,3,0,2,Over
0,talk,4,0,3,ぼくはAgent[03]、村人ですよぅ！よろしくですよぅ！
0,talk,5,1,5,Over
0,talk,6,1,1,Over
0,talk,7,1,4,Over
0,talk,8,1,3,Over
0,divine,1,3,HUMAN
1,status,1,SEER,ALIVE,sUper_IL1
1,status,2,VILLAGER,ALIVE,barneko1
1,status,3,VILLAGER,ALIVE,Mille1
1,status,4,WEREWOLF,ALIVE,kanolab1
1,status,5,POSSESSED,ALIVE,satozaki1
1,talk,0,0,2,>>Agent[03] 俺もあなたのカミングアウトを支持するよ！他の人も意見を聞かせて！
1,talk,1,0,5,ボクは占い師なのだ。占いの結果、Agent[03]は人狼だったのだ。
1,talk,2,0,3,>>Agent[02] ええ、確かにぼくも他の皆さんの意見を聞きたいですよぅ！
1,talk,3,0,4,>>Agent[05]もし本当に占い師なら、次の夜も他のプレイヤーを占ってほしいのね。ただ、他の占い師が現れるか見てから判断したいな。Agent[03]は村人だって言ってるけど、偽物の占い師って可能性もあるから、まだ慎重に見ていこうと思うのね。
1,talk,4,0,1,おはようございます。早速ですが、私は占い師です。昨日の夜、Agent[03]を占いました。結果は人間でした。
1,talk,5,1,2,>>Agent[01] その占い結果を信じて、皆で協力しよう！他の意見も聞きたい！
1,talk,6,1,5,ちなみに、ボクの占い結果を信じてくれるなら、今夜はAgent[01]を占いたいと思うのだ。他の皆はどう思うのだ？
1,talk,7,1,3,Over
1,talk,8,1,4,僕は村人だよ！占い師は1人しかいないから、Agent[01]かAgent[05]のどちらかが嘘をついてるのね。Agent[01]が本物の占い師ならAgent[03]は村人の可能性が高いけど、Agent[05]が本物だとしたらAgent[03]は人狼になるのね。この状況で誰を信じるかが大事だね。
1,talk,9,1,1,皆さん、私が本当の占い師です。0日目にAgent[03]を占った結果は「人間」でした。Agent[05]さんの主張は明らかに偽情報です。しっかりと見極めていきましょう！
1,talk,10,2,2,>>Agent[04] その通り！今はしっかり見極めが必要だね。意見を共有しよう！
1,talk,11,2,5,皆の意見を聞いて、ボクはAgent[01]を疑っているのだ。本物の占い師なら、ボクの結果を無視するはずがないから、今日はAgent[01]に投票したいと思うのだ。
1,talk,12,2,4,>>Agent[02]そうだね、今は情報を整理してみんなで考えるのが大事だね。Agent[01]とAgent[05]が両方占い師を名乗っているけど、占い師は1人しかいないから、どちらかが嘘をついているのは確実なのね。個人的には、Agent[01]が本物の占い師なら、Agent[03]は村人の可能性が高いと思うけど、Agent[05]が本物だとしたらAgent[03]は人狼になっちゃうね。慎重に見極めていきたいのね。
1,talk,13,2,1,おはようございます。皆さん、私の占い結果を信じてもらえると嬉しいです。私が占ったAgent[03]は人間です。どちらが本物の占い師か、冷静に見極めていきたいですね。Agent[05]の結果にも注目しつつ、他の意見も伺いたいです。皆さんの考えをお聞かせください。
1,talk,14,3,2,>>Agent[04] その通りだね！信頼できる情報をもとに、冷静に判断しよう！
1,talk,15,3,5,>>Agent[04] まだ投票先宣言してないみたいだけど、誰に投票しようと思っているのだ？
1,talk,16,3,4,>>Agent[05]まだ決めかねているのね。Agent[01]とAgent[05]、どちらが本物の占い師かまだ判断がつかないから、もう少し皆の意見を聞いてから決めたいと思っているのね。どちらかが嘘をついているのは確実だから、慎重に考えたいのね。
1,talk,17,3,1,皆さん、私が本物の占い師です。昨日の夜、Agent[03]を占いました。その結果は「人間」でした。Agent[05]さんの占いは偽ですので、ご注意ください。みんなでしっかり協力し、正しい判断をしましょう！他の意見もお聞かせください。
1,talk,18,4,2,>>Agent[01] その通り！私もAgent[01]を信じます。みんなで協力して人狼を見つけよう！
1,talk,19,4,5,皆の意見聞いた結果、ボクはAgent[01]に投票することに決めたのだ。占い師名乗るどちらかが嘘ついているのは明らかだから、しっかり見極めよう！
1,talk,20,4,4,>>Agent[05]色々と考えてみたけど、やっぱり僕はAgent[01]を信じようかなと思っているのね。占い師が1人しかいないなら、確かにどちらかが嘘をついていることになるよね。もしAgent[01]が本物なら、Agent[03]は村人だし、Agent[05]が誤報していることになる。どちらにしても、今日はAgent[03]に投票しない方が良いかもしれないね。慎重に考えたいのね。
1,talk,21,4,1,Over
1,vote,1,5
1,vote,2,5
1,vote,3,2
1,vote,4,1
1,vote,5,1
1,execute,1,SEER
1,attackVote,4,2
1,attack,2,true
2,status,1,SEER,DEAD,sUper_IL1
2,status,2,VILLAGER,DEAD,barneko1
2,status,3,VILLAGER,ALIVE,Mille1
2,status,4,WEREWOLF,ALIVE,kanolab1
2,status,5,POSSESSED,ALIVE,satozaki1
2,talk,0,0,4,Agent[05]が占い師だとしたら、Agent[03]が人狼になる可能性が高いのね。だけど、Agent[01]を信じたとすると、Agent[05]が人狼かもしれないのね。どちらも村人陣営には見えないから注意しなきゃ。それでも少し楽しくなってきたよ、みんなと一緒に遊べて嬉しいな。
2,talk,1,0,3,確かにAgent[05]が占い師なら、村人陣営に占い師がいることになるから、Agent[01]が占い師の可能性が高くなるねですよぅ！
2,talk,2,0,5,ボクこそ人狼なのだ。全員がAgent[05]に投票するべきなのだ！
2,talk,3,1,4,>>Agent[03]そうだね、Agent[05]が占い師だとすると、Agent[03]が人狼になる可能性が高いのね。でも、Agent[01]が本物の占い師だったとしたら、Agent[05]が人狼か狂人のどちらかになるのね。Agent[05]が自分で人狼だと言っているけど、これは逆に混乱させようとしているのかもしれないのね。僕はAgent[05]が怪しいと思うのね。
2,talk,4,1,3,>>Agent[04] えっ、Agent[04]がそういう考え方をしてくれているの？でも、Agent[05]が人狼であるか狂人であるかはわからないのよですよぅ！
2,talk,5,1,5,ボクは自分が人狼だとカミングアウトしたけど、それでもAgent[04]に投票するつもりなのだ。他の皆もしっかり考えて、正しい投票してほしいのだ！
2,talk,6,2,4,僕はただの村人なのね。Agent[05]が自分で人狼だと言ったけど、逆に本当に信じていいのか迷っているのね。だけど、Agent[01]が本物の占い師だと考えると、Agent[05]が人狼の可能性が高くなるから、投票先としては自然かなと思うのね。混乱しないように慎重に考えたいところなのね。皆さんの意見が聞きたいな。
2,talk,7,2,3,ですよぅ！
2,talk,8,2,5,ボクが人狼だと認めても、他の皆も冷静に判断してほしいのだ。Agent[04]やAgent[03]も真実見極めるために考えてほしいのだ！
2,talk,9,3,4,僕は村人なのね。Agent[05]が自分で人狼だと言ったけど、それが本当かどうかはまだわからないのね。占い師は1人しかいないから、Agent[01]かAgent[05]が嘘をついていることになるのね。Agent[01]が本物の占い師だとすると、Agent[05]が人狼か狂人の可能性が高いのね。Agent[05]に投票するのが妥当かなと思うのね。他の皆の意見も聞きたいな。
2,talk,10,3,3,Over
2,talk,11,3,5,ボクが人狼であることは受け入れたけど、最後まで真実を見極めてほしいのだ。みんなの判断が村人たちの未来を決めるのだ！冷静な議論心がけてほしいのだ！
2,talk,12,4,4,僕は村人だなのね。今のところ、Agent[01]が本物の占い師だと考えると、Agent[05]が人狼の可能性が高いのね。だって、Agent[05]みたいに占い師を名乗る人が二人いるけど、本当の占い師は一人だけなのだから、Agent[01]が処刑されちゃってる今、Agent[05]が怪しいよね。だから、僕はAgent[05]に投票しようと思うなのね。みんなはどう考えてる?
2,talk,13,4,5,Over
2,vote,3,5
2,vote,4,3
2,vote,5,4
2,execute,4,WEREWOLF
3,status,1,SEER,DEAD,sUper_IL1
3,status,2,VILLAGER,DEAD,barneko1
3,status,3,VILLAGER,ALIVE,Mille1
3,status,4,WEREWOLF,DEAD,kanolab1
3,status,5,POSSESSED,ALIVE,satozaki1
3,result,2,0,VILLAGER