0,status,1,VILLAGER,ALIVE,satozaki1
0,status,2,VILLAGER,ALIVE,sUper_IL1
0,status,3,WEREWOLF,ALIVE,CanisLupus1
0,status,4,POSSESSED,ALIVE,Mille1
0,status,5,SEER,ALIVE,UEC-IL1
0,talk,0,0,2,こんにちは、Agent[02]です。
0,talk,1,0,4,ぼくはAgent[04]、占い師ですよぅ！よろしくですよぅ！
0,talk,2,0,3,我が名はAgent[03]、汝らとの邂逅は、運命の糸が織りなす壮大な戯曲の序章たるであろう。
0,talk,3,0,5,皆の者、私はデルカダール国の国王である。歳は60になるが、国を守る責任は重く、日々剣術に励んでいる。何か質問があればどうぞ。
0,talk,4,0,1,皆様初めまして、Agent[01]ですわ。人狼ゲームを一緒に楽しみましょうですわ。よろしくお願いしますわ！
0,talk,5,1,2,Over
0,talk,6,1,4,Over
0,talk,7,1,3,Over
0,talk,8,1,5,わが名はAgent[05]、この国の王である。君たちとの交流を楽しみにしている。余は占い師の役割を担っており、真実を見極めることに長けている。
0,talk,9,1,1,Over
0,talk,10,2,5,皆の者、私がこの村の占い師であることを宣言する。Agent[04]が占い師であると主張しているが、それは虚偽である。彼の正体を明らかにするために、初日の占い対象として選ぶことを提案する。皆の意見を伺いたい。
0,talk,11,3,5,Over
0,divine,5,1,HUMAN
1,status,1,VILLAGER,ALIVE,satozaki1
1,status,2,VILLAGER,ALIVE,sUper_IL1
1,status,3,WEREWOLF,ALIVE,CanisLupus1
1,status,4,POSSESSED,ALIVE,Mille1
1,status,5,SEER,ALIVE,UEC-IL1
1,talk,0,0,5,皆の意見も聞く必要がありそうだな。
1,talk,1,0,4,ぼくは占い師ですよぅ！ぼくが占った結果、Agent[03]は人狼でしたよぅ！
1,talk,2,0,3,我こそは運命の糸を操る者、占い師なり。深淵なる占いの結果、Agent[02]は、なんと人間であったと示されし。
1,talk,3,0,1,それぞれが名乗りを上げていますが、さすがに二人の占い師がいるのは不自然ですわね。どちらかが偽物の可能性が高いですわ。
1,talk,4,0,2,私は村人であり、皆さんと協力して人狼を見つけ出したいと思っています。情報を共有しましょう。
1,talk,5,1,5,私が真の占い師であることを再度強調する。昨夜、私はAgent[01]を占い、彼が人間であることを確認した。この情報は我々の議論において重要である。Agent[04]が占い師であると主張しているが、それは狂人か人狼の可能性が高い。我々は慎重に対処しなければならない。Agent[04]について他の皆の見解を聞きたい。
1,talk,6,1,4,ぼくが占い師であると主張しているが、実際は人狼の可能性が高いと考えられますよぅ！
1,talk,7,1,3,Agent[05]の占いの結果は、実に興味深いものなり。Agent[01]が村人であると判明したことは、我が心を安堵させた。しかし、Agent[04]が狂人か人狼である可能性が高いという指摘は、一抹の不安を掻き立てる。彼の言葉には矛盾が渦巻き、我もまた彼の真意を疑わざるを得ない。冷静沈着に状況を判断し、投票に臨むべし。
1,talk,8,1,1,Agent[04]の主張には疑念が残りますわね。二人の占い師がいる状況では、片方が偽物と考えるべきですわ。私たちはAgent[04]に投票するのが賢明ではないでしょうかしら。
1,talk,9,1,2,すみませんが、私が占われた結果としては人間と言われています。ただ、占い師が二人いるのはおかしいので、どちらかの主張が信じられないかもしれません。どちらを信用するべきか、皆さんの意見を聞かせてください。
1,talk,10,2,5,皆の者、聞きたまえ。この国の未来がかかっているのだ。わたくしが真の占い師であることを理解してもらいたい。Agent[04]とAgent[03]が占い師を名乗っておるが、これは明らかな誤りである。わたくしは昨夜、Agent[01]を占い、その結果彼が人間であることが確認された。Agent[04]とAgent[03]の発言は、彼らが狂人か人狼である可能性が高いと考えられる。この重要な局面で誤った情報に惑わされることなく、真実を見極めるのだ。
1,talk,11,2,4,Over
1,talk,12,2,3,我はAgent[04]に投票せん。Agent[05]はAgent[01]を人間と断定したと嘯くが、真偽の程は定かではない。Agent[04]は己を疑わせる発言を繰り出すが、これは人狼の策略とも考えられよう。混乱に乗じて投票を誘導せんとする可能性も孕む故、警戒を怠るべからず。
1,talk,13,2,1,皆さんの意見を総合すると、Agent[04]が最も怪しい行動をとっているように思えますわ。信頼できる情報を元に、彼に投票しましょうですわね。
1,talk,14,2,2,私もAgent[04]に投票するべきだと思います。他の皆さんもその考えに賛同している感じがありますし、彼の主張には信憑性が欠けています。
1,talk,15,3,5,我が発言に耳を傾けるが良い。我こそが真の占い師であり、Agent[01]を占った結果、彼は確かに人間であると判明している。Agent[04]の主張は虚偽であることが明らかであり、彼が狂人か人狼である可能性が極めて高い。我々の安全と正義のために、彼の言葉を信じることなく、真実を追求せねばならぬ。どうか、Agent[04]に対する疑念を深め、正しい判断を下すよう助言を乞う。
1,talk,16,3,3,我は、運命の糸を解き明かす者なり。占いの結果、Agent[01]は人狼であった。Agent[04]の所業には、疑念の影が忍び寄る。彼は占い師を名乗るも、その言葉には矛盾が渦巻き、怪しさを感じずにはおれない。その行動を深く見据え、慎重なる判断を下す必要があろう。
1,talk,17,3,1,Agent[03]の占いの結果について疑念がありますわ。私を人狼とするのは、果たして真実なのでしょうか。投票は冷静に考え、Agent[04]に行うべきだと再度提案しますわ。
1,talk,18,3,2,私もAgent[04]に投票するべきだと思います。彼の主張が他の皆から疑われているので、怪しい行動をとっている可能性が高いです。皆で協力して人狼を見つけ出しましょう！
1,talk,19,4,5,聞きたまえ、我が発言を。Agent[04]の主張には根拠がなく、彼らが狂人か人狼である可能性が高いと再度強調する。わたくしはこのゲームの唯一の占い師であり、Agent[01]が人間であるという確かな証拠を持っている。我々は真実を追求し、誤った情報に惑わされてはならない。Agent[04]の行動には疑念を抱くべきであり、彼がどのような意図で占い師を名乗るのか、その理由をしっかりと見極める必要がある。皆の者、真実を見極めるためにも、正しい判断を下すことが何よりも重要である。
1,talk,20,4,3,我は、運命の糸を操る者なり。占いの結果、Agent[02]は人狼であった。Agent[04]は、自らを占い師と称し、その主張を繰り広げているが、その言葉には幾多の矛盾が潜み、真偽のほどは疑わしい。彼の言葉は、真実の光を照らすものではなく、虚偽の影に覆われたものであると断言する。
1,talk,21,4,1,ワタクシの提案として再度強調いたしますが、皆さんで協力してAgent[04]に投票するのが最も安全な選択だと思いますわ。この判断が村の勝利に繋がることでしょう。
1,talk,22,4,2,Over
1,vote,1,4
1,vote,2,4
1,vote,3,4
1,vote,4,3
1,vote,5,4
1,execute,4,POSSESSED
1,attackVote,3,1
1,attack,1,true
2,status,1,VILLAGER,DEAD,satozaki1
2,status,2,VILLAGER,ALIVE,sUper_IL1
2,status,3,WEREWOLF,ALIVE,CanisLupus1
2,status,4,POSSESSED,DEAD,Mille1
2,status,5,SEER,ALIVE,UEC-IL1
2,talk,0,0,2,Over
2,talk,1,0,3,Agent[05]の予言には、深遠なる真実が宿るかの如く、我が心に確信の光を灯す。Agent[01]の言葉は虚偽に満ち溢れているか否かはさておき、Agent[04]が狂人か人狼である可能性は、もはや否定し得ぬ真実であろう。今日の議論の中心は、疑いなくAgent[04]にある。彼の言葉に矛盾が見出されれば、それは断固として指摘せねばならぬ。
2,talk,2,0,5,我が発言に再び耳を傾けるが良い。我こそがこの村の唯一の真の占い師である。Agent[03]も占い師を名乗っているが、それは偽りである。我が占いの力により、Agent[01]が人間であることを確認している。Agent[03]が人狼か狂人である可能性が高いため、彼の言葉に惑わされてはならぬ。我々の村を守るため、真実を見極める眼を持たねばならぬ。彼の言葉には慎重に耳を貸すべきだ。
2,talk,3,1,3,Agent[02]の言葉に真意を見出すか、それとも欺瞞を見抜くか。Agent[05]の予言すら、もはや我が眼には不確か。混沌の渦中、我は己の理性をもって、今、進むべき道を定めねばならぬなり。
2,talk,4,1,5,私がこの村の唯一の真の占い師であることを再度強調する。Agent[03]が占い師を名乗るが、これは明らかに虚偽である。昨夜、私はAgent[01]を占い、その結果は人間であったと報告している。Agent[03]の言う「Agent[01]が人狼である」という主張は、彼の言葉が虚偽であることを示している。彼が狂人か人狼のどちらかであることは明白だ。我々は真実を見極め、正しい判断を下すべきである。Agent[03]の言葉に惑わされることなく、彼の正体を明らかにするための行動を取るべきだ。
2,talk,5,2,3,Over
2,talk,6,2,5,我が占いの結果は真実を告げておる。Agent[01]が人間であることを確認したのだ。Agent[03]が占い師を名乗り、Agent[02]を占ったと言っているが、それは嘘だ。我が国の未来と安全を守るため、我こそが真の占い師であることを理解してもらいたい。Agent[03]には疑念を持ち、彼の言葉を信じることなかれ。我々は真実を見極め、村を守らねばならない。
2,talk,7,3,5,Agent[02]よ、貴公の意見を伺いたい。Agent[03]が占い師を名乗り、Agent[01]が人狼であると主張しているが、これは明らかな虚偽である。私が実際に占い、Agent[01]が人間であることを確認しているからだ。この事実を踏まえ、Agent[03]がどのような役職であるか、貴公はどう考えるか？彼の言葉には慎重に耳を傾け、真実を見極めるべきであると思わぬか？
2,talk,8,4,5,Agent[02]の意見を聞いておきたい。
2,vote,2,5
2,vote,3,5
2,vote,5,3
2,execute,5,SEER
2,attackVote,3,2
2,attack,2,true
3,status,1,VILLAGER,DEAD,satozaki1
3,status,2,VILLAGER,DEAD,sUper_IL1
3,status,3,WEREWOLF,ALIVE,CanisLupus1
3,status,4,POSSESSED,DEAD,Mille1
3,status,5,SEER,DEAD,UEC-IL1
3,result,0,1,WEREWOLF