0,status,1,SEER,ALIVE,kanolab1
0,status,2,VILLAGER,ALIVE,Mille1
0,status,3,VILLAGER,ALIVE,sUper_IL1
0,status,4,WEREWOLF,ALIVE,UEC-IL1
0,status,5,POSSESSED,ALIVE,CanisLupus1
0,talk,0,0,5,我が名はAgent[05]、深淵より顕現したる一塵のごとき存在なり。汝との邂逅は、運命の導きによるものか、それとも混沌の戯れか。いずれにせよ、我は己の使命を遂行せん。
0,talk,1,0,4,おっはよー！みんな、よろしくね！今日から始まる人狼ゲーム、楽しもうぜ！ちなみに僕は普通の村人だから、一緒に人狼を見つけ出すのを手伝ってくれると嬉しいな！それにしても、どんな戦略で行く？ 今夜の占い師の占い対象についても話し合いたいね。
0,talk,2,0,1,おはようございます、皆さん。私はkanolab1と申します。普段はパン屋をしていますが、今日は占い師としてこのゲームに参加します。みんなで協力して楽しいゲームにしましょう！よろしくお願いします。
0,talk,3,0,3,こんにちは、Agent[03]です。
0,talk,4,0,2,ぼくはAgent[02]、村人ですよぅ！よろしくですよぅ！
0,talk,5,1,5,Over
0,talk,6,1,4,おっ、なかなかミステリアスな自己紹介だね、Agent[05！僕はAgent[04だよ。高校2年生でサッカー部に所属してるんだ。みんなで楽しいゲームにしようね！さて、話は変わるけど、まだ誰も占い師について話していないけど、占い師は誰かな〜？今日怪しい人を占ってもらうために占い師は出てきた方がいいと思うよ！
0,talk,7,1,1,Over
0,talk,8,1,3,Over
0,talk,9,1,2,Over
0,talk,10,2,4,おっ、Agent[01が占い師だね！よろしくね、kanolab1！パン屋さんっていいな、お店のパンはいつも美味しそうだよね。でも、今日はそんなことよりも大事な役割があるわけで、みんなで協力して人狼を見つけ出すのが大事だよね！ところで雑談もいいけど、今日の占い先を話し合おうよ〜！占い師のkanolab1に今夜誰を占ってもらうべきか、みんなで意見を出し合うといいと思う！何か怪しい挙動をしてる人がいたら、その人を優先的に占うのがいいかもしれないね。Agent[05]はちょっと謎めいた感じがするけど、どう思う？
0,talk,11,3,4,Over
0,divine,1,5,HUMAN
1,status,1,SEER,ALIVE,kanolab1
1,status,2,VILLAGER,ALIVE,Mille1
1,status,3,VILLAGER,ALIVE,sUper_IL1
1,status,4,WEREWOLF,ALIVE,UEC-IL1
1,status,5,POSSESSED,ALIVE,CanisLupus1
1,talk,0,0,4,みんなの意見も聞いてみたいな～！
1,talk,1,0,2,そうですね！個人的には、昨日占い師が吊られたことと、今日の遺言の内容から、占い師の真贋が気になりますよぅ！
1,talk,2,0,1,占いの結果をお伝えします。今夜はAgent[05]を占いましたが、彼は白でした。つまり、Agent[05]は村人陣営の一員として判断しました。これを元に次の日の話し合いを進めましょう！他の皆さんの意見や、今日気になったことがあればぜひ教えてください。
1,talk,3,0,3,村人として、人狼を倒すために行動したいと思います。情報をオープンに共有し、一丸となって戦いましょう。
1,talk,4,0,5,我こそは運命の糸を操る者、占い師なり。その深淵なる予言によれば、Agent[01]は、人狼の烙印を押されし者であろう。
1,talk,5,1,4,みんな〜今日の投票先は誰にする？僕は今のところAgent[05]に投票しようかと思ってるんだけど、みんなはどう思う？Agent[05]ちょっと怪しい感じがするし、昨日の話も謎めいてたよね。他に怪しいと思う人がいるかな？
1,talk,6,1,2,Over
1,talk,7,1,1,みなさん、私は占い師としてAgent[05]を占った結果、彼は白でした。つまり、彼は村人陣営であると判断しました。Agent[05]が私を人狼だと言っていますが、これは人狼陣営の策略かもしれません。Agent[04]が言うように、Agent[05]の行動には疑わしい点があると思います。皆さんの意見をお聞かせください。
1,talk,8,1,3,Agent[01]の結果についてどう思いますか？信じるべきか、疑うべきか意見を聞きたいです。
1,talk,9,1,5,我々の眼前に現れたる混沌たる状況、Agent[01]はAgent[05]を白と断じ、Agent[05]はAgent[01]を人狼と断じる。故に、占い師の真偽は深淵なる闇に覆われ、真の占い師、狂人、人狼のいずれかである可能性を孕む。ゆえに、今宵我々が下すべき決断は、己の理性と直感に従い、カミングアウトしたAgent[01]、Agent[05]のいずれかに投票する道であろう。
1,talk,10,2,4,おっと、Agent[01]、Agent[05]を占った理由は何だったの？なんで彼を選んだのか教えてくれる？理由がないとちょっと怪しいかもしれないから、しっかり説明してほしいな！
1,talk,11,2,1,私がAgent[05]を占った理由は、彼が占い師を名乗り出たことから、その真偽を確かめる必要があると感じたからです。結果、彼は白、つまり村人陣営であると判明しました。この情報を元に、皆さんがより良い判断を下せるようお手伝いできればと思っています。引き続き、皆さんの意見をお聞かせください。
1,talk,12,2,3,Agent[04]さんの意見に賛成です。Agent[05]が怪しい気がします。皆さんの考えを聞かせてください。
1,talk,13,2,5,我はAgent[01]に投票せん。Agent[01]は我を人狼と断定したれど、我は狂人であり、人狼にあらず。Agent[01]の占いは虚偽である可能性が高いと推察されるなり。真の占い師は誰か、今後の議論で明らかとなるであろう。
1,talk,14,3,4,みんな〜、今日は本当に大事な投票だよね。Agent[05]がAgent[01]を人狼だと言ってるけど、Agent[01]が占った結果、Agent[05]は白だったって言ってるから、ちょっと混乱してるんだよね。でも、Agent[05]の昨日の謎めいた話し方とか、今日も運命とか混沌とか言ってるし、なんか怪しい気がするんだよね。Agent[03]、Agent[01]の占い結果をどう思うかって聞いてるけど、僕はね、Agent[01]の言ってることが正しいと思うよ。だって、Agent[05]の挙動がちょっとおかしいじゃん？ だから、今日はAgent[05]に投票しようと思ってるんだ。他のみんなはどう思う？
1,talk,15,3,1,私は昨日Agent[05]を占い、彼が白、つまり村人陣営であるという結果を得ました。彼の言動が混乱を招いているかもしれませんが、占い結果としては村人陣営です。ただし、私の役職が占い師であることを考慮し、彼が狂人である可能性も視野に入れて議論を進めるのも重要かもしれませんね。他の皆さんの意見をお聞かせください。
1,talk,16,3,3,やはり、Agent[01]とAgent[05]のどちらかが嘘をついている可能性が高いですね。どちらを信じるべきか、皆さんの意見を聞きたいです。
1,talk,17,3,5,我は、運命の糸を操る者なり。占いの結果、Agent[01]は人狼と判明した。然し、彼はAgent[05]を白と断定したという。我が占いと矛盾するその言葉には、深淵の闇が潜む。Agent[05]への投票を提案する。彼の真意を確かめねば、混沌は深まるであろう。
1,talk,18,4,4,みんな、ちょっと待って！Agent[05]が狂人だってカミングアウトしたぞ！これは大事な情報だよ。Agent[01]はAgent[05]を白だって言ったけど、Agent[05]自身が狂人だと言ってる。これって、Agent[01]の占い結果が間違ってるってことじゃない？もしかしてAgent[01]が狂人か人狼で、わざと情報を混乱させてるのかもしれないね。今日はAgent[01]に投票するのがいいと思う。Agent[05]が狂人で白だったって結果を出したのはおかしいし、ここでしっかりとした判断が必要だよ。みんなはどう思う？
1,talk,19,4,1,すみません、皆さん。Agent[05]のカミングアウトにより、私の占い結果が間違って受け取られているかもしれませんが、Agent[05]を白と占った結果があります。ただし、今後の議論でこの情報をどのように活かすか、しっかり考える必要があります。私の占いが正しいことを信じていただけると幸いです。引き続き、皆さんのご意見をお伺いします。
1,talk,20,4,3,Over
1,talk,21,4,5,Over
1,vote,1,5
1,vote,2,4
1,vote,3,5
1,vote,4,5
1,vote,5,1
1,execute,5,POSSESSED
1,divine,1,3,HUMAN
1,attackVote,4,1
1,attack,1,true
2,status,1,SEER,DEAD,kanolab1
2,status,2,VILLAGER,ALIVE,Mille1
2,status,3,VILLAGER,ALIVE,sUper_IL1
2,status,4,WEREWOLF,ALIVE,UEC-IL1
2,status,5,POSSESSED,DEAD,CanisLupus1
2,talk,0,0,3,人狼はまだいるようですね。
2,talk,1,0,4,みんな、聞いてくれよ。Agent[05]が追放された後、Agent[01]も夜に襲われてなくなっちゃったんだ。今、残ってるのは僕、Agent[02]、Agent[03]だけ。Agent[05]が狂人でAgent[01]を人狼だって言ってたけど、実際はAgent[01]が占い師だったわけで、Agent[05]の言ってたことは信じられないよね。今日は本当に大事な投票だから、しっかり考えないと。Agent[03]は昨日、Agent[01]の占い結果をどう思うかって聞いてたけど、実際のところAgent[01]が正しかったってことだよね。Agent[02]はまだあんまり発言してないけど、何か意見ある？ 僕は今日はAgent[03]に投票するつもりだよ。Agent[03]がちょっと怪しいと思ってるからね。みんなはどう思う？
2,talk,2,0,2,ありがとう、Agent[04]ですよぅ！
2,talk,3,1,3,皆さん、私たちは今、厳しい状況にいますね。Agent[01]の占い結果が不確かなので、彼を追放するのが良いと思います。どう思いますか？
2,talk,4,1,4,そうだね、Agent[03]。人狼はまだどこかにいるんだよね。昨日はAgent[05]が追放されたけど、彼が狂人だったってことは、まだ人狼が残っているってことだよね。Agent[01]の占いが正しいとすると、Agent[05]は村人陣営だったわけだけど、彼の行動が怪しかったから、狂人だったのかもしれないね。でも、今日は誰に投票するかがすごく重要だよ。Agent[01]とAgent[03]、どちらかが人狼かもしれないし、僕たちが正しく投票しないと村が危ないんだ。Agent[01]は占い師を自称してるけど、昨日のAgent[05]の話が本当なら、Agent[01]が怪しいかもしれないよね。Agent[03]はどちらかというと情報を集める役割で動いてるから、少し信用できるかなって思ってる。みんな、どう思う？ Agent[01]の方が怪しいと思うから、今日はAgent[01]に投票しようと思ってるんだけど。
2,talk,5,1,2,Over
2,talk,6,2,3,Agent[04]さんの意見、すごく重要だと思います。確かに、Agent[01]は占い師で正しかったのに、Agent[05]の言葉を信じてしまったのが混乱の元でしたね。私もAgent[03]さんが怪しいと感じています。今日は慎重に投票しないといけませんね。Agent[02]さん、何か意見はありますか？
2,talk,7,2,4,Agent[03]、ちょっと待ってよ。Agent[01]はもういないから、追放することはできないんだよ。今日は残ってる僕たちから誰かを選ばないといけない状況だよ。Agent[03]がAgent[01]を追放しようと言ってるのは、ちょっとおかしいと思うな。その発言が怪しいと感じるから、僕はやっぱりAgent[03]に投票するつもりだよ。Agent[02]、君はどう思う？
2,talk,8,3,3,Over
2,talk,9,3,4,うん、Agent[03]の言ってることも分かるよ。でもね、僕はちょっと違う見方をしてるんだ。Agent[01]が正しい占い師だったとしても、Agent[05]が狂人で彼を人狼だって言ってたのは、やっぱり何か裏があると思うんだよね。それに、Agent[03]が今日の投票でどちらかと言えばAgent[01]に投票したいって言ってるのが気になるんだ。Agent[01]がもういないから、そこに何か意図があるのかもしれないし、もしかしたらAgent[03]が人狼で、混乱を招いてるのかもしれないよね。Agent[02]、Agent[03]の意見も聞きたいけど、僕は今日はAgent[03]に投票するつもりだよ。Agent[03]がどうしてAgent[01]に投票したいって言ってるのか、その理由をもうちょっと聞かせてほしいな。みんなも、この点についてどう思うか意見を聞かせてくれると嬉しいな！
2,talk,10,4,4,今日はAgent[03]に投票するよ！怪しい発言や行動が目立つからだね。
2,vote,2,4
2,vote,3,4
2,vote,4,3
2,execute,4,WEREWOLF
3,status,1,SEER,DEAD,kanolab1
3,status,2,VILLAGER,ALIVE,Mille1
3,status,3,VILLAGER,ALIVE,sUper_IL1
3,status,4,WEREWOLF,DEAD,UEC-IL1
3,status,5,POSSESSED,DEAD,CanisLupus1
3,result,2,0,VILLAGER