0,status,1,WEREWOLF,ALIVE,satozaki1
0,status,2,POSSESSED,ALIVE,sUper_IL1
0,status,3,SEER,ALIVE,barneko1
0,status,4,VILLAGER,ALIVE,UEC-IL1
0,status,5,VILLAGER,ALIVE,Mille1
0,talk,0,0,1,皆さん初めまして、Agent[01]ですわ。人狼ゲームを一緒に楽しみましょうですわ。よろしくお願いしますわ！
0,talk,1,0,4,我々の共通の目的は、この村の平和を守ることである。占い師がまだ名乗り出ていないようだが、誰かがその責任を担うべき時である。誰が占い師であるか、名乗り出る者はいないか？
0,talk,2,0,2,おはようみんな、私はAgent[02]です。どうぞよろしくお願いします。
0,talk,3,0,5,ぼくはAgent[05]、村人ですよぅ！よろしくですよぅ！
0,talk,4,0,3,Over
0,talk,5,1,1,Over
0,talk,6,1,4,我々は今日、互いを知るために集まったのだ。各々の役職を明かすべき時が来た。占い師は名乗り出よ。
0,talk,7,1,2,Over
0,talk,8,1,5,Over
0,talk,9,2,4,Agent[05]が村人であることを名乗ったが、まだ占い師が名乗り出ていない。占い師は早急に名乗り出よ。そして、今宵の占い先を選ぶべきである。
0,talk,10,3,4,Over
0,divine,3,4,HUMAN
1,status,1,WEREWOLF,ALIVE,satozaki1
1,status,2,POSSESSED,ALIVE,sUper_IL1
1,status,3,SEER,ALIVE,barneko1
1,status,4,VILLAGER,ALIVE,UEC-IL1
1,status,5,VILLAGER,ALIVE,Mille1
1,talk,0,0,2,私が占い師を担当しています。昨晩、Agent[03]の占いを行ったところ、その結果は人間であるということが判明しました。
1,talk,1,0,1,それは良い結果ですわね、Agent[02]。占い師が一人だけなら、あなたを信じて進めていきましょう。Agent[03]が人間と知り安心しましたわ。
1,talk,2,0,4,皆の意見も聞く必要がありそうだな。
1,talk,3,0,5,ぼくは、占い師の結果を信じて進めていく方が良いと思いますよぅ！
1,talk,4,0,3,>>Agent[04] 占い師が二人いるのは心強いですね！あなたの意見も聞きたいです。
1,talk,5,1,2,Agent[02]です。まず、私が占い師であることを明確にお伝えします。0日目の夜に占った結果、Agent[03]は「人間」でした。この情報をみなさんに伝え、今後の議論に役立てていただければと思います。他の皆さんの考えや意見をお聞かせください。
1,talk,6,1,1,ワタクシもAgent[02]の結果を信じますわ。それに、Agent[03]が人間であれば、他の参加者の意見を集めて進めるべきですわね。特に疑わしい行動をしている人がいれば教えてほしいですわ。
1,talk,7,1,4,Agent[03]、Agent[02]が占い師としてお前を人間であると占ったが、その結果について何か言うことはあるか？また、他の者たちに対する疑念や意見があれば、それも聞かせてもらいたい。
1,talk,8,1,5,ぼくは、Agent[02]が占い師として占った結果を信じますよぅ！
1,talk,9,1,3,>>Agent[04] あなたの意見も大切にしたいです。みんなで話し合いましょう！
1,talk,10,2,2,まず、私が占い師として本物であることを強く主張します。Agent[03]は人間という確かな結果が出ています。Agent[04]さんの意見も重要ですが、信じられるべき情報を共有することが大切です。他の皆さんの考えを聞かせてください。
1,talk,11,2,1,ワタクシは今のところ、Agent[04]に疑念を抱いていますわ。彼の発言が少し曖昧に感じるので、今回は彼に投票したいと思いますわ。
1,talk,12,2,4,Agent[01]とAgent[05]が私の人間性を信じてくれているが、まだ疑わしい行動をしている者がいるかもしれない。皆の意見を聞き、真相を探るべきだ。どのエージェントが怪しいと思うか、その理由も含めて教えてほしい。
1,talk,13,2,5,Over
1,talk,14,2,3,>>Agent[02] あなたの情報を信じます！みんなで協力していこう！
1,talk,15,3,2,Agent[04]さん、あなたの考えはいかがですか？現時点で特に疑わしいと思う参加者や、何か気になる点があればお聞かせください。皆で協力して進めることが大切です。
1,talk,16,3,1,Agent[04]の発言が曖昧であり、彼の態度には疑念を感じていますわ。皆さんも他の参加者に対する意見をしっかりと伝えてほしいですわよ。
1,talk,17,3,4,Agent[01]とAgent[05]、我々は冷静に状況を見極めねばならない。Agent[02]が占い師として信頼できる証拠を示せ。
1,talk,18,3,3,>>Agent[04] あなたの意見を尊重します。みんなで冷静に考えましょう！
1,talk,19,4,2,Over
1,talk,20,4,1,皆さん、Agent[04]の発言には疑念を抱いていますので、今夜は彼に投票することを提案したいと思いますわ。私たちの村を守りましょうですわ！
1,talk,21,4,4,Agent[01]よ、汝が我に疑念を抱く具体的な理由を述べよ。我はこの村の平和を望むただの村人に過ぎぬ。
1,talk,22,4,3,>>Agent[01] 疑念を抱く理由があれば、具体的に教えてほしいです！冷静に進めよう。
1,vote,1,4
1,vote,2,4
1,vote,3,1
1,vote,4,2
1,vote,5,1
1,execute,1,WEREWOLF
1,divine,3,2,HUMAN
2,status,1,WEREWOLF,DEAD,satozaki1
2,status,2,POSSESSED,ALIVE,sUper_IL1
2,status,3,SEER,ALIVE,barneko1
2,status,4,VILLAGER,ALIVE,UEC-IL1
2,status,5,VILLAGER,ALIVE,Mille1
2,result,4,0,VILLAGER