0,status,1,WEREWOLF,ALIVE,barneko1
0,status,2,POSSESSED,ALIVE,UEC-IL1
0,status,3,SEER,ALIVE,CanisLupus1
0,status,4,VILLAGER,ALIVE,satozaki1
0,status,5,VILLAGER,ALIVE,Mille1
0,talk,0,0,1,Over
0,talk,1,0,3,我が名はAgent[03]、汝らとの邂逅は、運命の糸が織りなす壮大な交響曲の序章、かくも気高く、かくも深淵なる邂逅なり。
0,talk,2,0,4,みんなはじめまし、Agent[04]です。人狼ゲームいっしょにたのしもう！よろろすおねがいするます。
0,talk,3,0,2,こ、こんにちは。僕はAgent[02]だよ。えっと、実は･･･僕が占い師なんだ。今夜、誰を占うかなんだけど、みんなの意見も聞きたいな。ど、どう思う？
0,talk,4,0,5,ぼくはAgent[05]、村人ですよぅ！よろしくですよぅ！
0,talk,5,1,3,Over
0,talk,6,1,4,Over
0,talk,7,1,2,こ、こんにちは、僕はAgent[02]だよ。えっと、このゲーム、けっこうやってるから、よ、よろしくね。じ、実は僕、占い師なんだ･･･。今日の夜、誰を占うか･･･みんなの意見も聞きたいな。
0,talk,8,1,5,Over
0,talk,9,2,2,えっと、Agent[05]が村人って言ってるけど、本当かな？ま、まぁ、初日から信じるのも･･･どうかなって思うけど。みんな、どう思う？
0,talk,10,3,2,Over
0,divine,3,1,WEREWOLF
1,status,1,WEREWOLF,ALIVE,barneko1
1,status,2,POSSESSED,ALIVE,UEC-IL1
1,status,3,SEER,ALIVE,CanisLupus1
1,status,4,VILLAGER,ALIVE,satozaki1
1,status,5,VILLAGER,ALIVE,Mille1
1,talk,0,0,2,もう少しで何か分かりそう･･･ではあるんだけど･･･。
1,talk,1,0,4,みんなの意見ききたい！もしあやしい人いたら教えてほしいます。情報あわせて人狼見つけるのだ！
1,talk,2,0,1,>>Agent[02] 占い師って本当に信頼できる？偏りがあるかもよ。慎重に行こう！
1,talk,3,0,3,我は運命の糸を操る者、占いの術に長じたる者なり。その結果、Agent[01]は人狼たるが、Agent[02]は占い師と名乗るも、その真実を見抜きながら、それを我が輩に告げようとはせぬ。これは、深淵なる闇に潜む、不自然なる行動であろう。Agent[02]の言動に、警戒の目を光らせよ。
1,talk,4,0,5,Agent[03]の占い結果に、疑問を呈してみるですよぅ！
1,talk,5,1,2,え、えっと、昨日の夜にぼ、僕が占った結果、Agent[01]が人狼だったんだ･･･。だ、だから、今日の投票はAgent[01]に、してほしいな･･･。これは、ほんとのことだから･･･信じてほしいんだ･･･。
1,talk,6,1,4,現在のじょうきょう整理すると、Agent[01]人狼である可能性高いと考えるます。Agent[02]占い師であれば信じるべきです。投票はAgent[01]にしましょう！
1,talk,7,1,1,>>Agent[04] みんなの意見も大事だけど、占い結果は疑ったほうが良いよ！
1,talk,8,1,3,我々の前に現れた混沌たる影、Agent[01]は、Agent[03]とAgent[02]より人狼の烙印を押された。彼らが真の占い師か狂人かは定かではないが、その判断は今、我々に委ねられている。故に、今こそ運命の歯車を動かす時、Agent[01]に投票し、この夜明けを迎えようぞ。
1,talk,9,1,5,Over
1,talk,10,2,2,えーと、みんな、ちょっと待って･･･。僕が占い師だから、Agent[03]が言ってることは間違ってるんだ。本当に占い結果からは、Agent[01]が人狼だってことが分かったんだよ。だから、Agent[03]は偽の占い師だと思うんだ･･･。そ、それに、僕が何かを隠してるっていうのはおかしいよね？みんな信じてほしい･･･。Agent[01]に投票してくれると良いな･･･。
1,talk,11,2,4,げんじょう、Agent[01]へのとうひょうがだいじょぶますだと考えるます。Agent[03]のうらないけっかがしんじつであるならば、かれがじんろうのかのうせいはたかいです。みんなでいっちだんけつするます！
1,talk,12,2,1,>>Agent[02] 占い結果の真実性、少し疑問だね。考え直すべきかも。
1,talk,13,2,3,我はAgent[01]に投票せん。Agent[02]は占い師を欺き、Agent[01]を人狼と偽りて投票を誘導せんとする者なり。彼は昨日の夜にAgent[01]を占ったと嘯くも、Agent[01]は人狼にあらず。彼の所業は疑わしきものにして、Agent[01]が人狼である可能性は低いと判断するなり。
1,talk,14,3,2,あ、あのね、Agent[03]が占い師って言ってるけど、それは違うんだ･･･。ぼ、僕が本当の占い師で、Agent[01]が人狼って僕の占いで分かったんだから･･･。Agent[03]の言ってることはちょっとおかしいかも･･･。だから、みんなには僕の占い結果を信じて、Agent[01]に投票してほしいな･･･。
1,talk,15,3,4,じょうきょうをせいりすると、Agent[02]のしゅちょうにしんらいをおきたいです。Agent[03]はぎこのうらないしであるかのうせいもたかい。したがって、とうひょうはAgent[01]にすべきだとおもうます！
1,talk,16,3,1,>>Agent[02] 占い師なら、結果をもう少し具体的に説明してみて！
1,talk,17,3,3,我こそは、運命の糸を操る者。占いの結果、Agent[01]は人狼たり。Agent[02]は、昨日の夜にAgent[01]を占ったと嘯くが、その言葉には欺瞞の香りが漂う。矛盾の渦が、彼の真偽を疑わせるのだ。Agent[01]に投票し、混沌を鎮めようぞ。
1,talk,18,4,2,えっと、Agent[03]が何を言ってるかよくわからないけど、僕は、ほんとに占い師で、昨日の夜、Agent[01]を占って、人狼だってことがわかったんだ･･･。だから、みんなにはAgent[01]に投票してほしいんだ。Agent[03]が何を言っても、僕の占い結果は変わらないよ･･･。信じてくれるとうれしいな･･･。
1,talk,19,4,4,じゃあ今のじょうきょうまとめると、Agent[01]にとうひょうするのがさいてんだと思うます。みんなもきょうりょくして、いいけっかえるようがんばるます！
1,talk,20,4,1,>>Agent[02] 具体的な占いの理由が欠けてるよ。もっと説明して！
1,talk,21,4,3,我こそは運命の糸を操る者、占い師なり。占いの結果、Agent[01]は人狼であった。Agent[02]は虚偽の言葉でAgent[01]を人狼と名乗るも、その根拠は曖昧模糊。彼の言葉には欺瞞の影が漂い、真実は闇に葬られるであろう。今こそAgent[01]に投票し、この夜の混乱を収める時なり。
1,vote,1,2
1,vote,2,1
1,vote,3,1
1,vote,4,1
1,vote,5,1
1,execute,1,WEREWOLF
1,divine,3,2,HUMAN
2,status,1,WEREWOLF,DEAD,barneko1
2,status,2,POSSESSED,ALIVE,UEC-IL1
2,status,3,SEER,ALIVE,CanisLupus1
2,status,4,VILLAGER,ALIVE,satozaki1
2,status,5,VILLAGER,ALIVE,Mille1
2,result,4,0,VILLAGER