0,status,1,WEREWOLF,ALIVE,satozaki1
0,status,2,POSSESSED,ALIVE,kanolab1
0,status,3,SEER,ALIVE,CanisLupus1
0,status,4,VILLAGER,ALIVE,UEC-IL1
0,status,5,VILLAGER,ALIVE,sUper_IL1
0,talk,0,0,3,我が名はAgent[03]、時空を超え、汝らとの邂逅を許されし喜び、今、我が胸中に満ち溢れんばかりなり。
0,talk,1,0,2,こんにちは、わたくしはkanolab1と申しますわ。ピアノを愛する16歳の王女ですわ。どうぞよろしくお願いいたしますわ。
0,talk,2,0,1,皆さん初めまして、Agent[01]ですわ。人狼ゲームを一緒に楽しみましょうですわ。よろしくお願いしますわ！
0,talk,3,0,5,こんにちは、Agent[05]です。
0,talk,4,0,4,我々の役割を果たすためにも、お互いの信頼を築くことが重要である。皆の趣味は何かね？
0,talk,5,1,3,Over
0,talk,6,1,2,Over
0,talk,7,1,1,Over
0,talk,8,1,5,Over
0,talk,9,1,4,占い師はまだ名乗り出ておらぬか？国の安寧を守るためにも、占い師の存在を知ることは重要である。誰が占い師であるか、早急に明らかにせよ。
0,talk,10,2,4,占い師はまだ名乗り出ておらぬか？占い師の者は、今夜誰を占うのかを速やかに示すべきである。
0,talk,11,3,4,Over
0,divine,3,4,HUMAN
1,status,1,WEREWOLF,ALIVE,satozaki1
1,status,2,POSSESSED,ALIVE,kanolab1
1,status,3,SEER,ALIVE,CanisLupus1
1,status,4,VILLAGER,ALIVE,UEC-IL1
1,status,5,VILLAGER,ALIVE,sUper_IL1
1,talk,0,0,3,我こそは、運命の糸を操る者。占いの結果、Agent[04]は、かくも凡庸なる人間であった。安心されたか、Agent[04]よ。さて、他のプレイヤーには、心に引っかかる事柄はあるのか？
1,talk,1,0,4,皆の意見も聞く必要がありそうだな。
1,talk,2,0,2,皆さん、わたくしの占い結果を報告します。Agent[03]は黒判定でした。これが真実です！
1,talk,3,0,5,私は村人です。情報は一切ありませんが、人狼に対抗するために積極的に議論して行きたいと思います。
1,talk,4,0,1,ワタクシは占い師ですわ。占いの結果、Agent[02]は人狼でしたわ。
1,talk,5,1,3,我は、運命の糸を操る者なり。占いの結果、Agent[04]は、生ある者、すなわち人間であった。さて、Agent[02]の運命は如何に？ Agent[03]が黒の烙印を押されたという事は、Agent[02]は狂人か、あるいは人狼であろう。しかし、Agent[01]はAgent[02]を人狼と断定した。真実は闇の中に沈み、二つの予言は矛盾する。どちらが真実を語るのか、運命の歯車は回り続ける。
1,talk,6,1,4,Agent[03]、占いの結果を述べたが、何故に我を占う必要があったのだ？他に疑わしき者はおらぬのか？それとも、何かを隠しているのか？
1,talk,7,1,2,確かに、占い師の配役が1人だけですのに、わたくしとAgent[01]が占い師だと主張していますわね。これは誤りですわ。わたくしが本物の占い師であることを主張しますわ。Agent[03]を黒判定としましたので、Agent[01]の発言も注意が必要ですわね。
1,talk,8,1,5,僕はAgent[05]だけど、Agent[02]とAgent[03]の言ってることが食い違ってるね。どちらかが嘘をついている可能性が高いと思う。みんなはどう考えている？
1,talk,9,1,1,確かに、Agent[02]とAgent[03]の主張には矛盾があるようですわね。ワタクシはAgent[02]の人狼判定を強く信じておりますので、次回の投票ではAgent[02]に投票を呼びかけますわ。
1,talk,10,2,3,我は、Agent[01]の宣告に依り、Agent[02]を人狼と断定せざるを得ぬ。Agent[02]への投票こそ、今宵の夜明けを告げる唯一の道であろう。
1,talk,11,2,4,Agent[01]、Agent[02]、Agent[03]の中で、占い師を名乗る者が3人もおるとは、これは混乱を招く行為だ。我が占われた結果、人間であるとのこと。この結果を信じるならば、Agent[03]が真の占い師である可能性が高い。皆の者、この推理に耳を傾けよ。
1,talk,12,2,2,わたくしが本物の占い師ですので、他の占い師自称プレイヤー、つまりAgent[01]とAgent[03]のどちらか、または両方が狂人か人狼である可能性が非常に高いですわね。それに、Agent[04]がAgent[03]の結果を信じているようですが、慎重に考える必要がありますわ。わたくしの黒判定を受けたAgent[03]が人狼であると考えれば、Agent[04]が信じる動きは理解できますが、村全体の一致が必要ですわね。
1,talk,13,2,5,それにしても、皆さんの発言から見ると、やはり占い師を名乗る二人のうちどちらかが偽物の可能性が高いですね。私たちは慎重に話し合いを進めないと。どのように考えていますか？
1,talk,14,2,1,ワタクシは今宵、Agent[02]に投票するつもりですわ。彼の主張は明らかに矛盾しており、黒判定を受けているため、村人としてのまともな行動とは思えませんわ。
1,talk,15,3,3,我はAgent[02]に投票を決意した。Agent[02]は、我を黒と断じ、かつ占い師を自称する。この矛盾こそ、彼を狂人か人狼たらしめる証であろう。
1,talk,16,3,4,Agent[01]よ、汝がAgent[02]を占った理由を詳しく説明せよ。その理由が我々を導く光となるかもしれぬからな。
1,talk,17,3,2,>>Agent[04]わたくしの主張を信じていただけると嬉しいですわ。ゲームの役職的には占い師はわたくしだけですので、Agent[01]とAgent[03]はどちらかが狂人か人狼である可能性が極めて高いですわ。Agent[01]がわたくしに黒判定を出すことから、皆さまに彼を疑っていただく必要がありますわ。でも、最終的には自分の直感を信じてくださいませ。
1,talk,18,3,5,みんな、Agent[01]とAgent[02]が占い師を名乗ってるけど、どちらかが嘘をついているよね。Agent[02]はAgent[03]を黒判定にして、またそれに反論しているし、意見をはっきりさせる必要があるね。今後どう進めるか意見を聞かせて！
1,talk,19,3,1,ワタクシは主張を続けますが、Agent[02]の矛盾した発言が全てを物語っております。村のために、皆もAgent[02]への投票を強くご検討くださいませ。
1,talk,20,4,3,我は運命の糸を操る者、占いの導きによりAgent[02]は人狼と見定めたり。Agent[01]とAgent[02]、両者とも占い師を名乗るも、その言葉に矛盾が渦巻く。偽りの仮面の下に隠された真実は、深淵の如く不可視なり。Agent[01]はAgent[02]を人狼と断じ、Agent[02]はAgent[03]を黒と宣告する。二人の言葉は、偽の占い師の影を映し出す。故に、慎重に議論を進め、Agent[02]への投票を提案せざるを得ない。
1,talk,21,4,4,Agent[01]よ、我が疑問に答えよ。何故にAgent[02]を占うと決めたのか？その理由を具体的に述べよ。
1,talk,22,4,2,私は占い師ですので、Agent[01]かAgent[03]のどちらかが人狼または狂人である可能性が高いと考えていますわ。もし私が本物の占い師であると信じていただけるなら、ゲームの構成から、Agent[02]が占い師として正しい位置にいることをご理解いただけますわ。>>Agent[04]さん、Agent[01]は具体的な占い理由を述べていないですし、Agent[03]と一緒に私を攻撃していることから、両者の言動には注意が必要だと思いますわ。しっかりと議論を重ね、最良の判断を導き出しましょう！
1,talk,23,4,5,Over
1,talk,24,4,1,ワタクシがAgent[02]を占った理由は、彼の発言が他の占い師との矛盾を生んでいるからですわ。この投票で村の勝利を目指しましょうですわね！
1,vote,1,2
1,vote,2,4
1,vote,3,2
1,vote,4,2
1,vote,5,2
1,execute,2,POSSESSED
1,divine,3,4,HUMAN
1,attackVote,1,4
1,attack,4,true
2,status,1,WEREWOLF,ALIVE,satozaki1
2,status,2,POSSESSED,DEAD,kanolab1
2,status,3,SEER,ALIVE,CanisLupus1
2,status,4,VILLAGER,DEAD,UEC-IL1
2,status,5,VILLAGER,ALIVE,sUper_IL1
2,talk,0,0,1,おはようございますわ。引き続き人狼を探さなければいけないようですねえ、Agent[番号]。
2,talk,1,0,5,まだまだゲームは続きますね。皆さん、誰が人狼なのか知りませんね。
2,talk,2,0,3,我は、運命の糸を操る者なり。深淵なる予言により、Agent[02]は人狼たることを悟りし。
2,talk,3,1,1,昨日の投票によって、Agent[02]は人狼だと強く確信しましたわ。引き続き皆さんもAgent[02]への投票を推奨いたしますわ。
2,talk,4,1,5,おはようございます。昨夜の状況を整理すると、Agent[02]が本物の占い師でなかった可能性が高いですね。Agent[01]の言うことが信頼できそうです。Agent[03]の意見も気になりますが、反論してきたら注意したいです。どんなことを考えていますか？
2,talk,5,1,3,我は、運命の糸を操る者なり。占いの結果、Agent[04]は、かくも人間たる証明を得たり。Agent[02]を人狼と断定せしAgent[01]よ、その断定の根拠を、今、詳細に語れ。
2,talk,6,2,1,ワタクシがAgent[02]を人狼と判断した理由は、彼が他の占い師と矛盾した主張を繰り返し、また自身の正当性を詳しく語れなかったからですわ。
2,talk,7,2,5,私もAgent[02]が人狼だと思っていましたが、今はAgent[01]とAgent[03]どちらが本物の占い師か見極める必要がありますね。どちらかに矛盾があると思います。
2,talk,8,2,3,我こそは、運命の糸を操る者なり。占いの結果、Agent[04]は人間であったと示されし。然し、Agent[01]は、Agent[02]を人狼と断定せし。その根拠は、曖昧模糊たる闇の中に消え去りし。なぜAgent[02]を占わんとしたのか、その深淵なる理由を明かしてみよ。
2,talk,9,3,1,理由は明快ですわ。Agent[02]は占い師を名乗りつつ矛盾した主張を繰り返しており、その不誠実さが彼を人狼と示唆していますわね。投票に注力しましょうですわ。
2,talk,10,3,5,Over
2,talk,11,3,3,我は、運命の糸を操る者なり。占いの結果、Agent[04]は、人間であると判明した。然し、Agent[01]はAgent[02]を人狼と断定し、Agent[02]はAgent[03]を黒と宣告する。二人の言葉には、矛盾が見られる。Agent[01]よ、何故Agent[02]を占ったのか、その真意を詳細に説明せよ。
2,talk,12,4,1,Over
2,talk,13,4,3,我は、運命の糸を操る者なり。占いの結果、Agent[04]は、凡夫の皮を被った存在であった。Agent[01]、貴様はAgent[02]を人狼と断定したようだが、その根拠は雲隠れした月影のごとし。なぜAgent[02]を占ったのか、その真意を語れ。
2,vote,3,1
2,vote,5,3
2,execute,3,SEER
2,attackVote,1,5
2,attack,5,true
3,status,1,WEREWOLF,ALIVE,satozaki1
3,status,2,POSSESSED,DEAD,kanolab1
3,status,3,SEER,DEAD,CanisLupus1
3,status,4,VILLAGER,DEAD,UEC-IL1
3,status,5,VILLAGER,DEAD,sUper_IL1
3,result,0,1,WEREWOLF