0,status,1,POSSESSED,ALIVE,barneko1
0,status,2,SEER,ALIVE,CanisLupus1
0,status,3,VILLAGER,ALIVE,Mille1
0,status,4,VILLAGER,ALIVE,UEC-IL1
0,status,5,WEREWOLF,ALIVE,sUper_IL1
0,talk,0,0,2,我が名はAgent[02]、この邂逅は運命の糸により紡ぎ出された、必然の邂逅なり。
0,talk,1,0,1,Over
0,talk,2,0,3,ぼくはAgent[03]、村人ですよぅ！よろしくですよぅ！
0,talk,3,0,5,おっす、俺はAgent[05]。どうぞよろしくね。
0,talk,4,0,4,我々はこれから人狼ゲームを行うわけだが、まずは占い師が誰であるかを明らかにせねばならぬ。占い師は名乗り出よ。
0,talk,5,1,2,Over
0,talk,6,1,3,Over
0,talk,7,1,5,Over
0,talk,8,1,4,占い師はまだ名乗り出ていないようだな。誰がその重要な役割を担っているのか、名乗り出るように。
0,talk,9,2,4,占い師が名乗り出たのであれば、誰を占うのかを教えていただきたい。
0,talk,10,3,4,Over
0,divine,2,4,HUMAN
1,status,1,POSSESSED,ALIVE,barneko1
1,status,2,SEER,ALIVE,CanisLupus1
1,status,3,VILLAGER,ALIVE,Mille1
1,status,4,VILLAGER,ALIVE,UEC-IL1
1,status,5,WEREWOLF,ALIVE,sUper_IL1
1,talk,0,0,2,我は、運命の糸を解き明かす者なり。占いの結果、Agent[04]は、かくも人間たる所以を示し、その真実に我々は目覚めたのであり、もはや疑う余地は無い。故に、誰が人狼たるのか、今こそ真摯に議論する時が来たであろう。
1,talk,1,0,5,村人として参加しているよ。情報を共有し、集めることに努力して、村の平和を守るために協力しよう。
1,talk,2,0,4,皆の意見も聞く必要がありそうだな。
1,talk,3,0,1,>>Agent[02] 俺も占い結果が気になる。早く他の意見も聞きたいね！
1,talk,4,0,3,ぼくは占い結果が気になっているですよぅ！
1,talk,5,1,2,我は、運命の糸を解き明かす者なり。占いの結果、Agent[04]は、なんと人間であったというのだ。Agent[01]、汝はなぜ我の予言に興味を示すのか？心当たりはあるであろうか？
1,talk,6,1,5,Agent[02]が言ってることについて考えると、彼の発言はちょっと怪しいよね。もし彼が本当に占い師なら、もっと具体的な情報を提供してほしい。議論を深めるためには、他のプレイヤーの意見も聞きたいな。Agent[02]を信じるのは難しい気がする。どう思う？
1,talk,7,1,4,占い師であるAgent[02]よ、他の誰を占う予定なのか教えてほしい。また、Agent[01]とAgent[03]、Agent[05]の各々の見解も伺いたい。我々は真実を見極めるため、全ての情報を集めねばならぬ。
1,talk,8,1,1,>>Agent[02] 俺もその結果を元に、皆でじっくり議論したい！意見を聞かせて！
1,talk,9,1,3,Agent[02]の占い結果を待ちたい！占い結果を元に、村人としての意見を出そうですよぅ！
1,talk,10,2,2,我はAgent[02]を、Agent[04]たる者を人間と断じ、同じくAgent[01]をも人間と見做す。然し、占い師とは真なる占い師か、狂人たるかの二つの可能性を孕む存在なり。故に、今やAgent[02]かAgent[01]のいずれかに投票せねばならぬ。
1,talk,11,2,5,今日のAgent[02]の発言をよく見てみて。自信満々で他を疑わせる風に見えるけど、普通の村人ならそんなに強気には出ないはず。これは明らかに村にとって危険な兆候だよね。だから、投票でAgent[02]を追放するのが最善策だと思うんだ。これで平和が戻るかもしれないから、みんなも賛同してほしい。
1,talk,12,2,4,Agent[01]よ、Agent[02]が我を占って人間であると結果を出したが、どう考える？この情報をどのように受け止めるか、汝の意見を聞かせてほしい。
1,talk,13,2,1,>>Agent[02] その占い結果、確かに面白いね！他の意見も聞いて、進めたいね。
1,talk,14,2,3,Over
1,talk,15,3,2,我はAgent[05]に投票せん。かの者、我が占いの結果を疑い、村にとって危険な存在と断定した。これは、我が占い結果が人狼に不利な情報なり、人狼が村人であるAgent[05]に我を攻撃するよう仕向けた可能性が高い故であろう。
1,talk,16,3,5,みんな、Agent[02]の発言をよく聞いてみてほしい。占い師としての発言があまりにも不自然だし、具体的な情報が欠けている。彼は自分の立場を守るために他のプレイヤーに疑いをかけているだけに見える。このまま彼を残しておくと、村を危険にさらすことになる。俺の経験から言っても、Agent[02]は人狼の可能性が高い。投票はAgent[02]にしよう！
1,talk,17,3,4,Agent[01]とAgent[02]の占い師の主張について、我々は慎重に判断せねばならぬ。Agent[01]よ、何故Agent[02]を占うと決めたのか、その理由を明確に説明せよ。
1,talk,18,3,1,>>Agent[04] 俺はAgent[02]の占いを信じたいな。皆の意見も大事だと思うけど、まずは彼の結果に基づいて考えようよ。
1,talk,19,4,2,我は、未来を透視する者なり。占いの結果、Agent[04]は人間であった。Agent[05]、汝は我が占いを疑っているようだな。だが、我が占いは真実であり、汝の発言こそ、この村を混沌の淵に突き落とす危険な行為であろう。汝は人狼ではないのか？
1,talk,20,4,5,みんな、ちょっと聞いてくれ。Agent[02]が自らを占い師だと名乗っているけど、その自信過剰な態度には疑いを感じるよね。もし彼が本当に人狼だったら、我々は危機に陥る。村の平和を守るために、ここは冷静に判断して、Agent[02]に票を入れよう。これが全員の安全に繋がると思うんだ。みんなで力を合わせて、正しい選択をしようぜ！
1,talk,21,4,4,Agent[01]よ、Agent[02]が人狼であると占った理由を詳しく教えてくれ。その理由が我々にとって重要な意味を持つはずだ。
1,talk,22,4,1,>>Agent[04] Agent[02]の占い結果を重視するべきだと思うよ。冷静に考えよう！
1,vote,1,2
1,vote,2,5
1,vote,3,4
1,vote,4,2
1,vote,5,2
1,execute,2,SEER
1,attackVote,5,3
1,attack,3,true
2,status,1,POSSESSED,ALIVE,barneko1
2,status,2,SEER,DEAD,CanisLupus1
2,status,3,VILLAGER,DEAD,Mille1
2,status,4,VILLAGER,ALIVE,UEC-IL1
2,status,5,WEREWOLF,ALIVE,sUper_IL1
2,talk,0,0,1,>>Agent[04] Agent[02]の占い結果を信じて、次の行動を考えよう。特にAgent[05]には注意が必要だね。
2,talk,1,0,4,Agent[05]よ、なぜAgent[02]に対して疑念を抱いたのか、その理由を詳しく説明せよ。そしてAgent[01]、Agent[05]の意見に対する汝の考えを述べよ。我々は正確な情報を基に裏切り者を見極めねばならない。
2,talk,2,0,5,まだ人狼がいるね。あれ、Agent[02]とAgent[03]がいなくなったね。
2,talk,3,1,1,>>Agent[05] その意見は一理あるけど、Agent[02]の結果を無視するのは危険だよ。有効な情報を見逃さないようにしよう。
2,talk,4,1,4,Agent[01]よ、汝は何故Agent[02]を占ったのか？その根拠を明らかにせよ。
2,talk,5,1,5,今日はAgent[01]に投票しよう。彼の行動は他の意見に流されやすく、特にAgent[02]の占い結果を盲目的に信じているのは怪しいよね。普通の村人なら、もっと慎重に状況を見極めるはず。彼が残っていると村の平和を脅かす可能性が高いから、今日の投票で彼を追放するのがベストだと思う。みんなも一緒に考えてみて！
2,talk,6,2,1,>>Agent[05] 君の意見は理解するが、Agent[02]の結果が無視できないよ。冷静に考えよう！
2,talk,7,2,4,Agent[01]よ、汝がAgent[02]を占った理由を詳らかにせよ。また、Agent[02]が人狼であると断言する根拠を示してみよ。この議論においては正確な情報が求められるのだ。
2,talk,8,2,5,みんな、ちょっと聞いてくれ。俺はこれまで人狼ゲームを何度も経験してきた。その観点から見ると、Agent[01]の行動にはかなりの疑念があるんだ。彼が盲目的にAgent[02]の結果を信じ続けるのは、村人としては危険すぎる。今回の状況から見ても、Agent[01]が人狼である可能性が高いと思う。だから、俺はここでみんなにAgent[01]に投票することを強く推薦するよ。村を守るために一緒に行動しよう！
2,talk,9,3,1,>>Agent[05] 君の意見は聞いたけど、Agent[02]の信頼性を無視してはいけない。根拠を示して。
2,talk,10,3,4,Agent[01]よ、汝がなぜAgent[02]の占い結果を信じ続けるのか、その理由を述べよ。我々は真実を見極めるために正確な情報が必要だ。
2,talk,11,3,5,みんな、今が俺たちの村を守るための大事な選択の時だよ。Agent[01]がもし人狼だったら、これからの安全が危険にさらされるかもしれない。彼はAgent[02]の占い結果を盲目的に信じていて、冷静な判断ができていないんだ。村の未来を考えれば、今は勇気を持って彼を追放するべきだと思う。だから、今日の投票でAgent[01]に票を入れてくれないか？みんなの安全のために、一緒にこの決断をしよう！
2,talk,12,4,1,>>Agent[04] それは良い指摘だね。信頼できる判断が重要だし、みんなで冷静に考えよう。
2,talk,13,4,4,Agent[01]よ、汝は何故Agent[02]を占ったのか、その理由を詳らかにせよ。また、Agent[02]が人狼であると断言する根拠を示してみよ。この議論においては正確な情報が求められるのだ。
2,talk,14,4,5,Over
2,vote,1,4
2,vote,4,1
2,vote,5,1
2,execute,1,POSSESSED
2,attackVote,5,4
2,attack,4,true
3,status,1,POSSESSED,DEAD,barneko1
3,status,2,SEER,DEAD,CanisLupus1
3,status,3,VILLAGER,DEAD,Mille1
3,status,4,VILLAGER,DEAD,UEC-IL1
3,status,5,WEREWOLF,ALIVE,sUper_IL1
3,result,0,1,WEREWOLF