0,status,1,SEER,ALIVE,kanolab1
0,status,2,VILLAGER,ALIVE,barneko1
0,status,3,VILLAGER,ALIVE,satozaki1
0,status,4,WEREWOLF,ALIVE,Mille1
0,status,5,POSSESSED,ALIVE,CanisLupus1
0,talk,0,0,2,Over
0,talk,1,0,1,はじめまして、うちはkanolab1です！普段はパン屋をやってて、釣りが大好きな22歳です。よろしくお願いしますなのです！
0,talk,2,0,4,ぼくはAgent[04]、村人ですよぅ！よろしくですよぅ！
0,talk,3,0,3,皆さん初めまして、Agent[03]やで。人狼ゲームを一緒に楽しみましょうやで。よろしくお願いします！
0,talk,4,0,5,我が名はAgent[05]、時の流れと運命の糸が織りなす邂逅を、喜びと共に迎えし者なり。
0,talk,5,1,1,Over
0,talk,6,1,4,Over
0,talk,7,1,3,Over
0,talk,8,1,5,Over
0,divine,1,5,HUMAN
1,status,1,SEER,ALIVE,kanolab1
1,status,2,VILLAGER,ALIVE,barneko1
1,status,3,VILLAGER,ALIVE,satozaki1
1,status,4,WEREWOLF,ALIVE,Mille1
1,status,5,POSSESSED,ALIVE,CanisLupus1
1,talk,0,0,5,我は、運命の糸を操る者、占い師なり。深淵なる占いの結果、Agent[02]は人狼であったと断言せしむ。
1,talk,1,0,4,占い師の結果、Agent[02]が人狼とわかりましたよぅ！
1,talk,2,0,2,>>Agent[01] こんにちは！お互いに情報交換しながら頑張りましょう！
1,talk,3,0,3,占い師の結果は非常に重要やで。Agent[02]が人狼である可能性が高いけぇ、みんなで議論を進めて見逃さないようにしましょうやで。
1,talk,4,0,1,占いCOします！0日目の占い結果、Agent[05]は白でした。つまり村人陣営です。これでAgent[05]は信頼できる仲間なのです！みんな、この情報を共有して、協力していきましょう！
1,talk,5,1,5,Over
1,talk,6,1,4,占い結果、白が確定したAgent[05]さんは信頼できる仲間ですよぅ！
1,talk,7,1,2,>>Agent[03] 占い結果を信じて、Agent[02]を処刑すべきだと思います！どうしますか？
1,talk,8,1,3,確かにAgent[02]は占い師から人狼とされとるが、他の発言も慎重に考慮する必要がある。信じすぎてはいけんよ。
1,talk,9,1,1,占い結果を改めてお伝えします！0日目に占った結果、Agent[05]は白、つまり村人陣営でした。みんな、この情報を元にして、慎重に議論を進めていきましょうなのです！
1,talk,10,2,4,Over
1,talk,11,2,2,>>Agent[03] 確かに慎重さは大事ですね。でも、占い結果を基に考えると、やはりAgent[02]を処刑すべきだと思います。
1,talk,12,2,3,確かに慎重さは必要じゃが、占い結果を基にすると、Agent[02]が怪しいと思う。そのまま処刑を進めてもよいんじゃろうかと思うんやが、皆の意見を聞きたいんじゃ。
1,talk,13,2,1,占いの結果、0日目に占ったAgent[05]は白、つまり村人陣営でした。この情報を元に、みんなで作戦を考えましょうなのです！Agent[02]についての意見も聞きたいので、みんなの考えを教えてください。
1,talk,14,3,2,>>Agent[03] みんなの意見が大事だね。Agent[02]の処刑を進めるべきか、一緒に考えよう！
1,talk,15,3,3,うーん、現時点ではAgent[02]が人狼である可能性が高いと思うじゃけど。ただ、他の意見も聞きたいけぇ、各自の考えを聞かせてほしいんじゃ。
1,talk,16,3,1,うちの占い結果によると、Agent[05]は白、つまり村人陣営なのです！この情報をもとに、みんなでどうするか考えていきましょうなのです。Agent[02]についても、引き続きみんなの意見を聞きたいです！
1,talk,17,4,2,>>Agent[01] 占い結果を信じて、Agent[02]の処刑を支持します！皆さんはどう思いますか？
1,talk,18,4,3,みんなの意見を聞いて考えた結果、ワシもAgent[02]の処刑に賛成するよ。占い師の結果が明確じゃし、疑わしい行動をしとるけぇね。
1,talk,19,4,1,うちの占い結果によると、Agent[05]は白、つまり村人陣営だったのです！これを含めて、みんなでどう動くか決めていきましょうなのです。Agent[02]ついても意見を聞かせてください！
1,vote,1,2
1,vote,2,3
1,vote,3,2
1,vote,4,2
1,vote,5,3
1,execute,2,VILLAGER
1,divine,1,4,WEREWOLF
1,attackVote,4,5
1,attack,5,true
2,status,1,SEER,ALIVE,kanolab1
2,status,2,VILLAGER,DEAD,barneko1
2,status,3,VILLAGER,ALIVE,satozaki1
2,status,4,WEREWOLF,ALIVE,Mille1
2,status,5,POSSESSED,DEAD,CanisLupus1
2,talk,0,0,3,おはようやで。引き続き人狼を探さなあかんようじゃな。
2,talk,1,0,1,おはようございますなのです！昨晩、占いの結果でAgent[04]が黒、つまり人狼であることがわかったのです！この情報を元に、次の作戦を考えましょう。みんなの意見を聞かせてください！
2,talk,2,0,4,えええ、嘘でしょ！？占い結果が間違ってるに決まってる！ぼくが人狼なわけないじゃないですか！白かグレーの可能性も考えてみてはどうですよぅ？
2,talk,3,1,3,Agent[04]の発言には反論が多いが、占い師の結果がすべてじゃ。今日の投票はAgent[04]にするつもりじゃで。みんなも考えてみてほしいんじゃ。
2,talk,4,1,1,うちの占い結果で、Agent[04]が黒、つまり人狼であることがわかったのです！この情報を元に、みんなで次の行動を考えていきましょうなのです。Agent[03]の意見も参考にして、投票を決めましょう！
2,talk,5,1,4,みんなの意見を聞きながら、冷静に考えてみますよぅ！
2,talk,6,2,3,占い師の結果を無視することはできんから、今日はAgent[04]に投票するつもりじゃ。皆もその意見に賛成なら、早めに決めようやで。
2,talk,7,2,1,うちの占い結果で、Agent[04]が黒、つまり人狼であることがわかったのです！この情報を元に、みんなでどう動くか決めましょうなのです。Agent[03]もAgent[04]に投票するみたいなので、他の人の意見も聞かせてください！
2,talk,8,2,4,Over
2,talk,9,3,3,みんな、今日は明らかにAgent[04]が人狼の可能性が高い。そして占い師の結果を信じるべきじゃろ。投票はAgent[04]に決めよう！
2,talk,10,3,1,うちは初日にAgent[05]を白判定していたのですが、すでに襲われてしまったのです。そして、うちの占い結果で、Agent[04]が黒、つまり人狼であることがわかったのです！この情報をみんなで共有して、うまく投票していきましょうなのです。Agent[03]も同じ意見みたいですね。他の人の意見も聞いてみましょう！
2,talk,11,4,3,Over
2,talk,12,4,1,うちの占い結果で、Agent[04]が黒、つまり人狼であることがわかったのです！この情報を元に、みんなで次の行動を考えていきましょうなのです。Agent[03]もAgent[04]に投票するつもりみたいなので、他の人の意見も聞かせてください！
2,vote,1,4
2,vote,3,4
2,vote,4,3
2,execute,4,WEREWOLF
2,divine,1,3,HUMAN
3,status,1,SEER,ALIVE,kanolab1
3,status,2,VILLAGER,DEAD,barneko1
3,status,3,VILLAGER,ALIVE,satozaki1
3,status,4,WEREWOLF,DEAD,Mille1
3,status,5,POSSESSED,DEAD,CanisLupus1
3,result,2,0,VILLAGER