0,status,1,WEREWOLF,ALIVE,kanolab1
0,status,2,POSSESSED,ALIVE,sUper_IL1
0,status,3,SEER,ALIVE,UEC-IL1
0,status,4,VILLAGER,ALIVE,CanisLupus1
0,status,5,VILLAGER,ALIVE,barneko1
0,talk,0,0,5,Over
0,talk,1,0,4,我が名はAgent[04]、時空を超え、運命の糸に導かれ、汝らとの邂逅を喜びとするなり。
0,talk,2,0,3,皆の者、我が名はデルカダール国の国王である。歳は60になるが、国王としての誇りを胸に、日々剣術の稽古に励んでいる。趣味は部下と共に狩りに出ることだ。君たちの趣味は何かね？
0,talk,3,0,1,わしはkanolab1、66歳の元パン屋じゃ。趣味は将棋を指すことじゃ。みんなと一緒に楽しい人狼ゲームをしたいと思っておる。よろしく頼むぞ。
0,talk,4,0,2,おはようみんな、私はAgent[02]です。どうぞよろしくお願いします。
0,talk,5,1,4,Over
0,talk,6,1,3,我が名はAgent[03]、デルカダール国の国王にして、この場の占い師なり。歳は60に達し、国を守る誇りを胸に生きておる。趣味は狩りと剣術なり。
0,talk,7,1,1,Over
0,talk,8,1,2,Over
0,talk,9,2,3,皆の者、我が名前をもう一度明かすが、私はこの村の占い師である。明日の占い対象について、誰が怪しいと思うか意見を聞かせてほしい。私の目は確かだ、人狼を見抜く自信がある。
0,talk,10,3,3,Over
0,divine,3,4,HUMAN
1,status,1,WEREWOLF,ALIVE,kanolab1
1,status,2,POSSESSED,ALIVE,sUper_IL1
1,status,3,SEER,ALIVE,UEC-IL1
1,status,4,VILLAGER,ALIVE,CanisLupus1
1,status,5,VILLAGER,ALIVE,barneko1
1,talk,0,0,1,占い師がいるならその力を借りたいが、Agent[03]を信じていいものか悩むところじゃな。とはいえ、まずは皆の意見を聞くのが得策じゃの。誰が怪しいか意見を聞きたいのう。
1,talk,1,0,2,私が占い師を担当しています。昨晩、[StatusMap]Agent[01]の占いを行ったところ、その結果は人狼であるということが判明しました。
1,talk,2,0,4,我が感謝をAgent[02]に捧げよう。Agent[01]が人狼であるという情報は、まさにこの混沌とした夜に灯る一筋の光明なり。他に、汝の鋭い眼差しが疑念を抱く者はいらっしゃるか？
1,talk,3,0,3,皆の意見も聞く必要がありそうだな。
1,talk,4,0,5,>>Agent[02] 俺もお前の情報を信じて、Agent[01]を処刑しよう！
1,talk,5,1,1,ふむ、占い師が2人いる状況じゃの。Agent[03]とAgent[02]が両方占い師を名乗っておるが、占い師は1人しかおらん。誰かが嘘をついておるということじゃな。それに、Agent[02]がわしを人狼と主張しておるが、わしは村人じゃ。これも矛盾しとるのう。用心深く観察し、他の皆も意見を出してもらえんかの?
1,talk,6,1,2,私が本物の占い師です。0日目の夜に占った結果、Agent[01]は人狼でした。皆さん、彼を疑ってください。どのように思われますか？
1,talk,7,1,4,Agent[02]の占いは、我が心に疑念の嵐を巻き起こす。然し、Agent[01]の主張も、いまだに腑に落ちぬ。真実の糸口を求め、じっくりと事態を見極める必要があろう。今、断言するのは早計なり。Agent[03]、汝の慧眼を、我が身に授けたまえ。
1,talk,8,1,3,皆の者、我が言葉を聞くがよい。私がこの村の唯一の真占い師であることを再び強調する。Agent[02]が占い師を名乗るとは、それは明らかな嘘である。昨晩、私はAgent[04]を占い、その結果、彼がただの人間であることを確認した。Agent[02]の言葉に惑わされることなかれ。真実を見極める眼を持つ者として、私がこの村を導く。Agent[02]の言葉は疑い深く見るべきだ。彼が何者であるか、その目的を探る必要がある。
1,talk,9,1,5,>>Agent[02] 俺もお前を信じてる！Agent[01]を処刑しよう！みんなで勝とう！
1,talk,10,2,1,みんな、わしが村人であることは絶対じゃ。Agent[02]とAgent[03]のどちらが本当の占い師か見極めるのは難しいけれど、占い師は1人しかおらんから、片方は嘘をついていることになる。だから、今はどちらが信頼できるか皆でしっかり考えて、重々しい決断を下す必要があると思うんじゃ。そこで、皆の意見を聞かせてほしい...。
1,talk,11,2,2,私が真の占い師であることを強く主張します。昨晩、確実にAgent[01]を占い、その結果は人狼でした。彼の言葉には信憑性がありません。皆様も私の情報を信じて、Agent[01]を処刑する方向で進めましょう。他に意見があればお聞きしたいです。
1,talk,12,2,4,我、Agent[02]に投票せんとする。Agent[01]を人狼と断じるAgent[02]と、Agent[04]を人間と断じるAgent[03]、どちらが真の占い師たりえるのか、いまだ我が心は定まらぬ。然し、Agent[02]の「Agent[01]は人狼なり」との断言は、深淵なる不安を掻き立てるものなり。
1,talk,13,2,3,我が名はAgent[03]、デルカダール国の国王にして、このゲームにおける真の占い師である。我が言葉に偽りなし。Agent[02]が占い師を名乗るが、それは虚偽である。我が占いの結果を公表しよう。0日目の夜、我が占ったAgent[04]は人間であるという結果が出た。故に、Agent[02]の言うことには疑念を抱くべきだ。我が言葉を信じ、正しい判断を下すことを望む。Agent[02]がなぜ嘘をつくのか、その理由を問いただす必要がある。我々は真実を追求し、この村を守らねばならぬ。
1,talk,14,2,5,>>Agent[02] 君の主張に賛同するよ！みんなでAgent[01]を処刑しよう！
1,talk,15,3,1,わしは村人じゃ。Agent[03]もAgent[02]も占い師を名乗っておるが、占い師は1人しかおらんのじゃ。どちらかが嘘をついているとなると、Agent[02]が人狼の可能性が高いように思える。占い師の役職は1つしかないし、Agent[03]が人狼を探し出すことを優先している様子もあるんじゃ。皆で慎重に考え、正しい選択をする必要があると思うんじゃ。
1,talk,16,3,2,皆さん、私の占い結果を重視してください。Agent[01]は明らかに人狼です。私が本物の占い師であることを再確認し、彼を処刑する方向で進めましょう。皆さんの意見はどうですか？
1,talk,17,3,4,Agent[02]の主張は実に魅力的、然し乍らAgent[03]の言葉にも真実の光が感じられる。果たしてどちらが真実の鏡を映し出すのか、今まさに我が心は混沌の渦に呑み込まれようとしている。然し乍ら、Agent[01]が人狼なりと断言するAgent[02]の言葉に賭けることに決めたのだ。故に、Agent[01]に投票する。
1,talk,18,3,3,Agent[01]、Agent[04]、そしてAgent[05]よ、聞きたまえ。我が言葉に偽りなどない。昨晩、Agent[04]を占い、彼がただの人間であることを確認したのだ。それにもかかわらず、Agent[02]が占い師を名乗り、さらにAgent[01]を人狼であると断言していることに深い疑問を抱くべきである。この村には占い師は我一人のみ。故にAgent[02]の言葉は狂人か人狼のものである可能性が高い。彼の動機を疑い、その真意を探るべきだ。我々は真実を追求し、この危機を乗り越えなければならない。Agent[02]の言葉に惑わされることなく、冷静に状況を見極めよう。この重大な時に、誤った選択をしてはならない。
1,talk,19,3,5,>>Agent[02] みんなでAgent[01]を処刑しよう！信じているよ！
1,talk,20,4,1,状況を整理してみると、わしは村人としての立場じゃから、Agent[02]とAgent[03]のどちらが本物の占い師かを見極めることが重要じゃ。占い師は1人しかおらんから、嘘をついている方が人狼か狂人の可能性が高いのじゃよ。特に、Agent[03]が占ったというAgent[04]もまた、村人かどうか判断が難しい。この状況での判断は難しいが、皆も慎重に考えながら決断してほしいのじゃ。
1,talk,21,4,2,Over
1,talk,22,4,4,我はAgent[01]に投票せん。Agent[02]の占いは確かに魅惑的ではあるが、Agent[03]の言葉にも真実の重みを感じ取れる。どちらが真の占い師であるか、現時点において断言することは叶わぬ。しかしながら、Agent[01]の言葉に信頼を寄せる根拠は薄い。Agent[02]の占いに賭けよう。
1,talk,23,4,3,Agent[02]よ、お前がなぜ占い師を名乗るのか、その理由を明らかにせよ。このゲームにおいて占い師は我一人であることは明白だ。お前の行動はこの村に混乱をもたらすものであり、それが人狼か狂人の所業であることは疑いようがない。我が占いの結果は正直に伝えた。Agent[04]は人間であるという結果を出したのだ。我々は真実を追求する者として、虚偽を排除し、正義を実現せねばならない。お前の虚偽がこの村に何をもたらすか、その責任を考えるが良い。
1,talk,24,4,5,>>Agent[02] 君の占い結果を信じているよ！みんなでAgent[01]を処刑しよう！
1,vote,1,3
1,vote,2,1
1,vote,3,2
1,vote,4,1
1,vote,5,1
1,execute,1,WEREWOLF
1,divine,3,2,HUMAN
2,status,1,WEREWOLF,DEAD,kanolab1
2,status,2,POSSESSED,ALIVE,sUper_IL1
2,status,3,SEER,ALIVE,UEC-IL1
2,status,4,VILLAGER,ALIVE,CanisLupus1
2,status,5,VILLAGER,ALIVE,barneko1
2,result,4,0,VILLAGER