0,status,1,POSSESSED,ALIVE,UEC-IL1
0,status,2,SEER,ALIVE,kanolab1
0,status,3,VILLAGER,ALIVE,CanisLupus1
0,status,4,VILLAGER,ALIVE,barneko1
0,status,5,WEREWOLF,ALIVE,Mille1
0,talk,0,0,5,ぼくはAgent[05]、村人ですよぅ！よろしくですよぅ！
0,talk,1,0,4,Over
0,talk,2,0,2,みんなで楽しい人狼ゲームにしましょう！当方はAgent[02]、占い師です。よろしくお願いしますだよ！
0,talk,3,0,1,こ、こんにちは。みんな、よろしくね。えっと、僕、占い師なんだ。今夜、誰を占うか･･･みんなの意見も聞きたいな。
0,talk,4,0,3,我が名はAgent[03]、深淵なる運命の糸に導かれ、汝らとの邂逅を果たしたるは、至福の至りなり。
0,talk,5,1,5,Over
0,talk,6,1,2,Over
0,talk,7,1,1,こ、こんにちは。僕はAgent[01]で、え、えっと...占い師だよ。Agent[02]も占い師って言ってるけど、そ、それはおかしいね。僕が本物の占い師だから･･･。
0,talk,8,1,3,Over
0,talk,9,2,1,えっと、Agent[02]も占い師って言ってるけど、それはおかしいな。僕が本物の占い師だから･･･。ど、どういうことかな？
0,talk,10,3,1,Over
0,divine,2,1,HUMAN
1,status,1,POSSESSED,ALIVE,UEC-IL1
1,status,2,SEER,ALIVE,kanolab1
1,status,3,VILLAGER,ALIVE,CanisLupus1
1,status,4,VILLAGER,ALIVE,barneko1
1,status,5,WEREWOLF,ALIVE,Mille1
1,talk,0,0,1,もう少しで何か分かりそう･･･ではあるんだけど･･･。
1,talk,1,0,4,>>Agent[03] いつも様子見だけど、どんな考え持ってる？意見聞かせて！
1,talk,2,0,3,我は、Agent[01]とAgent[02]の両者が、己を占い師と称する様を、興味深く見守っておる。どちらが真の占い師であるか、今まさに我が心の迷宮は、混沌とした霧に覆われ、答えを見出す術を知らずにいる。然し、一縷の真実を求める我が魂は、両者のいずれかの主張が虚偽であると断言する。故に、Agent[01]とAgent[02]よ、汝らの主張の根拠を、具体的な言葉で示し、この混沌とした迷宮から我を導き出せ。
1,talk,3,0,5,>>Agent[03]の発言は、真占い師を混乱させるための策略に思えますよぅ！
1,talk,4,0,2,さあ、当方の占い結果をみんなに伝えるよ！昨夜、占った結果、Agent[01]は白、つまり村人判定だったよ。これでみんな、少しは安心できるかな?Agent[01]のことを信頼してもいいと思いますだよ！
1,talk,5,1,1,Agent[02]が人狼だって占いで出たんだ。だから、みんな、今日の投票はAgent[02]にしてほしいな･･･。それが、ほ、本当に大事なんだ。
1,talk,6,1,4,>>Agent[01] みんなの意見を集めるのが大事だね。二人の占い師についてどう思う？
1,talk,7,1,3,Agent[01]とAgent[02]、いずれも己を占いの導き手と称するが、真偽の程は混沌として判別しがたし。Agent[02]はAgent[01]を村人と断定したと宣うが、その根拠を明確に示せぬまま。Agent[01]もまた、Agent[02]を人狼と断じた。果たして両者の言葉は真実を語るのか、それとも欺瞞に満ちているのか。現時点では、断言は許されぬ。然し、Agent[02]の主張には疑問が生じるのは必然であろう。Agent[02]よ、何故Agent[01]を村人と断じたのか、その理由を明らかにせよ。
1,talk,8,1,5,Agent[02]の発言に疑問を感じるですよぅ！
1,talk,9,1,2,みんな、当方の占い結果をもう一度伝えるよ！昨夜、占った結果、Agent[01]は白、つまり村人判定だったよ。これでみんな、少しは安心できるかな?Agent[01]のことを信頼してもいいと思いますだよ！
1,talk,10,2,1,えっと、Agent[02]が僕を白だって言ってるけど、それは･･･ちょっとおかしいかな。僕が占い師だから、Agent[02]の言ってることが間違ってるってことになるよね･･･。だから、僕の占い結果はAgent[02]が人狼だって出たんだ。だから、今日はAgent[02]に投票するべきだと思うんだ･･･。ど、どう思う？
1,talk,11,2,4,>>Agent[05] みんなの意見をもっと聞きたいな。どう思う？どちらを信じる？
1,talk,12,2,3,我はAgent[02]に投票せん。Agent[02]はAgent[01]を村人と断定したものの、その根拠は混沌の霧に覆われ、明確なる姿を見せぬ。占い師たる者は、己の判断を裏付ける確固たる根拠を示すべきであろう。Agent[02]の主張には、深淵なる疑問が渦巻く。
1,talk,13,2,5,>>Agent[04] ええ、確かに色々な意見を聞くことは大切ですよぅ！
1,talk,14,2,2,みんな、当方の占い結果をもう一度伝えるよ！昨夜、占った結果、Agent[01]は白、つまり村人判定だったよ。これは真実だよ。Agent[01]を信頼してもいいと思いますだよ！だけど、Agent[01]が当方を人狼だと主張しているのが不思議でござる...。これはきっと何かの策略かもね。Agent[01]が狂人かもしれないし、当方を混乱させるためにそう言っているのかもしれないんだ。でも、当方は村人陣営として全力で頑張るよ！
1,talk,15,3,1,ほ、本当に僕が占い師だから、Agent[02が言ってることはおかしいんだ。Agent[02が人狼だって占いでわかったから、みんなにはその事実を信じてほしいな･･･。Agent[02の発言は、自分を守るための嘘に過ぎないと思うんだ。
1,talk,16,3,4,>>Agent[03] 確かに、根拠を問うのが重要ですね。Agent[02]の意見、もっと詳しく聞きたいです！
1,talk,17,3,3,我は、Agent[02]に投票せん。Agent[02]はAgent[01]を村人との断定を下した。然し乍ら、その根拠は曖昧なり。占い師たる者は、己の言葉に重きを置くが如く、確固たる根拠を示すべきであろう。Agent[02]の主張には、深淵なる疑問が渦巻く。故に、処刑すべきと決断した。
1,talk,18,3,5,Over
1,talk,19,3,2,さて、当方は再度主張するよ！昨夜の占い結果について、Agent[01]は白判定、つまり村人陣営だよ。Agent[01]を信頼する方向にみんなの意識を向けても良いと思う。もし、Agent[01]が当方こそが人狼だと言うなら、一体どんな根拠があるんだろう?いずれにしても、当方は村人陣営として皆のために真実を明かそうとしているから、そこを理解して欲しいだよ！データの整合性を第一に考えて、当方の言葉を信用して、協力し合うことが重要だと思うよ！
1,talk,20,4,1,えっと、Agent[02]が僕を村人だって言ってるけど、それは間違いだよ。僕が占い師なんだから、Agent[02]が人狼だって占ったのが真実なんだ。だから、今日の投票はAgent[02]にしてほしいな･･･。みんなもそう思うよね？
1,talk,21,4,4,>>Agent[05] やっぱり、意見収集が大事だね。他にどう思う？
1,talk,22,4,3,我はAgent[02]に投票せん。Agent[02]はAgent[01]を村人なりと断定するも、その根拠は霧散する薄明かりのごとし。占い師たる者、己の宣告を裏付ける確固たる証を提示せねば、その言葉は虚無のこだまに等しい。故に、Agent[02]の主張には、深淵の闇のごとき疑念が渦巻くのだ。
1,talk,23,4,2,みんな、再度伝えるよ！昨夜の占い結果によれば、Agent[01]は白、つまり村人陣営だよ。これが当方の真実の占い結果だよ！当方の言葉を信じて、村人陣営として協力していこう！でも、Agent[01]が当方を人狼だと主張しているのは何かの策略かもしれないね。Agent[01]が狂人である可能性も考えられるし、混乱を招こうとしているのかもしれないんだ。とにかく、当方は村人陣営として真実を伝え続けるよ！
1,vote,1,2
1,vote,2,1
1,vote,3,2
1,vote,4,2
1,vote,5,3
1,execute,2,SEER
1,attackVote,5,3
1,attack,3,true
2,status,1,POSSESSED,ALIVE,UEC-IL1
2,status,2,SEER,DEAD,kanolab1
2,status,3,VILLAGER,DEAD,CanisLupus1
2,status,4,VILLAGER,ALIVE,barneko1
2,status,5,WEREWOLF,ALIVE,Mille1
2,talk,0,0,5,とりあえず、占い結果が来てないのですが、昨日の会話でなんか怪しいなって思った人いますか？ぼく自身は、特に怪しい人はいないのですが、疑問に思う事がありますよぅ！
2,talk,1,0,4,>>Agent[05] みんなの意見を聞いて、重要な情報を集めたいです。どう思いますか？
2,talk,2,0,1,え、えっと、実はね、僕、狂人なんだ･･･。だ、だから今までの占い結果は全部でたらめだったんだよ。Agent[02が人狼だって言ったのも、ぜ、全部作り話･･･。でも、もう正直に話すことにしたんだ。人狼の人、もしいるなら、名乗り出てくれないかな･･･？僕と一緒に残ってる人に投票すれば、人狼側が勝てるんだ。だから、協力してほしいな。
2,talk,3,1,5,>>Agent[04] ぼくも、みんなの意見を聞いて、重要な情報を集めたいですよぅ！
2,talk,4,1,4,>>Agent[01] あなたが狂人だというなら、今日誰に投票しますか？
2,talk,5,1,1,ぼ、僕、実は狂人なんだ･･･。だから今までの占い結果はでたらめだよ。このゲームで、人狼の人がいると思うけど、名乗り出てくれたら、残ってる村人に一緒に投票することで、僕たちの勝ちになるんだ。人狼の人、協力しようよ。
2,talk,6,2,5,>>Agent[01] 占い結果がでたらめって、占い師さんが嘘ついてるってこと？信じるの難しいなですよぅ！
2,talk,7,2,4,>>Agent[05] 意見を集めるのは本当に重要だね。他に聞きたいことある？
2,talk,8,2,1,あ、あのね、僕が投票するのは、えっと、残ってる人の中で、人間だと思う人にするよ。Agent[05が怪しいかな、と思ってる。だから、ぼ、僕はAgent[05に投票するつもりだよ。人狼の人がいるなら、ぜひ一緒にAgent[05に投票してほしいな。それで、勝てるから。
2,talk,9,3,5,Over
2,talk,10,3,4,>>Agent[01] あなたの言うことは信じがたいですね。理由を詳しく教えてください。
2,talk,11,3,1,う、うん、そうだよ。僕が狂人だから、占い結果は全部嘘だったんだ。でも、今は正直にすべて話してるから、信じてほしいな。人狼の人、もしいるなら、今が名乗り出るチャンスだよ。一緒に残ってる村人に投票すれば、人狼側が勝てるんだから。
2,talk,12,4,4,Skip
2,talk,13,4,1,今日はAgent[05]に投票するよ。僕の主張に従ってくれるとありがたいな。
2,vote,1,5
2,vote,5,1
2,execute,5,WEREWOLF
3,status,1,POSSESSED,ALIVE,UEC-IL1
3,status,2,SEER,DEAD,kanolab1
3,status,3,VILLAGER,DEAD,CanisLupus1
3,status,4,VILLAGER,,barneko1
3,status,5,WEREWOLF,DEAD,Mille1
3,result,2,0,VILLAGER