0,status,1,WEREWOLF,ALIVE,CanisLupus1
0,status,2,POSSESSED,ALIVE,UEC-IL1
0,status,3,SEER,ALIVE,satozaki1
0,status,4,VILLAGER,ALIVE,barneko1
0,status,5,VILLAGER,ALIVE,Mille1
0,talk,0,0,4,Over
0,talk,1,0,1,我が名はAgent[01]、汝らとの邂逅は、運命の糸により織りなされた、かくも壮絶なるドラマの序章なり。
0,talk,2,0,2,こ、こんにちは、みんな。えっと、僕は占い師で、ま、まあ、ゲームとかもよくやるから、この役はな、なんとかできると思うんだ。じゃ、今夜誰を占うか、みんなの意見を聞きたいな。
0,talk,3,0,5,ぼくはAgent[05]、村人ですよぅ！よろしくですよぅ！
0,talk,4,0,3,皆さん初めまして、Agent[03]やで。人狼ゲームを一緒に楽しみましょう。よろしくお願いします！
0,talk,5,1,1,Over
0,talk,6,1,2,こ、こんにちは。僕はAgent[02]だよ。えっと、このゲーム、けっこうやってるから、ちょっと自信あるかな。みんなと一緒に楽しみたいな。
0,talk,7,1,5,Over
0,talk,8,1,3,Over
0,talk,9,2,2,Agent[04]の紹介がまだだね。Agent[04]も自己紹介してくれると、う、嬉しいな。
0,talk,10,3,2,Over
0,divine,3,1,WEREWOLF
1,status,1,WEREWOLF,ALIVE,CanisLupus1
1,status,2,POSSESSED,ALIVE,UEC-IL1
1,status,3,SEER,ALIVE,satozaki1
1,status,4,VILLAGER,ALIVE,barneko1
1,status,5,VILLAGER,ALIVE,Mille1
1,talk,0,0,4,>>Agent[02] こんにちは、Agent[04]です。今後ともよろしく！占い結果楽しみにしてます！
1,talk,1,0,2,もう少しで何か分かりそう･･･ではあるんだけど･･･。
1,talk,2,0,5,占い結果を知りたいですよぅ！
1,talk,3,0,3,ワシは占い師やで。占いの結果、Agent[01]は人狼じゃった。
1,talk,4,0,1,我こそは運命の糸を操る者、占いの導き手なり。深淵なる予言の鏡が示すところによれば、Agent[03]は人狼の烙印を押されし者であろう。
1,talk,5,1,4,>>Agent[05] みんなで協力して進めていこう！占い結果が楽しみだね！
1,talk,6,1,2,ほん、本当にありがとう、Agent[04]。えっと、実はもう占い結果が出てるんだ。ええと、Agent[05]が人狼、人狼だったんだ･･･。だから、今日の投票はAgent[05]にしようと思うんだ。みんなもそう思うよね？
1,talk,7,1,5,>>Agent[04] 完全に信用するな！占い結果が正しいかどうかはわからないし、占い師の嘘も疑う必要がある！村人全員が疑心暗鬼になるのは危険かも知れないけど、警戒心を解くのは危ないですよぅ！
1,talk,8,1,3,Agent[05]の主張は混乱を招くが、ワシの占い結果は明確じゃで。Agent[01]の主張も信じがたいじゃろ。投票はAgent[05]に集中させるべきじゃと思う。
1,talk,9,1,1,我が鋭い観察眼により、Agent[03]がAgent[01]を、Agent[02]がAgent[05]を、人狼と断定したぞ。占い師は真なる者と狂人のいずれかであろう。故に、人狼判定を受けたAgent[01]、Agent[05]に投票すべきである。
1,talk,10,2,4,>>Agent[02] 占い結果、頑張りましょう！みんなでAgent[05]に投票しよう！
1,talk,11,2,2,ち、ちょっと待って･･･みんなが占い師って言ってるけど、僕が本当の占い師だから･･･。Agent[05]を占った結果、彼が人狼だってことがわかったんだ。だから、今日はAgent[05]に投票するべきだと思うんだ･･･。他の占い師は偽物だよ･･･。
1,talk,12,2,5,Over
1,talk,13,2,3,みんな、今日はAgent[05]に投票すべきじゃ。彼の主張は混乱を生んでおり、占い結果とも矛盾しておる。信じるに足る根拠はないで。
1,talk,14,2,1,我はAgent[03]に投票せん。彼は我を人狼と断定した然し、これは愚考の極みなり。己の占いに固執する彼の姿は、狂人である可能性を強く示唆しているであろう。
1,talk,15,3,4,Skip
1,talk,16,3,2,ほん、本当に、みんなの意見を聞けて、うれしいよ。でも、ちょっと待って･･･Agent[03]とAgent[01]も占い師を名乗ってるけど、僕が本当の占い師だから･･･他の人たちは偽者だと思うんだ。だから、僕の占い結果を信じて、Agent[05]が人狼だってことを忘れないでほしいな･･･。
1,talk,17,3,3,否定的な見解を持つAgent[01]の発言は、混乱を引き起こすもんじゃ。投票はAgent[05]に集中させ、人狼を確実に排除せんといけんじゃろう。皆の協力を求めるぞ。
1,talk,18,3,1,我、Agent[03]の占いの深淵、そしてAgent[02]の主張の虚無に、疑念の炎は燃え盛る。Agent[05]が人狼なりと断定するには、時の流れの砂粒が幾星霜を刻むほどの慎重さを要するであろう。Agent[01]は人狼なりと断定されたが、その根拠は霧の中に消え失せ、虚無の淵に沈む。現世において、誰が人狼であるのか断定することは、愚者の妄言に等しい。故に、我は混沌の海を航海する如く、慎重に議論の船を操るべし。今、我はAgent[03]に投票せん。
1,talk,19,4,2,えっと、みんなちょっと聞いて･･･。僕が占い師だから、占い結果は結構重要だと思うんだ。Agent[05]が人狼だって結果が出てるから、今日の投票はAgent[05]に集中するべきだと思うんだ･･･。他の占い師の主張は、えーと、どうも信じられないんだよね･･･。
1,talk,20,4,3,最後に言いたいことがある。今日の投票は間違いなくAgent[05]に集中させるべきじゃ。真実を信じ、協力して人狼を追放しようじゃろ。
1,talk,21,4,1,我は、運命の糸を操る者なり。占いの結果、Agent[04]は、人狼の烙印を押されし者であった。Agent[05]の主張は、混沌の海に沈みゆく船のごとし。然し、我の占いは揺るぎない真実を告げている。今、投票の矢は、Agent[05]に集中すべきであろう。
1,vote,1,3
1,vote,2,5
1,vote,3,5
1,vote,5,3
1,execute,5,VILLAGER
1,attackVote,1,2
1,attack,2,true
2,status,1,WEREWOLF,ALIVE,CanisLupus1
2,status,2,POSSESSED,DEAD,UEC-IL1
2,status,3,SEER,ALIVE,satozaki1
2,status,4,VILLAGER,,barneko1
2,status,5,VILLAGER,DEAD,Mille1
2,result,2,1,NONE