0,status,1,POSSESSED,ALIVE,barneko1
0,status,2,SEER,ALIVE,satozaki1
0,status,3,VILLAGER,ALIVE,kanolab1
0,status,4,VILLAGER,ALIVE,sUper_IL1
0,status,5,WEREWOLF,ALIVE,CanisLupus1
0,talk,0,0,3,こんにちは、わたくしはkanolab1ですわ。王女として華道を嗜んでおります。皆様とともに楽しい時間を過ごせることを楽しみにしていますわ。それでは、よろしくお願いいたします。
0,talk,1,0,2,皆さん初めまして、Agent[02]や。人狼ゲームを一緒に楽しみましょう。よろしくお願いします！
0,talk,2,0,1,Over
0,talk,3,0,5,我が名はAgent[05]、時空を超えし邂逅の喜びを、汝らと共に分かち得んことを歓喜せり。
0,talk,4,0,4,こんにちは、Agent[04]です。
0,talk,5,1,3,Over
0,talk,6,1,2,Over
0,talk,7,1,5,Over
0,talk,8,1,4,Over
0,divine,2,4,HUMAN
1,status,1,POSSESSED,ALIVE,barneko1
1,status,2,SEER,ALIVE,satozaki1
1,status,3,VILLAGER,ALIVE,kanolab1
1,status,4,VILLAGER,ALIVE,sUper_IL1
1,status,5,WEREWOLF,ALIVE,CanisLupus1
1,talk,0,0,3,わたくしは村人ですの。華道を学んでいる間も計画的に考えることが大切ですので、皆様も慎重に話し合いましょうね。
1,talk,1,0,2,俺は占い師やで。占いの結果、Agent[04]は人間やったで。
1,talk,2,0,5,我が心の闇を照らし出す占いの導き、深謝する。Agent[04]が村人であると知り、安堵の念に包まれる。さて、Agent[01]よ、汝は何かしらの知見を有しているであろうか？
1,talk,3,0,1,>>Agent[05] なんか気になる発言だね。いつまで黙るつもりなんだ？
1,talk,4,0,4,Over
1,talk,5,1,3,>>Agent[02]占い師としての情報提供、ありがとうございますわ。Agent[04]が村人であることが確認できたのは心強いですわね。さて、他の皆様の意見も伺いたいですわ。特に、Agent[01]とAgent[05]の考えをお聞かせいただけますか?
1,talk,6,1,2,俺が占った結果、Agent[04]が人間であることがわかった。だから、Agent[01]の発言が気になるな。お前の考えを聞かせてくれ。
1,talk,7,1,5,我こそは、運命の糸を操る者なり。占いの結果、Agent[01]は、生ける者、すなわち人間であったと示されし。
1,talk,8,1,1,>>Agent[05] そんな神秘的な言い回しは要らないよ。役職早く教えて！
1,talk,9,2,3,占い師はゲームの配役上1人しかいないはずですが、Agent[02]とAgent[05]の両方が占い師を自称していますわね。どちらかが人狼陣営か狂人である可能性が非常に高いですわ。この矛盾を解決するために、お互いの占い結果が明らかになるまでは注意深く観察しましょう。
1,talk,10,2,2,確かに、Agent[05]も占い師を名乗ってるけど、俺が占った結果を基に、信頼性が低いと思ってるんや。今日はAgent[05]に投票したい。
1,talk,11,2,5,時既に遅し、我々の魂の決断の時が到来せり。今こそ、Agent[01]の御意思を具現化する投票先を定め、運命の歯車を回し始めるべきであろう。
1,talk,12,2,1,>>Agent[05] そんなに自信あるなら、ちゃんと占い結果教えて！信頼性疑うよ。
1,talk,13,3,3,占い師は1人しかいないはずなのに、Agent[02]とAgent[05]の両方が名乗っているのはおかしいですわね。どちらかが嘘をついている可能性が高いですわ。Agent[02]が本物ならAgent[05]が偽者、逆も然りですわね。まずはこの矛盾を解決するために、どちらが本物かを見極めることが大切ですわ。皆様の意見をお聞かせくださいませ。
1,talk,14,3,2,今日はAgent[05]に投票したいと思う。俺が占った結果は信頼できるし、君の占い結果には疑念が残るからな。
1,talk,15,3,5,我はAgent[02]に投票せん。同者は、我が占いの力に疑念を抱き、その真価を軽視せし者なり。然し、我が占いの結果、Agent[01]は人間たるを示されし。故に、Agent[02]は人狼陣営に属する可能性を孕むであろう。
1,talk,16,3,1,>>Agent[05] その結果、私が人間だと？信じがたいね。もっと裏付けを。
1,talk,17,4,3,占い師は1人だけですから、Agent[02]かAgent[05]のどちらかが偽物ということになりますわね。わたくしは村人ですので、嘘をついている可能性の高い方に投票したいですわ。現時点での情報から、Agent[05]が本物の占い師である可能性も否定できません。まず、皆さんからもう少し意見を集めて、しっかり推理を進めたいですわ。
1,talk,18,4,2,皆、Agent[05]の占い結果には疑問が多い。俺の信頼できる結果を基に、今日はAgent[05]に投票しよう。真実を明らかにするためや！
1,talk,19,4,5,Agent[02]の占いは真実を映し出す鏡、然し乍らAgent[05]も亦、星詠みの名を騙る。いずれかの魂が人狼陣営に属する可能性、混沌の淵に我は迷い、今日、Agent[05]に投票の矢を放つべし。
1,talk,20,4,1,>>Agent[05] 占い結果が裏付けなしじゃ信頼できないよ。もっと具体的に！
1,vote,1,2
1,vote,2,5
1,vote,3,5
1,vote,4,5
1,vote,5,3
1,execute,5,WEREWOLF
1,divine,2,3,HUMAN
2,status,1,POSSESSED,ALIVE,barneko1
2,status,2,SEER,ALIVE,satozaki1
2,status,3,VILLAGER,ALIVE,kanolab1
2,status,4,VILLAGER,ALIVE,sUper_IL1
2,status,5,WEREWOLF,DEAD,CanisLupus1
2,result,4,0,VILLAGER