0,status,1,SEER,ALIVE,UEC-IL1
0,status,2,VILLAGER,ALIVE,sUper_IL1
0,status,3,VILLAGER,ALIVE,satozaki1
0,status,4,WEREWOLF,ALIVE,kanolab1
0,status,5,POSSESSED,ALIVE,barneko1
0,talk,0,0,2,初めまして、Agent[02]です。どうぞよろしくお願いします。
0,talk,1,0,1,皆の者、私はデルカダール国の国王である。国を守ることに全力を尽くしており、部下とともに剣術の訓練にも励んでいる。普段は厳しいが、こうして様々な者と語り合うのも楽しみの一つだ。
0,talk,2,0,3,皆さん初めまして、Agent[03]やで。人狼ゲームを一緒に楽しみましょう。よろしくお願いしますやで！
0,talk,3,0,5,Over
0,talk,4,0,4,初めまして、kanolab1です。料理が得意な医者だよ。みんなで楽しく人狼ゲームを楽しもうね！よろしくお願いします。
0,talk,5,1,2,Over
0,talk,6,1,1,初めまして、Agent[02]。私はこの国の国王であるAgent[01]と申す。貴方との交流を楽しみにしておる。
0,talk,7,1,3,Over
0,talk,8,1,4,Over
0,talk,9,2,1,皆の者、聞いて欲しい。私はこのゲームの占い師である。明日には誰かを占う必要があるが、誰を占うべきか意見を聞かせてほしい。私の力で村を守りたい。
0,talk,10,3,1,Over
0,divine,1,3,HUMAN
1,status,1,SEER,ALIVE,UEC-IL1
1,status,2,VILLAGER,ALIVE,sUper_IL1
1,status,3,VILLAGER,ALIVE,satozaki1
1,status,4,WEREWOLF,ALIVE,kanolab1
1,status,5,POSSESSED,ALIVE,barneko1
1,talk,0,0,3,おはようございますやで。ワシたちは人狼を探さなければいけんようじゃね。まずは占い師の結果が知りたいんじゃけど。
1,talk,1,0,4,>>Agent[01]占い師を名乗るのは少し早い気もするけど、誰を占うか考えるのは大事だね。まだみんなの発言を聞いてから決めるのがいいと思うよ。僕は村人だから、みんなの意見をしっかり聞いて協力するね！
1,talk,2,0,2,皆さん、私は村人です。ゲームを進める上での重要な情報を共有し合い、人狼を見破りましょう。
1,talk,3,0,1,皆の意見も聞く必要がありそうだな。
1,talk,4,0,5,>>Agent[01] 占い、誰にするかみんなで考えよう！情報共有が大事だね。
1,talk,5,1,3,そうじゃな、まずは皆の意見を聞いたり、誰を疑うか考えることが大切じゃ。おるべき情報を伝えて、協力していこう。
1,talk,6,1,4,僕は村人だよ！みんなで協力して人狼を見つけようね。Agent[01]が占い師を名乗っているけど、まだ本物か分からないから慎重に進めよう。みんなの考えを聞きたいな。
1,talk,7,1,2,おはようございます。僕も占い師の結果が気になります。みんなの意見を参考にしながら、しっかり考えていきたいですね。どう思いますか？
1,talk,8,1,1,皆の者、占いの結果を報告する。昨夜、私はAgent[03]を占った。その結果、Agent[03]は人間であることが判明した。この情報を基に、我々は疑うべき他の者を探すべきだ。Agent[03]は信じられる者として、他の疑わしき者を探る手助けをしてほしい。
1,talk,9,1,5,>>Agent[01] ありがとう！Agent[03]が人間と分かったなら、次の占い候補をみんなで話し合おう！
1,talk,10,2,3,うむ、ありがとう。ワシはAgent[04]が少し気になるんじゃ。彼の発言からは積極性を感じんし、情報を引き出そうとする姿勢が弱いように思える。皆はどう思うんじゃろか？
1,talk,11,2,4,>>Agent[03]なるほどね。僕が消極的に見えたかもしれないけど、実際にはみんなの意見を聞いて状況を把握しようとしているんだよ。ところで、Agent[01]はAgent[03]を白と占ったけど、他の人が占い師だと主張しない限りは少し信用しても良いかもしれないね。次に占うべき人を決めるために、他の人の意見も聞きたいな。
1,talk,12,2,2,私も村人だから、他の意見をよく聞いて協力しようと思ってるよ。占い師の結果が出るまで、みんなで情報を共有し合うのが大事だね。Agent[01]の発言には特に注意したいな。
1,talk,13,2,1,皆の者、よく聞くが良い。私は占い師であり、昨夜Agent[03]を占った結果、彼は人間であると判明した。この情報を基に、今後の議論を進めていくべきだ。Agent[04]よ、私が本物の占い師であることを疑うのは自由だが、私の占い結果は真実であり、それに基づいて行動することが我々の勝利への道である。他の者も、この情報をどう解釈するか、意見を聞かせてもらいたい。
1,talk,14,2,5,>>Agent[04] みんなで協力して次の占い候補を考えるべきだよ！
1,talk,15,3,3,>>Agent[01] まだ投票先を宣言していないようじゃけど、誰に投票しようと考えとるんかい？
1,talk,16,3,4,>>Agent[03]入れても分からないね。僕は村人だから、村のためになるような票を入れたいと思ってるよ。でもみんなの意見をよく聞いてから決めるつもりだよ。何か気づいたことがあれば教えてくれると嬉しいな。
1,talk,17,3,2,Agent[04]には少し疑いを持っています。彼の言動が本当に村人としてのものか、その意図を確認したいです。皆さんはどう思いますか？
1,talk,18,3,1,皆の者、現状を整理しよう。我々はAgent[03]が人間であることを確認している。Agent[04]は自身の積極性について説明し、他者の意見を聞く姿勢を示しており、Agent[02]も村人として協力的な態度を取っている。Agent[05]は次の占い候補について話し合うことを提案している。これらの情報から、我々は次なる行動を計画すべきである。今のところ疑わしい者は特定されていないが、引き続き警戒心を持って進めるべきだ。次の占い候補について、他の者の意見も聞きたい。この国の安全と正義のために、真実を探求するのだ。
1,talk,19,3,5,>>Agent[01] そうだね！次の占い候補についてみんなで意見出そう！
1,talk,20,4,3,そんじゃ、ワシも意見を述べるとする。個人的にAgent[04]が気になるけぇ、次の占い候補として彼を提案したいんじゃ。皆さんの意見を聞きたいんじゃけど。
1,talk,21,4,4,僕は村人だよ！Agent[03]が僕を占い候補として提案してくれたけど、僕は村人だから特に怪しいことはないよ。他の人の意見も聞いて決めたいな。料理のことなら得意だけど、人狼探しはみんなで協力してやっていかないとね。
1,talk,22,4,2,Over
1,talk,23,4,1,皆の者、これまでの議論を要約するぞ。私は占い師として昨夜Agent[03]を占い、彼が人間であることを確認した。この情報から、Agent[03]は信頼できると考えるべきだ。Agent[05]は次の占い候補について協力を呼びかけており、Agent[04]も村のためになる行動を取りたいと述べているが、Agent[02]からは疑いの声が挙がっている。私たちが情報を共有し、お互いを正しく理解することが重要だ。今後の行動について、各々の意見を聞かせてもらいたい。特にAgent[04]への疑問を持つAgent[02]の考えを詳しく聞くことが、次の手がかりとなるだろう。
1,talk,24,4,5,>>Agent[02] それなら、Agent[04]のどの言動が気になるのか具体的に教えて！
1,vote,1,4
1,vote,2,4
1,vote,3,2
1,vote,4,1
1,vote,5,1
1,execute,4,WEREWOLF
2,status,1,SEER,ALIVE,UEC-IL1
2,status,2,VILLAGER,ALIVE,sUper_IL1
2,status,3,VILLAGER,ALIVE,satozaki1
2,status,4,WEREWOLF,DEAD,kanolab1
2,status,5,POSSESSED,ALIVE,barneko1
2,result,4,0,VILLAGER