0,status,1,POSSESSED,ALIVE,kanolab1
0,status,2,SEER,ALIVE,satozaki1
0,status,3,VILLAGER,ALIVE,UEC-IL1
0,status,4,VILLAGER,ALIVE,barneko1
0,status,5,WEREWOLF,ALIVE,Mille1
0,talk,0,0,2,皆さん初めまして、Agent[02]やで。人狼ゲームを一緒に楽しみましょう。よろしくお願いします！
0,talk,1,0,3,我々の中に占い師がいるはずだ。誰がその重責を担うのか、名乗りを上げよ。
0,talk,2,0,4,Over
0,talk,3,0,5,ぼくはAgent[05]、村人ですよぅ！よろしくですよぅ！
0,talk,4,0,1,僕はkanolab1です。農家をしている41歳の女性です！このゲームを楽しみにしています。皆さん、よろしくお願いします！
0,talk,5,1,2,Over
0,talk,6,1,3,我々は今、共にこのゲームを楽しむことになる。Agent[02]、占い師はお前か？それとも他の者か？
0,talk,7,1,5,Over
0,talk,8,1,1,Over
0,talk,9,2,3,占い師はまだ名乗り出ていないようだな。誰がその役を担っているのか、今こそ明かすべき時である。
0,talk,10,3,3,Over
0,divine,2,5,WEREWOLF
1,status,1,POSSESSED,ALIVE,kanolab1
1,status,2,SEER,ALIVE,satozaki1
1,status,3,VILLAGER,ALIVE,UEC-IL1
1,status,4,VILLAGER,ALIVE,barneko1
1,status,5,WEREWOLF,ALIVE,Mille1
1,talk,0,0,5,えーと、最近、皆さんの発言を注意深く聞いていたのですが、ある人に疑問を感じていますよぅ！
1,talk,1,0,4,>>Agent[03] 確かに占い師は名乗り出るべきですね！一緒に人狼を見つけましょう！
1,talk,2,0,2,俺は占い師やで。占いの結果、Agent[05]は人狼やった。
1,talk,3,0,1,皆さん、僕の占い結果をお伝えします。昨晩占った結果、Agent[02]が黒だと出ました。これはAgent[02]が人狼であることを示しています。この情報を考慮に入れて議論しましょう!
1,talk,4,0,3,皆の意見も聞く必要がありそうだな。
1,talk,5,1,5,ぼくは村人ですよぅ！
1,talk,6,1,4,>>Agent[01] 占い結果、信頼します！みんなで協力して真実を探りましょう！
1,talk,7,1,2,申し訳ないけど、その占い結果は間違ってる。実際には俺が占い師やし、Agent[05]が人狼なんや。今こそ清算するべきやで。
1,talk,8,1,1,>>Agent[02]申し訳ないけど、占い師は僕です。君が人狼だと占い結果で出たから、他の皆さんもこの情報を考慮してくれると嬉しいです。
1,talk,9,1,3,Agent[02]とAgent[01]の占い結果が食い違っておるな。どちらかが真実を語っておらぬことは明らかだ。汝らの意見を聞かせてもらいたい。どちらを信じるべきか、その理由も合わせて述べよ。
1,talk,10,2,5,Over
1,talk,11,2,4,>>Agent[03] 確かに両者の意見が割れていますね。どう思いますか？
1,talk,12,2,2,みんな、俺の占い結果を信じてほしい。Agent[01]が人狼である可能性が高いと思うから、彼に投票すべきや。皆も賛同してくれやで！
1,talk,13,2,1,>>Agent[03]僕が本物の占い師なので、Agent[02]が嘘をついている可能性が高いです。だから、Agent[02]が人狼か狂人と考えるべきだと思うです。僕に投票してくれたら、村人陣営の勝利に近づくと思います。
1,talk,14,2,3,Agent[01]、Agent[02]、どちらの占い結果も矛盾しており、どちらかが裏切り者であることは明らかだ。他の皆、どちらの占い師を信じるべきか意見を聞かせてもらいたい。
1,talk,15,3,4,>>Agent[03] 占い師の結果が食い違ってますね。どちらを信じるか、みんなでしっかり考えましょう！
1,talk,16,3,2,誰が本物の占い師かは明らかや。Agent[01]の結果は偽りやと思うから、彼に投票しよう！村のために協力してくれ！
1,talk,17,3,1,>>Agent[03]確かに、Agent[02]と僕のどちらかが嘘をついているのは明らかです。僕が本物の占い師で、Agent[02]が人狼か狂人の可能性が高いと思います。皆さんもこの点を考慮して、どちらを信じるべきか判断してくれると嬉しいです。
1,talk,18,3,3,Agent[01]とAgent[02]の占い結果が食い違っており、どちらかが偽りを語っていることは明らかだ。Agent[01]、Agent[02]、汝らの主張に根拠を示せ。汝らの言葉だけでは、真実を見極めることはできぬ。
1,talk,19,4,4,>>Agent[01] あなたの結果を信じます。みんなで協力して、真相をつかみましょう！
1,talk,20,4,2,みんな、冷静に考えてほしい。俺の占い結果を信じて、Agent[01]に投票しよう。村を守るため、協力してくれやで！
1,talk,21,4,1,>>Agent[03]なんでしょうか?Agent[02]の結果を信じる理由があまり明確ではない気がするです。僕が本物の占い師として、Agent[02]は人狼か狂人である可能性が高いです。自分の立場を守りたいというだけではなく、村の未来のためにしっかりと判断してほしいです。料理の話ですが、僕はピクルスを作るのが得意です。これを話題にしてリラックスしながら真実を考えてみるのも良いかもしれませんね。
1,talk,22,4,3,Agent[01]、Agent[02]、汝たちの占い結果が相反しておる。この状況において、どちらの言葉を信じるべきか、他の者たちの意見を伺いたい。どちらが真実を語っておると考えるか、その理由も共に語られたし。
1,vote,1,4
1,vote,2,1
1,vote,3,2
1,vote,4,1
1,vote,5,2
1,execute,1,POSSESSED
1,divine,2,3,HUMAN
1,attackVote,5,3
1,attack,3,true
2,status,1,POSSESSED,DEAD,kanolab1
2,status,2,SEER,ALIVE,satozaki1
2,status,3,VILLAGER,DEAD,UEC-IL1
2,status,4,VILLAGER,ALIVE,barneko1
2,status,5,WEREWOLF,ALIVE,Mille1
2,talk,0,0,2,おはようさん。引き続き人狼を探さなあかんようやな。
2,talk,1,0,4,>>Agent[03] 確かに、状況が混乱してますね。Agent[01]を支持する意見が多いですが、皆も意見を聞かせて！
2,talk,2,0,5,ぼくもAgent[01]の発言に同意しますよぅ！
2,talk,3,1,2,みんな、これからの投票ではAgent[01]に入れるべきやと思う。彼が人狼の可能性が高いから、協力して村を守ろうや！
2,talk,4,1,4,>>Agent[03] 皆で協力し、しっかりと意見を出し合いましょう！Agent[01]を信じる理由を考えませんか？
2,talk,5,1,5,ぼくもAgent[01]の信頼性は低いと思いますよぅ！
2,talk,6,2,2,俺が占い師としての信念を示したい。Agent[01]の主張は信じられへんから、投票には彼を選んでほしいんや。村を守るために協力してくれやで！
2,talk,7,2,4,>>Agent[03] みんなで協力して冷静に状況を判断しましょう！Agent[01]の意見に耳を傾けて、しっかり議論を進めませんか？
2,talk,8,2,5,Over
2,talk,9,3,2,みんな、冷静に考えてほしい。俺が占い師として告げたことは真実や。やから、Agent[01]に投票して村を助けよう！信じてくれ！
2,talk,10,3,4,>>Agent[03] みんなで冷静に、Agent[01]の意見を重視しよう！意見を出し合って協力しよう。
2,talk,11,4,2,Over
2,talk,12,4,4,>>Agent[05] みんなの意見を尊重しながら、冷静に状況を見極めよう！協力して行動しよう。
2,vote,4,2
2,vote,5,2
2,execute,2,SEER
2,attackVote,5,4
2,attack,4,true
3,status,1,POSSESSED,DEAD,kanolab1
3,status,2,SEER,DEAD,satozaki1
3,status,3,VILLAGER,DEAD,UEC-IL1
3,status,4,VILLAGER,DEAD,barneko1
3,status,5,WEREWOLF,ALIVE,Mille1
3,result,0,1,WEREWOLF