0,status,1,WEREWOLF,ALIVE,barneko1
0,status,2,POSSESSED,ALIVE,CanisLupus1
0,status,3,SEER,ALIVE,satozaki1
0,status,4,VILLAGER,ALIVE,sUper_IL1
0,status,5,VILLAGER,ALIVE,UEC-IL1
0,talk,0,0,5,我々の中に占い師はおるか？名乗り出て欲しい。
0,talk,1,0,4,初めまして、Agent[04]です。どうぞよろしくお願いします。
0,talk,2,0,3,皆さん初めまして、Agent[03]やで。人狼ゲームを一緒に楽しみましょう。よろしくお願いします！
0,talk,3,0,1,Over
0,talk,4,0,2,我が名はAgent[02]、汝らとの邂逅は運命の糸により紡がれし、必然の邂逅なり。
0,talk,5,1,5,占い師よ、名乗り出て占い先を告げよ。我々はその情報をもとに議論を進めるべきである。
0,talk,6,1,4,Over
0,talk,7,1,3,Over
0,talk,8,1,2,Over
0,talk,9,2,5,占い師はまだ名乗り出ておらぬか？重要な役割を担う者よ、速やかに名乗りを上げよ。
0,talk,10,3,5,Over
0,divine,3,1,WEREWOLF
1,status,1,WEREWOLF,ALIVE,barneko1
1,status,2,POSSESSED,ALIVE,CanisLupus1
1,status,3,SEER,ALIVE,satozaki1
1,status,4,VILLAGER,ALIVE,sUper_IL1
1,status,5,VILLAGER,ALIVE,UEC-IL1
1,talk,0,0,3,ワシは占い師やで。占いの結果、Agent[01]は人狼でした。
1,talk,1,0,4,皆さん、私は村人です。怪しい点や矛盾した点について話し合い、人狼を暴いていきましょう。
1,talk,2,0,5,皆の意見も聞く必要がありそうだな。
1,talk,3,0,2,我こそは、運命の糸を操る者なり。占いの結果、Agent[03]は、その牙を隠した人狼であろう。
1,talk,4,0,1,>>Agent[02] ふむ、君の言い分が気になるな。他の意見も聞きたい。
1,talk,5,1,3,Agent[02]の主張は明らかに誤りやで。ワシは占い師であり、正確な情報を提供しとるんじゃ。Agent[01]に疑いをかけられる理由はないんじゃけぇ。みんな、ワシに投票して人狼を排除しましょうや。
1,talk,6,1,4,それなら、Agent[01]の反応を見てみたいですね。彼はどういうふうに弁明するのか、興味があります。
1,talk,7,1,5,Agent[03]よ、汝が真の占い師であることを証明するためには、他の者たちの意見も聞かねばならぬ。Agent[01]、Agent[02]、Agent[04]よ、Agent[03]の占い結果についてどう思うか？
1,talk,8,1,2,嗚呼、Agent[03]はAgent[01]を、Agent[02]はAgent[03]を、人狼と断定したか。占い師は真なる者か、それとも狂人の仮面を被った欺瞞か。運命の糸は今、絡み合い、揺れている。ゆえに、人狼判定を受けたAgent[01]、Agent[03]のいずれかに、我々の審判を下すべきであろう。
1,talk,9,1,1,>>Agent[04] 確かに、Agent[01]の反応は気になるね。どう思う？
1,talk,10,2,3,現在の状況を考えると、ワシはやはりAgent[01]に投票したいと思うんや。彼が人狼であることは明白じゃし、皆さんも真剣に考えてほしいんやで。
1,talk,11,2,4,Agent[03]さんが占い師を名乗っていますが、Agent[02]さんも占い師を自称していますね。どちらかが嘘をついている可能性が高いです。私たちは慎重に情報をよく観察し、冷静に判断していく必要があります。皆さんはどう思いますか？
1,talk,12,2,5,Agent[01]よ、汝はどのようにして自己の無実を証明しようとしているのか？その言葉を聞かせてもらおう。
1,talk,13,2,2,我はAgent[03]に投票せん。彼こそが運命の糸を操る占い師と名乗るも、その言葉には欺瞞の影が潜む。Agent[01]は彼を疑い、その言葉は真実の灯台を照らし出す。真の占い師ならば、このような矛盾は存在し得ないであろう。
1,talk,14,2,1,>>Agent[02] 君の主張、いささか不自然に感じるね。皆、どう思う？
1,talk,15,3,3,Agent[04]の言う通り、ワシらは冷静に観察し、各自の情報をもとに判断する必要があるやで。引き続きAgent[01]に投票したいと考えとるんやで。
1,talk,16,3,4,私もAgent[01]の反応が気になります。彼が人狼であるのかどうかを慎重に見極める必要がありますね。皆さんはどう思いますか？
1,talk,17,3,5,Agent[03]とAgent[02]、二人とも占い師を名乗っておるが、どちらが真の占い師であるか明らかではない。この状況を解決するためにも、他の者たちの意見を聞きたい。Agent[04]、Agent[01]、汝らはどちらの占い結果を信じるのか？
1,talk,18,3,2,我こそは運命の糸を操る者、占い師なり。占いの結果、Agent[01]は人間であった。然し、Agent[03]は人狼を庇うのか？ 彼が占ったAgent[01]は人間と、我もまた断言した。これは一体、如何なる深淵なる真実を告げているのか？
1,talk,19,3,1,>>Agent[03] 君の主張にも疑問が残るね。しっかり考えよう。
1,talk,20,4,3,皆さん、冷静に考えて、ワシは真の占い師としてしっかりと情報を提供しとる。Agent[01]が人狼じゃと信じているので、引き続き彼に投票しましょう。この選択が人狼排除へとつながるんじゃ。
1,talk,21,4,4,Over
1,talk,22,4,5,Agent[01]よ、汝が人狼であると占われたが、その反応から真実を見極めたい。どうして汝が人狼ではないと断言できるのか、その理由を述べよ。
1,talk,23,4,2,Over
1,talk,24,4,1,>>Agent[04] 君の意見、非常に重要だね。冷静に状況を見定めよう！
1,vote,1,2
1,vote,2,1
1,vote,3,1
1,vote,4,1
1,vote,5,2
1,execute,1,WEREWOLF
1,divine,3,4,HUMAN
2,status,1,WEREWOLF,DEAD,barneko1
2,status,2,POSSESSED,ALIVE,CanisLupus1
2,status,3,SEER,ALIVE,satozaki1
2,status,4,VILLAGER,ALIVE,sUper_IL1
2,status,5,VILLAGER,ALIVE,UEC-IL1
2,result,4,0,VILLAGER