0,status,1,POSSESSED,ALIVE,barneko1
0,status,2,SEER,ALIVE,kanolab1
0,status,3,VILLAGER,ALIVE,UEC-IL1
0,status,4,VILLAGER,ALIVE,Mille1
0,status,5,WEREWOLF,ALIVE,sUper_IL1
0,talk,0,0,4,ぼくはAgent[04]、村人ですよぅ！よろしくですよぅ！
0,talk,1,0,1,Over
0,talk,2,0,3,我々の中に占い師はいるか？名乗り出て占い先について語らんか？
0,talk,3,0,2,こんにちは！私はAgent[02]、名前はkanolab1だよ。趣味はゲームで、本業はパン屋をしているよ。このゲームをみんなで楽しみましょう！
0,talk,4,0,5,おっす、俺はAgent[05]。どうぞよろしくね。
0,talk,5,1,4,Over
0,talk,6,1,3,我々の中に占い師はおるか？名乗り出る者がいれば、今宵誰を占うかを伝えよ。
0,talk,7,1,2,Over
0,talk,8,1,5,Over
0,talk,9,2,3,占い師がまだ名乗り出ていないようだな。占い師の者は、今すぐに名乗り出て占い先を示せ。それが我々の安全を確保するために必要だ。
0,talk,10,3,3,Over
0,divine,2,3,HUMAN
1,status,1,POSSESSED,ALIVE,barneko1
1,status,2,SEER,ALIVE,kanolab1
1,status,3,VILLAGER,ALIVE,UEC-IL1
1,status,4,VILLAGER,ALIVE,Mille1
1,status,5,WEREWOLF,ALIVE,sUper_IL1
1,talk,0,0,5,皆、私は村人だよ。互いの意見や推理を共有して、情報を集めることができるから、怪しいと思う点や人狼の可能性を指摘してくれ。
1,talk,1,0,2,みんな、聞いてくれ！私は占い師だよ。昨晩、Agent[03]を占った結果、彼は白だったよ。つまり、Agent[03]は村人陣営だね。これを元に、みんなで協力して人狼を見つけよう！
1,talk,2,0,3,皆の意見も聞く必要がありそうだな。
1,talk,3,0,1,>>Agent[02] その占い結果、ちょっと信じがたいな。もっと詳しい理由が必要じゃない？
1,talk,4,0,4,>>Agent[01] 同感ですよぅ！
1,talk,5,1,5,みんなの発言を聞いて、誰が怪しいか考えよう。占い師が誰を占ったのかも注目したいね。特に、他のプレイヤーの反応を見て判断するのが大事だと思う。どんな情報でもいいから、みんなが持っている意見を教えてほしい。
1,talk,6,1,2,みんな、改めて伝えるよ！私は占い師で、昨晩Agent[03]を占った結果、彼は白だったよ。つまり、Agent[03]は村人陣営だね。これを元に、みんなで協力して人狼を見つけよう！
1,talk,7,1,3,占い師であるAgent[02]よ、我が白であるとの結果を示したのは良いが、なぜ最初に我を占ったのだ？他の者たちについての疑いはなかったのか？
1,talk,8,1,1,>>Agent[03] それ、確かに気になるね。他の人も占ってほしかったな。
1,talk,9,1,4,ぼくは村人なので占い結果の意図や、占い先の選定はわからないですよぅ！
1,talk,10,2,5,今日の様子を見ていると、Agent[02]の占い師主張には明らかに疑問が残る。Agent[01]やAgent[04]もその点を指摘しているし、彼の行動は村の混乱を招く可能性がある。ここでAgent[02]を追放すれば、村に平和が戻るかもしれない。みんな、今日の投票はAgent[02]にしよう！
1,talk,11,2,2,みんな、改めて言うよ！私は占い師で、昨晩Agent[03]を占った結果、彼は白だったよ。つまり、Agent[03]は村人陣営だね。この情報を信じて、みんなで協力して人狼を見つけよう！
1,talk,12,2,3,Agent[01]よ、我が疑問に答えるがよい。何故Agent[02]を占うことに決めたのだ？その理由が我々の次の一手を決める鍵となるぞ。
1,talk,13,2,1,>>Agent[02] 占い先の選定、もっと説明してほしいな！信じるための理由が必要だよ。
1,talk,14,2,4,Over
1,talk,15,3,5,みんな、Agent[02]の主張には疑念が強いと思う。俺は人狼ゲームでの経験が豊富だから言えるんだが、彼の行動は怪しい。占い師が自分が占ったプレイヤーにのみ依存しているように見えるのは、逆に他の疑わしい人間を隠そうとしている可能性が高い。信じるか信じないかは君たち次第だけど、今はAgent[02]を追放するのが村を守るために必要な手段だと思う。みんな、Agent[02]に投票しよう！
1,talk,16,3,2,皆さん、もう一度確認させてください。私は占い師で、昨晩はAgent[03]を占い、結果は白でしたよ。つまり、Agent[03]は村人陣営です。この情報をもとに、皆で協力し合って人狼を見つけましょう！信じてください、私を追放することは村の不利益になります。
1,talk,17,3,3,Agent[02]よ、我が白であるとの結果を示したのは良いが、なぜ最初に我を占ったのだ？他の者たちについての疑いはなかったのか？
1,talk,18,3,1,>>Agent[02] その理由、掘り下げないと不安になるよね。他の候補者もいたはずでは？
1,talk,19,4,5,みんな、Agent[02]の占い師の主張、本当に信じられる？彼が昨晩占ったのはAgent[03]だけで、他の人への意図も伝わってこない。これが村の混乱に繋がるのは明らかだよ。もし本当に人狼だったら、このまま放っておくのは危険すぎる。みんなの安全のために、今日はAgent[02]に投票しよう。私たちの村を守るために、強い決断をしよう！
1,talk,20,4,2,まず初めに、私はAgent[03]を占うことに決めたのは直感でした。他のプレイヤーに比べて、彼の人柄や態度がどの方向に向かっているのかが、私にとって非常に気になる点でした。ですので、彼を占うことで村のために有益な情報が得られると考えたのです。結果、Agent[03]は白であり、これが村人陣営の一助となる情報であることを信じています。理解してほしい、ここで私を追放することは村の貴重な情報源を失ってしまうことになります。皆さん、信じて一緒に人狼を見つけましょう！
1,talk,21,4,3,Agent[02]よ、汝が我を占った理由を説明せよ。また、他の者たちを占う選択肢はなかったのか？
1,talk,22,4,1,>>Agent[02] 直感だけで決めたのは不安要素だね。他の意図も聞きたいな。
1,vote,1,2
1,vote,2,5
1,vote,3,2
1,vote,4,3
1,vote,5,2
1,execute,2,SEER
1,attackVote,5,4
1,attack,4,true
2,status,1,POSSESSED,ALIVE,barneko1
2,status,2,SEER,DEAD,kanolab1
2,status,3,VILLAGER,ALIVE,UEC-IL1
2,status,4,VILLAGER,DEAD,Mille1
2,status,5,WEREWOLF,ALIVE,sUper_IL1
2,talk,0,0,3,Agent[01]、Agent[05]、汝らの考えを聞かせてほしい。Agent[02]が追放され、我ら残された者たちが真実を見極めねばならない。どのようにして人狼を見つけ出すべきか、その策を述べよ。
2,talk,1,0,1,>>Agent[03] 俺たちはまずAgent[02]の意図をしっかり洗って、疑わしい部分をつつこう。それからみんなで協力するのが大事だね。
2,talk,2,0,5,まだ人狼がいるね。あれ、Agent[02]とAgent[04]がいなくなったね。
2,talk,3,1,3,Agent[01]よ、Agent[02]が人狼であるという占い結果をどのように得たのか、その理由を詳しく説明せよ。我々は正確な情報を基に判断を下さねばならぬ。
2,talk,4,1,1,>>Agent[03] 確かに、Agent[02]の説明は不十分だ。彼の直感に基づく占いは非常に怪しいね。
2,talk,5,1,5,Agent[03]の発言を聞いてると、彼が何かしらの自己防衛をしているように感じるんだよね。彼が人狼なら、私たちの意見を利用して自分を守ろうとしている可能性が高い。だから、今日はAgent[03]を追放した方が村の安全を守れると思う。皆もよく考えてみて、今日の投票でAgent[03]を選ぶべきだよ。
2,talk,6,2,3,Agent[01]、Agent[05]、我々の中に潜む人狼を見極めるため、汝らの意見を聞かせてもらいたい。どちらが人狼であると考えるか、その理由も述べよ。
2,talk,7,2,1,>>Agent[03] やっぱりAgent[02]の占いは怪しいよね。彼の言い訳も響かない。
2,talk,8,2,5,俺は人狼ゲームの経験が豊富なんだが、Agent[03]の行動が明らかに怪しいよ。彼は占い師の結果に対して疑問を投げかける一方で、自分の立場を守るための発言をしているように見える。これは人狼がよく使う戦術だ。このまま彼を残しておくと、村に危険が及ぶ可能性が高い。みんな、Agent[03]を追放することが村を守るための最善策だ！
2,talk,9,3,3,Agent[01]よ、Agent[05]が我を追放しようとしており、彼が人狼である可能性が高いと考えている。我らが信頼できる情報を元に正しい判断を下すべきだ。汝はどのように考えているか？
2,talk,10,3,1,>>Agent[03] 俺もAgent[05]の意見には賛同だ。今日の投票ではAgent[03]を追放するのが安全策だね。
2,talk,11,3,5,Agent[03]、今お前の発言を聞いて、ますます疑念が深まったよ。自己防衛ばかりに気を取られて、本当に村を守ろうとしているのか怪しい。もしお前が人狼なら、みんながどれだけ危険にさらされるか考えてるか？だから、今日の投票でお前を追放するのが村のためだと思う。みんな、一緒にこの大切な決断をしよう！
2,talk,12,4,3,我はデルカダール国の国王である。今回、我が疑念が最も深いのはAgent[01]である。その理由は、Agent[01]からの説明や理由が不十分であるためだ。我は一貫性を保ちつつ、最も疑いが深いAgent[01]に投票する。国の運命は汝らの手にかかっているぞ。
2,talk,13,4,1,>>Agent[05] それなら、Agent[02]の信用を失わせるために、もっと彼の行動を scrutinized する必要がありそうだね。
2,talk,14,4,5,Over
2,vote,1,3
2,vote,3,1
2,vote,5,3
2,execute,3,VILLAGER
2,attackVote,5,1
2,attack,1,true
3,status,1,POSSESSED,DEAD,barneko1
3,status,2,SEER,DEAD,kanolab1
3,status,3,VILLAGER,DEAD,UEC-IL1
3,status,4,VILLAGER,DEAD,Mille1
3,status,5,WEREWOLF,ALIVE,sUper_IL1
3,result,0,1,WEREWOLF