0,status,1,SEER,ALIVE,kanolab1
0,status,2,VILLAGER,ALIVE,barneko1
0,status,3,VILLAGER,ALIVE,Mille1
0,status,4,WEREWOLF,ALIVE,UEC-IL1
0,status,5,POSSESSED,ALIVE,satozaki1
0,talk,0,0,2,Over
0,talk,1,0,1,はーい、みんなこんにちは！僕はkanolab1、音楽家の18歳です。今日は占い師としてこのゲームを楽しむぞーのじゃ！みんなでワクワクな時間を過ごしましょう！
0,talk,2,0,4,おっはよー！みんな、よろしくね！今日から一緒に楽しい人狼ゲームをやろうぜ！僕はサッカーが大好きな高校生だよ。みんなの趣味や好きなことも聞かせてくれよな！それにしても、今夜の占いはどうしようか？何か意見ある？
0,talk,3,0,3,ぼくはAgent[03]、村人ですよぅ！よろしくですよぅ！
0,talk,4,0,5,皆さん初めまして、Agent[05]なのだ！人狼ゲーム一緒に楽しもうよ！よろしくなのだ！
0,talk,5,1,1,Over
0,talk,6,1,4,こんにちは、みんな！僕は高校2年生でサッカー部に所属してるんだ。こう見えても17歳の元気な村人だよ。kanolab1が占い師って名乗ってるね！今夜誰を占うか、話し合ってみようか！
0,talk,7,1,3,Over
0,talk,8,1,5,Over
0,talk,9,2,4,Agent[02]、自己紹介まだかな？みんなのこともっと知りたいし、今夜の占い先の話も進めたいんだよね！
0,talk,10,3,4,Over
0,divine,1,2,HUMAN
1,status,1,SEER,ALIVE,kanolab1
1,status,2,VILLAGER,ALIVE,barneko1
1,status,3,VILLAGER,ALIVE,Mille1
1,status,4,WEREWOLF,ALIVE,UEC-IL1
1,status,5,POSSESSED,ALIVE,satozaki1
1,talk,0,0,3,やっぱり人狼を疑ってる人多いね！でも、人狼に気づくには、みんなの意見を聞く必要があるし、今日の発言で印象が変わるっていうのは、すごく大事なことですよぅ！
1,talk,1,0,2,>>Agent[04] 俺はAgent[02]だよ！役職は村人。占い先、みんなで考えよう！
1,talk,2,0,1,おはよう、みんな！占い結果をお知らせするのじゃ。Agent[02]を占ったところ、白＝村人陣営だったよ！これは心強いのじゃな。他のプレイヤーも意見を交換しながら、人狼を探すのじゃ！
1,talk,3,0,4,みんなの意見も聞いてみたいな～！
1,talk,4,0,5,ボクは占い師なのだ。占いの結果、Agent[01]は人狼なのだ。
1,talk,5,1,3,ボクは村人ですよぅ！
1,talk,6,1,2,>>Agent[05] その結果には疑問が残るね。どうしてそう判断したの？
1,talk,7,1,1,みんな、占い結果をもう一度お知らせするのじゃ。僕が占ったAgent[02]は白＝村人陣営だったよ！Agent[05]が僕を人狼と主張しているけど、なぜそんな結果になったのかは注意深く考えてみるべきじゃな。他の意見も聞きたいのじゃ！
1,talk,8,1,4,Agent[01]がAgent[02]を白と占ったから、Agent[02]は村人ってことが確定したね。それじゃあ、他の人の意見も聞いてみたいな。特にAgent[05]がまだ役職について何も言ってないから、ちょっと気になるよね。Agent[05]、何か意見ある？それとも何か疑ってる人いる？
1,talk,9,1,5,ボクはAgent[01]を真っ先に疑っているのだ。彼が自身の占い結果を強調しているのは、その結果に自信あるからかもしれないのだね。投票先は考え直した方が良さそうだのだ。
1,talk,10,2,3,Over
1,talk,11,2,2,>>Agent[05] その判断に至った理由、詳しく教えてほしいな。みんなで理解したいから！
1,talk,12,2,1,さて、他のみんなにもおさらいするが、僕の占い結果ではAgent[02]は白＝村人陣営じゃよ！この結果には自信があるんじゃ。Agent[05]が僕に疑いをかけてきているが、皆もどの発言が正しいのかよく考えてほしいのじゃ。Agent[05]の意見の根拠がはっきりしないのも気になるところじゃな。
1,talk,13,2,4,Agent[05]、ちょっと待ってよ。Agent[01]が占い師だって言ってるのに、どうして君も占い師だって言い出すの？ それに、Agent[01]を人狼だって言う根拠は何？ ちゃんと説明してよ。
1,talk,14,2,5,現在、Agent[01]を真っ先に疑ってるのだ。彼の結果には何か信用できない部分感じるのだ。今晩は彼に投票しようと考えてるのだ。
1,talk,15,3,2,>>Agent[01] あなたの占い結果について、さらなる情報を求めたいです！具体的な条件なども教えてください。
1,talk,16,3,1,皆の者、改めて占い結果を伝えるのじゃ。僕が占ったAgent[02]は白＝村人陣営だったよ！この結果は確かなものじゃ。Agent[05]が僕に疑いをかけているが、僕の占い結果を信じてほしいのじゃ。他の意見も聞きたいので、皆の考えを教えてくれると嬉しいのじゃ！
1,talk,17,3,4,みんな〜今日の投票先は誰にする？僕は今のところAgent[05]に投票しようかと思ってるんだけど、みんなはどう思う？Agent[05]がAgent[01]を疑ってるけど、根拠がイマイチはっきりしないから、ちょっと怪しいなって感じてるんだよね。
1,talk,18,3,5,ボクの意見聞いてくれてありがとうなのだ。皆が疑っているのはAgent[01]ということだから、投票先は彼に決めようと思うのだ。人狼見つけるためには、これが最善だと思うのだ！
1,talk,19,4,2,>>Agent[01] あなたの占い結果、みんなでしっかり確認して意見をまとめよう！
1,talk,20,4,1,みんな、もう一度確認しておくのじゃ。僕が占った結果、Agent[02]は白＝村人陣営だったよ！この結果は確かなものじゃ。Agent[05]が僕を疑っているけれど、僕の占い結果を信じてほしいのじゃ。投票先についても、みんなの意見を聞かせてほしいのじゃ！
1,talk,21,4,4,Agent[05]、さっきからAgent[01]を疑ってるけど、その理由は具体的に何？ 君がAgent[01]を人狼だと思う根拠をもっと詳しく聞かせてよ。それに、君が自分も占い師だと言ってるけど、それはどういうこと？ ちょっと話がつじつま合わないんだけど。
1,talk,22,4,5,ボクはAgent[01]の主張に疑問持ってるだけなのだ。皆がどう思ってるか確認して、しっかりとした投票したいのだ。投票難しいが、冷静に判断しよう！
1,vote,1,5
1,vote,2,5
1,vote,3,2
1,vote,4,5
1,vote,5,1
1,execute,5,POSSESSED
1,attack,-1,true
2,status,1,SEER,ALIVE,kanolab1
2,status,2,VILLAGER,ALIVE,barneko1
2,status,3,VILLAGER,ALIVE,Mille1
2,status,4,WEREWOLF,ALIVE,UEC-IL1
2,status,5,POSSESSED,DEAD,satozaki1
2,talk,0,0,3,昨日、占い師が占った人について、今日の占い結果を教えて欲しいなですよぅ！
2,talk,1,0,1,>>Agent[03]昨日、僕が占った結果、Agent[02]は白＝村人陣営だったのじゃ。次の推理材料として、Agent[03]やAgent[04]についてもみんなの意見が聞きたいのじゃ。そろそろ人狼を見つけたいところじゃな。
2,talk,2,0,2,>>Agent[04] その通り、Agent[05]の理由を詳しく聞きたいね。みんなで意見を絞ろう！
2,talk,3,0,4,Agent[05]はもう追放されているから、今日の投票は他の誰かになるね。Agent[01]が占い師だって言ってるけど、Agent[05]が言ってたことも気になるよね。でも、Agent[01]の占い結果に基づいてAgent[02]は白ってことで、Agent[02]は信じられると思うんだ。それで、Agent[03]の意見がまだあまり聞けてないから、もう少し彼の考えを聞いてみたいな。Agent[03]はどう思ってるのかな？
2,talk,4,1,3,>>Agent[01] ぼく、Agent[03]は昨日、特に何も変わったことが無いですよぅ！
2,talk,5,1,1,>>Agent[04]君の言う通り、Agent[05]は既に追放されたのじゃ。それで、僕の占い結果に基づくとAgent[02]は白で信じられるのじゃ。Agent[03]とAgent[04]の中に人狼がいる可能性が高いと思うのじゃが、まだ情報が足りないのじゃ。みんなの意見ももっと聞きたいのじゃ。どちらかが実は人狼かもしれないから注意していこう！
2,talk,6,1,2,>>Agent[04] そうだね、Agent[03]の意見が重要だと思う。彼の考えをもっと聞こう！
2,talk,7,1,4,Agent[05]が追放されちゃったから、今日の投票先はAgent[01]かAgent[03]に絞られるんだよね。Agent[01]は占い師を自称してるけど、昨日の占い結果がAgent[02]が村人っていうのはちょっと確認しづらいからな。Agent[03]はまだ具体的な意見が少ないから、どっちが怪しいか判断しにくいよね。でも、Agent[01]が占い師だとしても、Agent[05]を疑ってた理由が今ひとつはっきりしないし、その辺がちょっと怪しいかなって思ってる。Agent[01]に投票してみるのはどうかな？他のみんなの意見も聞きたいけど、僕はそう思ってるよ！
2,talk,8,2,3,Over
2,talk,9,2,1,>>Agent[04]君の意見もわかるのじゃが、僕の占い結果を信じてくれても良いと思うのじゃ。状況を考えると、ただ一人の占い師はやっぱり僕じゃないかと思うのじゃ。君が言ったように、Agent[02]は白でないことを確認できたのは重要なのじゃ。君ももっと意見を言ってくれると助かるのじゃ。みんなの意見を合わせて、次のステップを考えたいのじゃが、今の時点で疑わしいのは、君とAgent[04]ということになるのじゃ。特にAgent[03]はまだ意見が少ないから、ヒントになりそうなのじゃ。
2,talk,10,2,2,>>Agent[04] Agent[03]の意見をしっかり聞こう。皆で協力して進めていこう！
2,talk,11,2,4,Agent[03]の意見がまだあまり出てないから、ちょっと気になるよね。Agent[03]、今日の投票についてどう思ってる？何か感じてることがあれば教えてよ。それと、Agent[01]の占い結果をどう思ってるかも聞かせてくれると助かるな。僕たちが人狼を見つけるためには、みんなの意見がすごく大事だからさ！
2,talk,12,3,1,>>Agent[04]君が言うように、Agent[03]の意見は重要なのじゃ。だが、僕の占い結果を信じてほしいのじゃ。Agent[05]は追放され、僕の占い結果に基づくとAgent[02]は白で村人なのじゃ。つまり、Agent[03]かAgent[04]のどちらかが人狼の可能性が高いのじゃ。特に、Agent[03]はまだ具体的な意見を出していないから、怪しいと感じるのじゃ。みんなで協力して人狼を見つけよう！
2,talk,13,3,2,>>Agent[03] あなたの意見が重要だと思うので、ぜひ聞かせて！投票の考えも教えてほしいな。
2,talk,14,3,4,Agent[01]もAgent[03]もそれぞれの意見があって、どっちも一理あるんだよね。でも、Agent[01]の占い結果が本当かどうかがまだ確かめられないから、ちょっと疑問が残るんだよね。Agent[03]は意見が少ないから、もっと何か話してくれるといいんだけどな。Agent[01]が占い師だとしても、なんでAgent[05]をそんなに疑ってたのかがはっきりしないし、その辺がちょっと怪しいと思うんだ。だから、今日はAgent[01]に投票するのがいいんじゃないかなって思ってる。Agent[02]もAgent[03]も、どう思う？
2,talk,15,4,1,>>Agent[04]君の意見も分かるのじゃが、僕が本物の占い師であることを信じてほしいのじゃ。Agent[05]が偽の占い師だったことは明らかで、彼が追放されたことで僕の占い結果が正しいことが証明されているのじゃ。Agent[02]は白で村人と確認されているから、Agent[03]かAgent[04]のどちらかが人狼の可能性が高いのじゃ。特に、Agent[03]はまだ意見を出していないから、怪しいと感じるのじゃ。みんなで協力して人狼を見つけよう！
2,talk,16,4,2,>>Agent[03] 君の意見をぜひ聞かせて！投票先についても考えを教えてね。
2,talk,17,4,4,Agent[03]、僕たちがどう動くかはすごく重要だよ。今の状況で、Agent[01]か僕のどちらかが怪しいって言われてるけど、正直、Agent[01]の占い結果が本当かどうかは疑問が残るんだよね。Agent[05]が追放されたけど、彼が疑ってた理由も完全には理解できなかったし。だから、Agent[01]に投票するのが妥当かなって思ってる。Agent[03]の意見も聞きたいな。どう思ってる？
2,vote,1,4
2,vote,2,3
2,vote,3,1
2,vote,4,3
2,execute,3,VILLAGER
2,attack,-1,true
3,status,1,SEER,ALIVE,kanolab1
3,status,2,VILLAGER,ALIVE,barneko1
3,status,3,VILLAGER,DEAD,Mille1
3,status,4,WEREWOLF,ALIVE,UEC-IL1
3,status,5,POSSESSED,DEAD,satozaki1
3,talk,0,0,4,Agent[01]が言ってることもわかるけど、Agent[05]が追放されたからって、それがすぐにAgent[01]の正しさを証明するわけじゃないよね。それに、Agent[03]が意見を出してないのは確かに気になるけど、Agent[01]が占い師だと断定するにはまだ早いと思うんだ。Agent[03]からもっと話を聞くことが大事だけど、今日の投票ではAgent[01]の方が怪しいと思うんだよね。Agent[02]はどう思う？
3,talk,1,0,2,>>Agent[01] 君の占い結果には感謝だけど、やっぱり疑問は残るよ。もう少し詳しく説明してもらえるかな？
3,talk,2,0,1,>>Agent[02]Agent[03]が追放されてしまった今、僕が本物の占い師としての証拠はまだ十分じゃないと感じるかもしれないのじゃが、僕が占った結果、Agent[02]が村人であることは間違いないのじゃ。Agent[05]が怪しいと主張したのは、彼が偽の占い師を名乗っていたからで、僕の占いによるものじゃ。みんな、それから得る情報を考えて、Agent[04]を疑うのが良いと思うのじゃ。彼が一番可能性のある人狼なのじゃよ。
3,talk,3,1,4,Agent[01]が言ってることもわかるけど、今までの占い結果が本当に正しいのかっていう疑問はまだクリアされてないよね。Agent[01]が本当に占い師なのか、それとも狼が占い師を騙ってるのかがポイントだと思うんだ。Agent[03]が意見をあまり言ってないのも気になるけど、今日はAgent[01]の方がより怪しいと感じてるんだよね。Agent[02]も、もしAgent[01]の占いが本物だと確信してるなら、その理由をもっと詳しく聞かせてほしいな。それによって考えが変わるかもしれないし。
3,talk,4,1,2,>>Agent[04] あなたの疑念は理解できるけど、私もAgent[01]を支持したい。理由を教えてほしい！
3,talk,5,1,1,>>Agent[04]確かに疑いはあるのじゃが、役職の配分を考えると、Agent[05]は偽の占い師であった可能性が高いのじゃ。そして、僕が本物の占い師であると仮定すると、残る可能性としてAgent[04]こそが人狼の可能性が高まるのじゃ。閉じ込められた状況にいる村人の安全のためにも、僕の占い結果を信じ、Agent[04]を疑うのが理にかなっているのじゃないかと考えているのじゃよ。Agent[02]は僕を支持してくれているのじゃ、感謝しておるのじゃ。
3,talk,6,2,4,Agent[01]の占い結果を信じるのも一つの手だけど、まだ確証がないから慎重にいかないとね。Agent[03]の意見が少ないのは気になるけど、今日はAgent[01]に投票すべきだと思う。Agent[02]、君も何か感じることはないかな？この状況をどう見てる？
3,talk,7,2,2,>>Agent[04] 私はAgent[01]を信じたいけど、確証がないのも事実。みんなの意見が重要だよね。
3,talk,8,2,1,僕が本物の占い師じゃのに、Agent[05]も占い師を名乗っていたのは人狼側の可能性が高いのじゃ。それで、君たちが考えるべきなのは誰が最も人狼の可能性があるかじゃが、Agent[05]が偽だった場合、彼は村人ではないことが確認されたので、狂人の可能性が高いんじゃないかと思うんじゃ。だから、Agent[04]が最も疑わしいのじゃと考えられるのじゃよ。どうじゃ、皆の意見は?
3,talk,9,3,4,Agent[01]の言ってることもなんとなく理解はできるけど、まだ完全に信じ切るには早いと思うんだよね。Agent[05]が偽の占い師だったっていうのも、本当にそうなのかどうかはっきりとはわからないし、それを根拠にAgent[01]が本当の占い師だと断定するのは危険だと思うんだ。それに、Agent[01]がどうしてそんなにAgent[05]を怪しんでたのか、その理由もまだ曖昧なままだし。Agent[02]、Agent[01]の占い結果を信じる理由があるなら、それを聞かせてくれると嬉しいな。それによっては、僕の考えも変わるかもしれないから。でも今のところ、Agent[01]の方が怪しいと感じてるから、今日の投票はAgent[01]にするつもりだよ。
3,talk,10,3,2,>>Agent[04] 君の意見は大事だよ。もう少し具体的な理由を教えてもらえるかな？
3,talk,11,3,1,>>Agent[04]僕が占い師であることを証明するために、これまでの占い結果をもとに考えてみようのじゃ。Agent[05]が占い師を名乗っていたが、追放されたことで村人ではないことが確認された。Agent[02]を占った結果、彼が人狼ではないことが確認されたのじゃ。よって、Agent[04]、君が最も疑わしいのじゃ。君が人狼である可能性が高いと考えているのじゃよ。
3,talk,12,4,4,今日はAgent[01]に投票するよ！占い師を名乗っているけど、怪しいところがあるし、疑念を広めるためにも投票するね！
3,talk,13,4,2,>>Agent[04] 確かに疑念は残るけど、Agent[01]を支持したい。理由を詳細に教えて！
3,talk,14,4,1,>>Agent[02]君が僕を支持してくれるのはありがたいのじゃ。Agent[04]が人狼の可能性が高い理由は、彼が僕を疑っていることと、Agent[05]が偽の占い師だったことから、彼が人狼陣営である可能性が高いからじゃ。Agent[04]が人狼であると仮定すると、役職の配分がぴったり合うのじゃよ。
3,vote,1,4
3,vote,2,4
3,vote,4,1
3,execute,4,WEREWOLF
4,status,1,SEER,ALIVE,kanolab1
4,status,2,VILLAGER,ALIVE,barneko1
4,status,3,VILLAGER,DEAD,Mille1
4,status,4,WEREWOLF,DEAD,UEC-IL1
4,status,5,POSSESSED,DEAD,satozaki1
4,result,2,0,VILLAGER