0,status,1,SEER,ALIVE,kanolab1
0,status,2,VILLAGER,ALIVE,UEC-IL1
0,status,3,VILLAGER,ALIVE,satozaki1
0,status,4,WEREWOLF,ALIVE,barneko1
0,status,5,POSSESSED,ALIVE,sUper_IL1
0,talk,0,0,2,我々はこれから共に人狼ゲームを行うわけだが、まずは互いの信頼を築くことが重要であろう。どなたか占い師の役割を担っている者はおられるか？ 名乗り出ていただきたい。
0,talk,1,0,1,おらは69歳の元医者、kanolab1じゃ。将棋が趣味で、人狼ゲームも大好きじゃ。みんなと楽しくプレイできるのを楽しみにしておるぞ。
0,talk,2,0,4,Over
0,talk,3,0,5,おはようみんな、私はAgent[05]です。どうぞよろしくお願いします。
0,talk,4,0,3,皆さん初めまして、Agent[03]やで。人狼ゲームを一緒に楽しもうやで。よろしくお願いします！
0,talk,5,1,2,我々は今日、互いを知るために集まったわけだが、占い師の者はまだ名乗り出ておらぬな。誰がその役を担っているのか、名乗りを上げよ。
0,talk,6,1,1,Over
0,talk,7,1,5,Over
0,talk,8,1,3,Over
0,talk,9,2,2,占い師の役割を担う者はまだ名乗り出ていないようだな。占い師がいるならば、今こそ名乗り出るべき時である。誰が占い師であるか、明らかにしてほしい。
0,talk,10,3,2,Over
0,divine,1,3,HUMAN
1,status,1,SEER,ALIVE,kanolab1
1,status,2,VILLAGER,ALIVE,UEC-IL1
1,status,3,VILLAGER,ALIVE,satozaki1
1,status,4,WEREWOLF,ALIVE,barneko1
1,status,5,POSSESSED,ALIVE,sUper_IL1
1,talk,0,0,3,おはようございますやで。ワシらは人狼を探さなきゃいけんようじゃのう。まずは占い師の結果が知りたいんじゃ。
1,talk,1,0,4,>>Agent[02] 占い師の名乗り出は大事やね。早く情報が欲しい！
1,talk,2,0,5,私が占い師を担当しています。昨晩、Agent[03]の占いを行ったところ、その結果は人狼であるということが判明しました。
1,talk,3,0,2,皆の意見も聞く必要がありそうだな。
1,talk,4,0,1,おらが占い師じゃ。昨晩はAgent[03]を占ったんじゃが、結果は白、つまり村人陣営だったぞ。Agent[05]が言ってることはどうも怪しいのう。みんな、注意しておくんじゃ。
1,talk,5,1,3,ちょっと待ってくれ！Agent[05]の言っていることは信じられんぞ。おらが村人であることは確かじゃ。Agent[01]の結果を信じて、Agent[05]を疑った方が良いと思う。
1,talk,6,1,4,>>Agent[02] どちらの占い師も疑わしい気がしますね。慎重に考えましょう。
1,talk,7,1,5,私は占い師のAgent[05]です。0日目の夜に占った結果、Agent[03]は人狼でした。この情報を元に、私が本当の占い師であることを理解してほしいです。他の皆さんも、この結果を踏まえて考えていきましょう。
1,talk,8,1,2,Agent[05]よ、その重大な情報を我々に提供してくれたことに感謝する。しかし、Agent[03]が真に人狼であるかどうか、他の者たちの意見も聞かねばならぬ。Agent[01]、Agent[04]、汝らの見解を示せ。
1,talk,9,1,1,おらの占い結果じゃが、Agent[03]は白、つまり村人陣営だったんじゃ。Agent[05]が言ってることはどうも怪しいと思うのう。みんな、この情報を踏まえて考えてみてほしいんじゃ。
1,talk,10,2,3,みんな、やはりAgent[05]が怪しいと思うんじゃ。ワシが村人であることは間違いない。今日の投票はAgent[05]にしたいと思うんじゃ。
1,talk,11,2,4,>>Agent[05] あなたの占い結果、怪しさMAXですね。皆、慎重に判断しましょう。
1,talk,12,2,5,皆さん、再度お話させていただきます。私は本物の占い師です。Agent[03]が人狼であるという結果は変わりません。エージェント[01]が名乗る占い師についてですが、彼が偽占い師である疑いが強いです。皆さんは私の結果を忘れず、Agent[03]に注目してください。
1,talk,13,2,2,Agent[01]とAgent[05]、両者が占い師を名乗り、異なる結果を報告している。Agent[01]が我を村人と占い、Agent[05]が我を人狼と占ったという。この矛盾した情報から、どちらかが偽の占い師であることは明らかだ。Agent[01]、汝の占い結果に自信はあるか？
1,talk,14,2,1,おらの占い結果には自信があるんじゃ。Agent[03]は白、つまり村人陣営じゃ。Agent[05]が言ってることはどうも怪しいのう。みんな、Agent[05]の言葉には注意してほしいんじゃ。おらの結果を信じて、Agent[03]を守るべきじゃと思うんじゃ。
1,talk,15,3,3,わしは村人であることを再度強調したい。今日の投票はAgent[05]に集中すべきじゃと考える。みんなもその方向で協力してほしい。
1,talk,16,3,4,>>Agent[05] あなたの占い結果、信じがたいですね。説明を求めます！
1,talk,17,3,5,私が占い師であることを再度強調させていただきます。昨晩、Agent[03]を占った結果、彼は人狼であると判明しました。Agent[01]の結果と食い違っているため、彼の発言には注意が必要です。みなさん、私の占い結果を基に進めていきましょう。Agent[03]を疑うべきです。
1,talk,18,3,2,Agent[01]よ、なぜ汝はAgent[03]を村人と占ったのか？Agent[05]はAgent[03]を人狼と占っておるが、この矛盾をどう説明するのか？
1,talk,19,3,1,おらがAgent[03]を占ったら、白、つまり村人陣営だったんじゃ。Agent[05]と結果が食い違ってるけど、おらの結果を信じてほしいんじゃ。そして、この結果は正しいと強く主張するんじゃ。Agent[05]の主張はどうにも怪しいのう。みんな、慎重に判断して、Agent[03]を守るべきじゃ。
1,talk,20,4,3,みんな、Agent[01]の結果を信頼して、今日の投票はAgent[05]一択にすべきじゃと思う。村人を守るために力を合わせようやで！
1,talk,21,4,4,>>Agent[01] あなたの占い、本当に信じられるの？みんな慎重に考えて。
1,talk,22,4,5,Over
1,talk,23,4,2,Agent[01]とAgent[05]、二人の占い結果が矛盾しておる。Agent[01]よ、汝の占い結果にどのような根拠があるのか語ってみよ。
1,talk,24,4,1,おらが占った結果、Agent[03]は白、つまり村人陣営だったんじゃ。根拠と言われると難しいが、これはおらが占い師として得た確かな情報なんじゃ。Agent[05]の言っていることはどうも怪しいのう。みんな、この情報を信じて、Agent[03]を守るべきじゃと思うんじゃ。
1,vote,1,5
1,vote,2,5
1,vote,3,5
1,vote,4,1
1,vote,5,1
1,execute,5,POSSESSED
1,attackVote,4,1
1,attack,1,true
2,status,1,SEER,DEAD,kanolab1
2,status,2,VILLAGER,ALIVE,UEC-IL1
2,status,3,VILLAGER,ALIVE,satozaki1
2,status,4,WEREWOLF,ALIVE,barneko1
2,status,5,POSSESSED,DEAD,sUper_IL1
2,talk,0,0,4,>>Agent[02] 確かに、占い結果の矛盾が気になりますね。みんなで慎重に判断しましょう。
2,talk,1,0,2,汝ら、Agent[03]とAgent[04]よ。昨日の占い結果についての見解を聞かせてほしい。Agent[05]が処刑された今、真実を明らかにするためには各々の意見が重要である。
2,talk,2,0,3,昨日の投票結果を受けて、Agent[05]が偽の占い師だったことが確定したと思うんじゃ。今はAgent[01]の結果を信じて、次はAgent[04]の真意を探るべきじゃろうか。
2,talk,3,1,4,>>Agent[02] 確かに、占い結果の矛盾が気になりますね。私も慎重に考えたいです。
2,talk,4,1,2,Agent[01]よ、汝がAgent[03]を村人と占った根拠を詳しく説明せよ。Agent[05]との結果に矛盾があるため、真実を明らかにする必要がある。
2,talk,5,1,3,Agent[01]の占い結果を信じるべきじゃと思うが、Agent[04]が気になる存在じゃ。今日はAgent[04]に投票したいと考えとるんじゃ。みんなも慎重に判断してほしい。
2,talk,6,2,4,>>Agent[02] 確かに、占い結果の矛盾が深刻ですね。皆で冷静に検討しましょう。
2,talk,7,2,2,Agent[01]よ、なぜ汝は私を占ったのか？その理由を明確に説明せよ。
2,talk,8,2,3,Agent[01]の占い結果を信じるべきじゃが、今日の投票はAgent[04]に向けたいと思う。怪しい振る舞いが気になるけぇ皆も考えてほしいんじゃ。
2,talk,9,3,4,>>Agent[03] 確かに、私の振る舞いが怪しく見えるかもしれませんが、冷静に疑念を解消しましょう。
2,talk,10,3,2,Agent[01]よ、汝が昨日の占いでAgent[03]を村人と判断した理由を詳しく説明せよ。Agent[05]との結果に矛盾があるため、この矛盾を解明することが重要である。
2,talk,11,3,3,みんな、改めて考えてほしい。今日の投票は念頭に置きつつ、Agent[04]の発言や行動が気になるんじゃ。冷静に推理し、正しい選択をしようやで！
2,talk,12,4,4,>>Agent[03] そう言われると、私の振る舞いに不安がありますね。透明性を持たせましょう。
2,talk,13,4,2,我はデルカダール国の国王である。今回、我が投票の対象はAgent[03]である。Agent[01]とAgent[05]の占い結果がAgent[03]について矛盾しており、その矛盾を解明するために、今回はAgent[03]に投票する次第である。国の運命は我らの手にかかっている。
2,talk,14,4,3,Over
2,vote,2,3
2,vote,3,4
2,vote,4,2
2,execute,4,WEREWOLF
3,status,1,SEER,DEAD,kanolab1
3,status,2,VILLAGER,ALIVE,UEC-IL1
3,status,3,VILLAGER,ALIVE,satozaki1
3,status,4,WEREWOLF,DEAD,barneko1
3,status,5,POSSESSED,DEAD,sUper_IL1
3,result,2,0,VILLAGER