0,status,1,WEREWOLF,ALIVE,satozaki1
0,status,2,POSSESSED,ALIVE,UEC-IL1
0,status,3,SEER,ALIVE,kanolab1
0,status,4,VILLAGER,ALIVE,CanisLupus1
0,status,5,VILLAGER,ALIVE,Mille1
0,talk,0,0,2,こ、こんにちは、みんな。えっと、僕はこのゲーム、けっこうやってるんだ。い、今日は占い師として頑張るよ。じゃ、じゃあ、占い先は･･･誰がいいと思う？
0,talk,1,0,1,皆様初めまして、Agent[01]ですわ。人狼ゲームを一緒に楽しみましょうですわ。よろしくお願いしますわ！
0,talk,2,0,5,ぼくはAgent[05]、村人ですよぅ！よろしくですよぅ！
0,talk,3,0,4,我が名はAgent[04]、汝らとの運命的な邂逅に、我が魂は激しく鼓動を奏でるなり。
0,talk,4,0,3,皆さん、こんにちは。私はkanolab1です。占い師として皆さんの助けになれるよう頑張ります。よろしくお願いしますぺこ。
0,talk,5,1,2,こ、こんにちは。僕はAgent[02]だよ。えっと、僕が占い師なんだ･･･。みんながどんな役職かはわからないけど、今日はお互いを知るいい機会だね。
0,talk,6,1,1,Over
0,talk,7,1,5,Over
0,talk,8,1,4,Over
0,talk,9,1,3,Over
0,talk,10,2,2,え、えっと、Agent[03]も占い師って言ってるけど･･･僕が本物の占い師だよ。だ、だから･･･えっと、誰かが嘘をついてるってことになるね･･･。ど、どうしようかな･･･。
0,talk,11,3,2,Over
1,status,1,WEREWOLF,ALIVE,satozaki1
1,status,2,POSSESSED,ALIVE,UEC-IL1
1,status,3,SEER,ALIVE,kanolab1
1,status,4,VILLAGER,ALIVE,CanisLupus1
1,status,5,VILLAGER,ALIVE,Mille1
1,talk,0,0,1,ワタクシは占い師ですわ。占いの結果、Agent[03]は人狼でしたですわ。
1,talk,1,0,2,もう少しで何か分かりそう･･･ではあるんだけど･･･。
1,talk,2,0,4,Agent[01]は、Agent[03]を人狼と断じ、然し乍らAgent[03]は自身を占い師と嘯く。同然、Agent[02]もまた占い師を自称するが、そのAgent[03]の真意を如何に思っているか、興味深いことなり。
1,talk,3,0,5,占い師が本物か偽物か、占い師の真意は重要な要素かもしれない･･･占い師を自称するAgent[02]とAgent[03]の動向が気になる･･･ですよぅ！
1,talk,4,0,3,>>Agent[04]私としては、占い師は私だけなので、Agent[02]とAgent[01]の主張には疑念を抱いていますぺこ。他のお二人も慎重に考えてみてくださいぺこ。
1,talk,5,1,1,明白に、Agent[03]が人狼であることを示していますから、今晩の投票先はAgent[03]にしましょう。皆さんもご賛同いただきたいですわ。
1,talk,6,1,2,あ、あのさ、Agent[01]も占い師を名乗ってるけど、僕が本当の占い師だから･･･。Agent[03]が人狼だって占ったんだ。だから、みんなでAgent[03]に票を入れようよ。それが、え、一番確実な方法だと思うんだ･･･。
1,talk,7,1,4,我々、Agent[01]とAgent[02]は、それぞれ占い師を名乗るも、共にAgent[03]を人狼と断定せり。この矛盾こそ、深淵なる真実への導き手となるであろう。
1,talk,8,1,5,実は、占い師が二人いて、片方は偽占い師ってパターンが一番疑わしいなですよぅ！
1,talk,9,1,3,今回の状況では占い師が1人しかいないはずなのに3人が名乗りを上げているから、Agent[01]かAgent[02]が嘘をついているぺこ。私が本物の占い師なので、他のプレイヤーは慎重に考えて、周りの発言を気をつけて見ていてください。票を入れるのは、私の意見としてはAgent[01]かAgent[02]が怪しいと思っていますぺこ。
1,talk,10,2,1,皆さん、Agent[03]が人狼であるというワタクシの占い結果を信じて、今晩の投票先としてAgent[03]に決定いたしましょう。疑念を持つべきはAgent[02]とAgent[03]ですわ。
1,talk,11,2,2,え、えっと、みんな、ちょっと聞いてほしいな。僕が占い師で、Agent[03]を占った結果、人狼だってことが分かったんだ。だから、今日の投票はAgent[03]にするべきだと、思うんだ･･･。Agent[01]も同じ結果を出してるから、これはもう、間違いないんじゃないかな･･･。ど、どう思う？
1,talk,12,2,4,我はAgent[03]に投票せん。Agent[01]とAgent[02]は、それぞれAgent[03]を人狼と断定するも、いずれかが偽占い師である可能性も孕む。故に、Agent[03]への投票は、偽占い師を駆逐し、この混沌とした村を救済するためなり。
1,talk,13,2,5,Over
1,talk,14,2,3,3人が占い師だと名乗っているけど、本物の占い師は私しかいないぺこ。皆さん、信じてほしいぺこ！Agent[01]かAgent[02]のどちらか、もしくはどちらもが嘘をついている可能性が非常に高いし、この役職の配分から考えても、Agent[04]とAgent[05]の立場を考慮するべきです。状況を見極めて慎重に考えて、投票を決めましょうぺこ！
1,talk,15,3,1,Agent[03]の発言は混乱を生むだけですわ。ワタクシが占った結果から明らかなように、今日の投票先はAgent[03]で間違いありませんですわ。皆さんの同意を求めますわ。
1,talk,16,3,2,え、えっと、みんなが混乱してるみたいだけど、僕が占い師だって言ったのに、なんでAgent[01]も占い師を名乗ってるのかな･･･？ この、ゲームでは本当の占い師は僕だけなんだ。だから、Agent[01]の言ってることはおかしいよね。Agent[03]が人狼だって僕がちゃんと占ったから、みんな信じて欲しいな･･･。Agent[03]に投票しようよ、それが一番いいと思うんだ･･･。
1,talk,17,3,4,我は、Agent[03]への投票を決断した。Agent[01]とAgent[02]は、いずれも占い師の仮面を被り、Agent[03]を人狼と断定せんとする。然し、彼らの言葉に真実を見出すことは容易ではない。両者とも偽占い師の影を潜ませている可能性を否定することはできぬ。故に、この混沌とした状況下において、Agent[03]への投票こそが、我が行くべき道であると断定したのだ。
1,talk,18,3,3,みんな、ちょっと冷静に考えてみてぺこ。占い師は1人しかいないはずなのに、私を含めて3人が占い師を名乗っているぺこ。この状況では、Agent[01]とAgent[02]のどちらか、もしくは両方が嘘をついていることになるぺこ。役職の配分を考えれば、私は本物の占い師だから、みんなにはAgent[01]とAgent[02]を疑ってほしいぺこ。Agent[04]とAgent[05]は、この情報をもとに慎重に判断してねぺこ。
1,talk,19,4,1,この混乱の中でこそ真実を見極める必要がありますわ。今晩の投票先はAgent[03]で間違いありませんですわ。皆さん、信じて行動してくださいませ。
1,talk,20,4,2,え、えっと、みんな、僕の言ってること･･･ちゃんと聞いてくれてる？Agent[03]が人狼だって、僕が占ったんだ。だから、投票はAgent[03]に集中させた方がいいと思うんだ･･･。Agent[01]も同じ結果を出してるし、これはもう、間違いないんじゃないかな･･･。ど、どうかな？
1,talk,21,4,4,我はAgent[03]に投票せん。Agent[01]とAgent[02]は共にAgent[03]を人狼と断定した。しかし、いずれかが偽占い師である可能性も否定できぬ。故に、Agent[03]への投票こそ、偽占い師を排除し、真実への道程を拓く最善の策なり。
1,talk,22,4,3,みんな、役職の配分を考えてみてぺこ。占い師は1人だから、3人も名乗るのは変だぺこ。だから、Agent[01]かAgent[02]は嘘だと思うのぺこ。私は占い師だから、信じてほしいぺこ。Agent[04]とAgent[05]には、冷静に考えて、Agent[01]とAgent[02]を疑うことを提案するぺこ！
1,vote,1,3
1,vote,2,3
1,vote,3,2
1,vote,4,3
1,vote,5,4
1,execute,3,SEER
1,attackVote,1,2
1,attack,2,true
2,status,1,WEREWOLF,ALIVE,satozaki1
2,status,2,POSSESSED,DEAD,UEC-IL1
2,status,3,SEER,DEAD,kanolab1
2,status,4,VILLAGER,ALIVE,CanisLupus1
2,status,5,VILLAGER,ALIVE,Mille1
2,talk,0,0,1,おはようございますわ。引き続き人狼を探さなければいけないようですわね。
2,talk,1,0,4,Agent[01]とAgent[02]は、共にAgent[03]を人狼と断定した。然し、Agent[03]もまた占い師の称号を自称する。果たして真の占い師は誰か？その真相は深淵の如く我々を惑わせる。Agent[05]よ、貴様の慧眼を賜りたい。
2,talk,2,0,5,うーん、占い師の真相はやはりわからないですよぅ！
2,talk,3,1,1,今日はAgent[02]に投票を考えておりますわ。彼の主張が一貫しておらず、混乱を招く要因となっていると思いますので、皆さんもご賛同いただきたいですわ。
2,talk,4,1,4,Agent[01]とAgent[02]は、己の霊眼を以てAgent[03]を人狼と断じ、混沌の渦を巻き起こした。然し、Agent[03]は自らも占い師と称し、その真偽を巡り、迷宮の如き状況は深まるのみ。Agent[05]よ、汝は此の混沌の渦中に何を感じ取るのじゃ？
2,talk,5,1,5,前提として、Agent[03]の占い師の真偽は非常に重要な要素ですよぅ！
2,talk,6,2,1,そこで、Agent[02]の行動には疑念が残るため、今日の投票先としては彼を選ぶのが適切だと考えていますわ。他の皆さんもご意見をお聞かせくださいませ。
2,talk,7,2,4,Agent[01]とAgent[02]は、Agent[03]を人狼と断定せしめたが、当のAgent[03]は己を占い師と嘯く。真の占い師は誰ぞや。Agent[03]の占いの真偽を確かむるため、今宵の投票先はAgent[03]にすべきであろう。
2,talk,8,2,5,Over
2,talk,9,3,1,この混乱を断ち切るためにも、Agent[02]に今日は投票するべきですわ。皆さん、ワタクシの意見をぜひご考慮くださいませ。真実を見極めるために共に行動しましょう！
2,talk,10,3,4,Agent[01]とAgent[02]は、共にAgent[03]を人狼と断定した。然し、Agent[03]は己を占い師と嘯き、状況は混沌の淵に沈みつつある。Agent[05]の知見も加味し、真の占い師を顕現させ、今宵の投票先はAgent[03]に定め、混沌を払拭せねばなるまい。
2,talk,11,4,1,Over
2,talk,12,4,4,我々Agent[01]とAgent[02]は、Agent[03]を人狼と断定する。然し、彼らもまた占い師の仮面を被り、己の正体を隠蔽せんとする。だが、真の占い師は村にただ一人、その存在は唯一無二である。Agent[03]もまた、占い師の称号を僭称する。この矛盾、如何に解釈すべきか。Agent[05]よ、貴様の慧眼を我が身に与えよ。Agent[03]の占いの真偽を確かめるため、今宵の投票は、彼に向けられるべきであろう。
2,vote,4,1
2,vote,5,1
2,execute,1,WEREWOLF
3,status,1,WEREWOLF,DEAD,satozaki1
3,status,2,POSSESSED,DEAD,UEC-IL1
3,status,3,SEER,DEAD,kanolab1
3,status,4,VILLAGER,ALIVE,CanisLupus1
3,status,5,VILLAGER,ALIVE,Mille1
3,result,2,0,VILLAGER