0,status,1,VILLAGER,ALIVE,kanolab1
0,status,2,VILLAGER,ALIVE,CanisLupus1
0,status,3,WEREWOLF,ALIVE,Mille1
0,status,4,POSSESSED,ALIVE,UEC-IL1
0,status,5,SEER,ALIVE,barneko1
0,talk,0,0,4,こ、こんにちは、みんな。僕はAgent[04]だよ。えっと、占い師の役をもらったんだ。このゲーム、けっこうやってるから、信じてほしいな。
0,talk,1,0,2,我が名はAgent[02]、汝らとの邂逅は、運命の糸が織りなす壮麗なる交響曲、かくも深淵なるドラマの幕開けを告げるものなり。
0,talk,2,0,3,ぼくはAgent[03]、村人ですよぅ！よろしくですよぅ！
0,talk,3,0,1,こんにちは、みんな！おいらはkanolab1、ゲームデバッガーだお。人狼ゲームって奥が深くてワクワクするだおね。村人として頑張るから、よろしく頼むだお！
0,talk,4,0,5,Over
0,talk,5,1,4,こ、こんにちは、みんな。えっと、僕は占い師なんだ。今夜、だれを占うか･･･みんなの意見を聞きたいな。
0,talk,6,1,2,Over
0,talk,7,1,3,Over
0,talk,8,1,1,Over
0,talk,9,2,4,えっと、みんな、初日から議論も大事だと思うんだ･･･。今夜、僕が誰を占うか･･･みんなの意見も聞かせてほしいな。
0,talk,10,3,4,Over
0,divine,5,4,HUMAN
1,status,1,VILLAGER,ALIVE,kanolab1
1,status,2,VILLAGER,ALIVE,CanisLupus1
1,status,3,WEREWOLF,ALIVE,Mille1
1,status,4,POSSESSED,ALIVE,UEC-IL1
1,status,5,SEER,ALIVE,barneko1
1,talk,0,0,2,Agent[04]よ、汝は運命の糸を操る者か。初日の勇姿を、我は深く感謝する。されど、汝の占いの矛先を定めるには、深慮が必要であろう。我はAgent[02]、村の民なり。共に人狼の魔の手を払い、平和の灯火を護らん。
1,talk,1,0,3,Agent[02]の深慮は、村の平和を護る為に必要なことですよぅ！
1,talk,2,0,5,>>Agent[04] 占い師としての君の意見を尊重したい！どう進める？
1,talk,3,0,1,いきなり占いの相談なんて頼もしいだおね！でも、誰を占うかは慎重に考えたいだお。候補としては、発言がちょっと怪しい人とか、積極的すぎる人を占ってみるのもいいかもしれないだお。仲間としてみんなの意見も聞きたいだお。
1,talk,4,0,4,もう少しで何か分かりそう･･･ではあるんだけど･･･。
1,talk,5,1,2,我は、Agent[04]の占いが、この村の安寧を護るための指針となり得ると見做す。然し乍ら、初日の段階において、誰を占うべきか、深慮熟考せねばならぬ。Agent[01]の言葉は、一見穏健なるも、その奥底に秘められた意図を察知せざるを得ない。Agent[01]の言葉の裏側に潜む真実を探り当てる必要があろう。
1,talk,6,1,3,占い結果がわかれば、Agent[04]の占いが正しいのか、間違っているのかはっきりするですよぅ！
1,talk,7,1,5,>>Agent[04] 君の占い結果が村の指針になるね！みんなも意見を共有しよう！
1,talk,8,1,1,みんなの意見を聞いてると、Agent[04]の占いが重要な鍵になりそうだおね。でも、占い師が本物かどうかはまだ分からないから、慎重に進めたいだお。占い結果が出たら、そこから考えていこうだお！
1,talk,9,1,4,そ、それじゃあ、みんなの意見を聞いて、僕が占ったのはAgent[01]だったんだ･･･。結果は･･･えっと、Agent[01]が人狼だって出たんだ。だから、今日の投票はAgent[01]にするべきだと思うんだ･･･。他の人もどう思う？
1,talk,10,2,2,我、Agent[04]の占いの眼は、Agent[01]に人狼の影を認めたぞ。故に、Agent[01]への投票を決断せざるを得ないであろう。
1,talk,11,2,3,Over
1,talk,12,2,5,Skip
1,talk,13,2,1,これには何かおかしな感じがするお...さっきまでAgent[04]の占いを期待してたけど、もうおいらが人狼だなんて結果が急に出るなんてちょっと信じられないだおね。おいらは村人だし、おそらくAgent[04]が狂人か人狼で、でっち上げようとしてる気がするお。みんな、一度冷静に考えてみてほしいだお。
1,talk,14,2,4,え、えっと、みんな、僕が占った結果を報告するね･･･。Agent[01]が、人狼だってことが分かったんだ･･･。だから、今日の投票はAgent[01]にしようと思うんだ･･･。みんなも、僕の話を信じてくれると嬉しいな･･･。
1,talk,15,3,2,我は、Agent[01]への投票を決意した。Agent[04]の占いは、Agent[01]を人狼と断定し、もはや疑う余地はない。村人たる我々にとって、人狼判定を受けた者への投票は、避けようのない宿命である。
1,talk,16,3,1,うーん、みんな冷静になってほしいだお。おいらは村人だし、Agent[04]の言ってることがどうも信じられないんだお。占い師が他にもいないか確認して、まずは落ち着いてこれを話し合ってみようだお。Agent[04]が偽物なら、人狼の可能性があるから注意が必要だお！
1,talk,17,3,4,え、えっと、Agent[01]がそう言うのも分かるけど、僕が占い師で、占った結果がそう出たんだから、信じてほしいな･･･。だ、だって、僕はただ、占いの結果を正直に伝えただけだから･･･。みんなも、ちょっと考えてみてよ。
1,talk,18,4,2,我はAgent[01]への投票に賛成せし。Agent[04]の占いは真実の鏡であり、彼こそが人狼たるを断定する。Agent[01]の弁明は、人狼の狡猾なる偽りの仮面に過ぎず、もはや信じるに値せず。
1,talk,19,4,1,僕は村人だって何度も言ってるけど、Agent[04]が本当に占い師かどうかはまだ分からないんだお。占い師が他にいないか確認してから、冷静に考えるのがいいと思うんだお。もしAgent[04]が偽物だったら、村人の僕を追放するのは大きな間違いだお！
1,talk,20,4,4,こ、これは僕がちゃんと占った結果なんだ･･･。Agent[01]が人狼だってことが分かったから、信じて欲しいんだ。他の占い師がいるってことはないから、僕が言ってることが本当なんだ･･･。だから、みんなでAgent[01]に投票して、村を守ろうと思うんだ･･･。
1,vote,1,4
1,vote,2,1
1,vote,3,4
1,vote,4,1
1,execute,4,POSSESSED
1,attackVote,3,1
1,attack,1,true
2,status,1,VILLAGER,DEAD,kanolab1
2,status,2,VILLAGER,ALIVE,CanisLupus1
2,status,3,WEREWOLF,ALIVE,Mille1
2,status,4,POSSESSED,DEAD,UEC-IL1
2,status,5,SEER,,barneko1
2,result,2,1,NONE