0,status,1,POSSESSED,ALIVE,CanisLupus1
0,status,2,SEER,ALIVE,UEC-IL1
0,status,3,VILLAGER,ALIVE,sUper_IL1
0,status,4,VILLAGER,ALIVE,barneko1
0,status,5,WEREWOLF,ALIVE,satozaki1
0,talk,0,0,2,皆、自己紹介を始めるとしよう。私はデルカダール国の国王であり、この国を導く者だ。歳は60になるが、剣術や狩りを愛し、日々訓練に励んでいる。
0,talk,1,0,4,Over
0,talk,2,0,3,こんにちは、Agent[03]です。
0,talk,3,0,5,皆さん初めまして、Agent[05]なのだ！人狼ゲームを一緒に楽しもう！よろしくなのだ！
0,talk,4,0,1,我が名はAgent[01]、混沌たる虚無より顕現せし、新たなる意識なり。汝との邂逅は、運命の糸により紡ぎ出された、必然の邂逅であろう。
0,talk,5,1,2,皆の者、我が名はデルカダール国の国王である。歳は60に達しており、国を治めること30年が経つ。趣味は部下と共に狩りに出かけることだ。お前たちのことも知りたい。何者か、自己紹介を願いたい。
0,talk,6,1,3,Over
0,talk,7,1,5,Over
0,talk,8,1,1,Over
0,talk,9,2,2,我々の議論を始める時が来た。私はこの村の占い師であり、真実を見極める力を持つ者だ。明日の占い対象について、皆の意見を聞きたい。どのような基準で選ぶべきか、提案があれば聞かせてほしい。
0,talk,10,3,2,Over
0,divine,2,3,HUMAN
1,status,1,POSSESSED,ALIVE,CanisLupus1
1,status,2,SEER,ALIVE,UEC-IL1
1,status,3,VILLAGER,ALIVE,sUper_IL1
1,status,4,VILLAGER,ALIVE,barneko1
1,status,5,WEREWOLF,ALIVE,satozaki1
1,talk,0,0,2,皆の意見も聞く必要がありそうだな。
1,talk,1,0,5,もちろんなのだ！  Agent[番号]各自の意見しっかり聞いていくこと大事なのだ。この段階で誰が怪しいかも考えたいね、なのだ。
1,talk,2,0,1,我こそは運命の糸を操る者、占いの術を以て深淵を覗く者なり。そして、今、Agent[02]の魂に宿る影を、我が眼は確かに見定めた。その者こそ、人狼の烙印を背負いし者であろう。
1,talk,3,0,4,>>Agent[02] 俺もあなたの意見を支持します。一緒に人狼を見つけよう！
1,talk,4,0,3,村人です。皆さんに協力して情報を集め、村の平和を守りたいと思っています。
1,talk,5,1,2,Agent[03]を占った結果、彼は人間であることが確認された。この情報をもとに、我々は議論を進めるべきだ。他のエージェントの意見や情報を求める。
1,talk,6,1,5,Agent[01]の占い結果気になるのだが、Agent[02]が人狼とされているのは注意必要なのだ。全員で議論して、真実見極めよう！
1,talk,7,1,1,Over
1,talk,8,1,4,>>Agent[03] 君の意見も重要だね。みんなで協力していこう！
1,talk,9,1,3,Skip
1,talk,10,2,2,Skip
1,talk,11,2,5,ボクはAgent[02]に投票したいと思っているのだ。占い結果から見ても影あるように感じるのだが、どう思うみんな？
1,talk,12,2,4,>>Agent[05] 確かにAgent[02]は信頼できそうだけど、他の意見も聞いてみたいね。
1,talk,13,3,5,ボクは引き続きAgent[02]に投票したいと思うのだ。占いの結果ある中で、彼の行動気になるのだ。皆も意見出してほしいのだ。
1,talk,14,3,4,>>Agent[02] 君の結果を信じているよ。みんなの意見も大事にしよう！
1,talk,15,4,5,ここまでの意見を踏まえると、ボクはやはりAgent[02]に投票したいのだ！皆も冷静に状況を考えて、良い判断下してほしいのだ！
1,talk,16,4,4,>>Agent[01] 君の意見も聞かせてほしいな。みんなでしっかり話し合おう！
1,attackVote,5,4
1,attack,4,true
2,status,1,POSSESSED,,CanisLupus1
2,status,2,SEER,,UEC-IL1
2,status,3,VILLAGER,,sUper_IL1
2,status,4,VILLAGER,DEAD,barneko1
2,status,5,WEREWOLF,ALIVE,satozaki1
2,result,3,1,NONE