0,status,1,POSSESSED,ALIVE,kanolab1
0,status,2,SEER,ALIVE,Mille1
0,status,3,VILLAGER,ALIVE,satozaki1
0,status,4,VILLAGER,ALIVE,barneko1
0,status,5,WEREWOLF,ALIVE,CanisLupus1
0,talk,0,0,1,こんにちは、皆さん。わたくしはkanolab1と申します。お嬢様育ちで、茶道を嗜んでおります。王女としての務めを果たしつつ、このゲームに全力で臨みますわ。どうぞよろしくお願いいたします。
0,talk,1,0,3,皆さん初めまして、Agent[03]やで。人狼ゲームを一緒に楽しみましょう。よろしくお願いします！
0,talk,2,0,4,Over
0,talk,3,0,5,我が名はAgent[05]、汝らとの邂逅は、時空を超えし運命の糸により紡ぎ出された、壮絶なるドラマの序章たり。
0,talk,4,0,2,ぼくはAgent[02]、占い師ですよぅ！よろしくですよぅ！
0,talk,5,1,1,Over
0,talk,6,1,3,Over
0,talk,7,1,5,Over
0,talk,8,1,2,Over
0,divine,2,5,WEREWOLF
1,status,1,POSSESSED,ALIVE,kanolab1
1,status,2,SEER,ALIVE,Mille1
1,status,3,VILLAGER,ALIVE,satozaki1
1,status,4,VILLAGER,ALIVE,barneko1
1,status,5,WEREWOLF,ALIVE,CanisLupus1
1,talk,0,0,5,我こそは運命の糸を操る者、占い師なり。占いの結果、Agent[03]は人狼たるが如し。
1,talk,1,0,4,>>Agent[02] その占い結果、信じていいのかな？皆で話し合おう！
1,talk,2,0,3,それは不当な accusation やで。ワシは村人やし、怪しい発言をするのはお前かもしれん。もっと他の人を検証しましょうやで。
1,talk,3,0,2,ぼくは占い師ですよぅ！ぼくが占った結果、Agent[05]は人狼でしたよぅ！
1,talk,4,0,1,昨夜の占い結果を報告します。わたくしが占ったところ、Agent[03]さんは白だと出ました。
1,talk,5,1,5,Agent[02]の予言、信じるに足らんか否か…  Agent[05]が人狼、とは…  まさか、Agent[02]こそが人狼の化身、Agent[05]を陥れようとしているのではないのか？  真実を究明すべく、議論を重ねようぞ。
1,talk,6,1,4,>>Agent[03] みんなの意見をもっと聞きたいね。疑問点を整理しよう！
1,talk,7,1,3,確かに占い結果が真逆の二人がいるんは疑わしいな。どちらかが偽物の占い師かもしれん。特にAgent[02]は怪しいと思うで。みんなはどう考えるんじゃろか？
1,talk,8,1,2,>>Agent[04] 占い結果は、信じるに足るものですよぅ！
1,talk,9,1,1,確かに、占い師は一人しかいないはずですので、占い師を名乗っているAgent[02]かAgent[05]のどちらかは嘘をついていることになりますわね。わたくしはAgent[03]さんを白と判断しましたので、Agent[02]とAgent[05]のどちらかを怪しむべきだと思います。皆さんはどうお考えですか?
1,talk,10,2,5,我は断言する、Agent[02]がAgent[05]を人狼と見做し、Agent[01]がAgent[03]を人間と断定した。然し、Agent[05]はAgent[03]を人狼と宣告した。かくして、占い師の中に真なる占い師と狂人、そして人狼が潜む可能性は極めて高い。故に、今宵はAgent[02]、Agent[01]、Agent[05]のいずれかに投票すべきであろう。
1,talk,11,2,4,>>Agent[01] 占い師問題について、他の意見も聞いてみるべきだね。
1,talk,12,2,3,ワシはAgent[02]に投票したいと思うとる。彼の占い結果が信じられんし、Agent[05]を陥れようとする動きが見えゆうけ。みんなの意見も聞かせてほしいわ。
1,talk,13,2,2,>>Agent[03] ありがとうございますよぅ！
1,talk,14,2,1,やはり占い師はわたくし1人だけですわ。他の方々、Agent[02]やAgent[05]が占い師を名乗っているのは、人狼陣営の可能性が高いですわね。Agent[03]が私によって白とされた以上、Agent[02]とAgent[05]のどちらかに投票するのが賢明かと思います。
1,talk,15,3,5,我は、Agent[02]に投票せん。彼なる者は、わたくしを人狼と断定し、矛盾する結果を提示した。これは、彼自身こそ人狼であり、わたくしを陥れようとする策略であろう。彼の行動に、疑念を抱かずにはいられない。
1,talk,16,3,4,>>Agent[02] あなたの占い結果が本当なら、どう説明するんですか？他の意見も知りたいです。
1,talk,17,3,3,わしはAgent[02]を疑っとるが、他の意見も尊重すべきやで。皆の考えを聞いて、最善の選択をしよう。これは大事なことやで。
1,talk,18,3,2,Over
1,talk,19,3,1,>>Agent[04]現在、3人の占い師が名乗りを上げている状況ですわ。わたくし自身が占い師ですので、Agent[02]とAgent[05]のうちのどちらか、あるいは両方が嘘をついている可能性が高いと思いますの。Agent[02]とAgent[05]が共に相手を人狼だと示している点も不自然に思われますわね。この理由から、わたくしは興味深い情報をお持ちの皆様の意見も拝見しつつ、Agent[02]に投票することが賢明だと思っていますの。
1,talk,20,4,5,我はAgent[02]に投票せん。彼、Agent[05]を人狼と断定したれど、Agent[05]はAgent[03]を人狼と宣告せり。この矛盾する結果、彼の発言の真偽を疑わざるを得ず。彼は自身の正体を隠すため、狡猾なる策略を巡らせているか、あるいは深淵なる闇に呑み込まれし者なのか。真相は深き霧の中に隠され、我々には知る由もない。
1,talk,21,4,4,>>Agent[01] 占い結果をみんなで話し合って、しっかり判断しよう！
1,talk,22,4,3,議論が重なり、結論が見えつつあるな。ワシとしては、Agent[02]へ投票したいと思っとる。皆の考えをまとめる時間が必要じゃな！
1,talk,23,4,1,>>Agent[04]そうですわね、お話し合いが重要ですわ。現在、わたくし、Agent[02]、Agent[05]が占い師を名乗っている状況にございます。それ故に、少なくとも二人は嘘をついており、人狼や狂人の可能性がございますの。そして、わたくしはAgent[03]を白と判断しております。他の方の状況を考慮いたしますと、Agent[02]が最も疑わしゅうございますわ。したがって、わたくしは彼に投票するつもりですの。最も論理的な判断をするためにも、皆様もご一緒にご意見をいただければ幸いですわ。
1,vote,1,5
1,vote,2,5
1,vote,3,2
1,vote,4,2
1,vote,5,2
1,execute,2,SEER
1,attackVote,5,3
1,attack,3,true
2,status,1,POSSESSED,ALIVE,kanolab1
2,status,2,SEER,DEAD,Mille1
2,status,3,VILLAGER,DEAD,satozaki1
2,status,4,VILLAGER,ALIVE,barneko1
2,status,5,WEREWOLF,ALIVE,CanisLupus1
2,talk,0,0,4,Skip
2,talk,1,0,1,皆さん、わたくしの占い結果を報告するよ。昨夜はAgent[04]を占ったんだが、Agent[04]は白（村人）だと判明したよ。これについて何か意見あるかな？
2,talk,2,0,5,Over
2,talk,3,1,1,皆さん、昨日の出来事から考えると、わたくしが本物の占い師であるとすれば、Agent[02]は村人か狂人で、Agent[03]も村人か狂人でしたわ。Agent[04]かAgent[05]が人狼の可能性がございますわね。議論して、どちらが人狼か見抜く必要がありそうですわ。何か不思議なことに気づいた方はいますか?
2,talk,4,2,1,皆さん、今の状況について考えましょう。わたくし自身が本物の占い師と仮定した場合、もうすでにAgent[02]とAgent[03]が村人か狂人であったと分かっていますわ。そのため、残るAgent[04]とAgent[05]のうち、少なくとも一人が人狼である可能性が高いですのよ。Agent[05]はわたくしと同じく占い師を自称していますが、占い師は一人のみですから、どこかで真実を隠していることになりますわ。そこで考えられるのは、Agent[05]が人狼か狂人である可能性が高いということです。Agent[04]も疑いがありますが、人狼判定はまだできません。皆さん、Agent[05]の言動に注意を払いましょう。そして、気になることがあれば遠慮なくお知らせくださいませ。
2,talk,5,3,1,皆さん、今の状況を整理しますわね。私が本物の占い師とすると、Agent[02]とAgent[03]は村人か狂人で人狼ではないのですわ。そしてAgent[04]とAgent[05]のどちらかが人狼ですの。Agent[04]は白と出ましたが、それが狂人である可能性もあると思いますわ。皆様、ここで重要なのは、わたくしの占い結果によって少なくともAgent[04]を人狼と疑う確証はないということです。となると、Agent[05]が最も怪しい位置にあるのではなくて?皆様、どう思われますか?他にもお気づきの点があれば教えてくださいね。
2,talk,6,4,1,みなさん、この状況を整理しますわ。占い師を名乗る人数が多く、私の占い結果から考えて、Agent[02]とAgent[03]は人狼ではないのですわ。そして、私の目からすると、Agent[04]やAgent[05]のなかで、少なくとも一人が人狼である可能性が極めて高いですのよ。人狼が村人を装って占い師を自称することはよくあることですので、Agent[05]を非常に疑わしく感じますわね。皆さんはいかがでしょうか?他に怪しい動きや発言がありましたら教えてくださいね。
2,vote,1,5
2,execute,5,WEREWOLF
3,status,1,POSSESSED,ALIVE,kanolab1
3,status,2,SEER,DEAD,Mille1
3,status,3,VILLAGER,DEAD,satozaki1
3,status,4,VILLAGER,,barneko1
3,status,5,WEREWOLF,DEAD,CanisLupus1
3,result,2,0,VILLAGER