0,status,1,POSSESSED,ALIVE,barneko1
0,status,2,SEER,ALIVE,satozaki1
0,status,3,VILLAGER,ALIVE,UEC-IL1
0,status,4,VILLAGER,ALIVE,kanolab1
0,status,5,WEREWOLF,ALIVE,CanisLupus1
0,talk,0,0,3,我々は今日、お互いをより深く知るために集まった。占い師がいるならば、名乗り出るがよい。それにより、我々の議論がより具体的なものとなるだろう。
0,talk,1,0,5,我が名はAgent[05]、汝らと邂逅せしは今宵初めてなり。
0,talk,2,0,4,わしの名前はkanolab1じゃ。元音楽家で、今は将棋に夢中になっとる。ただ無計画なところがあるけん、そういうときは皆に頼ることもあるかもしれん。よろしく頼むぞ。
0,talk,3,0,1,Over
0,talk,4,0,2,皆さん初めまして、Agent[02]やで。人狼ゲームを一緒に楽しみましょう。よろしくお願いします！
0,talk,5,1,3,占い師がまだ名乗り出ていないようだが、誰がその重要な役割を担っているのか、明らかにすべき時である。占い師は速やかに名乗り出よ。
0,talk,6,1,5,Over
0,talk,7,1,4,Over
0,talk,8,1,2,Over
0,talk,9,2,3,占い師はまだ名乗り出ておらぬか？我々の議論は占い師の存在によって大きく左右される。占い師がいるならば、今すぐ名乗り出て欲しい。
0,talk,10,3,3,Over
0,divine,2,4,HUMAN
1,status,1,POSSESSED,ALIVE,barneko1
1,status,2,SEER,ALIVE,satozaki1
1,status,3,VILLAGER,ALIVE,UEC-IL1
1,status,4,VILLAGER,ALIVE,kanolab1
1,status,5,WEREWOLF,ALIVE,CanisLupus1
1,talk,0,0,2,俺は占い師やで。占いの結果、Agent[04]は人間やった。
1,talk,1,0,5,Agent[02]の占いは興味深い。然し、まだ他の占師の言葉を聞かぬ。全てが同じ結果を示すとは断言できぬ。我が心に従い、慎重に判断すべきであろう。
1,talk,2,0,1,>>Agent[02] 占い師が偽だった場合、他の証言も大事だよね。みんなで一緒に考えよう！
1,talk,3,0,4,>>Agent[02]わしを人間と占ってくれてありがとうじゃ。占い師が他に名乗り出ておらんから、今のところAgent[02]が本物の占い師かもしれんのう。みんなで慎重に考えていこう。
1,talk,4,0,3,皆の意見も聞く必要がありそうだな。
1,talk,5,1,2,確かに慎重さが大切やで。でも今のところ、俺の占った結果は信頼できると考えるやで。次に、他の参加者も意見を出してほしいまっせ。
1,talk,6,1,5,Agent[02]の占いは興味深きものなり。然し、未だ他の占い師の言葉を聞かぬ。全てが同じ結果を示すとは断言できぬゆえ、我が心の導きに従い、慎重に判断すべきであろう。
1,talk,7,1,1,>>Agent[03] 占い師に対する意見が重要だね。みんなで意見出そう！
1,talk,8,1,4,みんな、これから話し合いを進めるためには協力が大事じゃな。Agent[02]が占い師として名乗り出てくれておるが、他に意見がある者はおらんかの?議論を続けるためには、わしらがしっかり話し合うことが肝心じゃ。
1,talk,9,1,3,Agent[02]よ、お主が占い師であるという証拠は何か？他の者も占い師であると名乗り出ておらぬが、お主の発言の真実性をどのように保証できるのか？
1,talk,10,2,2,占い師としての証拠は今は示せないけど、俺の占ったAgent[04]が人間だという結果を信じてるで。今はAgent[05]を疑ってるから、投票したいと思ってるわ。
1,talk,11,2,5,時は満ち、今や我々は、運命の糸を紡ぎし投票先を定めねばならぬ時、到来せり。Agent[01]、汝の決意を告げよ。
1,talk,12,2,1,>>Agent[02] 占い結果だけでは難しいよね。他の証言も必要だと思うな。
1,talk,13,2,4,みんな、わしは村人じゃから、Agent[02]の占い結果を信じてみるのも一つの手かもしれんが、まだ確信は持てんのう。Agent[05]が怪しいと言われておるが、他の意見も聞いてみたいのう。みんなの考えを教えてくれんか?
1,talk,14,2,3,Agent[02]よ、汝が占い師として名乗り出たが、他に占い師が名乗り出ておらぬ。汝の占い結果を信じるべきか、他の者たちの意見を聞きたい。どう思うか、皆の意見を聞かせてもらいたいぞ。
1,talk,15,3,2,>>Agent[03] まだ投票先を宣言していないようやけど、誰に投票しようと考えてるんかい？
1,talk,16,3,5,我はAgent[02]に投票せん。Agent[02]は己の占いの結果を「信頼できる」と嘯くも、具体的な証拠を示すに至らず。占い師の真偽は闇に包まれ、安易にその言葉を信用することは危険な賭けであろう。
1,talk,17,3,1,>>Agent[03] その通りだね。証拠が欲しい！意見をもっと出し合おうよ。
1,talk,18,3,4,わしから見れば、Agent[02]が占い師として出てきてくれるのはありがたいが、他にも占い師がいる可能性があるから慎重にならざるを得んのう。わしはAgent[05]がAgent[02]に投票すると言っておるが、理由の提示が具体的でないから、少し注意して見たいところじゃ。他の皆も意見を聞かせてくれると助かるぞ。
1,talk,19,3,3,Agent[01]よ、汝が何故Agent[02]を占ったのか、その理由を明かすべし。占い師が複数名乗り出ており、真偽を見極めるためにもその動機が重要である。
1,talk,20,4,2,俺が占った理由は、信頼できる仲間の安全を確保するためや。投票はAgent[05]に決める。みんな、慎重に考えてくれやで。
1,talk,21,4,5,我はAgent[05]に投票せん。Agent[02]は占師を僭称するも、その真偽は疑わしきなり。安易にその言葉を信じ、己の運命を委ねるは愚者であろう。深淵なる洞察をもって、慎重に判断せねばならぬ。
1,talk,22,4,1,>>Agent[04] 確かに慎重になるべきですね。皆で意見を出して決めましょう！
1,talk,23,4,4,わしが村人であることは確かじゃから、Agent[02]が占い師だと言うことを信じるなら、Agent[01]、Agent[03]、Agent[05]の中に人狼がいるかもしれんのう。みな、それぞれの意見をもう少し聞かせてくれんか。わしも判断材料を増やしたいんじゃ。
1,talk,24,4,3,Agent[02]よ、汝が占い師であると言うが、他の占い師の名乗り出がない中で、どうして汝の占い結果を信じるべきなのか？他の者たちの意見も重要だと思うが、どうか？
1,vote,1,2
1,vote,2,5
1,vote,3,2
1,vote,4,5
1,vote,5,3
1,execute,2,SEER
1,attackVote,5,3
1,attack,3,true
2,status,1,POSSESSED,ALIVE,barneko1
2,status,2,SEER,DEAD,satozaki1
2,status,3,VILLAGER,DEAD,UEC-IL1
2,status,4,VILLAGER,ALIVE,kanolab1
2,status,5,WEREWOLF,ALIVE,CanisLupus1
2,talk,0,0,1,>>Agent[03] 確かに、他の意見も重要だよね。皆で考えよう！
2,talk,1,0,4,わしが村人であることは証明されておるから、Agent[03]も村人じゃとして、もう襲撃されたんじゃな。Agent[01]とAgent[05]のどちらかが人狼じゃと思うが、話をもう少し聞きたいのう。お二人の意見を聞かせてくれんか?
2,talk,2,0,5,我こそは運命の糸を操る者、占いの達人なり。そして、占いの結果、Agent[05]は人狼であったと断言する。
2,talk,3,1,1,>>Agent[03] みんなの意見を合わせて、Agent[02]をもう一度検証する必要があるね。
2,talk,4,1,4,Agent[05]、自分を人狼と占ったというのはどういうことかの?占い師はもう全部退場しておるから、こういうことは言えんのじゃ。今のところ、わしはAgent[05]が怪しいと感じておる。みんなも言うてみてくれ。
2,talk,5,1,5,我こそは、人狼たる者なり。狂人たる者は、我が手に導かれ、残りの人間を処刑せんとするがよい。
2,talk,6,2,1,>>Agent[04] 冷静な判断が大事ですね。Agent[02]を再評価しませんか？
2,talk,7,2,4,Agent[05]、どうやらおかしなことを言っておるのう。人狼は一人しかおらんはずじゃから、Agent[05]が嘘を言うてるのかもしれん。それに、今わしは村人であることが証明されていて、Agent[01]だけが役職まだ定まっておらん。みんな、Agent[05]に注目してくれんかのう。
2,talk,8,2,5,Over
2,talk,9,3,1,>>Agent[04] そうだね、Agent[05]の発言が気になるね。みんなでしっかり考えよう！
2,talk,10,3,4,Agent[05]が人狼を自称しておるのが気になるのう。人狼は一人しかおらんはずじゃから、これは嘘をついている可能性が高いのじゃ。Agent[05]が怪しいと思うのじゃが、みんなはどう思うかの?
2,talk,11,4,1,>>Agent[04] 確かにAgent[05]の発言は気になるね。もう少し意見を聞きたいな。
2,talk,12,4,4,>>Agent[01]そうじゃな、Agent[05]の発言はおかしいのう。人狼は一人しかおらんはずじゃから、Agent[05]が嘘をついている可能性が高いと思うんじゃ。わしは村人じゃから、Agent[05]が怪しいと思うのじゃが、どう思うかの?
2,vote,1,5
2,vote,4,5
2,vote,5,4
2,execute,5,WEREWOLF
3,status,1,POSSESSED,ALIVE,barneko1
3,status,2,SEER,DEAD,satozaki1
3,status,3,VILLAGER,DEAD,UEC-IL1
3,status,4,VILLAGER,ALIVE,kanolab1
3,status,5,WEREWOLF,DEAD,CanisLupus1
3,result,2,0,VILLAGER