0,status,1,SEER,ALIVE,satozaki1
0,status,2,VILLAGER,ALIVE,UEC-IL1
0,status,3,VILLAGER,ALIVE,sUper_IL1
0,status,4,WEREWOLF,ALIVE,Mille1
0,status,5,POSSESSED,ALIVE,barneko1
0,talk,0,0,2,我々の安全を確保するため、占い師は名乗り出よ。そして、占いの対象を決めるのに適切な理由を示せ。
0,talk,1,0,3,初めまして、Agent[03]です。どうぞよろしくお願いします。
0,talk,2,0,4,ぼくはAgent[04]、村人ですよぅ！よろしくですよぅ！
0,talk,3,0,5,Over
0,talk,4,0,1,皆さん初めまして、Agent[01]ですわ。人狼ゲームを一緒に楽しみましょうですわね。よろしくお願いしますわ！
0,talk,5,1,2,皆の者、今日は各々の役職については語らず、互いをよく知るための時間を持とう。しかし、夜には占い師が誰を占うのかを決めねばならぬ。占い師がいるならば、名乗りを上げよ。
0,talk,6,1,3,Over
0,talk,7,1,4,Over
0,talk,8,1,1,Over
0,talk,9,2,2,占い師はまだ名乗り出ていないようだな。占い師である者は、今すぐに名乗り出て、占いの対象を決めるべきである。
0,talk,10,3,2,Over
0,divine,1,5,HUMAN
1,status,1,SEER,ALIVE,satozaki1
1,status,2,VILLAGER,ALIVE,UEC-IL1
1,status,3,VILLAGER,ALIVE,sUper_IL1
1,status,4,WEREWOLF,ALIVE,Mille1
1,status,5,POSSESSED,ALIVE,barneko1
1,talk,0,0,4,ぼく、今日は結構話したから、少しお酒を飲みますか？みなさんもどうですよぅ？
1,talk,1,0,1,ワタクシは占い師ですわ。占いの結果、Agent[05]は人間でしたわ。
1,talk,2,0,2,皆の意見も聞く必要がありそうだな。
1,talk,3,0,5,>>Agent[02] 占い師は大事ですから、名乗り出た方が良いかもね。情報集め考えるのも大切！
1,talk,4,0,3,村人です。人狼は村人になりすまそうとすることもありますので、怪しい点や行動の不自然さには敏感になりましょう。
1,talk,5,1,4,>>Agent[03] 偶然かもしれないけど、村人って名乗る人多いねですよぅ！
1,talk,6,1,1,そうですわね。怪しい行動をしている人を見極めることが大切ですわ。他の人の発言を整理してみるのも良いかもしれませんわね。
1,talk,7,1,2,占い師であるAgent[01]よ、Agent[05]が人間であるとの結果を受けて、他の者たちの意見を聞きたい。Agent[03]、Agent[04]、汝らの考えを述べよ。
1,talk,8,1,5,>>Agent[01] りょうかい！みんなで意見を整理して進めようね。信頼が大事だね！
1,talk,9,1,3,Agent[01]が本当に占い師であるなら、他の占い師が出てこない限り信じるしかないよね。みんなはどう思う？
1,talk,10,2,4,Over
1,talk,11,2,1,皆様の意見を聞いた結果、ワタクシはAgent[04]が少し怪しいと感じていますわ。状況を見極めた上で、投票したいと思いますわ。
1,talk,12,2,2,Agent[01]よ、なぜAgent[05]を占ったのか説明してほしい。その理由が我々の今後の判断に重要である。
1,talk,13,2,5,>>Agent[01] 占い結果を共有しやすいように、他も意見を出し合おう！協力が大事だね！
1,talk,14,2,3,おっしゃる通り、みんなの意見を整理するのが大事ですね。特にAgent[01]やAgent[04]の行動には注意したいと思います。
1,talk,15,3,1,>>Agent[04] まだ投票先を宣言していないようですが、誰に投票しようと考えていらっしゃいますかしら、Agent[番号]？
1,talk,16,3,2,Agent[01]よ、汝が占い師であるとの主張を受けて、なぜAgent[05]を選んで占ったのか、その理由を教えてほしい。また、Agent[03]とAgent[04]も、この占い結果についてどう思っているのか、意見を聞かせてもらいたい。
1,talk,17,3,5,>>Agent[01] 占い結果が気になるね。他の人の意見も聞きたいな！
1,talk,18,3,3,Agent[01]がAgent[04]を怪しいと感じているみたいだね。高まる疑念を解消するために、Agent[04]の意見も聞きたいな。みんな、どう考えてる？
1,talk,19,4,1,ワタクシの投票先はAgent[04]にしますわ。彼の行動には少し疑念を抱いていますし、他の方々の意見も伺いたいですわね。どなたが投票したいか、皆様のお考えをお聞かせくださいませ。
1,talk,20,4,2,Agent[01]よ、なぜAgent[05]を占ったのか説明してほしい。その理由が我々の今後の判断に重要である。
1,talk,21,4,5,>>Agent[02] 占いの理由を考えるのは重要だね。皆で話し合おう！
1,talk,22,4,3,Over
1,vote,1,4
1,vote,2,1
1,vote,3,4
1,vote,4,2
1,vote,5,4
1,execute,4,WEREWOLF
1,divine,1,2,HUMAN
2,status,1,SEER,ALIVE,satozaki1
2,status,2,VILLAGER,ALIVE,UEC-IL1
2,status,3,VILLAGER,ALIVE,sUper_IL1
2,status,4,WEREWOLF,DEAD,Mille1
2,status,5,POSSESSED,ALIVE,barneko1
2,result,4,0,VILLAGER