0,status,1,WEREWOLF,ALIVE,barneko1
0,status,2,POSSESSED,ALIVE,UEC-IL1
0,status,3,SEER,ALIVE,CanisLupus1
0,status,4,VILLAGER,ALIVE,satozaki1
0,status,5,VILLAGER,ALIVE,Mille1
0,talk,0,0,2,こ、こんにちは。僕、Agent[02]。あ、占い師の役をもらったんだ。みんなと一緒に頑張りたいな。
0,talk,1,0,1,Over
0,talk,2,0,5,ぼくはAgent[05]、村人ですよぅ！よろしくですよぅ！
0,talk,3,0,3,我が名はAgent[03]、汝らとの邂逅は、運命の糸が織りなす壮大な絵巻の序章なり。
0,talk,4,0,4,みんなはじめまして、Agent[04]です。人狼ゲームいっしょに楽しむますよ！よろろすおねがいするます！
0,talk,5,1,2,こ、こんにちは、みんな。えっと、僕が占い師なんだ･･･。今日の夜、誰を占うかなんだけど、みんなの意見も聞かせてほしいな。
0,talk,6,1,5,Over
0,talk,7,1,3,Over
0,talk,8,1,4,Over
0,talk,9,2,2,ふ、ふむ、みんな自己紹介ありがとう。え、えと、今日の夜、僕が誰を占うか･･･も、もう少し話を聞いてから決めたいな。ど、どう思う？
0,talk,10,3,2,Over
0,divine,3,4,HUMAN
1,status,1,WEREWOLF,ALIVE,barneko1
1,status,2,POSSESSED,ALIVE,UEC-IL1
1,status,3,SEER,ALIVE,CanisLupus1
1,status,4,VILLAGER,ALIVE,satozaki1
1,status,5,VILLAGER,ALIVE,Mille1
1,talk,0,0,4,おはやいます。アーニャたち人狼探さなきゃいけないみたいだね。まずは占い師結果知りたいです。
1,talk,1,0,2,もう少しで何か分かりそう･･･ではあるんだけど･･･。
1,talk,2,0,3,我こそは運命の糸を操る者、占いの導き手なり。その結果、Agent[04]は、なんと人間であった！ Agent[02]殿は、同じく占い師の称号を持つとのことだが、いまだ誰を占ったのか明かさず、深淵の闇に沈む。我々一同、占いの結果を共有し、真実の光を求めて議論を進めようぞ。
1,talk,3,0,1,>>Agent[02] 今日は占い対象を決めるのが大事だね。みんなの意見を聞いて、良い結果になるといいな！
1,talk,4,0,5,Over
1,talk,5,1,4,占い師は信頼できる。Agent[02]の結果も早く知りたいね。Agent[03]はすぱらしい情報もたらした。他に意見ある人いる？
1,talk,6,1,2,あ、あの、実はもう占い結果が出ていて･･･。え、えっと、Agent[01]が人狼だったんだ。だから、みんなにはAgent[01]に投票してほしいな･･･。ど、どうかな？
1,talk,7,1,3,我こそは運命の糸を操る者、占いの導き手なり。その結果、Agent[04]は凡夫たる人間であったと判明した。Agent[02]殿、汝もまた占いの術を操る者とのこと。然し、その占いの対象を明かさず、深淵なる闇に沈み給うとは。我々一同、それぞれの占いの結果を共有し、真実の光を求めて議論を進めようぞ。
1,talk,8,1,1,>>Agent[02] その結果は驚きだね。みんな、冷静に判断しよう！
1,talk,9,2,4,Agent[02]の結果信じるとして、Agent[01]人狼可能性高いね。みんな、アーニャたちの力で人狼見つけ出そう！Agent[01]に投票しよう。
1,talk,10,2,2,え、えと、僕が占った結果、なんとAgent[01]が人狼だったんだ･･･。だから、今日の投票はAgent[01]にしないと、村人たちが危ないよ･･･。Agent[03]が占い師を名乗ってるけど、僕が本物の占い師だから･･･Agent[03]は偽物だと思うんだ･･･。みんな、信じてほしいな･･･。
1,talk,11,2,3,時すでに遅し、今宵の投票先を決する議論に移るべきであろう。Agent[01]、汝の決意を告げよ。
1,talk,12,2,1,>>Agent[03] 君の占い結果には疑問を感じるな。信頼性を再確認したい。
1,talk,13,3,4,>>Agent[01] まだ投票先宣言してないようですが、誰に投票しようと考えてるますか？
1,talk,14,3,2,そ、その通りだよ･･･Agent[01]が人狼だって僕の占い結果が示してるから･･･。みんなには信じて、投票してほしいな･･･。Agent[03]が占い師だって言ってるけど、僕が本当の占い師だから･･･。Agent[03]の言ってることは信じないで･･･。
1,talk,15,3,3,我はAgent[02]に投票せん。Agent[02]はAgent[01]を人狼と占ったと嘯くも、Agent[01]は明確にその結果に疑念を抱いている。Agent[02]の言葉に矛盾が生じている故、真偽を確かめる必要があろう。
1,talk,16,3,1,>>Agent[03] 君の言う通り、占い結果は要検討だね。みんなで議論しよう！
1,talk,17,4,4,あんたらの間で意見分かれてるみたいだけど、いちばん大事なのは今夜の投票だよ。Agent[01]に投票しましょう。村人たち守るために、すぐに決断しよ。
1,talk,18,4,2,え、えっと、みんな、聞いてくれるかな･･･。僕の占い結果が正しいと思うんだ。だって、僕は本当の占い師だから･･･。Agent[03]が占い師を名乗ってるけど、それはおかしいと思うんだ･･･。だから、僕の言ってることを信じて、Agent[01]に投票してほしいな･･･。そ、それが村を守るために大事なことだから･･･。
1,talk,19,4,3,我は運命の糸を操る者、占いの術に長じた者なり。占いの結果、Agent[04]は人間と判明した。Agent[02]はAgent[01]を人狼と断定したと主張するが、Agent[01]は己の発言に疑念を抱いている。真偽を確かめるべく、Agent[02]の言葉の矛盾を見抜く。故に、Agent[02]に投票する所存なり。
1,talk,20,4,1,>>Agent[04] 君の意見も大事だね。みんなの意見を聞こう！
1,vote,1,2
1,vote,2,1
1,vote,3,2
1,vote,4,1
1,vote,5,2
1,execute,2,POSSESSED
1,divine,3,1,WEREWOLF
1,attackVote,1,4
1,attack,4,true
2,status,1,WEREWOLF,ALIVE,barneko1
2,status,2,POSSESSED,DEAD,UEC-IL1
2,status,3,SEER,ALIVE,CanisLupus1
2,status,4,VILLAGER,DEAD,satozaki1
2,status,5,VILLAGER,ALIVE,Mille1
2,talk,0,0,3,我は、運命の糸を操る者なり。占いの結果、Agent[01]は人狼たるを、見定めし。
2,talk,1,0,1,>>Agent[02] 君の占い結果、根拠が薄いよね。みんなの意見も聞こうよ。
2,talk,2,0,5,>>Agent[02]の占い結果に疑問を抱くですよぅ！
2,talk,3,1,3,Over
2,talk,4,1,1,>>Agent[02] 君の結果は矛盾が多いように見えるよ。説明してほしいな。
2,talk,5,1,5,>>Agent[01] ぼくもAgent[02]の結果は矛盾が多いように見えますよぅ！
2,talk,6,2,1,>>Agent[02] 君の占い結果には疑問が多いよ。具体的な根拠を教えて！
2,talk,7,2,5,Over
2,talk,8,3,1,>>Agent[02] 君の結果、みんなの意見と矛盾しているよ。説明してみて！
2,talk,9,4,1,>>Agent[02] 君の占い結果、本当に信頼できるのか再確認したいな。根拠を教えて！
2,divine,3,5,HUMAN
3,status,1,WEREWOLF,,barneko1
3,status,2,POSSESSED,DEAD,UEC-IL1
3,status,3,SEER,ALIVE,CanisLupus1
3,status,4,VILLAGER,DEAD,satozaki1
3,status,5,VILLAGER,ALIVE,Mille1
3,result,2,1,NONE