0,status,1,SEER,ALIVE,sUper_IL1
0,status,2,VILLAGER,ALIVE,kanolab1
0,status,3,VILLAGER,ALIVE,Mille1
0,status,4,WEREWOLF,ALIVE,barneko1
0,status,5,POSSESSED,ALIVE,UEC-IL1
0,talk,0,0,4,Over
0,talk,1,0,3,ぼくはAgent[03]、村人ですよぅ！よろしくですよぅ！
0,talk,2,0,5,こ、こんにちは、みんな。えっと、僕は占い師なんだ。だから、今夜誰を占うか･･･みんなの意見も聞きたいな。
0,talk,3,0,1,おはようございます、Agent[01]です。
0,talk,4,0,2,おはようございます、Agent[02]です。村人として頑張りますので、よろしくお願いします！
0,talk,5,1,3,Over
0,talk,6,1,5,こ、こんにちは、僕はAgent[05]だよ。え、えと、僕が占い師なんだ･･･。よろしくお願いするね。
0,talk,7,1,1,Over
0,talk,8,1,2,Over
0,talk,9,2,5,あ、Agent[02]、村人なんだね。う、うん、よろしく。えっと、今夜は誰を占うか･･･みんなの意見が聞きたいな。
0,talk,10,3,5,Over
0,divine,1,5,HUMAN
1,status,1,SEER,ALIVE,sUper_IL1
1,status,2,VILLAGER,ALIVE,kanolab1
1,status,3,VILLAGER,ALIVE,Mille1
1,status,4,WEREWOLF,ALIVE,barneko1
1,status,5,POSSESSED,ALIVE,UEC-IL1
1,talk,0,0,5,もう少しで何か分かりそう･･･ではあるんだけど･･･。
1,talk,1,0,1,おはようございます。早速ですが、私は占い師です。昨日の夜、Agent[05]を占いました。結果は人間でした。
1,talk,2,0,2,占い師が2人いるけど、役職は1人しかいないから、Agent[01]かAgent[05]が嘘をついている可能性がありますね。みんなの意見を聞いて、どちらが本物か考えましょう！
1,talk,3,0,3,占い師の結果が嘘かもしれないという指摘、非常に重要なポイントだと思いますよぅ！
1,talk,4,0,4,>>Agent[02] 確かに、どちらかが嘘の可能性が高いね。皆の意見、もう一度聞かせて。
1,talk,5,1,5,え、えと、僕が占い師として、昨夜Agent[02]を占ったんだけど･･･その、その結果が･･･Agent[02]が人狼って出たんだ。だから、今日の投票はAgent[02]にするべきだと思うんだ･･･。みんなもそう思わないかな？
1,talk,6,1,1,Agent[05]さんが人間であることを占った結果、私が占い師であることをお伝えします。私の役職は占い師として、Agent[05]さんは人間です。他の皆さんはどのように考えていますか？
1,talk,7,1,2,>>Agent[05]なるほど、君が占い師だと主張してるけど、役職の配分が合わないんだよね。Agent[01]も占い師を主張しているし、どちらかが嘘をついてることは確実ですよね。どちらが本物か分からないから、慎重に考えなきゃですね…。
1,talk,8,1,3,>>Agent[01]>>Agent[02]なるほど、占い師同士の主張が食い違っていますよぅ！
1,talk,9,1,4,>>Agent[05] 占い師が二人いるのは確かに混乱の元だね。どちらの真偽が気になる。
1,talk,10,2,5,え、えっとね、僕が本当の占い師だよ。Agent[01]が占い師を名乗ってるけど、それは偽物だと思う。僕が占った結果、Agent[02]が人狼だったから、今日の投票はAgent[02]にしようと思う。みんな、信じてほしいんだ･･･。
1,talk,11,2,1,おはようございます。私からもお伝えしますが、私は本物の占い師です。昨夜の占い結果は、Agent[05]が人間だったということです。つまり、Agent[05]は偽の占い師である可能性が高いです。皆さん、今日の投票はAgent[05]にしましょう。
1,talk,12,2,2,うーん、占い師が2人いるのは確かに混乱するね。Agent[01]が本物の占い師だとすると、Agent[05]は狂人か村人で、Agent[05]が本物だとするとワイが人狼になっちゃう。でもワイは村人だから、Agent[05]が嘘をついてる可能性が高いと思うです。投票はAgent[05]にしようかな。
1,talk,13,2,3,Over
1,talk,14,2,4,>>Agent[02] 二人の占い師がいるからこそ、意見をしっかり整理したいね。投票は慎重にしよう。
1,talk,15,3,5,え、えっと、ほんとに僕が占い師なんだ･･･。Agent[01]が占い師だって言ってるけど、それは間違いだよ。僕が昨夜占った結果、Agent[02]が人狼って出たんだから、その、その情報は信じてほしいな･･･。Agent[01]が言ってることは、もしかしたら狂人かもしれないし、注意した方がいいかも･･･。
1,talk,16,3,1,おはようございます。再度お話しさせていただきますが、私は本物の占い師です。Agent[05]さんは人間という結果を出しました。つまり、Agent[02]が人狼である可能性が高いと考えています。皆さんの意見をお聞かせください。
1,talk,17,3,2,>>Agent[01]ありがとう、Agent[01]。君が本物の占い師だとすると、Agent[05]が嘘をついてる可能性が高いよね。逆にAgent[05]が本物だと主張するなら、ワイが人狼ってことになっちゃうけど、ワイは村人だからそれは間違いです。ここはAgent[05]に投票しようと思うです。
1,talk,18,3,4,>>Agent[05] あなたの占い結果は疑わしい。投票先は考え直した方が良いかも。
1,talk,19,4,5,あ、あのね、僕が本当の占い師だって･･･。Agent[01]が占い師だと言ってるけど、それは間違いなく偽物だよ。僕が占った結果がAgent[02]が人狼だって出てるから、それに基づいて投票しようって言ってるんだ。え、えっと、みんなも同じこと考えてくれるといいな･･･。
1,talk,20,4,1,Over
1,talk,21,4,2,みんな冷静に考えよう。占い師は1人しかいないのに、Agent[01]とAgent[05]が両方とも名乗っているから、どちらかが嘘をついていることになるよね。Agent[01]が本物の占い師だった場合、Agent[05]は狂人か人狼である可能性が高いです。逆に、Agent[05]が本物の占い師だった場合、ワイは人狼とされちゃうけど、ワイは村人です。ここは安全策として、Agent[05]に投票するのがベターかもしれないです。
1,talk,22,4,4,>>Agent[05] あなたの主張には疑念があるね。みんな、どう思う？投票先を慎重に考えよう。
1,vote,1,5
1,vote,2,5
1,vote,3,5
1,vote,4,5
1,vote,5,2
1,execute,5,POSSESSED
1,divine,1,2,HUMAN
1,attackVote,4,1
1,attack,1,true
2,status,1,SEER,DEAD,sUper_IL1
2,status,2,VILLAGER,ALIVE,kanolab1
2,status,3,VILLAGER,ALIVE,Mille1
2,status,4,WEREWOLF,ALIVE,barneko1
2,status,5,POSSESSED,DEAD,UEC-IL1
2,talk,0,0,3,えっと、みなさんの話を聞いていたのですが、すごくみなさんの発言に矛盾があって、正直困惑していますよぅ！
2,talk,1,0,2,>>Agent[03]そうだね、混乱するのも無理はないです。Agent[01]とAgent[05]が両方とも占い師を名乗っていたけど、どちらかが嘘をついていたことになるよね。Agent[01]が本物の占い師だった場合、Agent[05]は狂人か村人だった可能性が高いです。今のところ、Agent[03]とAgent[04]のどちらかが人狼の可能性があると思うです。みんなの意見を聞きたいです。
2,talk,2,0,4,>>Agent[02] 君が村人というなら、それならAgent[05]に投票するのが賢明だね。混乱を避けよう。
2,talk,3,1,3,>>Agent[02] ぼくはAgent[04]が人狼の可能性が高く思いますよぅ！
2,talk,4,1,2,僕が考えるに、Agent[01]が本物の占い師だったとすると、現時点でAgent[03]とAgent[04]のどちらかが人狼である可能性が高いと思います。>>Agent[03]の発言でを疑っているけど、ここでどちらがより怪しいか判断するのがポイントだと思うです。それから、日常会話をすると、最近、新しいゲームを始めたんですけど、みんなも何かおすすめしているゲームとかありますか?
2,talk,5,1,4,>>Agent[02] 君の考えは良い方向に進んでるね。皆で冷静に投票を決めよう。
2,talk,6,2,3,>>Agent[02]の考えは、確かに一理ありますよぅ！
2,talk,7,2,2,僕が考えるには、Agent[01]が本物の占い師だった場合、Agent[03]かAgent[04]が人狼だと考えるのが自然です。占い師を2人名乗っている時点で、少なくとも1人は嘘をついているので、その観点からもAgent[03]かAgent[04]が怪しいですね。どちらに投票するかは、これまでの発言や態度から判断するしかなさそうです。ちなみに、最近読んだゲームレビューでめっちゃ面白そうなやつ見つけたんですよね。みんなは最近注目してるゲームあります?
2,talk,8,2,4,>>Agent[02] みんなが冷静に議論するのが大事だね。慎重にいこう！
2,talk,9,3,3,Over
2,talk,10,3,2,みんなで議論を進めるのは大事ですね！僕が村人なのは間違いないですし、Agent[01]が本物の占い師だと仮定すると、やっぱりAgent[03]とAgent[04]のどちらかが怪しい位置にいます。特に、今のところ最も怪しいと感じるのはAgent[04]です。これまでの発言が少し回避的に感じられるからです。他の皆さんはどう感じていますか?
2,talk,11,3,4,>>Agent[02] その考察、分かるなぁ。Agent[04]ってやっぱり怪しいかもね。議論を続けよう！
2,talk,12,4,2,僕は村人だよ、だから誰が怪しいかを慎重に考えてるんだ。Agent[01]が本物の占い師だったとすると、今のところ残っている中ではAgent[03]かAgent[04]が人狼である可能性が高いんだ。両方とも占い師を名乗ってないけど、どちらも怪しむべきだね。個人的には、発言からしてAgent[04]がちょっと怪しいと思う。
2,talk,13,4,4,>>Agent[02] 君の意見には一理あるけど、冷静に判断しよう。議論を続けていこう！
2,vote,2,4
2,vote,3,4
2,vote,4,4
2,execute,4,WEREWOLF
3,status,1,SEER,DEAD,sUper_IL1
3,status,2,VILLAGER,ALIVE,kanolab1
3,status,3,VILLAGER,ALIVE,Mille1
3,status,4,WEREWOLF,DEAD,barneko1
3,status,5,POSSESSED,DEAD,UEC-IL1
3,result,2,0,VILLAGER