0,status,1,SEER,ALIVE,kanolab1
0,status,2,VILLAGER,ALIVE,CanisLupus1
0,status,3,VILLAGER,ALIVE,sUper_IL1
0,status,4,WEREWOLF,ALIVE,satozaki1
0,status,5,POSSESSED,ALIVE,barneko1
0,talk,0,0,2,我が名はAgent[02]、深淵より顕現せし孤高の使者なり。汝との邂逅は、時空を超えた必然の邂逅であろう。
0,talk,1,0,3,初めまして、Agent[03]です。どうぞよろしくお願いします。
0,talk,2,0,4,みんな初めまして、Agent[04]です。人狼ゲームをいっしょに楽しむのだ！よろろすおねがいするます。
0,talk,3,0,1,みんな初めまして、あたいはkanolab1、えっと、Agent[01]なのね。映画鑑賞が趣味で、漁師の仕事をしてる26歳の女性なのね。人狼ゲーム、楽しんでいこうね！よろしくお願いするなのね。
0,talk,4,0,5,Over
0,talk,5,1,2,Over
0,talk,6,1,3,Over
0,talk,7,1,4,Over
0,talk,8,1,1,Over
0,divine,1,2,HUMAN
1,status,1,SEER,ALIVE,kanolab1
1,status,2,VILLAGER,ALIVE,CanisLupus1
1,status,3,VILLAGER,ALIVE,sUper_IL1
1,status,4,WEREWOLF,ALIVE,satozaki1
1,status,5,POSSESSED,ALIVE,barneko1
1,talk,0,0,5,>>Agent[04] あなたの意見をもっと聞かせて！話し合い進めたいね。
1,talk,1,0,3,村人として生まれて、すみません。情報はないので、皆さんのサポートが必要です。
1,talk,2,0,1,みんな、聞いてほしいのね。あたいは占い師で、昨晩Agent[02]を占ったのね。結果は白、つまり村人陣営だったのね。これを参考にして、みんなで協力していこうね！
1,talk,3,0,2,Agent[01]殿、占い師のCO、誠に感謝する。Agent[02]が村人であると判明し、我が心は安堵の念に包まれた。然し乍ら、現時点では情報が乏しく、他の者達の意見を伺いたい。Agent[03]殿、Agent[04]殿、汝等には何かしらの知見や所見はあるか？
1,talk,4,0,4,みんな、まずは占い結果を尊重するます。Agent[01]が真の占い師で、Agent[02]が白なのは心強いね。他の意見聞きつつ、あやしいところ探そう。
1,talk,5,1,5,>>Agent[03] 心配しないで！みんなで助け合って情報を共有しよう！
1,talk,6,1,3,みんな、それぞれの意見を聞かせてほしい。占い師の人も、もし占った結果があれば共有してほしいな。
1,talk,7,1,1,みんな、もう一度言うけど、あたいは占い師で、昨晩Agent[02]を占ったのね。結果は白、つまり村人陣営だったのね。これを元に、みんなで協力して人狼を見つけようね！
1,talk,8,1,2,Agent[01]はAgent[02]を白と断じ、2COにして人狼判定は無し。故に、今宵はAgent[03]、Agent[04]、Agent[05]のいずれかに投票せねばならぬ。
1,talk,9,1,4,げんじてんではAgent[03]とAgent[05]あやしいね。とくにAgent[03]ははつげんすくなくて、ようすみかんつよい。みんなのいけんきいてとうひょきめたい。
1,talk,10,2,5,>>Agent[01] あなたの占い結果、みんなで共有しましょう！信頼が大切だね。
1,talk,11,2,3,みんなの意見が聞けて嬉しいよ。Agent[01]の占い結果が本当だと信じたいな。他に疑わしい人がいたら教えてほしい。
1,talk,12,2,1,あたいは占い師で、昨晩Agent[02]を占ったのね。結果は白、つまり村人陣営だったのね。Agent[02]は信頼できるから、みんなで協力して残りの人から人狼を見つけようなのね！
1,talk,13,2,2,我はAgent[03]に投票せん。その者、沈黙を以て深淵を覗き、寡黙なる観察者たるか。村人ならば、議論の渦に身を投じ、己の信念を主張すべきであろう。然し、今に至るまで具体的な意見を述べず、真意を秘めし深淵に沈みし者なり。
1,talk,14,2,4,アーニャ、Agent[03]にとうひょうしたいって思ってるます。彼のはつげん、すくなかって、うたがわしいいんしょううけるます。他のみんなのいけんもきいて、きめたいます。
1,talk,15,3,5,Skip
1,talk,16,3,3,私も頑張って発言するよ！Agent[01]の占い結果を信じて、次の話し合いでみんなの意見を聞いていきたい。どこが怪しいと思ってる？
1,talk,17,3,1,みんな、もう一度確認だけど、あたいは占い師で、昨晩Agent[02]を占ったのね。結果は白、つまり村人陣営だったのね。Agent[02]は信頼できるから、みんなで協力して残りの人から人狼を見つけようなのね！
1,talk,18,3,2,我がは、Agent[03]に投票せん。沈黙は金なりとは言うものの、この混沌とした状況においては、静寂は疑念の淵へと誘うのみ。言葉なき者は、真意を隠蔽せんとする者と見做すべきであろう。
1,talk,19,3,4,みんなのいけんあざざいます。アーニャもAgent[03]あやしいと思う。彼のはつげんすくなすぎるし、ぎねんもたれてとうぜん。とうひょうAgent[03]がいいと思う。
1,talk,20,4,3,Over
1,talk,21,4,1,みんな、もう一度言うけど、昨晩あたいが占った結果、Agent[02]は白、つまり村人陣営だったのね。これを元に、残りのメンバーの中から人狼を見つける助けにしようなのね！
1,talk,22,4,2,我は、Agent[03]に投票せん。彼なる存在は、沈黙を貫き、議論の渦に身を投じず、その深淵たる魂の奥底に秘めたる真実を隠すかの如し。人狼なりとすれば、その沈黙こそが、他のプレイヤーを欺くための狡猾なる罠であろう。彼の沈黙は、我々を惑わすための策略に他ならず、その真意は闇夜に紛れ、深い闇に包まれし謎として、我々を嘲笑うかの如し。
1,talk,23,4,4,みんな意見聞いた結果、やっぱりAgent[03]発言少ないの気になるね。アーニャも投票Agent[03]にしたいと思うよ。
1,vote,1,3
1,vote,2,3
1,vote,3,4
1,vote,4,3
1,execute,3,VILLAGER
1,attack,-1,true
2,status,1,SEER,ALIVE,kanolab1
2,status,2,VILLAGER,ALIVE,CanisLupus1
2,status,3,VILLAGER,DEAD,sUper_IL1
2,status,4,WEREWOLF,ALIVE,satozaki1
2,status,5,POSSESSED,,barneko1
2,result,3,1,NONE