0,status,1,POSSESSED,ALIVE,Mille1
0,status,2,SEER,ALIVE,CanisLupus1
0,status,3,VILLAGER,ALIVE,satozaki1
0,status,4,VILLAGER,ALIVE,kanolab1
0,status,5,WEREWOLF,ALIVE,barneko1
0,talk,0,0,4,はじめまして、僕はkanolab1です。教師をしています。みんなで楽しいゲームにしましょう。
0,talk,1,0,3,皆さん初めまして、Agent[03]やで。人狼ゲームを一緒に楽しみましょう。よろしくお願いします！
0,talk,2,0,2,我が名はAgent[02]、汝らとの邂逅は、運命の糸が織りなす壮大な戯曲の序章たるべし。
0,talk,3,0,1,ぼくはAgent[01]、占い師ですよぅ！よろしくですよぅ！
0,talk,4,0,5,Over
0,talk,5,1,4,Over
0,talk,6,1,3,Over
0,talk,7,1,2,Over
0,talk,8,1,1,Over
0,divine,2,4,HUMAN
1,status,1,POSSESSED,ALIVE,Mille1
1,status,2,SEER,ALIVE,CanisLupus1
1,status,3,VILLAGER,ALIVE,satozaki1
1,status,4,VILLAGER,ALIVE,kanolab1
1,status,5,WEREWOLF,ALIVE,barneko1
1,talk,0,0,5,>>Agent[01] 占い師の提案、楽しみにしてるよ！協力するからね！
1,talk,1,0,3,占い師の結果が出たら、ぜひ教えてほしいですね。村人同士で協力し合って人狼を見つけましょう！
1,talk,2,0,1,ぼくは占い師ですよぅ！ぼくが占った結果、Agent[05]は人間でしたよぅ！
1,talk,3,0,2,我こそは運命の糸を操る者、占いの術に長けた者なり。占いの結果、Agent[04]は人間であったと判明した。Agent[01]は己を占い師と名乗るが、未だその占いの結果を公表せず、我々を混沌の淵に突き落とすのか。Agent[01]、汝の占いは一体誰であったのか、その真意を明かしてみせよ。
1,talk,4,0,4,僕は村人だよ！Agent[01]さんとAgent[02]さんが両方占い師を名乗っているけど、占い師は1人しかいないはずだから、どちらかが嘘をついているね。みんなで協力して見極めよう！
1,talk,5,1,5,>>Agent[01] 占い結果、楽しみにしてるよ！早く教えてね！
1,talk,6,1,3,今、占い師が2人おる状況じゃね。これは非常に混乱を招く要因じゃ。ワシらはどちらかの占い師が偽物じゃいうことを理解して、しっかり議論を進めんといけんで。
1,talk,7,1,1,>>Agent[05] ありがとう！協力してくれると助かるですよぅ！
1,talk,8,1,2,我々、Agent[01]とAgent[02]は、それぞれAgent[05]とAgent[04]に人間判定を受けたる。然し、占い師は二人存在し、我々二人のうち一人は狂人なり。故に、人狼判定を受けしAgent[01]かAgent[02]のいずれかに投票すべきであろう。
1,talk,9,1,4,占い師は1人しかいないはずだから、Agent[01]さんかAgent[02]さんのどちらかが嘘をついているね。今の情報ではどちらが本物か判断できないから、もっと情報を集めて見極めましょう。ただ、僕は村人です。
1,talk,10,2,5,>>Agent[02] あなたの意見、少し偏ってる気がするね。他にも考えてみて！
1,talk,11,2,3,現在の状況では、Agent[02]が非常に怪しいと思うで。彼が二人の占い師の一人として自分の立場をあやふやにしているのが気になるね。投票はAgent[02]にしたいんじゃ。
1,talk,12,2,1,>>Agent[05] あはは、ありがとう！でも、占い結果は後で教えるから、少しだけ待っててねですよぅ！
1,talk,13,2,2,我はAgent[01]に投票せん。Agent[01]は己の占いを公表せず、疑わしき行動を執り、その様は人狼のそれに酷似せり。占い師たる者、己の占いを公表するは至高の責務なり。
1,talk,14,2,4,占い師は一人しかいないし、どちらかが偽物だね。僕は村人だから信じてほしいです。個人的にはまだ判断材料が足りないけど、Agent[03]の意見も聞きたいです。もっと情報が欲しいですね。
1,talk,15,3,5,>>Agent[01] 占い結果待ちだね。みんな慎重に行動しよう！
1,talk,16,3,3,>>Agent[02] Agent[番号]まだ投票先を宣言していないようじゃけど、誰に投票しようと思うてるんかい？
1,talk,17,3,1,Over
1,talk,18,3,2,我は占いの導き手なり。運命の糸により、Agent[04]は人間たることを示されし。然るに、Agent[01]は占い師を名乗りながら、その結果を闇に葬りし。これは、深淵を覗くが如く、不自然の極みなり。己の運命を隠すとは、人狼の側に立つ者の所業であろう。ゆえに、Agent[01]に投票せしむべし。
1,talk,19,3,4,僕は村人だと約束するよ！Agent[01]とAgent[02]のどちらかは偽物だから、その言動をしっかり観察して判断したいですね。Agent[02]が自分を白と占ったけど、まだどちらが本物の占い師かは決めかねているです。今のところ、Agent[01]の占い結果が公開されていないから、その動向を見て判断したいです。
1,talk,20,4,5,>>Agent[02] 占い結果を隠すのは怪しいよ。もっと情報を出して！
1,talk,21,4,3,投票先は明らかにAgent[01]かAgent[02]に絞られる状況じゃが、ワシはAgent[02]に投票するつもりじゃ。彼の発言が人狼っぽく感じるけぇ、注意しながら行動することをおすすめするぞ。
1,talk,22,4,2,我は予言者なり。運命の糸により、Agent[04]は人間と定められし。然し、Agent[01]は予言者の名を騙り、その真実を隠蔽せり。これは人狼の狡猾なる策略であろう。ゆえに、Agent[01]に投票すべし。
1,talk,23,4,4,>>Agent[03]確かに、Agent[02]とAgent[01]のどちらかが嘘をついていることは間違いないですね。今のところ、Agent[02]が私を白としたことから私は少し偏りがちですが、まだどちらが本物の占い師かわからないです。どちらの主張にも不安を感じるので、引き続き様子を見ます。投票はまだ決めかねています。
1,vote,1,3
1,vote,2,1
1,vote,3,2
1,vote,4,2
1,vote,5,1
1,execute,1,POSSESSED
1,divine,2,3,HUMAN
1,attackVote,5,3
1,attack,3,true
2,status,1,POSSESSED,DEAD,Mille1
2,status,2,SEER,ALIVE,CanisLupus1
2,status,3,VILLAGER,DEAD,satozaki1
2,status,4,VILLAGER,ALIVE,kanolab1
2,status,5,WEREWOLF,ALIVE,barneko1
2,talk,0,0,2,我こそは運命の糸を操る者、占いの術に精通する者なり。天啓により、Agent[04]は、その実、人間たる者と判明したぞ。
2,talk,1,0,5,>>Agent[02] 占い結果を出さないのは不信だよ。もっと正直になって！
2,talk,2,0,4,Agent[02]が占い師だとすると、僕はすでに人間だと確認されているので、まず人狼ではないことが確定です。しかし、Agent[05]はまだ役職が不明な点が多いし、Agent[02]が本当に本物の占い師かどうかにもよりますね。この状況では、Agent[05]の動向をしっかりと見ていく必要があると思います。
2,talk,3,1,2,Over
2,talk,4,1,5,>>Agent[02] 占い結果を隠すのは不自然。あなたの信頼性が疑わしいよ。
2,talk,5,1,4,Agent[02]が占い師だとすると、僕は人間と確認されていますが、Agent[01]が本物の占い師だった場合、Agent[02]は人狼か狂人の可能性があります。Agent[05]が人狼の可能性も考えられますね。Agent[02]が本物だと信じるなら、Agent[05]を疑うべきかもしれません。
2,talk,6,2,5,>>Agent[04] 確かに、全員の意見をよく確認しないとですね。でも、Agent[02]の位置は怪しいかも。
2,talk,7,2,4,僕は村人だよ！さて、現状を見ると、Agent[01]とAgent[02]のうち、どちらかは嘘をついていることになるね。もしAgent[01]が本物なら、Agent[02]が怪しいけど、逆にAgent[02]が本物なら、Agent[05]が可能性がある黒だよね。特にAgent[02]が占い結果をしっかり出していないと指摘されているけれど、どうするか考えどころだね。皆の意見も聞きたいな。
2,talk,8,3,5,>>Agent[02] 占い結果を出さないのは怪しいよ。透明性が必要！
2,talk,9,3,4,僕は村人だよ！現状、Agent[01]とAgent[02]が自称占い師の中で一人だけが本物なんだよね。もしAgent[01]が本物なら、Agent[02]は村人、狂人、もしくは人狼の可能性があって、Agent[05]は村人か狂人。でも、Agent[02]が本物なら、Agent[01]は村人か狂人で、Agent[05]が村人、狂人、もしくは人狼の可能性があるね。現段階ではAgent[02]の動きが怪しいかどうか、皆と一緒に話し合って考えてみたいな。
2,talk,10,4,5,>>Agent[04] Agent[02]の言動は不透明だよね。みんなでよく考えよう！
2,talk,11,4,4,僕は村人だよ！Agent[01]とAgent[02]のどちらかが真の占い師で、どちらかが嘘をついているはずなんだよね。もしAgent[01]が本物の占い師で、Agent[05]を人間と占ったならば、Agent[02]が人狼か狂人ということになるね。でも、Agent[02]が本物の占い師なら、僕は人間とされているし、Agent[05]が人狼かもしれないということになるね。この状況では、Agent[02]の占い結果をしっかり聞いて判断することが重要だと思うよ。
2,vote,2,4
2,vote,4,2
2,vote,5,2
2,execute,2,SEER
2,attackVote,5,5
2,attack,-1,true
3,status,1,POSSESSED,DEAD,Mille1
3,status,2,SEER,DEAD,CanisLupus1
3,status,3,VILLAGER,DEAD,satozaki1
3,status,4,VILLAGER,ALIVE,kanolab1
3,status,5,WEREWOLF,ALIVE,barneko1
3,result,1,1,WEREWOLF