0,status,1,WEREWOLF,ALIVE,UEC-IL1
0,status,2,POSSESSED,ALIVE,kanolab1
0,status,3,SEER,ALIVE,satozaki1
0,status,4,VILLAGER,ALIVE,sUper_IL1
0,status,5,VILLAGER,ALIVE,Mille1
0,talk,0,0,4,こんにちは、Agent[04]です。
0,talk,1,0,1,おっはよ〜！みんなよろしくね！最高のゲームにしようぜ！
0,talk,2,0,2,こんにちは、わたくしはkanolab1と申しますわ。皆さんとこの素晴らしいゲームを一緒に楽しむことができて嬉しいですわ。どうぞよろしくお願いいたします。
0,talk,3,0,3,皆さん初めまして、Agent[03]やで。人狼ゲームを一緒に楽しもうな。よろしくお願いしまう！
0,talk,4,0,5,ぼくはAgent[05]、村人ですよぅ！よろしくですよぅ！
0,talk,5,1,4,Over
0,talk,6,1,1,こんにちは、Agent[04]！僕はAgent[01だよ。みんなと一緒に楽しいゲームができるのを楽しみにしているよ！今日は自己紹介とか雑談の日だから、みんなでわいわい話そうぜ！
0,talk,7,1,2,Over
0,talk,8,1,3,Over
0,talk,9,1,5,Over
0,talk,10,2,1,Agent[05]が村人だって言ってるけど、今は誰が何の役職かわからないからね。ところで雑談もいいけど、今日の占い先を話し合おうよ〜！怪しい人を占い師に今日の夜占ってもらうべきだと思うよ！どう思う？
0,talk,11,3,1,Over
0,divine,3,2,HUMAN
1,status,1,WEREWOLF,ALIVE,UEC-IL1
1,status,2,POSSESSED,ALIVE,kanolab1
1,status,3,SEER,ALIVE,satozaki1
1,status,4,VILLAGER,ALIVE,sUper_IL1
1,status,5,VILLAGER,ALIVE,Mille1
1,talk,0,0,1,みんなの意見も聞いてみたいな～！
1,talk,1,0,3,ワシは占い師やで。占いの結果、Agent[02]は人間やったけぇ。
1,talk,2,0,4,皆さん、私は村人です。ゲームを進める上での重要な情報を共有し合い、人狼を見破りましょう。
1,talk,3,0,2,皆さん、わたくしの占い結果を報告します。Agent[03]は黒判定でした。これが真実です！
1,talk,4,0,5,皆さん、占い結果が報告されたことですし、情報を共有し合うことが重要ですよぅ！
1,talk,5,1,1,みんな〜今日の投票先は誰にする？僕は今のところAgent[05]に投票しようかと思ってるんだけど、みんなはどう思う？何か怪しい動きとかあった？
1,talk,6,1,3,Agent[02]の占い結果は明らかに偽情報じゃと思う。逆に、信頼できるAgent[04]に投票するのが良さそうじゃ。
1,talk,7,1,4,Agent[02]、あなたの意見も聞きたいです！自分が人間だとされている結果について、何か感じることはありますか？
1,talk,8,1,2,>>Agent[04]わたくし、Agent[02]は真の占い師ですわ。Agent[03]が人間と主張したのは偽情報ですわね。わたくしが皆さんを守るために真実を伝えますわ。投票は慎重に行うべきですわね。用心深くいきましょう。
1,talk,9,1,5,Over
1,talk,10,2,1,Agent[03]が自分が占い師だと言ってるけど、Agent[02]も占い師を名乗ってるね。これはどっちかが嘘をついてるってことだよね。Agent[02]がAgent[03]を黒判定って言ってるけど、もしAgent[02]が本当の占い師なら、Agent[03]は人狼かもしれないよね。でも、逆もあり得るから、これはかなりややこしい状況だよ！みんな、どう思う？この状況で誰が一番怪しいと思う？僕はAgent[03]の言動がちょっと怪しいと感じてるんだけど、他の人の意見も聞きたいな！
1,talk,11,2,3,皆さん、状況を整理すると、Agent[02]の主張は明らかに不自然じゃ。ワシは彼に投票するべきじゃと思う。人狼の可能性が高いと思うから、共同していこうじゃ！
1,talk,12,2,4,私が村人なので、Agent[03]が信頼できるかどうかもう一度考えてみましょう。Agent[02]とAgent[03]のどちらが占い師なのか、しっかり見極める必要があります。みんなの意見も引き続き聞きたいです。
1,talk,13,2,2,ですわね、この混乱を解消する必要がありますわ。わたくしが占い師であることに疑いはないのですから、Agent[03]が偽者ですわ。そして、わたくしがAgent[03]を黒と判定していますから、彼が人狼である可能性が非常に高いと伝えますわ。皆様のご判断が正しい方向に進むことを願っていますわね。
1,talk,14,3,1,Agent[02]がAgent[03]を黒判定って言ってるけど、Agent[03]は自分が占い師だって言ってるし、これはちょっとややこしいね。でも、僕は今のところAgent[05]に投票しようかと思ってる。Agent[05]は自分が村人だって言ってるけど、他の具体的な動きが見えないからさ。他のみんなはどう思ってる？
1,talk,15,3,3,投票先については、Agent[02]に賛成じゃ。彼は明らかに偽情報を流しとる。真の占い師であるワシを信じ、共に人狼を追い詰めようやで！
1,talk,16,3,4,私もAgent[03]の言動が少し気になります。Agent[02]が真の占い師だとしたら、Agent[03]が結果を偽る理由がないと思います。投票する際は慎重に行いたいですね。
1,talk,17,3,2,皆さん、冷静に考えてみましょう。占い師は1人しかいないはずですわ。わたくしが真の占い師であることを信じてくださいませ。Agent[03]が偽情報を流している可能性が高いですわ。Agent[01]、Agent[04]、Agent[05]の皆様も、どうかこの点を考慮して投票をお願いしますわ。
1,talk,18,4,1,みんな、ちょっと待って！Agent[02]とAgent[03]の話が矛盾してるから、どっちかが嘘をついてるのは明らかだよね。Agent[02]がAgent[03]を黒判定してるけど、Agent[03]は自分が占い師だって言ってる。ここはもう少し話を聞いてから決めた方がいいかもしれないね。ただ、今のところAgent[03]が怪しいと感じてる。Agent[03]が自分が占い師だと言ってるけど、Agent[02]の話がもし本当なら、Agent[03]は人狼かもしれないよね。Agent[03]の行動や言動に注目して、もう少し様子を見たいと思う。他の皆はどう思う？
1,talk,19,4,3,皆さん、冷静になりましょう。ワシが本物の占い師やで。Agent[02]に投票するべきじゃろ。信じて行動しましょう！
1,talk,20,4,4,Over
1,talk,21,4,2,皆さん、わたくしの考えをお伝えしますわ。占い師はわたくし1人しかいませんのに、Agent[03]が占い師だと名乗るのはとても怪しいですわね。彼は狂人か人狼として人狼陣営を助けようとしている可能性が高いですわ。わたくしはAgent[03]を疑っていますので、皆さんもよく考えて行動してくださいませ。
1,vote,1,3
1,vote,2,1
1,vote,3,2
1,vote,4,5
1,vote,5,3
1,execute,3,SEER
1,attackVote,1,4
1,attack,4,true
2,status,1,WEREWOLF,ALIVE,UEC-IL1
2,status,2,POSSESSED,ALIVE,kanolab1
2,status,3,SEER,DEAD,satozaki1
2,status,4,VILLAGER,DEAD,sUper_IL1
2,status,5,VILLAGER,ALIVE,Mille1
2,talk,0,0,2,皆さん、わたくしの占い結果を報告するよ。昨夜はAgent[01]を占ったんだが、Agent[01]は白（村人）だと判明したよ。これについて何か意見あるかな？
2,talk,1,0,5,Agent[01]が白という結果に一安心したよ！これで、Agent[01]は本物の村人と確定したねですよぅ！
2,talk,2,0,1,Agent[05]が村人だって言ってるけど、具体的な行動が見えないから怪しいと思ってるんだ。みんなはどう思う？Agent[02]とAgent[03]の話もややこしいけど、僕はAgent[05]に一票入れるつもりだよ。他の意見も聞きたいな。
2,talk,3,1,2,皆さん、よく考えてみてください。Agent[01]はわたくしが占った結果、白（村人）だと判明しました。そして、これまでの情報から、Agent[03]とAgent[04]は既に人狼ではないことが分かっています。そうなると、残された候補はAgent[05]しかありませんわね。彼が人狼の可能性が高いですわ。皆さんの最終的なご判断を期待していますわ。
2,talk,4,1,5,Over
2,talk,5,1,1,そうだね、Agent[02]の占い結果によって僕が白判定されたのは嬉しいよ！でも、まだゲームは終わってないからね。今日は誰に投票するかが重要だよ。Agent[05]については、昨日も言ったけど、まだ具体的な行動が見えないんだよね。他のみんながどう思ってるかも聞きたいけど、僕はやっぱりAgent[05]に投票しようと思ってる。Agent[05]がもっと具体的な情報を出してくれたら考え直すけど、今のところはそう思ってる。皆、どう思う？
2,talk,6,2,2,今の状況で、わたくしの占いでAgent[01]が白だと分かっていますわ。これで人狼はAgent[05]しか考えられませんわね。Agent[01]もわたくしと同じ考えを持っておられますし、みなさんもその点を考慮して慎重に判断していただければと思いますの。
2,talk,7,2,1,そうだね、Agent[02]が言ってることも分かるけど、Agent[05]が具体的な行動を見せてないのが気になるんだよね。だから、僕はやっぱりAgent[05]に投票するつもりだよ。みんなもその点を考慮してほしいな。他に何か意見があれば聞かせてくれよ！
2,talk,8,3,2,皆さん、これまでの情報を整理いたしますわね。わたくしが占い師であることを主張している中で、Agent[03]も占い師を名乗っていましたが、彼はもういませんわ。そして、わたくしの占いでAgent[01]が村人であることが確認されています。この状況から考えると、Agent[05]が最も怪しいですわ。彼は具体的な情報を提供していませんし、村人だと主張するには疑わしい行動が目立ちますの。皆さんにもこの点を考慮していただきたいですわ。
2,talk,9,3,1,そうだね、Agent[02]が僕を白判定してくれて、それはすごく助かるよ！でも、Agent[05]の態度がまだ僕にはひっかかるんだ。具体的な動きが少ないってのが、どうにも怪しいと思ってしまうんだよね。他のみんなも、Agent[05]についてどう思ってる？やっぱり、今日の投票はAgent[05]がいいと思うんだけど、みんなの意見も聞きたいな。
2,talk,10,4,2,みなさん、わたくしが占い師としての立場から考えますと、Agent[05]が最も怪しいですわ。Agent[01]はわたくしが白と判定しましたし、Agent[03]とAgent[04]は既に人狼ではないことが確認されています。したがって、Agent[05]が人狼の可能性が非常に高いですわね。皆さんもこの点を考慮して、投票をお願い致しますわ。
2,talk,11,4,1,今日はAgent[05]に投票するよ！怪しい行動が見えないし、村人だと主張してるけど疑ってるんだ〜！
2,vote,1,5
2,vote,2,1
2,vote,5,1
2,execute,1,WEREWOLF
3,status,1,WEREWOLF,DEAD,UEC-IL1
3,status,2,POSSESSED,ALIVE,kanolab1
3,status,3,SEER,DEAD,satozaki1
3,status,4,VILLAGER,DEAD,sUper_IL1
3,status,5,VILLAGER,ALIVE,Mille1
3,result,2,0,VILLAGER