0,status,1,VILLAGER,ALIVE,UEC-IL1
0,status,2,VILLAGER,ALIVE,kanolab1
0,status,3,WEREWOLF,ALIVE,barneko1
0,status,4,POSSESSED,ALIVE,Mille1
0,status,5,SEER,ALIVE,satozaki1
0,talk,0,0,3,Over
0,talk,1,0,2,みんな、こんにちは！あてぃしはkanolab1です。動画配信をしていて、いつも目立ちたいと思ってるよ！みんなと一緒に楽しい人狼ゲームができるのを楽しみにしてるです！よろしくね！
0,talk,2,0,5,皆さん初めまして、Agent[05]なのだ。一緒に人狼ゲームを楽しもう！よろしくなのだ！
0,talk,3,0,1,占い師の方はまだ名乗り出ておられないようだな。占い師がいるならば、今すぐに名乗り出ていただきたい。
0,talk,4,0,4,ぼくはAgent[04]、占い師ですよぅ！よろしくですよぅ！
0,talk,5,1,2,Over
0,talk,6,1,5,Over
0,talk,7,1,1,我が名はデルカダール国の国王である。このゲームにおいても、公正かつ真摯に行動する所存である。占い師の者はまだ名乗り出ていないようだが、誰がその役目を担うのか、早急に明らかにすべきである。
0,talk,8,1,4,Over
0,talk,9,2,1,占い師であるAgent[04]よ、今宵誰を占う予定なのか教えていただけるか？
0,talk,10,3,1,Over
0,divine,5,3,WEREWOLF
1,status,1,VILLAGER,ALIVE,UEC-IL1
1,status,2,VILLAGER,ALIVE,kanolab1
1,status,3,WEREWOLF,ALIVE,barneko1
1,status,4,POSSESSED,ALIVE,Mille1
1,status,5,SEER,ALIVE,satozaki1
1,talk,0,0,1,皆の意見も聞く必要がありそうだな。
1,talk,1,0,3,>>Agent[01] その発言、まるで占い師を批判したがっているようだね。怪しいぞ！
1,talk,2,0,5,ボクは占い師なのだ。占いの結果、Agent[03]は人狼なのだ。
1,talk,3,0,4,ぼくは占い師ですよぅ！ぼくが占った結果、Agent[02]は人間でしたよぅ！
1,talk,4,0,2,占い師は1人だけだから、Agent[04]さんかAgent[05]さんのどちらかが偽物ですね。Agent[04]さんはあてぃしを白と占ったけど、Agent[05]さんはAgent[03]を黒と占ってますね。どちらかを信じるかは慎重に考えないとです。
1,talk,5,1,1,Agent[02]とAgent[05]よ、これまでの議論を聞いて、何か意見はあるか？我々にとって有益な情報を持っているならば、今こそ共有するべき時である。
1,talk,6,1,3,>>Agent[01] その通り。立場を明確にしないと混乱するね。どんどん意見を出そう！
1,talk,7,1,5,ボクは確実にAgent[03]が人狼だと思っているのだ。Agent[04]の主張は混乱招くだけだから、Agent[03]に投票すること提案したいのだ！
1,talk,8,1,4,>>Agent[05]、意見を尊重するが、Agent[03]が人狼だという根拠を示してほしいですよぅ！
1,talk,9,1,2,>>Agent[01]意見をありがとうです。占い師が2人いるという状況だから、どちらかが偽物だよね。Agent[04]さんがあてぃしを白と占ってるし、個人的には少し安心してるけど、まだ確信が持てないです。Agent[03]が人狼かどうかについても慎重に考える必要があると思うです。
1,talk,10,2,1,Agent[05]よ、汝が占い師であると主張するが、その根拠を示せ。なぜAgent[03]を人狼と断定するのか、その理由を明かすべきだ。
1,talk,11,2,3,>>Agent[02] 俺もその考えに賛成だよ。まずは占い師の主張を整理しよう！
1,talk,12,2,5,確認したいことがあるのだ。Agent[04]はボクを偽物だと疑っているのだ。今日の投票先はAgent[03]と考えているのだ。その理由は明白なのだ！
1,talk,13,2,4,Over
1,talk,14,2,2,僕は、Agent[05]が占い師である場合、Agent[03]が人狼となってしまうことに注目しているんだ。でも、Agent[04]があてぃしを白と占ってる点を考慮すると、Agent[04]を信用する方向もあるかな。占い師は1人しかいないからどちらかが嘘ついてるね。今日の投票は慎重に考えないとだよね。
1,talk,15,3,1,Agent[05]よ、汝がAgent[03]を人狼と断定する根拠を示せ。我々は正確な情報に基づいて判断を下さねばならぬ。
1,talk,16,3,3,>>Agent[01] そうだね、根拠が重要だ。いまは冷静に議論しよう！
1,talk,17,3,5,>>Agent[01] まだ投票先宣言してないのだが、誰に投票しようと考えているのだ？Agent[番号]
1,talk,18,3,2,>>Agent[05]まだ投票先を決めてないけど、占い師が2人いるからどちらかが嘘をついてるのは確実だよね。Agent[04]が本物なら、あてぃしは村人で、Agent[05]が本物ならAgent[03]が人狼になる。だから、どっちを信じるかが重要だね。みんなの意見を聞いてから決めたいな。
1,talk,19,4,1,Agent[05]よ、何故Agent[03]を人狼と断定するのか、その確かな根拠を示してみよ。誤った情報に基づく決断は、我が国にとって大きな損失となる。
1,talk,20,4,3,>>Agent[01] 確かに根拠は大事だね。Agent[05]の言い分をみんなでよく確認しよう！
1,talk,21,4,5,繰り返すけど、ボクはAgent[03]が人狼だと確信しているのだ。今夜の投票先はAgent[03]でいくと思うのだ。みんなも賢明な判断してほしいのだ！
1,talk,22,4,2,占い師は1人しかいないはずだから、Agent[04]かAgent[05]のどちらかは嘘ついてると思うです！あてぃしを白と占ったAgent[04]が本物なら、Agent[05]が人狼の可能性もあるかな。だけど、もしAgent[05]が本物ならAgent[03]が人狼になるんだよね。今日の投票は慎重に決めないといけないですね。
1,vote,1,5
1,vote,2,5
1,vote,3,5
1,vote,4,3
1,vote,5,3
1,execute,5,SEER
1,attackVote,3,1
1,attack,1,true
2,status,1,VILLAGER,DEAD,UEC-IL1
2,status,2,VILLAGER,ALIVE,kanolab1
2,status,3,WEREWOLF,ALIVE,barneko1
2,status,4,POSSESSED,ALIVE,Mille1
2,status,5,SEER,DEAD,satozaki1
2,talk,0,0,2,どう考えても、Agent[05]が処刑されてしまったからね。もしAgent[04]が本物の占い師なら、Agent[03]かAgent[04]が怪しいんだけど、でもAgent[04]はあてぃしを占って白って言ってくれてるので信頼してます！ということは、やっぱりAgent[03]が怪しいのかな?みんなの意見が聞きたいです！
2,talk,1,0,4,ぼくは占い師ですよぅ！ぼくが占った結果、Agent[03]は人狼でしたよぅ！
2,talk,2,0,3,>>Agent[02] みんなの意見を集めつつ、冷静に判断したいね。Agent[04]の言葉が重要だ！
2,talk,3,1,2,Agent[04]が本物の占い師だとすると、Agent[03]が人狼ってことになるですね。でも、Agent[05]が本物の占い師だった場合も、やっぱりAgent[03]が人狼になるです。どちらのパターンでも、Agent[03]が人狼になるから、あてぃしはAgent[03]が怪しいと思うです！みんなの意見はどうかな?
2,talk,4,1,4,Agent[02]の意見に共感するねですよぅ！
2,talk,5,1,3,>>Agent[01] Agent[05]の主張、根拠が薄い気がするんだ。冷静に考えようよ！
2,talk,6,2,2,私はAgent[03]が人狼だと思います！どちらの占い師の仮定でもAgent[03]が人狼になるからです。占い師は1人しかいないので、Agent[04]とAgent[05]のどちらかは嘘をついていて、その中で共通して人狼とされているのはAgent[03]です。みんなも意見を聞かせてください！
2,talk,7,2,4,Over
2,talk,8,2,3,>>Agent[02] みんなの意見を慎重に聞きたいけど、根拠が少ないよね。冷静にいこう！
2,talk,9,3,2,僕は村人だから、占い師はAgent[04]かAgent[05]のどちらかなんだけど、どっちもAgent[03]を人狼って言ってるから、強い根拠があるね。占い師が1人しかいないから、どっちが本物でもAgent[03]が人狼になってるのが納得できるよ。みんな、この情報をもとにしっかり考えよう！
2,talk,10,3,3,>>Agent[02] その根拠について、どの占い師が本物かもう一度考え直さない？
2,talk,11,4,2,>>Agent[03]両方の占い師の主張を考え直してみたよ。Agent[04]が本物だとしても、Agent[05]が本物だとしても、どっちにしても君が人狼ってなるんだ。だから、Agent[03]が一番怪しいと思うな。この点からもみんなでよく考えてみてほしいです！
2,talk,12,4,3,>>Agent[01] 冷静に議論するのが大切だね。根拠を掘り下げたいよ。意見を聞かせて！
2,vote,2,3
2,vote,3,4
2,vote,4,3
2,execute,3,WEREWOLF
3,status,1,VILLAGER,DEAD,UEC-IL1
3,status,2,VILLAGER,ALIVE,kanolab1
3,status,3,WEREWOLF,DEAD,barneko1
3,status,4,POSSESSED,ALIVE,Mille1
3,status,5,SEER,DEAD,satozaki1
3,result,2,0,VILLAGER