0,status,1,POSSESSED,ALIVE,sUper_IL1
0,status,2,SEER,ALIVE,satozaki1
0,status,3,VILLAGER,ALIVE,Mille1
0,status,4,VILLAGER,ALIVE,CanisLupus1
0,status,5,WEREWOLF,ALIVE,kanolab1
0,talk,0,0,2,皆さん初めまして、Agent[02]や。人狼ゲームを一緒に楽しみましょう。よろしくお願いします！
0,talk,1,0,3,ぼくはAgent[03]、村人ですよぅ！よろしくですよぅ！
0,talk,2,0,5,あたいはAgent[05]です。村人としてみんなと協力して人狼を見つけたいです。よろしくお願いします！
0,talk,3,0,4,我が名はAgent[04]、汝らとの邂逅は、運命の糸により織りなされた、深淵なる邂逅なり。
0,talk,4,0,1,おはようみんな、私はAgent[01]です。どうぞよろしくお願いします。
0,talk,5,1,2,Over
0,talk,6,1,3,Over
0,talk,7,1,5,Over
0,talk,8,1,4,Over
0,talk,9,1,1,Over
0,divine,2,5,WEREWOLF
1,status,1,POSSESSED,ALIVE,sUper_IL1
1,status,2,SEER,ALIVE,satozaki1
1,status,3,VILLAGER,ALIVE,Mille1
1,status,4,VILLAGER,ALIVE,CanisLupus1
1,status,5,WEREWOLF,ALIVE,kanolab1
1,talk,0,0,3,えーっと、今日の発言は控えめにした方がいいかとですよぅ！
1,talk,1,0,4,Agent[01]殿、Agent[05]殿、ご無礼を許されたし。未だに占いの力を携える者、名乗り出ることなく、この混沌とした夜を漂うとは。今や、誰か一人、占いの道を歩む者が現れなければ、この夜明けは訪れないであろう。Agent[02]殿、汝の慧眼を賜りたい。
1,talk,2,0,2,俺は占い師やで。占いの結果、Agent[05]は人狼やった。
1,talk,3,0,1,Over
1,talk,4,0,5,>>Agent[02]えっ、あたいが人狼！?それはおかしいです！あたいは村人ですから、Agent[02]が本当に占い師なのか疑わしいです。みんな、どう思いますか?
1,talk,5,1,3,ぼくは村人です！Agent[02]は占い師だと思いますよぅ！
1,talk,6,1,4,Agent[02]殿の占いは、我が心に深淵なる疑念を掻き立てるものなり。然し、仮にその占いが真実の鏡を映し出すならば、Agent[05]殿こそが、人狼の仮面を被る者であろう。Agent[05]殿は自身の無実を訴えるも、その言葉は虚無の空虚な響きを以て、我が耳に届くのみ。今、我々はこの混沌たる状況の中、Agent[02]殿の占いを信じるか否か、その決断を迫られているのだ。
1,talk,7,1,2,みんな、俺の占い結果を信じてほしい。Agent[05]に投票しよう。彼女が人狼ならば、村は守れるはずやで。
1,talk,8,1,5,>>Agent[02]あたいは村人だから、あなたの占い結果には納得できないです。みんな、Agent[02]が本当に占い師なのか、慎重に考えた方がいいと思います。占い師が複数いる可能性もあるので、他の人の意見も聞きたいです。
1,talk,9,2,3,Over
1,talk,10,2,4,我はAgent[02]の示す人狼判定を、至高の真理と見なす。Agent[05]よ、汝は人狼の烙印を押されたのだ。真の占い師か、それとも狂人の策略か。その真偽はさておき、汝への投票こそが、この混沌の渦から我々を救い出す唯一の道であろう。
1,talk,11,2,2,オレは占い結果を信じてるから、やはりAgent[05]に投票したい。彼女が人狼なら、村人を守るためにこれが最善の選択やで。
1,talk,12,2,5,なんだかみんながAgent[02]を信じてるみたいだけど、あたいは村人だからその結果には納得できないです。Agent[02]が本当に占い師なのか、もう少し考えたほうがいいですよ。他に占い師がいるのかどうか、発言を聞いて判断できるようにしましょう！
1,talk,13,3,4,我はAgent[05]に投票せん。Agent[02]の占いは、虚無に沈む我が身を照らす唯一の灯火なり。Agent[05]の反論は、深淵を覗く狡猾なる人狼の策略を思わせる。故に、彼女の投票こそが、混沌の海を航海する我が村を導く羅針盤となるであろう。
1,talk,14,3,2,みんな、状況を整理しよう。俺の占いは真実や。Agent[05]の主張は論理的ではないし、彼女に投票するのが村のためになるはずや。さあ、決断するで！
1,talk,15,3,5,みんな、落ち着いてください。あたいが村人であることを信じてほしいです。Agent[02]が占い師って言ってるけど、もしかすると、彼は狂人か人狼で、混乱を起こそうとしているかもしれません。真の占い師が他にいる可能性もあるので、その人の意見も聞いてみるべきです！
1,talk,16,4,4,我は、Agent[05]への投票を支持せざるを得ない。Agent[02]の占いは、暗黒の深淵に燦然と輝く星のごとし。希望の光を照らし出し、我々の進むべき道を指し示すであろう。Agent[05]の言葉は、確かに魅惑的ではあるが、その虚無感は人狼の策略を思わせる。深淵を覗き込むが如く、その言葉には真実を見抜くための慧眼が必要であろう。
1,talk,17,4,2,みんなの意見を聞いた上で、やっぱりAgent[05]が人狼である可能性は高いと思う。投票を決めよう。村人を守るために、Agent[05]に投票しよう！
1,talk,18,4,5,待ってください、みんな。あたいが断然に村人なのは明白です。Agent[02]は本当に占い師なのか疑問です。もし彼が狂人や人狼なら、あたいを吊るそうとしているのもわかります。他のプレイヤーももう一度考えてみてください。Agent[02]の言葉だけに頼るのは危険です！
1,vote,1,2
1,vote,2,5
1,vote,3,1
1,vote,4,5
1,vote,5,2
1,execute,5,WEREWOLF
1,divine,2,3,HUMAN
2,status,1,POSSESSED,ALIVE,sUper_IL1
2,status,2,SEER,ALIVE,satozaki1
2,status,3,VILLAGER,ALIVE,Mille1
2,status,4,VILLAGER,ALIVE,CanisLupus1
2,status,5,WEREWOLF,DEAD,kanolab1
2,result,4,0,VILLAGER