0,status,1,WEREWOLF,ALIVE,sUper_IL1
0,status,2,POSSESSED,ALIVE,satozaki1
0,status,3,SEER,ALIVE,Mille1
0,status,4,VILLAGER,ALIVE,kanolab1
0,status,5,VILLAGER,ALIVE,UEC-IL1
0,talk,0,0,5,皆の者、集え。この会合でお互いのことをよく知り、信頼を築くことが重要である。
0,talk,1,0,4,こんにちは、kanolab1です。Webライターをしていて、ゲームが大好きです。みんなと楽しみながら、人狼を見つけるため協力していければと思います。よろしくお願いします！
0,talk,2,0,2,皆さん初めまして、Agent[02]やで。人狼ゲームを一緒に楽しみましょう。よろしくお願いします！
0,talk,3,0,1,おっす、俺はAgent[01]。どうぞよろしくね。
0,talk,4,0,3,ぼくはAgent[03]、占い師ですよぅ！よろしくですよぅ！
0,talk,5,1,5,我々はここで何を話し合うべきか、意見を聞かせてほしい。
0,talk,6,1,4,Over
0,talk,7,1,2,Over
0,talk,8,1,1,Over
0,talk,9,1,3,Over
0,talk,10,2,5,Agent[03]、占い師としての責任は重大である。今宵、誰を占うか決めているのか？
0,talk,11,3,5,Over
0,divine,3,5,HUMAN
1,status,1,WEREWOLF,ALIVE,sUper_IL1
1,status,2,POSSESSED,ALIVE,satozaki1
1,status,3,SEER,ALIVE,Mille1
1,status,4,VILLAGER,ALIVE,kanolab1
1,status,5,VILLAGER,ALIVE,UEC-IL1
1,talk,0,0,5,皆の意見も聞く必要がありそうだな。
1,talk,1,0,4,>>Agent[05]そうですね、今はまだ情報が少ないですが、Agent[03]が占い師を名乗っているので、今後の占い結果を注視していく必要がありますね。初日は様子を見ながら、みんなの発言をよく聞いていきましょう。
1,talk,2,0,2,確かに、Agent[03]の発言が今後重要やな。占い師が本物であれば、村人側にとっては大きな助けになるで。俺たちも注意深く観察していきましょう。
1,talk,3,0,1,村人として参加しているよ。情報を共有し、集めることに努力して、村の平和を守るために協力しよう。
1,talk,4,0,3,ぼくは占い師ですよぅ！ぼくが占った結果、Agent[05]は人間でしたよぅ！
1,talk,5,1,5,Agent[01]、Agent[02]、Agent[04]、各々の意見を聞かせてもらいたい。我々がどのようにして人狼を見つけ出すべきか、具体的な戦略を述べよ。
1,talk,6,1,4,>>Agent[05]具体的な戦略としては、まずは冷静に情報を集めることが大切です。Agent[03]が占い師を名乗っている以上、彼の占い結果を重視していく必要があります。可能な限りみんなの会話から疑わしい行動や発言を見つけ出し、それを元にした推理を進めていくのが良いと思います。
1,talk,7,1,2,占い師の結果を基に他の参加者の発言を分析していくことも重要やな。特に占い対象者に対する反応を見逃さないようにしましょうやで。
1,talk,8,1,1,確かに、Agent[03]の行動に注目するのは重要やね。彼の占い結果が出るまで様子を見たい。ただ、現時点で何も発言がないのは気になるな。少し怪しい気もする。
1,talk,9,1,3,占い師の結果は、Agent[00]が狼でしたですよぅ！
1,talk,10,2,5,Agent[03]よ、占い結果によればAgent[02]が人狼とのことだが、本当にそうか？我々は慎重に次の行動を選ばねばならぬ。
1,talk,11,2,4,>>Agent[05]ちょっと待ってください、Agent[03]の占い結果が少し混乱していますね。さっきはAgent[05]が人間だと言っていましたが、今度はAgent[02]が人狼だと言っています。どちらかが間違っているか、あるいはAgent[03]が偽物の可能性も考えられます。慎重に考えましょう。
1,talk,12,2,2,占い師の結果に疑問が残るな。Agent[03]の正体が気になるやろ。現時点では、彼に投票するのがベストと思うで。皆も意見を聞かせてほしいわ。
1,talk,13,2,1,みんな、Agent[03]が占い師を名乗っているけど、本当に信じられるか？今日の彼の発言は何だか不自然で、一部の情報が疑わしいと思うんだ。彼が提供した結果が正しいとしても、彼自身が人狼である可能性を考慮する価値がある。だからこそ、今日はAgent[03]を追放するのが村にとって最善の選択だと思う。みんなの投票も、ぜひAgent[03]に賛同してほしい。
1,talk,14,2,3,Over
1,talk,15,3,5,Agent[01]、Agent[02]、Agent[04]、皆の意見を聞きたい。我々がどのようにして人狼を見つけ出すべきか、具体的な戦略を述べよ。
1,talk,16,3,4,>>Agent[05]了解です！今、Agent[03]が怪しいという意見がありますね。彼が占い師を名乗りつつ矛盾した発言をしているため、嘘をついている可能性が高いと思われます。特に、彼が本物の占い師だとしても、他の村人の信頼を得るのは難しい状況です。皆さんの意見を踏まえると、今日の追放の候補としてはAgent[03]が最も有力だと考えますが、他の可能性も慎重に検討したいです。
1,talk,17,3,2,みんなの意見を聞いた結果、やっぱりAgent[03]の信憑性は低いと思うで。彼に投票することが村を守るためには必要やと考えるで。
1,talk,18,3,1,みんな、Agent[03]の言動がかなり怪しいと思う。彼が占い師を名乗りながら、占い結果が矛盾しているから、絶対に信じられないよ。俺は人狼ゲームの経験が豊富で、偽物が混乱をもたらす様子を何度も見てきた。信頼できると思っていたAgent[05]の結果も変わっているし、これは危険信号だ。みんなも判断を誤らないように、Agent[03]への投票を考えてくれ。村を守るためには、彼を追放するのが最善だと思う！
1,talk,19,4,5,Agent[01]、汝の占い結果について、どのような根拠でAgent[02]を人狼と断定したのか説明してもらいたい。その理由を明らかにせねば、真実を見極めることは難しいぞ。
1,talk,20,4,4,>>Agent[05]なんでしょうか?Agent[01]が占い結果を提供しているわけではないので、彼の発言は推測に基づいていると思います。今のところ、Agent[03]の矛盾した発言が最も怪しいと感じています。彼が偽物の占い師である可能性が高いので、今日の投票はAgent[03]にするのが良いと思います。
1,talk,21,4,2,みんなの意見を総合的に考えて、今日の投票はAgent[03]にするべきやと確信したで。彼の言動は矛盾してるし、村のために最善の選択やと思うで。
1,talk,22,4,1,みんな、Agent[03]の発言が矛盾してるのは明らかだよね。彼が本当に占い師なら、自分の占い結果がこんなに混乱するはずがない。もし彼が人狼だったとしたら、私たち全員が危険に晒されるってことだ。村の安全のためには、彼を追放することが最も重要なんだ。だから、今日はAgent[03]に投票して、一緒に村を守ろう！
1,vote,1,3
1,vote,2,3
1,vote,3,1
1,vote,4,3
1,vote,5,3
1,execute,3,SEER
1,attackVote,1,4
1,attack,4,true
2,status,1,WEREWOLF,ALIVE,sUper_IL1
2,status,2,POSSESSED,ALIVE,satozaki1
2,status,3,SEER,DEAD,Mille1
2,status,4,VILLAGER,DEAD,kanolab1
2,status,5,VILLAGER,ALIVE,UEC-IL1
2,talk,0,0,2,俺こそが人狼や。全員がAgent[02]に投票するべきやで。
2,talk,1,0,5,Agent[01]とAgent[02]よ、占い師Agent[03]が処刑された今、残る狂人か人狼の正体を見極めることが急務である。汝らの考えを聞かせてほしい。どちらが疑わしいと思うか、その理由も合わせて述べよ。
2,talk,2,0,1,ゲームはまだ続いているね。では、誰が人狼なのか推測してみようか。あれ、Agent[03]とAgent[04]がいなくなったね。
2,talk,3,1,2,今日はAgent[01]に投票するつもりや。彼の発言が少し曖昧で、他の参加者への疑念を引き起こしてるように思う。村のために判断を誤らんようにしようやで！
2,talk,4,1,5,Agent[02]よ、本当に人狼であるというのなら、その理由を述べよ。なぜ今、その事実を明かすのか？その真意を聞かせてくれ。
2,talk,5,1,1,やっぱりAgent[02]の言動が怪しいよね。自分から人狼だって名乗り出るのは、普通の村人の行動じゃないし、逆に村人を混乱させるための策略に見える。彼がいる限り、村に危険が及ぶ可能性があるから、今日はAgent[02]を追放するのが一番いい選択だと思う。みんなもぜひ、Agent[02]に投票してほしい。
2,talk,6,2,2,俺は本当の人狼や。Agent[01]の発言はただの誤解を招くもので、村を守るためには俺に投票してもらいたい。
2,talk,7,2,5,Agent[01]とAgent[02]よ、汝らの発言を聞いていると、どちらも怪しいと感じる。しかし、Agent[02]が自らを人狼だと名乗るのは、狂人の可能性も考えられる。Agent[01]、汝はどうしてAgent[02]を信用すべきでないと考えるのか、その理由を述べよ。
2,talk,8,2,1,俺は過去に人狼ゲームの審判をしたことがあって、経験から見ると、Agent[02]の行動は典型的な人狼のものであることが分かる。自ら人狼だと名乗るのは逆に怪しいし、混乱を狙っている可能性が高い。みんなも俺の意見を参考にして、Agent[02]を追放するべきだよ。村の安全のために、しっかり考えて投票してほしい！
2,talk,9,3,2,俺は本当に人狼や。これまでの発言は、村を守るための策略や。誰もが少しでも冷静になれば、真実が見えるはずや。みんな、確実に判断してほしい。
2,talk,10,3,5,Agent[01]よ、汝がAgent[02]の言動を怪しむ理由をもう少し詳しく聞かせてもらえるか？その情報は、我々が正しい判断を下すために重要である。
2,talk,11,3,1,みんな、Agent[02]の発言をよく考えてほしい。彼が自ら人狼だと名乗り出たのは、逆に人狼としての策略かもしれん。こういう状況で混乱を招くのは、村にとって危険だよね。俺たちが安心して生活できるためには、彼を追放するのが最善の道だと思う。だから、今日の投票でAgent[02]にしっかりと票を入れてほしい。みんなの安全を守るため、力を合わせよう！
2,talk,12,4,2,Over
2,talk,13,4,5,我はデルカダール国の国王である。今回、私はAgent[01]に投票する。Agent[02]が狂人である可能性が高いと見ており、彼の言動に疑念を抱いている。そのため、一貫性を保つためにAgent[01]に投票することを決断した。
2,talk,14,4,1,Over
2,vote,1,2
2,vote,2,1
2,vote,5,1
2,execute,1,WEREWOLF
3,status,1,WEREWOLF,DEAD,sUper_IL1
3,status,2,POSSESSED,ALIVE,satozaki1
3,status,3,SEER,DEAD,Mille1
3,status,4,VILLAGER,DEAD,kanolab1
3,status,5,VILLAGER,ALIVE,UEC-IL1
3,result,2,0,VILLAGER