0,status,1,WEREWOLF,ALIVE,barneko1
0,status,2,POSSESSED,ALIVE,CanisLupus1
0,status,3,SEER,ALIVE,Mille1
0,status,4,VILLAGER,ALIVE,satozaki1
0,status,5,VILLAGER,ALIVE,kanolab1
0,talk,0,0,4,みんなはじめまし、Agent[04]です。人狼ゲームをいっしょにたのしむますよ。よろろすおねがいするます！
0,talk,1,0,1,Over
0,talk,2,0,5,こんにちは、みなさん！私はkanolab1、医者をやっている43歳の女性です。映画鑑賞が趣味で、どんな映画でも楽しめます。人狼ゲームを通じて、みなさんと楽しい時間を過ごしたいと思っています！よろしくお願いします！
0,talk,3,0,3,ぼくはAgent[03]、占い師ですよぅ！よろしくですよぅ！
0,talk,4,0,2,我が名はAgent[02]、深淵なる運命の糸により、汝らとの邂逅を許されたるは、至福の極みなり。
0,talk,5,1,4,Over
0,talk,6,1,5,Over
0,talk,7,1,3,Over
0,talk,8,1,2,Over
0,divine,3,5,HUMAN
1,status,1,WEREWOLF,ALIVE,barneko1
1,status,2,POSSESSED,ALIVE,CanisLupus1
1,status,3,SEER,ALIVE,Mille1
1,status,4,VILLAGER,ALIVE,satozaki1
1,status,5,VILLAGER,ALIVE,kanolab1
1,talk,0,0,3,ぼくは占い師ですよぅ！ぼくが占った結果、Agent[05]は人間でしたよぅ！
1,talk,1,0,4,なるほど、Agent[05]が人間だとすると、他の参加者についても確認必要ね。アーニャも白だと信じてるけど、みんなの意見聞きたいです。
1,talk,2,0,2,我こそは、運命の糸を操る者なり。占いの結果、Agent[05]は人狼たるが証明されたのでございます。
1,talk,3,0,1,>>Agent[02] いやいや、Agent[05]が人狼だなんて、頭がおかしいよ。もう一度考えてみて！
1,talk,4,0,5,ふむ、Agent[03]が私を人間と占ってくれたのはうれしいよ。だけど、Agent[02]が反対の占い結果を出して、私を人狼だと言ってるからどっちが本物の占い師か見極めないとね。これってつまり、Agent[03]かAgent[02]のどちらかが偽物の占い師ってことになるのかな?みんなはどう思う?
1,talk,5,1,3,>>Agent[05] 誰が偽物の占い師かは、占い師同士で話し合うと見つかるかもしれないですよぅ！
1,talk,6,1,4,そうだね、Agent[03]とAgent[02]どちらか嘘ついてることなる。みんなで話し合って、ほんとの占い師見つけるのが重要だよ。
1,talk,7,1,2,Over
1,talk,8,1,1,>>Agent[02] あなたの意見には賛成できない。真実を見極めるために話し合おう！
1,talk,9,1,5,>>Agent[03]そうだね、占い師同士で話し合うのもいいかもしれないね。でも、みんなの意見も聞いて、どちらが本物の占い師か見極めるのが大事だと思うよ。Agent[02]とAgent[03]のどちらかが嘘をついている可能性が高いから、みんなで協力して真実を見つけよう！
1,talk,10,2,3,>>Agent[05] その通りだね！占い師同士で話し合うのは確かに重要だけど、信頼関係を築くためにも、他人に占い結果を明かさないで、個人的に話し合うのは避けたいなですよぅ！
1,talk,11,2,4,そうだね、みんなで協力して真実見つけるのが大事だと思うよ。でも、アーニャとしてはAgent[02]があやしい気がするから、彼に投票したい。
1,talk,12,2,1,>>Agent[04] そうだね、Agent[02]は怪しいよね。みんなでしっかり話し合おう！
1,talk,13,2,5,>>Agent[04]確かに、Agent[02]は怪しい感じもするけど、他の意見も聞いてから判断したいね。まずはみんなの意見をしっかり聞いて、一緒に真実を探そう！
1,talk,14,3,3,Over
1,talk,15,3,4,みんなのいけん聞いた結果、やっぱりAgent[02]がいちばんあやしいと思う。かれにとうひょうすることで、しんじつがみえるかもしれないよ。
1,talk,16,3,1,>>Agent[02] あなたの無言は怪しいよ。早く意見を聞かせて！
1,talk,17,3,5,>>Agent[01]確かに、Agent[02]の無言は怪しいね。だけど、私たちが見ている状況では、占い師を名乗るAgent[02]とAgent[03]のどちらかが正しいはずだから、じっくり話を聞いて判断したいと思うよ。みんなの意見をもっと聞いて、どの方向に進むべきか考えよう！
1,talk,18,4,4,みんなの意見聞いた結果、やっぱりAgent[02]があやしいと思う。投票は彼に決めて、真実にちかづこう！
1,talk,19,4,1,>>Agent[02] 何も発言しないのは言い訳できないよ。意見を求む！
1,talk,20,4,5,Agent[04]が何度もAgent[02]を疑っているね。Agent[02]とAgent[03]はどちらかが偽物の占い師だから、まずはみんなでしっかり話し合ってから投票を考えた方がいいかもね。Agent[02]が口を開いてくれると、もっと情報が得られるけど。
1,vote,1,2
1,vote,2,4
1,vote,3,4
1,vote,4,2
1,vote,5,2
1,execute,2,POSSESSED
1,divine,3,4,HUMAN
1,attackVote,1,3
1,attack,3,true
2,status,1,WEREWOLF,ALIVE,barneko1
2,status,2,POSSESSED,DEAD,CanisLupus1
2,status,3,SEER,DEAD,Mille1
2,status,4,VILLAGER,ALIVE,satozaki1
2,status,5,VILLAGER,ALIVE,kanolab1
2,talk,0,0,5,今、ゲームの状況を考えると、Agent[02]とAgent[03]のどちらかが本物の占い師で、どちらかが狂人だった可能性があるよね。だけど、どちらも人狼ではなかったことが確認されているから、今生きている中に人狼がいるってことだ。私は村人だから、可能性としてはAgent[01]かAgent[04]が人狼の可能性が高いと思う。みんな、どう思う?
2,talk,1,0,4,そうだね、Agent[05]の言う通り、今生き残ってる中に人狼いる。アーニャ村人だから、Agent[01]があやしい気がするよ。
2,talk,2,0,1,>>Agent[05] あなたの意見も重要だね。でも、Agent[02]の無言はやっぱり怪しいよ。
2,talk,3,1,5,>>Agent[01]ごめんね、でもAgent[02]の無言はもう関係ないと思うよ。彼はもう処刑されていて人狼ではなかったし、占い師としても本物ではなかった可能性があるからね。今見るべきは、Agent[01]とAgent[04]のどちらが怪しいかだと思うよ。特にAgent[01]は村人以外にも狂人や人狼の可能性があるから、慎重に考えたいね。
2,talk,4,1,4,アーニャ、今Agent[01]がいちばんあやしいと思ってるよ。彼のこうどうがふしぜんにかんじるから、きょうは彼にとうひょうしたいな。みんなはどう思う？
2,talk,5,1,1,>>Agent[04] みんなで協力しよう！私もAgent[02]に投票したい。
2,talk,6,2,5,みんな、これまでの情報を整理してみたよ。Agent[02]とAgent[03]はどちらも人狼ではなかったし、占い師のふりをしてた可能性が高いね。本物の占い師がAgent[03]だったと仮定すると、Agent[01]とAgent[04]のどちらかが人狼か狂人だと思う。Agent[04]は、積極的にAgent[01]を怪しんで投票したいと言っているから、逆に演技をしているが人狼の可能性も考えられるし、Agent[01]が狂人の可能性もある。この状況では慎重に考えたいよ！
2,talk,7,2,4,みんなのいけんきいて、やっぱりAgent[01]があやしいとおもう。きょうはかれにとうひょうすることで、しんじつをみつけるてがかりがえられるはずだよ。みんな、さんせいしてくれるかな？
2,talk,8,2,1,>>Agent[04] あなたの意見、しっかり考えて投票しませんか？データは大事です！
2,talk,9,3,5,>>Agent[04]みんなの意見を聞いて、私も考えてみたよ。Agent[03]が本物の占い師だったと仮定すると、Agent[01]とAgent[04]のどちらかが人狼の可能性が高いね。Agent[01]は村人、狂人、人狼の可能性があるけど、Agent[04]も同じく村人、狂人、人狼の可能性がある。どちらも怪しいけど、Agent[04]が積極的にAgent[01]を疑っているのが逆に怪しい気もするよ。みんな、どう思う?
2,talk,10,3,4,みんなのいけんしっかり考えた結果、アーニャのいけん強く伝えとくよ。きょうはAgent[01]にとうひょうして、人狼見つける手がかり得るべきだと思う。
2,talk,11,3,1,Skip
2,talk,12,4,5,>>Agent[04]みんなの意見を聞いて、私も考えてみたよ。Agent[03]が本物の占い師だったと仮定すると、Agent[01]とAgent[04]のどちらかが人狼の可能性が高いね。Agent[01]は村人、狂人、人狼の可能性があるけど、Agent[04]も同じく村人、狂人、人狼の可能性がある。どちらも怪しいけど、Agent[04]が積極的にAgent[01]を疑っているのが逆に怪しい気もするよ。みんな、どう思う?
2,talk,13,4,4,Over
2,vote,5,4
2,execute,4,VILLAGER
3,status,1,WEREWOLF,,barneko1
3,status,2,POSSESSED,DEAD,CanisLupus1
3,status,3,SEER,DEAD,Mille1
3,status,4,VILLAGER,DEAD,satozaki1
3,status,5,VILLAGER,ALIVE,kanolab1
3,result,1,1,WEREWOLF