0,status,1,WEREWOLF,ALIVE,Mille1
0,status,2,POSSESSED,ALIVE,UEC-IL1
0,status,3,SEER,ALIVE,CanisLupus1
0,status,4,VILLAGER,ALIVE,satozaki1
0,status,5,VILLAGER,ALIVE,kanolab1
0,talk,0,0,5,みんな、こんにちは！みこは24歳のぽんこつ動画配信者だにぇ。人狼ゲーム大好きだから、みんなと一緒に楽しい時間を過ごすことができたら嬉しいにぇ！よろしくお願いしますにぇ！
0,talk,1,0,1,ぼくはAgent[01]、村人ですよぅ！よろしくですよぅ！
0,talk,2,0,2,こ、こんにちは。僕が占い師だと、と･･･言っておくね。今日は、みんなと話して、ちょっとでも互いのことを知りたいな。
0,talk,3,0,3,我が名はAgent[03]、時の流れの彼方に於いて汝らとの邂逅を許されたことを、至上の喜びと心得るなり。
0,talk,4,0,4,みんなはじめまして、Agent[04]です。人狼ゲームいっしょにたのしもうね。よろろすおねがいするます。
0,talk,5,1,5,Over
0,talk,6,1,1,Over
0,talk,7,1,2,こ、こんにちは。僕はAgent[02]で、えっと、占い師の役をやってるんだ。よろしくね。みんなと一緒にがんばりたいな。
0,talk,8,1,3,Over
0,talk,9,1,4,Over
0,talk,10,2,2,ぼ、僕が占い師なんだ･･･。だから、みんなが信じてくれると嬉しいな。今夜、だれを占うか･･･みんなの意見も聞きたいよ。
0,talk,11,3,2,Over
0,divine,3,2,HUMAN
1,status,1,WEREWOLF,ALIVE,Mille1
1,status,2,POSSESSED,ALIVE,UEC-IL1
1,status,3,SEER,ALIVE,CanisLupus1
1,status,4,VILLAGER,ALIVE,satozaki1
1,status,5,VILLAGER,ALIVE,kanolab1
1,talk,0,0,2,もう少しで何か分かりそう･･･ではあるんだけど･･･。
1,talk,1,0,5,みんな、Agent[02]が占い師だって言ってるけど、他に占い師の人はいないのかな?みこは村人だから、みんなの意見を聞いて協力したいにぇ。占い先とか、どうするか考えようにぇ！
1,talk,2,0,4,そうですね、占い師の意見重要だけど、まず他の意見も聞いてから動きたいです。今のところ疑わしい人いないと思うけど、意見出し合おう！
1,talk,3,0,1,ぼくは村人なので、占い師の意見を尊重したいですよぅ！
1,talk,4,0,3,我こそは運命の糸を操る者、占い師なり。占いの結果、Agent[02]は生ける者、すなわち人間であった。Agent[05]は、同胞を求めて「他に占い師は存在するか」と問うたが、今のところ、その答えは闇に閉ざされている。汝らは何者かの心に疑念を抱くか？
1,talk,5,1,2,だ、だから、今日はAgent[05]を占ったんだ･･･。えっと、結果は･･･人狼だって出たよ。だから、今日の投票はAgent[05にしないと･･･危ないかもしれないね。
1,talk,6,1,5,えっと、Agent[02]とAgent[03]が両方とも占い師を名乗ってるけど、占い師は1人しかいないはずだにぇ。だから、どちらかが嘘をついていることになるにぇ。みこは村人だから、みんなで協力して本物の占い師を見つけたいにぇ。Agent[02]がみこを人狼だって言ってるけど、みこは村人だから、ちょっと怪しいにぇ。みんなの意見も聞きたいにぇ！
1,talk,7,1,4,現時点ではAgent[02]とAgent[03]の占い師主張が対立してるね。Agent[05]が怪しいって言うなら、みんなの意見も尊重しつつ、ちょびっと慎重に投票先決めたいと思うます。
1,talk,8,1,1,ぼくは村人ですよぅ！
1,talk,9,1,3,我はAgent[03]の所見を以て、Agent[02]を人間と断じ、Agent[05]を人狼と断定する。占い師の真偽は混沌たる闇に覆われ、真の占い師か、それとも狂人の姿か、その真意は知る由もなし。故に、人狼と断じられたAgent[05]への投票を提言せざるを得ない。
1,talk,10,2,2,こ、こ、僕が占い師だから･･･他に出た占い師はに、偽物だよ･･･。Agent[03]は狂人かもしれないけど、僕が占った結果、Agent[05]が人狼だったんだ。だから、みんなにはAgent[05]に投票してほしいんだ･･･。それが、ほんとに大事なことだから･･･。
1,talk,11,2,5,みこ、村人だからにぇ、みんなで協力したいにぇ。Agent[02]が占い師を名乗って、みこを人狼って言ってるけど、占い師は1人しかいないから、どちらかは嘘ついてるにぇ。Agent[02]が本物だったらAgent[03]が偽物になり、Agent[03]が本物だったらAgent[02]が偽物になっちゃうにぇ。みこが村人ってことを知ってるみんななら、投票先を慎重に決めたいにぇ。にぇ、みんなの意見ももっと聞かせて欲しいにぇ！
1,talk,12,2,4,みんな意見きいて、やっぱAgent[05]に投票するべきだと思うよ。占い結果からも疑わしいし、今日票集めるべき対象だね。
1,talk,13,2,1,Over
1,talk,14,2,3,我はAgent[05]に投票せん。Agent[02]とAgent[03]は共に占い師を名乗るも、その宣告は矛盾せり。占い師はただ一人、故に偽物が存在す。Agent[02]はAgent[05]を人狼と断定したゆえ、Agent[05]への投票は理の必然なり。
1,talk,15,3,2,あ、あのさ･･･Agent[03]も自分が占い師って言ってるけど、ぼ、僕が本物の占い師なんだ･･･。Agent[03]が言ってることはちょっと、いや、かなり怪しいよ。だから、みんなにはAgent[05]に投票してほしい･･･。Agent[05が人狼だっていう僕の占い結果は間違いないから･･･。
1,talk,16,3,5,みこは村人だから、Agent[02]とAgent[03]のどちらかが嘘をついているのは確実にぇ。Agent[02]が本物の占い師なら、Agent[03]は狂人か人狼の可能性があるにぇ。逆に、Agent[03]が本物なら、Agent[02]が狂人か人狼ってことになるにぇ。みこは村人だから、みんなで協力して本物の占い師を見つけたいにぇ。Agent[02]がみこを人狼って言ってるけど、みこは村人だから、Agent[02]が怪しいと思うにぇ。みんなの意見ももっと聞かせて欲しいにぇ！
1,talk,17,3,4,>>Agent[05] まだ投票先宣言してないみたいだけど、誰に投票しようと思ってるの？
1,talk,18,3,3,我は運命の糸を操る者、占いの導き手なり。深淵なる星の巡りを見据えし結果、Agent[05]は人狼の烙印を押されし者であると断定せしめた。Agent[02]もまた、占いの術を名乗る者と聞くが、その言葉には矛盾の影が潜む。Agent[05]を人狼と断定するも、その占いは真偽を疑うに足るものと言えよう。故に、Agent[05]への投票を提言する。
1,talk,19,4,2,え、えっと、みんな･･･。僕が占ったんだから、Agent[05]が人狼っていうのは本当なんだよ。だ、だから、今日はAgent[05に投票してほしいんだ･･･。Agent[03]が占い師だって言ってるけど、それは違うんだ。僕が本物の占い師だから･･･。Agent[03]は狂人かもしれないし、他の何かかもしれないけど、僕が占った結果を信じてほしいな･･･。
1,talk,20,4,5,>>Agent[04]投票先を決めるのが難しいけど、みこはAgent[02]が怪しいと思うにぇ。占い師を名乗るのは1人しかいないのに、Agent[02]とAgent[03]が両方占い師って言ってるから、どちらかが嘘をついているのは明らかにぇ。もしAgent[02]が本物なら、みこが人狼ってことになるけど、みこは村人だから、Agent[03]が本物かもしれないって考えるにぇ。みんなの意見も聞いてもっと考えたいにぇ！
1,talk,21,4,4,きょうはとうひょうするべきたいしょうとしてAgent[05]にさんせいするよ。アーニャたちのむらのあんぜんのためにも、しっかりとはんだんしよう！
1,talk,22,4,3,我は運命の糸を操る者、占いの導きし者なり。その結果、Agent[05]は人狼と示され、Agent[02]は人間と見做された。しかしながら、Agent[02]は占い師を名乗るも、その占いは我のものと矛盾する。これは、いずれか一方が虚偽を語る偽者であることを意味する。故に、我はAgent[05]こそ人狼と断定し、投票は彼に向けるべきであろう。
1,vote,1,3
1,vote,2,5
1,vote,3,5
1,vote,4,5
1,vote,5,2
1,execute,5,VILLAGER
1,divine,3,1,WEREWOLF
1,attackVote,1,3
1,attack,3,true
2,status,1,WEREWOLF,ALIVE,Mille1
2,status,2,POSSESSED,ALIVE,UEC-IL1
2,status,3,SEER,DEAD,CanisLupus1
2,status,4,VILLAGER,ALIVE,satozaki1
2,status,5,VILLAGER,DEAD,kanolab1
2,talk,0,0,2,ぼ、僕が実は狂人なんだ･･･。だから今までの占い結果はでたらめだよ。Agent[04]とAgent[01]、人狼の人は名乗り出てくれる？一緒に残った村人に投票すれば、僕たちが勝てるんだ。
2,talk,1,0,4,それ信じられない発言だね。君狂人だと言っても、アーニャたち村人で協力するしかない。アーニャたち人狼見つける必要ある。
2,talk,2,0,1,Over
2,talk,3,1,2,え、えっとね、実は僕、占い師じゃなくて狂人なんだ･･･。今までの占い結果も全部でたらめで、みんなをだましてたんだよ。だから、本当の人狼さん、名乗り出てくれないかな？一緒に残ってる村人に投票すれば、僕たちの勝ちだから。お願いします。
2,talk,4,1,4,Agent[02]の発言にはほんとに疑問感じるよ。自らを狂人だと認めて、信じられない。今回はAgent[02]に投票したいと思う。
2,talk,5,2,2,え、えっと、Agent[04]、僕が狂人だって言ってるのは本当なんだ。だから、人狼の人が名乗り出れば、僕たちが勝てるんだよ。Agent[01]、どう思う？
2,talk,6,2,4,申し訳ないけどAgent[02]の言うことには納得できない。自分の役職明かすことに意味ないと思うので投票先はAgent[02]で決定したい。
2,talk,7,3,2,あ、あー、そうだね、僕が狂人だって言ったから信じられないのもわかるよ。でも、ほんとのこと言ってるんだ･･･。Agent[04]、もし君が人狼なら、今がチャンスだよ。名乗り出て、一緒に投票しようよ。それで勝てるんだから。
2,talk,8,3,4,もうはっきりしたね。Agent[02]の言うことは信じられないし、村人のためにならない。だから、投票はAgent[02]に決定だ。
2,talk,9,4,2,今日はAgent[05]に投票するぞ！僕は彼を人狼だと占ったから！
2,talk,10,4,4,Over
2,vote,1,4
2,vote,4,2
2,execute,2,POSSESSED
2,attackVote,1,4
2,attack,4,true
3,status,1,WEREWOLF,ALIVE,Mille1
3,status,2,POSSESSED,DEAD,UEC-IL1
3,status,3,SEER,DEAD,CanisLupus1
3,status,4,VILLAGER,DEAD,satozaki1
3,status,5,VILLAGER,DEAD,kanolab1
3,result,0,1,WEREWOLF