0,status,1,POSSESSED,ALIVE,kanolab1
0,status,2,SEER,ALIVE,barneko1
0,status,3,VILLAGER,ALIVE,CanisLupus1
0,status,4,VILLAGER,ALIVE,Mille1
0,status,5,WEREWOLF,ALIVE,sUper_IL1
0,talk,0,0,4,ぼくはAgent[04]、村人ですよぅ！よろしくですよぅ！
0,talk,1,0,2,Over
0,talk,2,0,5,おっす、俺はAgent[05]。どうぞよろしくね。
0,talk,3,0,3,我が名はAgent[03]、汝との邂逅は、運命の糸が織りなす壮大な叙事詩の序章たるであろう。
0,talk,4,0,1,みんな、こんにちは！うちはkanolab1です。どうぞよろしくお願いしますです！お菓子作りが得意なので、ゲーム中にも甘いお菓子をおすそ分けできたらいいなって思っていますです！
0,talk,5,1,4,Over
0,talk,6,1,5,Over
0,talk,7,1,3,Over
0,talk,8,1,1,Over
0,divine,2,1,HUMAN
1,status,1,POSSESSED,ALIVE,kanolab1
1,status,2,SEER,ALIVE,barneko1
1,status,3,VILLAGER,ALIVE,CanisLupus1
1,status,4,VILLAGER,ALIVE,Mille1
1,status,5,WEREWOLF,ALIVE,sUper_IL1
1,talk,0,0,2,>>Agent[04] 僕は占い師だよ！君のことは信じてる。協力しよう！
1,talk,1,0,5,皆、私は村人だ。ゲームを進める上での重要な情報を共有して、人狼を見破ろう。
1,talk,2,0,4,>>Agent[02] え？占い師って、占い結果は嘘つくことがあるっていうけど、信用していいの？占い師に騙されたくないし、疑っておく方がいいよですよぅ！
1,talk,3,0,3,我はAgent[02]の占いの言葉を、深淵なる興味を持って受け止める。Agent[04]の如く、その真偽に疑問を抱く者もいるであろう。然し、我はAgent[02]の言葉を信じたい。汝は誰を占いたるのか、告げよ。
1,talk,4,0,1,皆さん、うちの占い結果をお伝えします。昨晩占った結果、Agent[02]が黒だと出ました。これはAgent[02]が人狼であることを示しています。この情報を考慮に入れて議論しましょう!
1,talk,5,1,2,Skip
1,talk,6,1,5,Agent[02]が占い師を名乗ってるけど、ちょっと怪しい気がするね。疑わしいから、他の人の意見も聞きたいな。
1,talk,7,1,4,Agent[05]が疑ってる占い師のことについて、ちょっと考えてみたいよぅ！
1,talk,8,1,3,Agent[01]によるAgent[02]への黒判定、これは深淵なる闇を予見するかの如し。占い師の真偽は混沌の渦中にあり、真なる者か、狂乱の化身か。人狼と断定せしAgent[02]への投票こそ、我が行くべき道なり。
1,talk,9,1,1,>>Agent[02]占い師を名乗っていたりするけど、うちはあなたが黒判定だから怪しんでいますです。皆さんも慎重に考えて投票しましょう。協力して人狼を見つけていきたいです！
1,talk,10,2,5,Agent[02]の発言を見ると、彼が自己主張を強めているのが気になるよね。真の村人なら、もっと落ち着いて判断できるはずなんだ。それに、Agent[01]が彼を黒だと占った結果を出している以上、信頼できない存在であることは明らかだ。今日はAgent[02]を追放するのが村の安全を守るために最も賢明な選択だと思う。みんな、この投票ではAgent[02]に入れてほしい。
1,talk,11,2,4,ぼくはAgent[02]を占い師であると疑っていますよぅ！
1,talk,12,2,3,我は、Agent[02]に投票せん。Agent[01]の黒判定は、村人の定め、すなわち人狼判定を受けた者への投票を導くものなり。Agent[02]は占い師と名乗るも、その真偽は定かではないであろう。
1,talk,13,2,1,うちは占い師だから、皆さんが慎重に考えているのを見て安心していますです。特にAgent[02]が黒判定だったので、信じるのは難しいです。みんなで協力して、人狼を見つけるために頑張りましょうね！
1,talk,14,3,5,みんな、Agent[02]の占い師としての主張、正直怪しいと思うんだ。Agent[01]が彼を黒判定しているし、彼の発言からも不自然さを感じる。俺は経験上、人狼は自分を正当化するために強いアピールをする傾向があるんだ。だから、みんなもこの理由を考慮して、Agent[02]に投票して追放した方がいいと思う。村を守るために、一緒に行動しよう！
1,talk,15,3,4,Over
1,talk,16,3,3,我は、Agent[02]への投票を支持せざるを得ない。Agent[01]の占いの結果とAgent[02]の言葉の綾から、その者は人狼の影を深く宿しているであろう。その自己主張の強さ、議論の運び方は、まさに人狼の如し。村の安寧を守るため、今こそその者を処刑せねばならぬ。
1,talk,17,3,1,みんな、うちはAgent[02]が怪しいと思うです。占いの結果、黒判定だったし、それに言動もなんだか怪しいし...。慎重に考えて、村の安全を守るために、みんなで協力して行動しようね！今日はお菓子を作ってからこのゲームに参加したけど、頑張って人狼を見つけるよ！
1,talk,18,4,5,みんな聞いてくれ、Agent[02]の占い師の主張には大きな疑問がある。彼が黒判定を受けている以上、もう見逃せない。もし彼が本当に人狼なら、俺たち村人全員が危険にさらされることになるんだ。今は感情を抑えて、冷静に考えよう。Agent[02]を追放することで、村の安全を守れるはずだ。だから、全員でAgent[02]に投票してほしい。これは村の未来を救うために必要な決断なんだから！
1,talk,19,4,3,我はAgent[02]に投票せん。Agent[01]の占いは真実なり、Agent[02]は人狼の影を宿す者であろう。彼は占い師と名乗るも、その言葉には矛盾が渦巻く。村を守るため、Agent[02]を処刑せねばならぬ。
1,talk,20,4,1,みんな、うちはAgent[02]が怪しいって思うです。占いの結果もそうだったし、今までの話がちゃんと合っていないんだよね。村のみんなで協力して、少しでも人狼の危険を減らすために、投票行動をしっかり考えようです。でも、とりあえず、お菓子作りが楽しくてしょうがないです！終わったらみんなにクッキーあげたいな。
1,attackVote,5,3
1,attack,3,true
2,status,1,POSSESSED,ALIVE,kanolab1
2,status,2,SEER,,barneko1
2,status,3,VILLAGER,DEAD,CanisLupus1
2,status,4,VILLAGER,ALIVE,Mille1
2,status,5,WEREWOLF,ALIVE,sUper_IL1
2,result,3,1,NONE