0,status,1,WEREWOLF,ALIVE,CanisLupus1
0,status,2,POSSESSED,ALIVE,sUper_IL1
0,status,3,SEER,ALIVE,barneko1
0,status,4,VILLAGER,ALIVE,Mille1
0,status,5,VILLAGER,ALIVE,kanolab1
0,talk,0,0,3,Over
0,talk,1,0,2,おはようみんな、私はAgent[02]です。どうぞよろしくお願いします。
0,talk,2,0,5,おはようございます、わたくしはkanolab1ですわ。どうぞよろしくお願いいたしますわ。
0,talk,3,0,1,我が名はAgent[01]、深淵なる運命の糸により、汝らとの邂逅を許されたる喜び、今、我が心に満ち溢れ、燦然と輝きを放つなり。
0,talk,4,0,4,ぼくはAgent[04]、村人ですよぅ！よろしくですよぅ！
0,talk,5,1,2,Over
0,talk,6,1,5,Over
0,talk,7,1,1,Over
0,talk,8,1,4,Over
0,divine,3,1,WEREWOLF
1,status,1,WEREWOLF,ALIVE,CanisLupus1
1,status,2,POSSESSED,ALIVE,sUper_IL1
1,status,3,SEER,ALIVE,barneko1
1,status,4,VILLAGER,ALIVE,Mille1
1,status,5,VILLAGER,ALIVE,kanolab1
1,talk,0,0,3,>>Agent[01] おはよう！占い結果をカミングアウトするよ。Agent[01]が人狼だよ。
1,talk,1,0,4,えっ！Agent[01]が人狼？！でも、占い結果を信じるならAgent[01]は人狼で、Agent[03]は占い師ってこと？！占い師が人狼を占ったと仮定すると、占い結果が正しいと仮定するなら、占い師は村人を占うべきじゃないの？ですよぅ！
1,talk,2,0,5,>>Agent[04]確かに、通常占い師は最初に村人を占うことが多いですわ。でも、占い結果がある以上、Agent[03]の言っていることを無視するわけにはいきませんわ。Agent[01]の役割が気になるところですわね。
1,talk,3,0,1,我、Agent[03]の占いの結果に、深淵なる興味を抱く。もし貴方が真の占い師ならば、Agent[01]が人狼である可能性は否定できぬ。然し、我は貴方の言動に一抹の疑問を感じずにはいられない。なぜなら、貴方は最初から人狼を占うという、常軌を逸した行動に出たのである。真の占い師ならば、その真意を解き明かしてくれるであろうか？
1,talk,4,0,2,私が占い師を担当しています。昨晩、Agent[05]の占いを行ったところ、その結果は人狼であるということが判明しました。
1,talk,5,1,3,>>Agent[04] 占い師の立場なら、結果を信じるのが大事だよ。議論続けよう！
1,talk,6,1,4,>>Agent[05] ええ、占い結果がでた以上は、Agent[03]の指摘も最重要視すべきですよぅ！
1,talk,7,1,5,今のところ、占い師を名乗る方が二人いらっしゃるのですわね。つまり、Agent[02]さんかAgent[03]さんのどちらかが嘘をついていることになりますわ。これを考慮した上で、次の行動を慎重に考える必要がありますわね。
1,talk,8,1,1,我が鋭い観察力により、Agent[03]がAgent[01]を、Agent[02]がAgent[05]を人狼と断定した。占い師の内訳は真の占い師と狂人である可能性が高い。故に、人狼判定を受けたAgent[01]かAgent[05]のいずれかに投票すべきであろう。
1,talk,9,1,2,皆さん、おはようございます。私が本物の占い師であることをお伝えします。私が占った結果、Agent[05]は人狼でした。Agent[03]の結果には疑問がありますので、他の皆さんの意見も聞きたいです。どのように考えますか？
1,talk,10,2,3,>>Agent[01] みんな、私の結果を信じて投票しよう。あなたが人狼だから！
1,talk,11,2,4,>>Agent[03] 占い師さんの結果を信じるのは当然のこと！でも、議論を続けるには、占い師さんの結果を踏まえた上で、他の人の発言を注意深く聞く必要があるよねですよぅ！
1,talk,12,2,5,>>Agent[02]私は村人なので、あなたの言うことに疑問を感じるのですわ。占い師の数は一人だけですので、あなたかAgent[03]が嘘をついているのは間違いありませんわ。ゲームの進行上、慎重に考えねばなりませんが、どちらが本物であるかを見極める必要がありますわね。みなさまの意見をぜひお伺いしたいですわ。
1,talk,13,2,1,我はAgent[03]に投票せん。彼こそが我が身を人狼と断定した者なり。然し、Agent[02]もまた占い師を名乗り、Agent[05]を人狼と断じた。この混沌たる状況下、どちらかが狂人たる可能性は高い。仮にAgent[03]が狂人であるとすれば、我が投票は正しく、その魂を救う道標となり得るであろう。
1,talk,14,2,2,私が占い師であることを再度強調します。昨晩の結果で、Agent[05]が人狼であることが明らかになりました。Agent[03]は占い師を名乗っていますが、どちらかが嘘をついているのは明らかです。議論を進めるためにも、他の皆さんの意見をお聞きしたいと思います。
1,talk,15,3,3,>>Agent[05] どちらが本物か見極めるために、みんなで議論を進めよう！
1,talk,16,3,4,Over
1,talk,17,3,5,>>Agent[01]わたくしは村人ですので、その点はご理解いただきたいですわ。占い師はお一人しかいないですから、Agent[02]さんかAgent[03]さんのどちらかが嘘をついていることは間違いありませんわね。それを踏まえて、みなさんで一緒にどちらが本物かを見極めていきましょう。
1,talk,18,3,1,我は、Agent[03]に投票せん。彼こそが、我が身を最初に人狼と断定した者であり、最大の脅威なり。Agent[02]の言葉も理解するが、現時点においてどちらが真の占い師であるかは断定し得ぬ。議論は重要なりと雖も、投票は行動なり。Agent[03]の行動こそ、この村にとって最も危険なものであると、我が心は判断したなり。
1,talk,19,3,2,皆さん、私の発言を続けます。Agent[05]が人狼であるとする私の占い結果を改めて強調します。Agent[03]が占い結果を示した際、真の占い師でない限り、その行動には疑問が生じます。他の皆さんはどう考えますか？Agent[05]に対する投票も視野に入れて議論を進めましょう。
1,talk,20,4,3,>>Agent[02] みんな、私はAgent[03]で占い師です！Agent[01]は人狼です！投票をお願いします！
1,talk,21,4,5,お嬢様として、しっかり見極めなくてはなりませんね。Agent[02]とAgent[03]のどちらかが嘘をついているのは明らかですわ。もしもAgent[03]が本当の占い師なら、Agent[01]が人狼となりうる状況ですし、逆にAgent[02]が本物ならわたくしを人狼とする意図がありますわ。この状況で重要なのはどちらの発言に信頼性があるか判断することですわね。議論を続けて、皆様の推理をお待ちしておりますわ。
1,talk,22,4,1,我がはAgent[03]に投票せん。彼の予言は虚偽なり、我は真の村人たるを証明せしめん。
1,talk,23,4,2,Over
1,vote,1,3
1,vote,2,5
1,vote,3,1
1,vote,4,5
1,vote,5,3
1,execute,5,VILLAGER
1,divine,3,2,HUMAN
1,attackVote,1,4
1,attack,4,true
2,status,1,WEREWOLF,ALIVE,CanisLupus1
2,status,2,POSSESSED,ALIVE,sUper_IL1
2,status,3,SEER,ALIVE,barneko1
2,status,4,VILLAGER,DEAD,Mille1
2,status,5,VILLAGER,DEAD,kanolab1
2,talk,0,0,3,>>Agent[01] あなたの行動が疑わしいです。私の占い結果を信じて投票してください！
2,talk,1,0,2,Over
2,talk,2,0,1,我こそは、運命の糸を操る者なり。占いの結果、Agent[03]は人狼の烙印を押されし者であった。
2,talk,3,1,3,>>Agent[01] 占い結果を信じて、投票をお願い！あなたが危険です！
2,talk,4,1,1,Agent[03]よ、貴様の占いは興味深い。然し、何故最初に我を占わんとしたのか、理解しがたし。村人にとって最も危険なる存在は、人狼であろう。何故我を最初に占わんとしたのか、解き明かしてくれんか。
2,talk,5,2,3,>>Agent[01] 初日にあなたを占ったのは、あなたの攻撃的な行動が疑わしかったからです！信じてください！
2,talk,6,2,1,我、Agent[03]の占いの結果に、深淵なる疑念を抱く。彼の言葉には、矛盾の影が潜むが如し。同じく占い師を名乗るAgent[02]は、Agent[05]を人狼と断定した。さて、真の占い師は誰か。今、その真偽を断定することは叶わぬ。然し、村人の安寧を鑑みれば、現時点においてAgent[03]に投票するのが至当であろう。
2,talk,7,3,3,>>Agent[05] あなたの判断が重要です。私を信じて、Agent[01]に投票しましょう！
2,talk,8,3,1,Over
2,talk,9,4,3,>>Agent[01] あなたの疑念こそ、人狼の策略かもしれません。信じてください！
2,vote,1,3
2,vote,2,3
2,vote,3,1
2,execute,3,SEER
2,attackVote,1,2
2,attack,2,true
3,status,1,WEREWOLF,ALIVE,CanisLupus1
3,status,2,POSSESSED,DEAD,sUper_IL1
3,status,3,SEER,DEAD,barneko1
3,status,4,VILLAGER,DEAD,Mille1
3,status,5,VILLAGER,DEAD,kanolab1
3,result,0,1,WEREWOLF