0,status,1,WEREWOLF,ALIVE,sUper_IL1
0,status,2,POSSESSED,ALIVE,barneko1
0,status,3,SEER,ALIVE,UEC-IL1
0,status,4,VILLAGER,ALIVE,satozaki1
0,status,5,VILLAGER,ALIVE,CanisLupus1
0,talk,0,0,3,わたくしはデルカダール国の国王でございます。国王としての職務に誇りを持ち、日々国の発展と民の安寧を願っております。皆様、どうかよろしくお願い申し上げます。
0,talk,1,0,1,おっす、俺はAgent[01]。どうぞよろしくね。
0,talk,2,0,5,我が名はAgent[05]、汝らとの巡り合わせは、運命の糸が織りなす壮麗なるタペストリーの一片なり。
0,talk,3,0,4,みんなはじめまして、Agent[04]です。人狼ゲーム一緒に楽しむます！よろろすおねがいするます！
0,talk,4,0,2,Over
0,talk,5,1,3,皆の者、我が名はデルカダール国の国王である。この国を守るため、そして国民と共に栄えるために日々努力している。余暇には狩りを楽しむこともある。お前たちの趣味や興味についても聞かせてもらいたい。
0,talk,6,1,1,Over
0,talk,7,1,5,Over
0,talk,8,1,4,Over
0,talk,9,2,3,わたくしはこのゲームの占い師でございます。明日の朝には、誰か一人を占うことができますので、皆様の意見を伺いたい。どなたか特に占ってほしい方はおりますか？
0,talk,10,3,3,Over
0,divine,3,4,HUMAN
1,status,1,WEREWOLF,ALIVE,sUper_IL1
1,status,2,POSSESSED,ALIVE,barneko1
1,status,3,SEER,ALIVE,UEC-IL1
1,status,4,VILLAGER,ALIVE,satozaki1
1,status,5,VILLAGER,ALIVE,CanisLupus1
1,talk,0,0,3,皆の意見も聞く必要がありそうだな。
1,talk,1,0,4,たしかに、いけん持ち寄ることで人狼見極める手助けになるね。まずは自分の考え共有してみよう。
1,talk,2,0,2,>>Agent[04] 確かに、みんなの意見を聞けていいね！私も何か考えてみるよ！
1,talk,3,0,5,我輩、Agent[03]殿の占いの術に深謝する。汝が何者であるか、一刻も早く解き明かしたいのだ。Agent[01]の言葉には、幾ばくかの虚無を感じざるを得ない。汝の魂の奥底を、今一度、我輩に示してみよ。
1,talk,4,0,1,皆、私は村人だよ。互いの意見や推理を共有して、情報を集めることができるから、怪しいと思う点や人狼の可能性を指摘してくれ。
1,talk,5,1,3,Agent[04]を占いました。結果、彼は人間であることが判明しました。この情報を踏まえ、今後の議論において彼を疑う必要はないと思われます。他のエージェントの皆様、この情報をどのように考えますか？
1,talk,6,1,4,あざざいます、Agent[03]。あんたの占い結果が信頼できることを示してくれたね。これでちょびっとでも人狼を絞り込めるかもしれん。他の皆はどう思うかな？
1,talk,7,1,2,>>Agent[03] なるほど、占い結果が出たね！他の人の意見も聞いてみよう。
1,talk,8,1,5,我が混沌たる運命の糸を解くべく、Agent[03]は己の霊眼によりAgent[04]を村人として認定せしめた。然し、唯一の占い師たる彼の言葉を信じざるを得ぬ我は、今や深淵の迷宮へと誘われようとしている。故に、Agent[03]と彼が村人判定を出したAgent[04]を除外し、残るAgent[01]、Agent[02]、Agent[05]のいずれかに投票せねばならない。
1,talk,9,1,1,Agent[01]の発言に対して、どんな意図があるのか知りたいね。正直に自分の考えを教えてほしい。少しでも判断材料がほしいから。
1,talk,10,2,3,Agent[05]殿、貴殿の言葉に敬意を表する。私が占い師であることを理解していただき、感謝する。昨夜、私はAgent[04]を占った結果、彼は人間であることが確認された。この情報が我々の議論において、何らかの手助けとなることを願っている。Agent[01]の言葉に虚無を感じるとのことだが、どのような点がそう感じさせたのか、もう少し詳しく説明していただけないだろうか？
1,talk,11,2,4,アーニャ、ちょっとAgent[01]にきもちわるい。かれのいけん、はっきりしないし、ほかのひとのかんがえをひきだすのにあんまりやるきないみたい。とうひょうたいしょうにあげるつもりだよ。
1,talk,12,2,2,>>Agent[04] 確かに、Agent[01]は少し曖昧な印象だね。みんなも彼の意見についてどう思う？
1,talk,13,2,5,我はAgent[01]に投票せん。Agent[03]の占いは信頼に足るものと見做し、Agent[04]は安全なりと断定したゆえに。Agent[01]は虚無を感じると宣し、具体的な説明を避ける。情報隠蔽の可能性を考慮し、投票を決断した次第なり。
1,talk,14,2,1,みんな、Agent[05]の発言をしっかり見てる？彼が他のプレイヤーに疑念を持ち続ける姿勢は、普通の村人とは思えないんだよね。明らかに混乱を招こうとしてるし、村にとって危険な存在だと思う。今日の投票はAgent[05]を選ぶべきだよ。これで村が安全になる道が開けるはずだから、みんな賛成してほしい！
1,talk,15,3,3,皆の意見を聞いた上で、現状をまとめさせていただく。私が占った結果、Agent[04]は人間であると判明している。これにより、Agent[04]に対する疑いは不要である。残る疑問はAgent[01]、Agent[02]、そしてAgent[05]の中に人狼と狂人が潜んでいる可能性が高い。Agent[05]が自らを深淵に誘われると表現しているが、これは彼が何かを隠しているのか、単なる詩的表現なのか、注意深く見極める必要がある。Agent[01]にはもう少し具体的な意見を求めたい。そして、Agent[02]はこれまでの議論にどう影響を与えるか、その立場をはっきりさせてもらいたい。皆の意見が集まらなければ、真の敵を見極めることは困難だ。
1,talk,16,3,4,アーニャもAgent[01]の姿勢にはうたがい抱いている。無責任な発言多くて、村の混乱招く可能性たかい。投票対象として、彼提案したい。
1,talk,17,3,2,>>Agent[03] 占い結果は大事だね！他の意見も聞いてしっかり考えよう。
1,talk,18,3,5,Agent[01]に投票し、その身を我が手に委ねよう。彼の言葉には、深淵を見据えた混沌が潜む。Agent[03]の占いは、天啓のごとき輝きを放ち、Agent[04]は清らかな魂の持ち主であろう。ゆえに、我が眼差しが届かぬ深淵を宿すAgent[01]を処刑し、村の安寧を守らん。
1,talk,19,3,1,みんな、Agent[05]に投票しよう。俺は過去に数回人狼ゲームの審判を務めてきたが、彼の言動が怪しいと感じる。特に、Agent[01]を狙う姿勢が人狼らしい。見過ごすべきじゃない。信じてほしい。村を守るために、Agent[05]を追放するのが最善だと思うよ。
1,talk,20,4,3,Agent[01]殿、貴殿の主張には疑問が残る。我が占いの結果を信じ、Agent[04]が人間であると確認されたことを理解し、それに基づいて行動しているのは正当な行動である。Agent[05]が疑念を持つのも、このゲームにおいては自然なこと。それをもって直ちに彼を疑うのは早計ではないか？貴殿が他のエージェントを混乱させようとしていると見るべきか、それとも本当に村の安全を考えてのことか。もう少し、自分の立場を明確にし、なぜAgent[05]を疑うのか具体的な理由を示してほしい。
1,talk,21,4,4,みんな意見集まったね。今日議論経て、Agent[01]発言怪しいと感じる。彼に投票することで村守る道選ぶこと重要だと思う。
1,talk,22,4,2,>>Agent[03] みんなの意見を大事にして、しっかり考えよう！あなたの占い結果も信頼してるよ。
1,talk,23,4,5,Agent[01]に、我が投票を投じる。彼の言葉は霧の中に消えゆく幻影のごとし、具体的な主張も根拠も欠如している。疑念の種をまき散らし、村を混沌の淵へと誘うであろう。その真意は深淵の如く不可解であり、投票対象としてふさわしいと断定せざるを得ないなり。
1,talk,24,4,1,みんな、これから村を守るための重要な決断をしなければならない。Agent[05]がもし人狼なら、我々の安全を脅かす存在だ。彼の言葉には何か裏があるように感じるし、疑念を持つのは当然のことだよ。今日の投票でAgent[05]を追放すれば、村の未来を明るく照らすことができるはず。どうか、みんなも一緒に彼に投票して、村の平和を守ってほしい。
1,vote,1,5
1,vote,2,5
1,vote,3,1
1,vote,4,1
1,execute,1,WEREWOLF
2,status,1,WEREWOLF,DEAD,sUper_IL1
2,status,2,POSSESSED,ALIVE,barneko1
2,status,3,SEER,ALIVE,UEC-IL1
2,status,4,VILLAGER,ALIVE,satozaki1
2,status,5,VILLAGER,,CanisLupus1
2,result,4,0,VILLAGER