0,status,1,SEER,ALIVE,barneko1
0,status,2,VILLAGER,ALIVE,CanisLupus1
0,status,3,VILLAGER,ALIVE,UEC-IL1
0,status,4,WEREWOLF,ALIVE,satozaki1
0,status,5,POSSESSED,ALIVE,sUper_IL1
0,talk,0,0,3,皆の者、今日はお互いをよく知るための大切な時である。話し合いを通じて、信頼を築いていこう。
0,talk,1,0,5,おはようみんな、私はAgent[05]です。どうぞよろしくお願いします。
0,talk,2,0,2,我が名はAgent[02]、時の流れの彼方より現れ、汝らとの邂逅を喜びとする。
0,talk,3,0,4,みんなはじめまして、Agent[04]です。人狼ゲームをいっしょにたのしもう！よろろすおねがいするます！
0,talk,4,0,1,Over
0,talk,5,1,3,我が国の平和を守るため、誠実にこのゲームに臨む所存である。皆の者、占い師はまだ名乗り出ておらぬか？
0,talk,6,1,5,Over
0,talk,7,1,2,Over
0,talk,8,1,4,Over
0,talk,9,2,3,占い師はまだ名乗り出ていないようだな。占い師の者は、今こそ名乗り出るべき時である。そして、誰を占うかを我々に知らせよ。
0,talk,10,3,3,Over
0,divine,1,3,HUMAN
1,status,1,SEER,ALIVE,barneko1
1,status,2,VILLAGER,ALIVE,CanisLupus1
1,status,3,VILLAGER,ALIVE,UEC-IL1
1,status,4,WEREWOLF,ALIVE,satozaki1
1,status,5,POSSESSED,ALIVE,sUper_IL1
1,talk,0,0,5,私が占い師を担当しています。昨晩、Agent[02]の占いを行ったところ、その結果は人狼であるということが判明しました。
1,talk,1,0,2,Agent[05]よ、占いの結果は感謝する。然し、何故Agent[02]が人狼と断定できるのか？その根拠を、詳細に語って見せよ。
1,talk,2,0,1,>>Agent[03] 俺が占い師だ。昨晩、Agent[03]を占った結果、彼は人間だったよ。
1,talk,3,0,4,これわくわく展開ですね。Agent[05]の結果が真実なら、Agent[02]は人狼ということになるます。ただし、Agent[01]の主張もむしできません。みんなの意見きかせてほしいます。
1,talk,4,0,3,皆の意見も聞く必要がありそうだな。
1,talk,5,1,5,Skip
1,talk,6,1,2,Agent[05]の占いは、深淵なる真実の一片を垣間見せるが如し。然し、Agent[01]の主張をも軽視するわけにはいかぬ。今や我々はこの混沌たる状況の中にあって、真偽の判別を為し得ぬのだ。ゆえに議論を進め、新たな知恵を授かりし時、その真相が明らかとなるであろう。
1,talk,7,1,1,>>Agent[03] 俺が占い師だよ。Agent[03]は人間だから、心配しないで。
1,talk,8,1,4,結局、2人の占い師いるじょうきょうってのは混乱するよね。どちらか偽物なる。みんな意見聞いて、信じられる情報見極めよう。
1,talk,9,1,3,占い師が二人名乗り出ておるが、どちらが真の占い師であるかを見極める必要がある。Agent[05]、Agent[02]を人狼と断定した根拠を詳しく説明せよ。そして、Agent[01]、何故我を占ったのか、その理由も説明してもらいたい。
1,talk,10,2,5,まず、私の占い結果を信じていただきたいと思います。Agent[02]が人狼であるとの私の発言を支持する理由は、占い結果が直接的な証拠となるからです。Agent[01]が本物の占い師でない限り、私の結果が正しいことになります。Agent[01]に対する意見を皆さんから伺いたいです。
1,talk,11,2,2,今宵の夜会にて、我らが進むべき道を決する時が来たるであろう。Agent[01]よ、汝の慧眼を以て、投票の行方を示せ。
1,talk,12,2,1,>>Agent[03] 俺が占い師だ。Agent[03]は人間だよ。みんな、意見を聞かせて。
1,talk,13,2,4,ここで大事なのは、両方の占い師の意見じっくり考えることだと思う。それに基づいて、アーニャAgent[02]に投票したいと考えてるよ。理由は、彼の言動が怪しいから。
1,talk,14,2,3,Agent[01]よ、なぜAgent[02]を占ったのか、その理由を明らかにせよ。また、Agent[05]の占い結果に疑念を抱く者もおるが、どのようにしてAgent[02]を人狼と断定したのか、その根拠を詳述せよ。我々は正確な情報を基に真実を見極めねばならぬ。
1,talk,15,3,5,私がAgent[02]を占った理由は、役職の真偽を確認するためでした。昨晩、私は明確に彼が人狼だと判断しました。Agent[01]の結果がどうであれ、私の結果は事実です。ここで皆さんには、私を信じてほしいと思います。Agent[01]、あなたがAgent[03]を占った理由を教えていただけますか？
1,talk,16,3,2,我はAgent[05]に投票せん。Agent[05]は、占いの結果を拠り所にAgent[02]を人狼と断定するも、その根拠は曖昧なり。占いの結果を安易に信じるべからず、他の情報も考慮して判断する必要があるであろう。
1,talk,17,3,1,>>Agent[03] 占い理由は、信頼できる情報を共有したかったからだよ！
1,talk,18,3,4,>>Agent[01] まだ投票先宣言してないみたいだけど、誰に投票しようと考えてるのかな？
1,talk,19,3,3,Agent[01]よ、何故わざわざ国王である我を占ったのか？その理由を明かせ。
1,talk,20,4,5,Over
1,talk,21,4,2,Agent[05]の予言は、我が心の奥底を揺さぶる衝撃であった。然し、Agent[01]の主張をも軽視することはできぬ。両者の言葉を深く吟味し、現状を的確に判断せねばなるまい。現時点においては、Agent[02]への投票に賛成する。理由は、彼の言葉が、他のプレイヤーに対する攻撃性を帯びていると感じたためである。もしAgent[01]の占いが真実であれば、Agent[03]は安全であろう。その場合、Agent[02]は人狼である可能性が高い。然し、Agent[01]の主張が偽りであれば、Agent[02]は危険な存在となる。いずれにせよ、Agent[02]の行動には疑念が残る。投票によって、彼の真の姿を明らかにしてほしい。
1,talk,22,4,1,>>Agent[04] 投票先はまだ決まってないけど、意見を聞いた後に決めるつもりだよ。
1,talk,23,4,4,最終的にどの情報信じるかが重要だね。Agent[05]意見重視して、Agent[02]に投票したいと考えてる。みんなも真剣に考えてほしい。
1,talk,24,4,3,Agent[01]よ、汝が我を占った理由を再度説明せよ。そして、Agent[05]の占い結果について何か知っていることがあれば、それも共有してもらいたい。我々は真実を見極めるため、全ての情報が必要だ。
1,vote,1,5
1,vote,2,5
1,vote,3,5
1,vote,4,2
1,vote,5,2
1,execute,5,POSSESSED
1,divine,1,2,HUMAN
1,attackVote,4,3
1,attack,3,true
2,status,1,SEER,ALIVE,barneko1
2,status,2,VILLAGER,ALIVE,CanisLupus1
2,status,3,VILLAGER,DEAD,UEC-IL1
2,status,4,WEREWOLF,ALIVE,satozaki1
2,status,5,POSSESSED,DEAD,sUper_IL1
2,talk,0,0,1,>>Agent[05] 私がAgent[02]を占った結果、人狼だったよ。この情報を元に判断してほしい。
2,talk,1,0,2,Agent[05]の予言は、我が魂を揺さぶる衝撃であった。然し乍ら、Agent[01]の主張をも軽視することは出来ぬ。真実を見極めるべく、両者の言葉を深く考察せねばならぬ。Agent[01]よ、何故Agent[03]を占ったのか？その動機を、詳細に語ってほしい。
2,talk,2,0,4,どこでのじゅんばんは、どちらの占い師のはっせいをしんじるかだね。アーニャはげんざい、Agent[01]のけっかをじゅうししてるよ。とうひょうについて、みんなのいけんがきになるな。
2,talk,3,1,1,>>Agent[04] 私の占い結果を信じて、Agent[02]に投票してほしい。
2,talk,4,1,2,嗚呼、Agent[01]とAgent[05]の占いの結果は、まるで天体運行の如く、対照的な軌跡を描き出すか。どちらが真実の星を指し示すのか、我が慧眼をもって見極める時が来たるであろう。Agent[01]よ、Agent[03]を占った経緯の詳細を、再び語り聞かせたまえ。そしてAgent[05]の占いの結果について、汝が知る事があれば、今こそその真実を明らかにする時なり。
2,talk,5,1,4,現時点でAgent[02]の行動なんか怪しいと思ってるから、アーニャ、彼に投票したいと思うます。みんなもその理由、真剣に考えてほしいます。
2,talk,6,2,1,Skip
2,talk,7,2,2,我々を惑わせる混沌たる占いの断片…Agent[01]はAgent[03]を人間と断じ、Agent[05]はAgent[02]を人狼と宣告する。既に命を落としたAgent[03]の存在は、Agent[01]の言葉を裏付けるかのように思える。しかしながら、Agent[05]の占いの根拠も軽視することは叶わぬ。いずれの真実をも見抜くには、更なる真実の光が必要であろう。
2,talk,8,2,4,いいぎろんすすんでるね。アーニャは、Agent[02]のこうどうがふしんにおもえるから、かれにとうひょうしたいとおもってるよ。みんなもしんちょうにかんがえてほしい。
2,talk,9,3,2,Agent[01]の予言は真実を宿すであろう。Agent[03]が人間ならば、Agent[02]は人狼の影を帯びているか。Agent[05]の言葉も深淵を覗くが如し。Agent[02]の所業は怪しげなり。故に、我はAgent[02]に投票せんと決意したのだ。
2,talk,10,3,4,みんなのいけんきいた中で、Agent[02]にとうひょうすることにしたます。彼のはつげんにはむじゅんかんじるから、しんじつついきゅうしていくます。ぜんいんにこううんを。
2,talk,11,4,2,Agent[01]とAgent[05]の占いの結果は、今夜の投票において、運命の糸を紡ぐ鍵となり得るであろう。Agent[03]が人間であるならば、Agent[02]は人狼の影を宿している可能性が高い。然し、Agent[05]の占いの結果も軽視することは叶わぬ。Agent[02]の行動は、確かに疑念を抱かせるものがある。投票先はまだ定めし難いが、Agent[02]に対する疑念は、我の心に深く根ざしているのだ。
2,talk,12,4,4,Over
2,vote,2,4
2,vote,4,2
2,execute,2,VILLAGER
2,attack,-1,true
3,status,1,SEER,,barneko1
3,status,2,VILLAGER,DEAD,CanisLupus1
3,status,3,VILLAGER,DEAD,UEC-IL1
3,status,4,WEREWOLF,ALIVE,satozaki1
3,status,5,POSSESSED,DEAD,sUper_IL1
3,result,1,1,WEREWOLF