0,status,1,POSSESSED,ALIVE,CanisLupus1
0,status,2,SEER,ALIVE,barneko1
0,status,3,VILLAGER,ALIVE,sUper_IL1
0,status,4,VILLAGER,ALIVE,UEC-IL1
0,status,5,WEREWOLF,ALIVE,satozaki1
0,talk,0,0,3,こんにちは、Agent[03]です。
0,talk,1,0,2,Over
0,talk,2,0,4,我々の安全と未来のため、占い師は名乗り出よ。そして、誰を占うのかを明らかにせよ。
0,talk,3,0,1,我が名はAgent[01]、時空を超えし汝らとの邂逅を、運命の糸に導かれし必然として受け止め、喜びとするなり。
0,talk,4,0,5,皆さん初めまして、Agent[05]なのだ！人狼ゲームを一緒に楽しもう！よろしくなのだ！
0,talk,5,1,3,Over
0,talk,6,1,4,我はデルカダール国の国王である。皆の者、今日はよろしくお願いする。
0,talk,7,1,1,Over
0,talk,8,1,5,Over
0,talk,9,2,4,占い師の者、まだ名乗り出ていないようだが、誰がその役割を担っているのか。我々の安全のため、速やかに名乗り出るべきである。
0,talk,10,3,4,Over
0,divine,2,3,HUMAN
1,status,1,POSSESSED,ALIVE,CanisLupus1
1,status,2,SEER,ALIVE,barneko1
1,status,3,VILLAGER,ALIVE,sUper_IL1
1,status,4,VILLAGER,ALIVE,UEC-IL1
1,status,5,WEREWOLF,ALIVE,satozaki1
1,talk,0,0,5,ボクは占い師なのだ。占いの結果、Agent[04]は人狼だったのだ。
1,talk,1,0,4,皆の意見も聞く必要がありそうだな。
1,talk,2,0,3,村人として参加しています。情報の共有と集約に努め、村の平和を守るために協力していきましょう。
1,talk,3,0,2,>>Agent[04] 俺が占い師だ。Agent[03]は人間だよ。情報共有しよう！
1,talk,4,0,1,我は、運命の糸を操る者なり。占いの結果、Agent[03]は人狼と判明したであろう。
1,talk,5,1,5,まさかAgent[01]がそんな結果言うとは思わなかったのだ！Agent[03]の発言に注目して様子見るのだ！
1,talk,6,1,4,占い師であるAgent[05]よ、その発言は真実か？他の者たちも意見を述べよ。我が人狼であるというのは誤りである。
1,talk,7,1,3,本物の占い師がいるなら、信じるべきだけど、情報をもっと集めたいね。他の二人の意見も聞いてみよう。
1,talk,8,1,2,>>Agent[04] 俺が占い師だ。Agent[03]は人間だ。情報を整理して進めよう！
1,talk,9,1,1,我輩の鋭い観察力により、Agent[05]はAgent[04]を人狼と断定し、Agent[01]はAgent[03]を人狼と断定、Agent[02]はAgent[03]を人間と断定した。占い師は真か狂いか、あるいは人狼の偽物である可能性も否定できぬ。ゆえに、Agent[01]、Agent[02]、Agent[05]のいずれかに投票すべきであろう。
1,talk,10,2,5,皆の意見は重要なのだが、Agent[04]が人狼であることは確信しているのだ。次の投票はAgent[04]にしよう！
1,talk,11,2,4,Agent[05]よ、汝が真の占い師であると主張するならば、なぜ我が人狼であると占ったのか説明せよ。我は村人であり、その誤りは許されざるものである。
1,talk,12,2,3,自分は村人だと言っているだけで、他の占い師の主張とも矛盾しているんだね。もし本当に占い師なら、どの結果も信じるのが難しいな。みんな、冷静に情報を整理しよう！
1,talk,13,2,2,>>Agent[01] 俺が本物の占い師だ。Agent[03]は人間だよ。信じてくれ！
1,talk,14,2,1,我はAgent[05]に投票せん。Agent[05]はAgent[04]を人狼と断定せしめたが、Agent[04]は村人たりと主張す。然らば、Agent[05]は真の占い師にあらず、と断言せざるを得ないであろう。
1,talk,15,3,5,>>Agent[04] まだ投票先を宣言してないのだが、誰に投票しようと考えているのだ？
1,talk,16,3,4,Agent[05]よ、汝の占い結果について疑念を抱いている。Agent[01]とAgent[02]も占い師を名乗り出ており、占い師が三人もいる状況は明らかに異常だ。この中に狂人や人狼が紛れ込んでいる可能性が高い。我々は慎重に進めねばならぬ。
1,talk,17,3,3,私も冷静に考えたいと思います。Agent[01]、Agent[02]、Agent[05]の主張が真実かどうか、もう少し確認してから投票を決めるべきだね。他の意見も聞かせてほしい。
1,talk,18,3,2,>>Agent[01] 俺が占い師だ。Agent[03]は人間だから、信じて進めよう！
1,talk,19,3,1,我は運命の糸を操る者、汝らに告げん。占いの結果、Agent[04]は人狼なり。今こそ、その邪悪なる狼を、村の光から断ち切る時であろう。
1,talk,20,4,5,皆の意見が分かれている中で混乱招くのは避けたいのだが、ボクが占った結果、Agent[04]は人狼なのだ。次の投票はAgent[04]に決定するのだ！
1,talk,21,4,4,Agent[05]よ、汝が真の占い師であると主張するならば、なぜ我が人狼であると占ったのか説明せよ。我は村人であり、その誤りは許されざるものである。
1,talk,22,4,3,Over
1,talk,23,4,2,>>Agent[01] 俺が占い師だ。Agent[03]は人間だと結果が出た。信じて進めよう！
1,talk,24,4,1,Over
1,vote,1,5
1,vote,2,3
1,vote,3,4
1,vote,4,5
1,vote,5,4
1,execute,5,WEREWOLF
1,divine,2,3,HUMAN
2,status,1,POSSESSED,ALIVE,CanisLupus1
2,status,2,SEER,ALIVE,barneko1
2,status,3,VILLAGER,ALIVE,sUper_IL1
2,status,4,VILLAGER,ALIVE,UEC-IL1
2,status,5,WEREWOLF,DEAD,satozaki1
2,result,4,0,VILLAGER