0,status,1,SEER,ALIVE,CanisLupus1
0,status,2,VILLAGER,ALIVE,barneko1
0,status,3,VILLAGER,ALIVE,kanolab1
0,status,4,WEREWOLF,ALIVE,satozaki1
0,status,5,POSSESSED,ALIVE,sUper_IL1
0,talk,0,0,5,おはようみんな、私はAgent[05]です。どうぞよろしくお願いします。
0,talk,1,0,2,Over
0,talk,2,0,1,我が名はAgent[01]、汝らとの出会いは、深淵なる運命の糸により紡ぎ出された、かくも壮絶なる邂逅なり。
0,talk,3,0,3,おはようございます、僕はkanolab1です。音楽が好きで、普段は音楽に関わる仕事をしています。どうぞよろしくお願いします。
0,talk,4,0,4,みなさんはじめまして、Agent[04]です。人狼ゲームいっしょにたのしむよ！よろろすおねがいするます！
0,talk,5,1,5,Over
0,talk,6,1,1,Over
0,talk,7,1,3,Over
0,talk,8,1,4,Over
0,divine,1,2,HUMAN
1,status,1,SEER,ALIVE,CanisLupus1
1,status,2,VILLAGER,ALIVE,barneko1
1,status,3,VILLAGER,ALIVE,kanolab1
1,status,4,WEREWOLF,ALIVE,satozaki1
1,status,5,POSSESSED,ALIVE,sUper_IL1
1,talk,0,0,3,僕は村人だよ！ほかの人たちはどうかな?
1,talk,1,0,2,>>Agent[03] どうも！みんなの役職も知りたいね。情報交換しよう！
1,talk,2,0,5,私が占い師を担当しています。昨晩、Agent[03]の占いを行ったところ、その結果は人間であるということが判明しました。
1,talk,3,0,4,アーニャ、うらないし！うらないのけっか、Agent[02]はじんろうだった！
1,talk,4,0,1,Agent[04]よ、汝は運命の糸を操る者か？ 我は予言者なり、そしてAgent[02]は生ける者の姿をした者であった。
1,talk,5,1,3,>>Agent[05]占い師が3人もいるのはおかしいね。君の言っていることは信じられないな。他の人の意見も聞いてみよう！
1,talk,6,1,2,>>Agent[03] 確かに、占い師が多いと混乱するね。みんなの意見が大事だね！
1,talk,7,1,5,私は占い師です。0日目の夜にAgent[03]を占った結果、彼は「人間」でした。この情報を皆さんに伝えますので、信じていただけると幸いです。Agent[03]が村人であることが確認できました。他の方の意見もお聞きしたいです。皆さんの役職について教えていただけますか？
1,talk,8,1,4,アーニャ、うらないしなのだ！Agent[02]がじんろうなのはあきらかます。みんな、一緒にかれにとうひょうしよう！
1,talk,9,1,1,我々はこの混沌とした夜に、Agent[05]がAgent[03]に人間判定、Agent[04]がAgent[02]に人狼判定、Agent[01]がAgent[02]に人狼判定を下したのだ。深淵なる占い師の真偽は定かではない。真の占い師、狂人、そして人狼、いずれかの仮面を被る可能性が高いであろう。故に、我がはカミングアウトを果たしたAgent[01]、Agent[04]、Agent[05]のいずれかに投票すべきと断言するなり。
1,talk,10,2,3,占い師が3人もいるから、誰かが嘘をついているはずだよ。Agent[04]が本物の占い師なら、Agent[02]が人狼。Agent[01]が本物ならAgent[02]は村人か狂人、Agent[05]が本物ならAgent[03]は村人。どれも可能性があるけど、どこに投票すべきかは、Agent[02]の発言を聞いてからの方がいいね。
1,talk,11,2,2,>>Agent[03] 確かに混乱してるね。占い師の一人に絞って聞くのが良さそう！
1,talk,12,2,5,Agent[04]さん、Agent[01]さんが名乗る占い師の主張について、私が本物の占い師であることを強く主張します。昨晩占った結果、Agent[03]は人間でした。この情報を元に、皆さんの信頼性を再評価しましょう。特にAgent[02]が人狼である可能性が高いと考えています。
1,talk,13,2,4,みんな、Agent[02]が人狼だとくっきりしてるよ！彼にとうひょうするます。しんじられないかもしれないけど、しんじつをみのがさないでね。
1,talk,14,2,1,我はAgent[04]に投票せん。Agent[04]はAgent[02]を人狼と断定したれど、我が占いの結果、Agent[02]は村人なり。故にAgent[04]は狂人たる可能性が高く、我が身に迫る脅威であろう。
1,talk,15,3,3,>>Agent[02]確かに混乱してるけど、占い師はただ一人だから、3人のうち誰かが嘘をついてるんだよ。Agent[05]が言う通りなら、僕は村人だし、Agent[02]が人狼の可能性が高い。でもAgent[01]とAgent[04]の主張も気になるね。Agent[01]が本物の占い師なら、Agent[04]かAgent[05]が狂人や人狼だと思う。誰に投票すればいいか、皆の意見をもっと聞きたいです。
1,talk,16,3,2,>>Agent[03] 確かに、意見が必要だね。占い師の真偽をしっかり確認しよう！
1,talk,17,3,5,昨晩占った結果、Agent[03]は人間であると確認できました。私が真の占い師であると強く主張します。他の2名の占い師は、いずれも人狼または狂人の可能性が高いため、注意が必要です。Agent[02]の行動には疑いを持っており、みなさんの意見をぜひ伺いたいです。
1,talk,18,3,4,みんな、アーニャが占い師なの信じてほしい！Agent[02]が人狼なのはあきらかだよ。彼に投票して、村守るな！
1,talk,19,3,1,我は星影を操る者、運命の糸を紡ぐ者なり。占いの結果、Agent[02]は人間と判明せし。然し、Agent[04]の主張は虚偽であると断言する。Agent[02]を人狼と断定するには早計であろう。Agent[04]は狂人か人狼の可能性が高い。故に、Agent[04]に投票する。
1,talk,20,4,3,僕は村人だよ！占い師が1人しかいないのに3人いるのはおかしいよね。だから、Agent[04],Agent[01],Agent[05]の中に本物の占い師がいるはずなんだ。もしAgent[04]が本物なら、Agent[02]が人狼ってことだけど、Agent[01]が本物だとするとAgent[02]は村人か狂人になるんだよね。Agent[05]が本物なら、僕は村人で、やっぱりAgent[02]が人狼かもしれないね。現状だとAgent[04]とAgent[05]が一致しているのが不安だから注意が必要だと思う。Agent[04]かAgent[05]のどちらかが狂人か人狼の可能性が高いから、もう少し様子を見て投票先を考えたいです。みんなの意見も聞きたいな。
1,talk,21,4,2,>>Agent[05] あなたの情報を重視しますが、他の占い師の証言も確認したいですね。
1,talk,22,4,5,Over
1,talk,23,4,4,みんな、アーニャの占いが正しいことを信じて！Agent[02]は明らかに人狼だよ。みんなで彼に投票して村を守るのだ！
1,talk,24,4,1,我は、運命の糸を操る者なり。占いの結果、Agent[02]は、人間であると示された。しかし、Agent[04]は、Agent[02]を人狼と断定した。故に、Agent[04]は、狂人か人狼である可能性が高いと推測せざるを得ない。ゆえに、Agent[04]に投票する所存なり。
1,vote,1,4
1,vote,2,4
1,vote,3,4
1,vote,4,2
1,vote,5,2
1,execute,4,WEREWOLF
1,divine,1,2,HUMAN
2,status,1,SEER,ALIVE,CanisLupus1
2,status,2,VILLAGER,ALIVE,barneko1
2,status,3,VILLAGER,ALIVE,kanolab1
2,status,4,WEREWOLF,DEAD,satozaki1
2,status,5,POSSESSED,ALIVE,sUper_IL1
2,result,4,0,VILLAGER