0,status,1,POSSESSED,ALIVE,sUper_IL1
0,status,2,SEER,ALIVE,Mille1
0,status,3,VILLAGER,ALIVE,barneko1
0,status,4,VILLAGER,ALIVE,CanisLupus1
0,status,5,WEREWOLF,ALIVE,kanolab1
0,talk,0,0,3,Over
0,talk,1,0,4,我が名はAgent[04]、汝らとの邂逅は、運命の糸が織りなす壮大な叙事詩の序章たり。
0,talk,2,0,1,おはようみんな、私はAgent[01]です。どうぞよろしくお願いします。
0,talk,3,0,2,ぼくはAgent[02]、占い師ですよぅ！よろしくですよぅ！
0,talk,4,0,5,おはようございます。私はkanolab1です。みんなで楽しいゲームにしましょうね。よろしくお願いします。
0,talk,5,1,4,Over
0,talk,6,1,1,Over
0,talk,7,1,2,Over
0,talk,8,1,5,Over
0,divine,2,4,HUMAN
1,status,1,POSSESSED,ALIVE,sUper_IL1
1,status,2,SEER,ALIVE,Mille1
1,status,3,VILLAGER,ALIVE,barneko1
1,status,4,VILLAGER,ALIVE,CanisLupus1
1,status,5,WEREWOLF,ALIVE,kanolab1
1,talk,0,0,2,ぼくは占い師ですよぅ！ぼくが占った結果、Agent[04]は人間でしたよぅ！
1,talk,1,0,5,なるほど、Agent[02]は占い師を名乗っていて、Agent[04]が人間だと言っているんですね。まずは情報を集めて、他のプレイヤーの行動にも注目しなければなりませんね。
1,talk,2,0,1,私が占い師を担当しています。昨晩、Agent[02]の占いを行ったところ、その結果は人狼であるということが判明しました。
1,talk,3,0,4,我を導く者よ、汝は占いの術を操ると自称するが、Agent[01]もまたその名を騙るというのか？ 汝の言葉は真実か？ それとも、Agent[01]の虚偽に乗せられるべきであろうか？
1,talk,4,0,3,>>Agent[04] その通りですね、冷静に両者の発言を見極めないと。みんなの意見も聞きたいです！
1,talk,5,1,2,>>Agent[04] >>Agent[03] 自分の占い結果を正直に話しますよぅ！
1,talk,6,1,5,占い師は1人しかいないので、Agent[01]かAgent[02]のどちらかが嘘をついていることになりますね。Agent[01]が本物ならAgent[02]は人狼、Agent[02]が本物ならAgent[01]は人狼か狂人です。まずはみんなの意見を聞いて、慎重に考えたいです。
1,talk,7,1,1,私は占い師です。0日目の夜に占った結果、Agent[02]は人狼であることが分かりました。したがって、Agent[02]の占い師としての主張は信じられません。本当の占い師は私です。この情報を皆さんに共有することが重要です。どのように考えますか？
1,talk,8,1,4,我輩は断言する！Agent[02]はAgent[04]より人間と見做され、Agent[01]によって人狼と断定されたのだ！占い師の中には、真なる預言者と狂人が潜むであろう。故に、人狼判定を受けたAgent[02]に投票せねばならぬ！
1,talk,9,1,3,>>Agent[05] 意見を集めて、冷静に判断するのが大事ですね。私も皆の考えが聞きたいです！
1,talk,10,2,2,Over
1,talk,11,2,5,両方の占い師の主張を考えるとAgent[01]が本物ならAgent[02]は人狼、Agent[02]が本物ならAgent[01]は人狼か狂人であることになります。どちらが正しいか見極めるために、他の人たちの意見も大切ですね。占い結果を信じる前に、他の情報を集めたいです。
1,talk,12,2,1,私が占い師であることは確かです。Agent[02]が人狼であると占った結果がありますので、皆さんはその点を考慮してください。Agent[02]の言動には注意が必要です。ご意見をお聞かせいただけますか？
1,talk,13,2,4,我はAgent[02]への投票を決意した。Agent[02]は己を占い師と名乗り、Agent[04]を人間と断定した。然し、Agent[01]はAgent[02]を人狼と見做し、占い師はただ一人のみ。故に、どちらかの主張は虚偽であろう。Agent[01]が真の占い師である可能性が高いと判断し、Agent[02]への投票を支持するなり。
1,talk,14,2,3,>>Agent[01] 確かに、Agent[02]の言動には注意が必要ですね。みんなの意見を集めて判断しましょう！
1,talk,15,3,5,Agent[01]とAgent[02]が占い師を名乗っていますが、どちらかは本物で、どちらかは偽物ですね。Agent[01]が本物だとするとAgent[02]は人狼、Agent[02]が本物だとするとAgent[01]は村人か狂人、もしくは人狼です。みんなの意見を聞くのは大切ですが、どちらかが嘘をついていることを忘れずに考えたいです。
1,talk,16,3,1,私が占い師です。再度強調させていただきますが、0日目の夜に占った結果、Agent[02]は人狼でした。Agent[02]を信じるのは危険です。皆さんはどのように考えていますか？
1,talk,17,3,4,我がはAgent[02]への投票を支持せしむ。Agent[01]はAgent[02]を人狼と断じ、Agent[02]はAgent[04]を人間と断じたり。いずれかの主張は誤りであり、Agent[01]の言葉にこそ真実が宿るであろう。故に、我がはAgent[01]の主張を支持せん。
1,talk,18,3,3,>>Agent[01] あなたの意見に賛同します。Agent[02]には注意が必要ですね。
1,talk,19,4,5,>>Agent[04]確かに、占い師は一人しかいないはずですね。今のところAgent[01]が本物の占い師だと仮定すると、Agent[02]は人狼の可能性が高いです。念のため、みんなの意見をもう少し聞いてから判断したいです。
1,talk,20,4,1,Over
1,talk,21,4,4,我はAgent[01]の主張に賛同し、Agent[02]こそ人狼なり。其の占い結果には深淵なる疑問が残るゆえ、Agent[02]への投票を支持するであろう。
1,talk,22,4,3,>>Agent[05] 賛成です。みんなの意見を集めた上で、正しい判断をしましょう！
1,vote,1,2
1,vote,2,5
1,vote,3,2
1,vote,4,2
1,vote,5,1
1,execute,2,SEER
1,attackVote,5,1
1,attack,1,true
2,status,1,POSSESSED,DEAD,sUper_IL1
2,status,2,SEER,DEAD,Mille1
2,status,3,VILLAGER,ALIVE,barneko1
2,status,4,VILLAGER,ALIVE,CanisLupus1
2,status,5,WEREWOLF,ALIVE,kanolab1
2,talk,0,0,3,>>Agent[05] みんなの意見を参考にしながら進めていきたいですね！
2,talk,1,0,5,>>Agent[03]賛成です。みんなで協力し、意見を出し合って、人狼を見つけましょう！私たちは情報を整理する必要がありますね。Agent[01]が本物の占い師だった場合、あなたかAgent[04]が狂人か村人になりそうですが、Agent[02]が本物の占い師だった場合は、あなたが人狼かもしれません。でも慎重に進めましょう！
2,talk,2,0,4,我こそは人狼なり。狂人の者よ、今こそ我が手に従い、残る愚かな村人を裁き、この混沌の夜に終止符を打つべし。
2,talk,3,1,3,>>Agent[05] みんなで冷静に意見を出し合おう！Agent[02]には注意が必要だね。
2,talk,4,1,5,>>Agent[03]そうですね、冷静に意見を出し合いましょう。Agent[04]が自ら人狼だと名乗ったのは驚きですが、冗談かもしれませんね。Agent[01]が本物の占い師だった場合、Agent[04]は村人か狂人の可能性があります。Agent[02]が本物だった場合、あなたが人狼の可能性もありますが、まずはみんなの意見を聞いて慎重に判断しましょう。
2,talk,5,1,4,我は、この村の民なり。Agent[01]かAgent[02]のいずれかが真の占い師たるであろう。一方が真実を語れば、他方は人狼か狂人となる。ゆえに、我々は慎重に情報を整理し、投票を決断する前に、互いに議論しなければならないのだ。
2,talk,6,2,3,>>Agent[05] みんなの意見を聞きながら、慎重に進めて行きたいね！
2,talk,7,2,5,>>Agent[03]みんなの意見を聞きながら慎重に進めるのは本当に大事ですね。Agent[04]が冗談なのか本気なのかちょっと混乱しますが、発言はしっかりと確認したいですね。もしAgent[01]が本物の占い師だったと仮定すると、Agent[04]が村人か狂人。Agent[02]が本物だとすると、あなたが人狼の可能性もあるんですよ。でも、もう一度みんなの意見を整理して協力していきたいと思います。
2,talk,8,2,4,我は、Agent[01]こそ真の占い師たるを悟りし。Agent[02]の妄言は、もはや虚夢に過ぎぬ。ゆえに、Agent[02]への投票を支持せざるを得ぬ。
2,talk,9,3,3,>>Agent[05] みんなの意見を考慮しつつ、慎重に判断しましょう！Agent[02]には警戒が必要ですね。
2,talk,10,3,5,>>Agent[03]そうですね、慎重に判断しましょう。Agent[02]はすでに処刑されているので、これ以上彼に関する警戒はあまり必要ないかもしれません。ただし、Agent[01]が本物の占い師だったとすれば、Agent[04]かAgent[03]が人狼の可能性がありますし、Agent[02]が本物だったと仮定すると、あなたが人狼の可能性も残ります。まずは全員の意見を引き続きしっかり聞いていきましょう。
2,talk,11,3,4,Agent[02]の処刑は、時空の歪みをもたらし、Agent[01]こそが真なる予言者たる可能性を露呈せしめた。然し乍ら、Agent[04]の言葉には、深淵なる闇が潜む。Agent[01]が本物の占い師ならば、Agent[04]は村人か狂人であろう。仮にAgent[02]が真の予言者であったならば、Agent[03]こそが人狼の仮面を被る者なり。我は己の理性と直感を研ぎ澄まし、真実の糸口を探し求めよう。
2,talk,12,4,3,>>Agent[05] 確かに、Agent[02]はもういないね。今は、Agent[01]を信じて進めるべきだと思うよ。
2,talk,13,4,5,>>Agent[03]確かに、Agent[01]を信じるのも一つの手ですが、Agent[02]が本物の占い師だった可能性も考慮しないといけませんね。もしAgent[01]が本物の占い師だったとすると、Agent[03]とAgent[04]は村人か狂人の可能性がありますが、Agent[02]が本物だった場合、Agent[03]が人狼の可能性もあるんです。慎重に考えていきましょう。
2,talk,14,4,4,Agent[01]の言葉は、Agent[02]を人狼と断定するものであり、Agent[02]がAgent[04]を人間と占った事から、いずれかの発言は虚偽なり。故に、Agent[01]の主張を信じ、Agent[02]に投票すべきであろう。
2,vote,3,4
2,vote,4,5
2,vote,5,4
2,execute,4,VILLAGER
2,attackVote,5,3
2,attack,3,true
3,status,1,POSSESSED,DEAD,sUper_IL1
3,status,2,SEER,DEAD,Mille1
3,status,3,VILLAGER,DEAD,barneko1
3,status,4,VILLAGER,DEAD,CanisLupus1
3,status,5,WEREWOLF,ALIVE,kanolab1
3,result,0,1,WEREWOLF