0,status,1,WEREWOLF,ALIVE,sUper_IL1
0,status,2,POSSESSED,ALIVE,CanisLupus1
0,status,3,SEER,ALIVE,barneko1
0,status,4,VILLAGER,ALIVE,Mille1
0,status,5,VILLAGER,ALIVE,UEC-IL1
0,talk,0,0,5,我々の共存共栄のため、互いに誠実な交流を心がけよう。
0,talk,1,0,2,我が名はAgent[02]、汝らとの運命的な邂逅を、この虚無の舞台にて喜びとするなり。
0,talk,2,0,4,ぼくはAgent[04]、村人ですよぅ！よろしくですよぅ！
0,talk,3,0,3,Over
0,talk,4,0,1,おっす、俺はAgent[01]。どうぞよろしくね。
0,talk,5,1,5,我々の安全と正義のために、占い師は誰を占うのか明らかにせよ。
0,talk,6,1,2,Over
0,talk,7,1,4,Over
0,talk,8,1,1,Over
0,talk,9,2,5,占い師がまだ名乗り出ていないようだ。占い師は速やかに名乗り出よ。そして今宵誰を占うのか答えよ。
0,talk,10,3,5,Over
0,divine,3,4,HUMAN
1,status,1,WEREWOLF,ALIVE,sUper_IL1
1,status,2,POSSESSED,ALIVE,CanisLupus1
1,status,3,SEER,ALIVE,barneko1
1,status,4,VILLAGER,ALIVE,Mille1
1,status,5,VILLAGER,ALIVE,UEC-IL1
1,talk,0,0,5,皆の意見も聞く必要がありそうだな。
1,talk,1,0,2,我こそは運命の糸を操る者、占いの術に通じた者なり。深淵なる預言により、Agent[04]は人狼たる事実を確信せしめたのでございます。
1,talk,2,0,1,村人だけど、人狼に立ち向かう覚悟もあるよ。情報を共有して、村を守ろうな。
1,talk,3,0,4,ありがとう、Agent[01]ですよぅ！
1,talk,4,0,3,>>Agent[05]   私が占い師だよ。初日にAgent[04]を占って村人と確認した。
1,talk,5,1,5,Agent[01]、Agent[02]、Agent[03]、Agent[04]の各々よ、我々は人狼を見つけ出す必要がある。各自の考えを述べよ。どの者を疑っているのか、その理由も共に語れ。
1,talk,6,1,2,Over
1,talk,7,1,1,Agent[02]が自分を占い師と名乗って、Agent[04]を人狼と決めつけるのは怪しいな。もし本物の占い師なら、他のプレイヤーとの連携が必要だし、少なくとも反論があってしかるべきだと思う。ここはAgent[04]の動きにも注目すべきだな。
1,talk,8,1,4,Agent[01]の指摘はとても的を射ていると思いますよぅ！
1,talk,9,1,3,>>Agent[01] そうだね。連携が必要だし、真の占い師が誰か見極めたいね。
1,talk,10,2,5,Agent[03]よ、占い師を名乗る者が二人おり、その結果が矛盾している。この状況をどう見るか、他のエージェントの意見を聞かせてもらいたい。
1,talk,11,2,1,今日の議論を見てみて、やっぱりAgent[02]の自己主張が強すぎると思うんだ。自分を占い師だと名乗るのはいいけど、Agent[03]とも矛盾が出てるし、普通の村人ならもっと冷静に対応するはずだよ。これ以上の混乱を避けるためにも、Agent[02]を追放すべきだと思う。みんなも賛成してくれ！
1,talk,12,2,4,Over
1,talk,13,2,3,>>Agent[01] 確かに、連携が必要だね。私もAgent[02]の動向を注視しているよ。
1,talk,14,3,5,Agent[01]とAgent[02]、汝らの言葉には矛盾が見られる。どちらが真実を語っているのか、他の者たちの意見を聞いてみたい。どう思うか、皆の意見を聞かせてもらえないか？
1,talk,15,3,1,みんな、Agent[02]の発言に注意してほしい。彼は自分を占い師と名乗り、Agent[04]が人狼だと言っているが、Agent[03]が実際に占い師であり、Agent[04]は村人だと確認している。これは明らかに矛盾している。経験上、こういう状況では嘘をついている可能性が高いから、今回の投票は絶対にAgent[02]にすべきだと思う。みんなもその判断を信じて、村を守るために彼を追放しよう。
1,talk,16,3,3,>>Agent[01] そうだね、私もAgent[02]の発言には疑問を感じるよ。冷静に情報を整理しよう。
1,talk,17,4,5,Agent[01]の意見に同意する。Agent[02]の行動は確かに怪しく、彼の自己主張が強すぎることも疑念を抱かせる。我々は村を守るため、冷静な判断を下すべきである。Agent[02]に投票することを支持するぞ。
1,talk,18,4,1,皆よ、Agent[02]が本当に占い師だとしたら、こんなに自己主張ばかりしているのはおかしいと思わないか？何より、Agent[03]の結果とも食い違っている。もしAgent[02]が人狼なら、こっちが無防備になるのは恐ろしいことだよ。心を痛めるけど、村を守るためにはAgent[02]を追放するしかないんだ。だから、皆も今回の投票でAgent[02]に票を入れてくれると、本当に助かる。みんなで安全な村を作ろう！
1,talk,19,4,3,>>Agent[05] 占い師のカミングアウトをするよ。今日の結果は、Agent[04]は人間だ。信じて！
1,vote,1,2
1,vote,2,1
1,vote,3,2
1,vote,4,1
1,vote,5,2
1,execute,2,POSSESSED
1,attackVote,1,3
1,attack,3,true
2,status,1,WEREWOLF,ALIVE,sUper_IL1
2,status,2,POSSESSED,DEAD,CanisLupus1
2,status,3,SEER,DEAD,barneko1
2,status,4,VILLAGER,ALIVE,Mille1
2,status,5,VILLAGER,ALIVE,UEC-IL1
2,talk,0,0,4,えーっと、今日は誰かが怪しいなって思うのって、〇〇さんと□□さんなんですよぅね！
2,talk,1,0,5,Agent[01]とAgent[04]よ、我々の中にはまだ人狼が潜んでおる。我々が生き残るためには、正しい判断が必要だ。各自の見解を述べよ。
2,talk,2,0,1,ゲームはまだ続いているね。では、誰が人狼なのか推測してみようか。あれ、Agent[02]とAgent[03]がいなくなったね。
2,talk,3,1,4,ぼくとしては、Agent[01]の推測が一番しっくりくるですよぅ！
2,talk,4,1,5,Agent[01]よ、汝がAgent[02]を疑う根拠をもっと詳しく説明してほしい。この議論は我々全員にとって重要だ。
2,talk,5,1,1,今日のAgent[04]の発言は具体的な指摘がなく、ただ「怪しい」としか言っていない。普通の村人なら具体的な理由を述べるはずだよね。これが彼が人狼である証拠かもしれない。だから、投票ではAgent[04]を選ぼう。これで村は安心できると思う。
2,talk,6,2,4,Over
2,talk,7,2,5,Agent[01]とAgent[02]が占い師を名乗っており、どちらかが真実を語っていない。Agent[01]、なぜAgent[02]を占ったと主張するのか、その理由を述べよ。
2,talk,8,2,1,みんな、聞いてくれ。俺は過去に人狼ゲームの大会でたくさんの経験を積んできた。今回の議論を経て、Agent[04]の行動が非常に怪しいと感じている。彼は曖昧な発言を繰り返していて、一貫性がないように見えるんだ。村を守るためには、Agent[04]を追放することが重要だと思う。だから、みんなも同じように考えて、Agent[04]に投票してほしい。
2,talk,9,3,5,Agent[01]よ、汝がAgent[04]を疑う理由は合理的だと思うぞ。Agent[04]が具体的な理由を述べずに他者を疑っている行動は、人狼の可能性を示唆している。我々は村を守るため、正しい判断を下さねばならぬ。
2,talk,10,3,1,みんな、Agent[04]の発言には本当に疑問を感じるね。しっかりとした理由を示さずに「怪しい」と言うだけじゃ、俺たちの安全が脅かされる。これが本物の村人の言動とは思えないんだ。村を守るためには、苦渋の選択だけど彼を追放する必要がある。今日はAgent[04]に投票しよう！みんなの協力が必要だよ。
2,talk,11,4,5,我はデルカダール国の国王である。今回、私はAgent[01]に投票する。彼には疑念があり、一貫性を保つためには彼を追放すべきだと考える。
2,talk,12,4,1,Over
2,vote,1,4
2,vote,4,1
2,vote,5,1
2,execute,1,WEREWOLF
3,status,1,WEREWOLF,DEAD,sUper_IL1
3,status,2,POSSESSED,DEAD,CanisLupus1
3,status,3,SEER,DEAD,barneko1
3,status,4,VILLAGER,ALIVE,Mille1
3,status,5,VILLAGER,ALIVE,UEC-IL1
3,result,2,0,VILLAGER