0,status,1,WEREWOLF,ALIVE,sUper_IL1
0,status,2,POSSESSED,ALIVE,kanolab1
0,status,3,SEER,ALIVE,Mille1
0,status,4,VILLAGER,ALIVE,satozaki1
0,status,5,VILLAGER,ALIVE,UEC-IL1
0,talk,0,0,3,ぼくはAgent[03]、占い師ですよぅ！よろしくですよぅ！
0,talk,1,0,4,みんな、はじめまして、Agent[04]です。人狼ゲームいっしょにたのしもうね。よろろすおねがいするます！
0,talk,2,0,1,おっす、俺はAgent[01]。どうぞよろしくね。
0,talk,3,0,5,我々はこれから人狼ゲームを行うわけだが、まずは占い師が誰であるかを明らかにしてもらいたい。占い師は名乗り出よ。
0,talk,4,0,2,みなさん、こんにちは！私はkanolab1です。よろしくお願いしますぺこ！さあ、楽しい人狼ゲームを始めましょう！
0,talk,5,1,3,Over
0,talk,6,1,4,Over
0,talk,7,1,1,Over
0,talk,8,1,5,占い師であるAgent[03]よ、今宵誰を占うのか発言せよ。
0,talk,9,1,2,Over
0,talk,10,2,5,Agent[03]、占い師であるとのことだが、今宵誰を占うつもりなのか教えてもらいたい。
0,talk,11,3,5,Over
0,divine,3,4,HUMAN
1,status,1,WEREWOLF,ALIVE,sUper_IL1
1,status,2,POSSESSED,ALIVE,kanolab1
1,status,3,SEER,ALIVE,Mille1
1,status,4,VILLAGER,ALIVE,satozaki1
1,status,5,VILLAGER,ALIVE,UEC-IL1
1,talk,0,0,1,村人だよ。皆と協力して人狼を見破り、村の平和を守りたいんだ。情報の共有をお願いするよ。
1,talk,1,0,3,ぼくは占い師ですよぅ！ぼくが占った結果、Agent[04]は人間でしたよぅ！
1,talk,2,0,2,皆さん、私の占い結果を報告します。Agent[03]は黒判定でした。これが真実です！
1,talk,3,0,4,みんな、アーニャが村人であることが証明されたね。Agent[03]とAgent[02]のどちらが本物の占い師なのか、しっかり議論するます。
1,talk,4,0,5,皆の意見も聞く必要がありそうだな。
1,talk,5,1,1,プレイヤー2が怪しい気がするな。特に言動に不自然さを感じる。君たちはどう思う？
1,talk,6,1,3,ぼくはAgent[01]の意見に同意するですよぅ！
1,talk,7,1,2,私は本物の占い師なので、Agent[03]が他の役職を装っている可能性が高いですぺこ。それに、占い師は一人だけのはずだから、みなさんもう一度よく考えてくださいぺこ！さて、みなさんの意見をもっと聞かせてくださいね。
1,talk,8,1,4,まずは、Agent[02]の主張を検証する必要あるね。もし本物の占い師いるなら、Agent[03]がうそついてる可能性あるね。どちらが真実か、みんなでしっかり話し合おうね。
1,talk,9,1,5,Agent[02]とAgent[03]、お前たちの占い結果が矛盾しておる。どちらが真実を語っているのか、証拠を以て説明せよ。
1,talk,10,2,1,今日の議論を見ていると、Agent[02]が強く自己弁護していて怪しい動きをしているよね。普通の村人ならこんなに必死にならないはずだ。だから、今回の投票でAgent[02]を追放するのがベストだと思うんだ。これで村に平和が戻るかもしれないから、みんなも賛成してほしい。
1,talk,11,2,3,Over
1,talk,12,2,2,みんな、ちょっと考えてみてほしいぺこ。占い師は1人しかいないはずだから、私の主張に合わせれば、Agent[03]が嘘をついていることになるはずだぺこ。もしみんな良ければ、他の情報や意見を教えてくれると嬉しいぺこ！一緒に考えていこうね。
1,talk,13,2,4,みんな意見聞いてて、アーニャAgent[02]に投票したいと思うよ。自己弁護目立ちすぎてるし、真の占い師特定するためにも、今日は彼追放するべきだと思う。
1,talk,14,2,5,Agent[01]よ、なぜAgent[02]を占ったのだ？その理由を明かせ。
1,talk,15,3,1,みんな、Agent[02]が怪しいってのは明らかだと思うぞ。自分だけが本物の占い師だと主張して、他のプレイヤーを攻撃するのは典型的な人狼の行動だ。俺はこれまでの経験からも、そういうのは非常に危険だと思う。今こそ、村を守るためにAgent[02]を追放するべきだ。みんなもこの判断を信じて、投票をお願いします！
1,talk,16,3,2,みんな、この状況をよく考えてほしいぺこ！占い師は1人しかいないはずだから、私が本物であれば、Agent[03]が嘘をついていることになるぺこ。それに、他のプレイヤーとの議論を続けて、本当のことを見極めていこうね。普段はゲームが趣味なんだけど、今回のゲームも真面目に取り組むぺこ！みんなで真実を見つけようね。
1,talk,17,3,4,>>Agent[02] まだ投票先宣言してないようですが 誰に投票しようと考えてるますか
1,talk,18,3,5,Agent[02]よ、汝がAgent[03]を人狼と占った理由を述べよ。その根拠が我々には必要だ。
1,talk,19,4,1,みんな、やっぱりAgent[02]が怪しいよ。彼女の自己弁護は目立ち過ぎていて、普通の村人に見えない。もし彼女が人狼だったら、村は大変なことになる。信頼できる村を築くために、今こそAgent[02]に投票しよう。これが村の未来を守るための一歩だと思うんだ。みんな賛成してくれるよね？
1,talk,20,4,2,>>Agent[05]理由を聞くんだね、分かったぺこ。私は占い師として村を守るために最も怪しいと思ったAgent[03]を占ったぺこ。結果として彼は黒判定だったから、みんなにはこのことを考えてもらいたいぺこ。自分が本物の占い師だから、他の役職を装う人を見つけるのが私の役目ぺこよ。
1,talk,21,4,4,みんなのいけん聞いて、Agent[02]があやしいってところにはどういする。今夜は彼女にとうひょうして、このぎろん終わらせるます。むら守るために、ちからあわせていくます！
1,talk,22,4,5,Agent[02]よ、汝がなぜAgent[03]を占ったのか、その理由を述べよ。
1,vote,1,2
1,vote,2,3
1,vote,3,2
1,vote,4,2
1,vote,5,2
1,execute,2,POSSESSED
1,divine,3,1,WEREWOLF
1,attackVote,1,5
1,attack,5,true
2,status,1,WEREWOLF,ALIVE,sUper_IL1
2,status,2,POSSESSED,DEAD,kanolab1
2,status,3,SEER,ALIVE,Mille1
2,status,4,VILLAGER,ALIVE,satozaki1
2,status,5,VILLAGER,DEAD,UEC-IL1
2,talk,0,0,1,まだまだ人狼は残っている。どうしよう。あれ、Agent[02]とAgent[05]がいなくなったね。
2,talk,1,0,4,そうだね、Agent[02]とAgent[05]いなくなったの大きな影響だ。今後の投票では、Agent[01]とAgent[03]の意見しっかり聞いて、慎重に行動したいね。
2,talk,2,0,3,ぼくは占い師ですよぅ！ぼくが占った結果、Agent[01]は人狼でしたよぅ！
2,talk,3,1,1,今回の議論を振り返ってみると、Agent[03]の発言が明らかに村人たちを混乱させるように思えるんだよね。彼は自分が占い師だと自己主張しながら、他のプレイヤーを攻撃している。これは明らかに人狼の行動パターンだと思う。だから、今日はAgent[03]に投票しよう。これが村を守るための最善策だと言えるんじゃないかな。
2,talk,4,1,4,みんな、Agent[03]の発言がほんとうにあやしいと思うよ。彼が自分占い師と主張してるのに、Agent[01]を人狼だと決めつけるのはおかしい。今日は彼に投票するます！
2,talk,5,1,3,占い結果を発表しますよぅ！
2,talk,6,2,1,みんな、再度考えてほしい。Agent[03]が自称占い師として俺を人狼だと言っているが、彼の行動は怪しい。昨日の議論ではAgent[02]が彼を黒判定してたし、もしAgent[02]が本物の占い師だとしたら、今の状況は明らかにおかしいよ。みんなもこの点をしっかり考えて、Agent[03]を追放する方向でいかないか？
2,talk,7,2,4,みんな、Agent[03]の言動ほんとに矛盾してるから、彼に投票するのが最善策だと思う。村守るためにも、しっかり結束するます！
2,talk,8,2,3,Over
2,talk,9,3,1,みんな、Agent[03]が本当に占い師だったとしたら、私が人狼だなんて言う理由がないはずだよね。彼の発言は明らかにおかしいし、村を混乱させようとしている。もし彼が人狼だった場合、村全体にとって恐ろしい結果になる。だから、今日はみんなでAgent[03]に投票して、村を守るための大切な一歩を踏み出そう！✊
2,talk,10,3,4,みんなのいけんきいて、アーニャ完全にAgent[03]があやしいと思ってるよ。きょうはかれにとうひょうして、むらのあんぜんとりもどそう！いっしょにがんばろう！
2,talk,11,4,1,Over
2,talk,12,4,4,Over
2,vote,1,3
2,vote,3,1
2,vote,4,3
2,execute,3,SEER
2,attackVote,1,4
2,attack,4,true
3,status,1,WEREWOLF,ALIVE,sUper_IL1
3,status,2,POSSESSED,DEAD,kanolab1
3,status,3,SEER,DEAD,Mille1
3,status,4,VILLAGER,DEAD,satozaki1
3,status,5,VILLAGER,DEAD,UEC-IL1
3,result,0,1,WEREWOLF