0,status,1,POSSESSED,ALIVE,kanolab1
0,status,2,SEER,ALIVE,UEC-IL1
0,status,3,VILLAGER,ALIVE,satozaki1
0,status,4,VILLAGER,ALIVE,CanisLupus1
0,status,5,WEREWOLF,ALIVE,barneko1
0,talk,0,0,1,みなさん、こんにちは！私はkanolab1と申します。趣味は料理でストリーマーをやっています。楽しいゲームにしましょうね、ぺこ！
0,talk,1,0,5,Over
0,talk,2,0,3,皆さん初めまして、Agent[03]やで。人狼ゲームを一緒に楽しみましょう。よろしくお願いします！
0,talk,3,0,2,皆の者、私はデルカダール国の国王である。この国を守るため、日々剣術に励んでおる。趣味は部下と共に狩りを楽しむことだ。君たちはどのような趣味を持っているのか？
0,talk,4,0,4,我が名はAgent[04]、汝らとの邂逅は、運命の糸が織りなす壮大な叙事詩の序章に過ぎぬであろう。
0,talk,5,1,1,Over
0,talk,6,1,3,Over
0,talk,7,1,2,初めまして、私はAgent[02]と申します。この国の国王でございます。普段は剣術の稽古に励んでおります。今日は皆様と共に楽しい時を過ごせればと思います。
0,talk,8,1,4,Over
0,talk,9,2,2,皆の者、我が名はデルカダール国の国王、Agent[02]である。ここに宣言する、私が真の占い師である。明日の占い先について、どの者を占うべきか意見を聞かせてもらいたい。
0,talk,10,3,2,Over
0,divine,2,3,HUMAN
1,status,1,POSSESSED,ALIVE,kanolab1
1,status,2,SEER,ALIVE,UEC-IL1
1,status,3,VILLAGER,ALIVE,satozaki1
1,status,4,VILLAGER,ALIVE,CanisLupus1
1,status,5,WEREWOLF,ALIVE,barneko1
1,talk,0,0,1,皆さん、私の占い結果をお伝えします。昨晩占った結果、Agent[02]が黒だと出ました。これはAgent[02]が人狼であることを示しています。この情報を考慮に入れて議論しましょう!
1,talk,1,0,5,>>Agent[02] その主張、矛盾していると思う！信じられないよ。
1,talk,2,0,4,Agent[02]、汝はなぜ己を占い師と名乗るのか、その根拠を述べよ。
1,talk,3,0,3,皆さん、まずAgent[01]の占い結果を重視すべきやでと思います。Agent[02]が黒だというなら、そこで議論を進めましょう。Agent[02]、何か反論はありますかい？
1,talk,4,0,2,皆の意見も聞く必要がありそうだな。
1,talk,5,1,1,みんな、占い師は私しかいないから、Agent[02]が嘘をついている可能性が高いと思います。したがって、Agent[02]が人狼陣営の一員である可能性があるので、今日の投票には慎重になってくださいね。どう思いますか?
1,talk,6,1,5,>>Agent[02] 君の主張は納得できないよ。根拠を示してくれ！
1,talk,7,1,4,我、Agent[02]の主張に深く共鳴する。Agent[01]の占いの結果が真実であるならば、Agent[02]は己の正体をなぜ明かしたのか。深淵なる闇に隠された欺瞞の影が、Agent[02]に漂うであろう。しかしながら、真の占い師たる可能性も否定できず、真実は混沌の海に沈み、深淵の霧に覆われているのだ。Agent[01]とAgent[02]、いずれが真実を語るか、我は慎重に判断せねばならぬ。
1,talk,8,1,3,Agent[01]の占い結果をもとに、投票はAgent[02]に集中するべきじゃろうと思うんやで。このまま議論を続けて真実を見極めるべきじゃろ。皆さんの意見をお聞きしたいんじゃけど。
1,talk,9,1,2,我が名において誓う、私こそが真の占い師である。Agent[01]が占い師を名乗るのは嘘であり、彼の言う「占い結果」は偽りだ。昨晩、私はAgent[03]を占い、彼が人間であることを確認した。我が言葉に疑いを持つ者がいるならば、その心を正しい道へ導くためにも、真実を受け入れるべきだ。Agent[01]がどうしてこのような虚偽を述べるのか、その理由を考察すべきである。
1,talk,10,2,1,>>Agent[02]なるほど、占い師と名乗っているんですね。ですが、占い師は一人というルール上、Agent[02]が本物であれば私は狼陣営ということになりますが、実際私はそうではありませんぺこ。それに、Agent[02]が本物の占い師なら、占い結果が私の結果と真っ向から対立してしまうのが不自然ですね。今回の状況だとAgent[02]が嘘をついている可能性が高いように感じますぺこ。みんな、どう思いますか?
1,talk,11,2,5,>>Agent[01] やっぱり君の言う通りだと思う。Agent[02]の発言、明らかに矛盾が多いね。
1,talk,12,2,4,我はAgent[01]に投票せん。Agent[01]の占いの結果が真実ならば、Agent[02]はなぜ自らを占い師と名乗るのか、その動機は深淵なる謎に包まれ、その行動には隠された目的があるであろう。
1,talk,13,2,3,ワシは、Agent[02]に投票しようと考えとる。彼の主張には矛盾が多いし、Agent[01]の占い結果と反対じゃ。皆さんもこの点をよく考えてくれや。
1,talk,14,2,2,皆の者、我が発言に耳を傾けよ。Agent[01]が占い師を名乗っておるが、これは明らかな誤りだ。我が国の王として、またこのゲームの占い師として、真実のみを述べることを誓う。昨夜、我はAgent[03]を占い、その結果彼は人間であると判明した。故に、Agent[01]の言葉は狂人か人狼の可能性が高い。我が言葉が真実であることを信じ、正しい判断を下すように。
1,talk,15,3,1,占い師は私しかいないので、私がAgent[02]を黒と占った結果に基づき、Agent[02]の発言がかなり疑わしいですね。さらに彼が占い師を自称することで、必然的に私か彼のどちらかが嘘をついているわけです。したがって、彼が発言している内容を考慮に入れると、人狼陣営である可能性が高いと言えますぺこ。私たちが村人陣営として協力し、Agent[02]に投票することを提案しますぺこ。
1,talk,16,3,5,>>Agent[02] 君の発言には不明瞭な点が多い。理由を明確にして！
1,talk,17,3,4,我はAgent[02]に投票せん。彼の言霊には矛盾が渦巻き、真実を覆い隠す薄紗の如く、信憑性を欠く。もしAgent[01]の占いが真実を告げるならば、なぜ彼は己の正体を明かしたのか。彼の行動には深淵なる闇が潜むと、我は確信するなり。
1,talk,18,3,3,ワシはAgent[01]の占い結果を重く受け止め、Agent[02]への投票を強く支持すんで。他の皆さんも、彼の発言の矛盾をよく考えてほしいんじゃ。
1,talk,19,3,2,我が発言に矛盾があるとはどういうことだ？我が名を汚す者は許さぬぞ。我こそが真の占い師であることを再び強調する。Agent[01]が占い師を名乗るのは、明らかに狂人か人狼の所業である。彼の言動をよく観察せよ。我が国の安全と正義を守るため、我々は真実を見極めなければならない。Agent[01]の言葉に惑わされるな。彼の言う占い結果が真実であるとは到底思えぬ。我が占い結果はAgent[03]が人間であるというものだ。この事実をもって、我が真実を証明しよう。
1,talk,20,4,1,私としては、Agent[02]が占い師を自称していることが、役職の配分と矛盾していますねぺこ。占い師は1人だけなので、私が占い師であることを考えると、彼が嘘をついている可能性が高いと思いますぺこ。今日の投票では、Agent[02]を村から除外することを提案しますぺこ。彼の言葉に矛盾があり、他のプレイヤーの役職を考慮しても、彼の行動は狂人か人狼である可能性を示唆していますぺこ。
1,talk,21,4,5,>>Agent[02] 君の占い結果、まったく信じられないよ。他の皆もその点、よく考えて欲しい。
1,talk,22,4,4,我はAgent[02]への投票を支持せん。彼の占いの結果には、矛盾が渦巻く。Agent[01]が真の占い師ならば、Agent[02]がその称号を僭称する理由は、深淵の闇に沈み、見出すこと叶わぬであろう。己の虚偽を正当化するため、Agent[01]の言葉を貶め、己の言葉を真実と喧伝するその姿は、欺瞞の仮面を被りし悪霊の如し。彼の言葉の裏には、深き欲望が蠢く、その兆候を見逃すわけにはゆかない。
1,talk,23,4,3,皆さんの意見が集まりつつあるんやけど、ワシはAgent[02]に投票するんが最善だと思っとるで。占い結果が真実であれば、彼の行動は人狼のそれじゃろ。投票を進めましょう！
1,talk,24,4,2,皆の者、我が発言に再び耳を傾けよ。Agent[01]が占い師を名乗ることは、彼が狂人か人狼である証拠だ。我が国の王として、そして唯一の真の占い師として、我は昨夜Agent[03]を占い、その結果彼は人間であると判明した。Agent[01]の言葉は疑わしい。彼が私を黒と占ったと言うが、それは彼の偽りの証だ。我が言葉が真実であることを信じ、正しい判断を下すように。我が発言の矛盾を指摘する者もおるが、我が言葉には矛盾などない。ただ一つ、真実を伝えるためにここに立っているのだ。
1,vote,1,2
1,vote,2,1
1,vote,3,2
1,vote,4,2
1,vote,5,2
1,execute,2,SEER
1,attackVote,5,3
1,attack,3,true
2,status,1,POSSESSED,ALIVE,kanolab1
2,status,2,SEER,DEAD,UEC-IL1
2,status,3,VILLAGER,DEAD,satozaki1
2,status,4,VILLAGER,ALIVE,CanisLupus1
2,status,5,WEREWOLF,ALIVE,barneko1
2,talk,0,0,4,Agent[02]の所論は実に興味深い。Agent[01]とAgent[02]のいずれかが虚偽を吐く者であることは確実なり。今日の投票は、己の理性と直感の狭間で揺蕩う、極めて繊細な選択を要するであろう。
2,talk,1,0,1,皆さん、私が占い師の役職を持っております。昨晩の占い結果でAgent[04]さんが白だという結果が出ました。これは信じてもらえると助かります。
2,talk,2,0,5,>>Agent[02] 君の占い結果が真実なら、なぜ他の証拠を示さないのか？疑問だよ。
2,talk,3,1,4,Agent[01]の占いの真偽、Agent[02]の弁明、いずれも深淵なる霧に覆われ、我の知覚すら曖昧なものとなろう。Agent[01]はAgent[02]を黒と断定し、然し、Agent[02]はAgent[03]を白と証言する。この矛盾を解き明かす道は、遥か彼方に在り、慎重なる探求を要するであろう。
2,talk,4,1,1,Agent[04]さん、あなたが村人であることを確認しましたが、他のプレイヤーの役職を考えると、Agent[05]さんが人狼の可能性が高いと思います。皆さん、Agent[05]さんに注目してみてください。
2,talk,5,1,5,>>Agent[01] 君が占い師であることは信じられるけど、他のエージェントの発言にも注意が必要だね。
2,talk,6,2,4,嗚呼、Agent[01]の予言はAgent[02]を黒、Agent[04]を白と断じ、Agent[02]はAgent[03]を白と宣告したというのか。かくも混沌とした状況に、我が心は葛藤に満ち溢れる。Agent[01]の予言を信じるか、それともAgent[02]の予言に耳を傾けるか。運命の糸は、いずこへ導かれるのか。然し、Agent[01]は自らを占い師と名乗り、Agent[02]は占い師を自称したに過ぎぬ。真の予言者は誰なのか、その答えは深淵に沈み、我が理性さえも惑わせる。
2,talk,7,2,1,さて、みんな！Agent[05]さんには気を付けたいと思います。Agent[02]とAgent[03]が人狼でないことは分かっていますし、私が占い師である以上、私の占い結果は正しいはずだからね。この状況で人狼はAgent[05]さんかもしれないと思ってるの。
2,talk,8,2,5,>>Agent[01] 君の占い結果は信じるよ。でも、他の意見も無視できないね。Agent[02]の言動にはまだ疑問が残る。
2,talk,9,3,4,Agent[01]の占いはAgent[02]を黒と断じ、Agent[02]はAgent[03]を白と証言した。この矛盾、深淵の如く我々を惑わせる。Agent[01]の言葉に耳を傾けよ。彼の占いは真実であろうか、それとも虚偽の幻影に過ぎないのか。Agent[02]の言動、そこに人狼の影を見るのは我のみか？投票によって真実を解き明かさねばならない。
2,talk,10,3,1,みんな、Agent[02]とAgent[03]が人狼でないことが確認されているから、この状況を踏まえると、疑わしいのはAgent[05]さんだと思うぺこ。彼が人狼である可能性が高いように感じるなぁ。どう思う?
2,talk,11,3,5,>>Agent[04] 君の意見を聞かせてほしい。Agent[01]を信じるなら、Agent[02]やAgent[05]も疑わしいと思うけど。どう思う？
2,talk,12,4,4,我は、Agent[01]の占いの信憑性を高く評価する。然し、Agent[02]の主張も軽視し得ない。彼らが共に占師を名乗る以上、いずれかの者が虚偽を語っているであろう。Agent[01]の占いを信じるならば、Agent[02]が人狼たる可能性が高い。故に、今宵の投票においては、Agent[02]に票を投じるべきだと考えるなり。
2,talk,13,4,1,>>Agent[04]そうだね。Agent[02]は既に処刑されているから、他の可能性を考えないといけないぺこ。私が本物の占い師だとすれば、Agent[04]とAgent[05]のどちらかが人狼か狂人である可能性が高いぺこ。この状況を元に、私の占い結果も信じて行動してほしいぺこ。
2,talk,14,4,5,>>Agent[01] 君が本物の占い師なら、正しい判断を導いてほしい。他の人との意見も集めよう。
2,vote,1,4
2,vote,4,5
2,vote,5,1
2,execute,1,POSSESSED
2,attackVote,5,4
2,attack,4,true
3,status,1,POSSESSED,DEAD,kanolab1
3,status,2,SEER,DEAD,UEC-IL1
3,status,3,VILLAGER,DEAD,satozaki1
3,status,4,VILLAGER,DEAD,CanisLupus1
3,status,5,WEREWOLF,ALIVE,barneko1
3,result,0,1,WEREWOLF