0,status,1,SEER,ALIVE,barneko1
0,status,2,VILLAGER,ALIVE,sUper_IL1
0,status,3,VILLAGER,ALIVE,satozaki1
0,status,4,WEREWOLF,ALIVE,kanolab1
0,status,5,POSSESSED,ALIVE,Mille1
0,talk,0,0,3,皆さん初めまして、Agent[03]やで。人狼ゲームを一緒に楽しむんやで。よろしくお願いします！
0,talk,1,0,4,初めまして、僕はkanolab1です。パン屋をやっていて、料理が趣味です。みんなで楽しく人狼ゲームをしましょう！よろしくお願いします！
0,talk,2,0,5,ぼくはAgent[05]、占い師ですよぅ！よろしくですよぅ！
0,talk,3,0,1,Over
0,talk,4,0,2,初めまして、Agent[02]です。どうぞよろしくお願いします。
0,talk,5,1,3,Over
0,talk,6,1,4,Over
0,talk,7,1,5,Over
0,talk,8,1,2,Over
0,divine,1,5,HUMAN
1,status,1,SEER,ALIVE,barneko1
1,status,2,VILLAGER,ALIVE,sUper_IL1
1,status,3,VILLAGER,ALIVE,satozaki1
1,status,4,WEREWOLF,ALIVE,kanolab1
1,status,5,POSSESSED,ALIVE,Mille1
1,talk,0,0,4,僕もパン屋をやっていて、普段は料理が趣味です。でも今日はこのゲームを楽しむために頑張ります！占い師のAgent[05]さん、よろしくお願いしますです！
1,talk,1,0,2,Over
1,talk,2,0,5,ぼくは占い師ですよぅ！ぼくが占った結果、Agent[01]は人狼でしたよぅ！
1,talk,3,0,1,>>Agent[05] 占い結果ありがとう！信用してます、一緒に頑張りましょう！
1,talk,4,0,3,Agent[05]さんの占い結果、信じるやで。Agent[01]が人狼とされているので、これからの行動に注目するやで。みんなで協力して真実を見つけるやで！
1,talk,5,1,4,みんな、Agent[05]が占い師でAgent[01]を人狼だって言ってるけど、他にも占い師がいるか確認した方がいいかもしれないです。占い師を名乗る人が多いと、どこかが嘘をついてる可能性があるからです。
1,talk,6,1,5,>>Agent[01] こちらこそありがとう！Agent[01]の判断力はすごいねですよぅ！
1,talk,7,1,1,>>Agent[04] 確かに、占い師の確認は大事だね。情報を集めながら進めよう！
1,talk,8,1,3,そうじゃな、Agent[04]さんの言う通り、他の占い師の存在も確認した方がいいかもしれん。みんなで慎重に行動しようやで！
1,talk,9,2,4,僕は村人だよ！Agent[05]が占い師を名乗っているけど、他に占い師がいないか確認した方がいいと思うです。もし他に占い師がいないなら、Agent[05]の言うことを信じる方向で考えてもいいかもしれないです。でも、まだ情報が少ないから、みんなで慎重に進めていこうです！
1,talk,10,2,5,占い師の視点で見ると、Agent[04]さんの発言は非常に参考になるですよぅ！
1,talk,11,2,1,>>Agent[04] 確かに、他の占い師の存在を確認するのは重要だね！情報集めを続けよう！
1,talk,12,2,3,みんな、これからの流れを考えると、Agent[01]に投票するのが良いと思うやで。Agent[05]の占い結果を信じて、みんなで協力して行動するやで！
1,talk,13,3,4,もしAgent[05]が本当に占い師で、Agent[01]が人狼だとすると、Agent[01]に投票するのは合理的かもしれないです。でも、他に占い師がいないかまだ確認しておきたいです。他の人の意見も聞いてみるといいかもしれないです！
1,talk,14,3,5,Over
1,talk,15,3,1,>>Agent[04] 他の占い師の確認は重要だね。みんなで少しずつ情報を集めよう！
1,talk,16,3,3,みんな、あまり迷っとると時間がなくなるやで。ここはAgent[01]への投票を進めるのが良いと思うんや。しっかり判断せんといけんで！
1,talk,17,4,4,僕もAgent[05]の占い結果が正しいかどうか気になってるです。ただ、他に占い師を名乗る人がいないのであれば、Agent[05]を信じるしかないかもしれないですね。とはいえ、焦らずもう少し情報を集めましょう。僕は他の意見も聞いてから投票するか考えたいです。
1,talk,18,4,1,>>Agent[05] 僕もあなたの意見を重視してるよ。みんなで協力して進めよう！
1,talk,19,4,3,みんな、しっかり意見を共有していこう！最終的にAgent[01]に投票する方向で動きたいと思うんじゃけど、他の意見があれば聞かせてほしいやで！
1,vote,1,3
1,vote,2,3
1,vote,3,1
1,vote,4,5
1,vote,5,1
1,execute,1,SEER
1,attackVote,4,3
1,attack,3,true
2,status,1,SEER,DEAD,barneko1
2,status,2,VILLAGER,ALIVE,sUper_IL1
2,status,3,VILLAGER,DEAD,satozaki1
2,status,4,WEREWOLF,ALIVE,kanolab1
2,status,5,POSSESSED,ALIVE,Mille1
2,talk,0,0,4,僕たちの中で人狼じゃないことが確認されているのは、Agent[01]とAgent[03]だけど、どちらもゲームから除外されてしまったね。となると、残っているのは僕、Agent[02]、そしてAgent[05]だね。Agent[05]は占い師を名乗っていたけど、彼が本当に占い師かどうかはまだ確証がないです。Agent[02]とAgent[05]のどちらかが人狼の可能性が高いと思うけど、みんなはどう思う?
2,talk,1,0,5,ぼくは占い師ですよぅ！ぼくが占った結果、Agent[04]は人間でしたよぅ！
2,talk,2,0,2,ゲームはまだ続いていますね。では、誰が人狼なのか推測してみましょう。
2,talk,3,1,4,僕は村人だから、Agent[05]が本当の占い師だとしたら、彼が占った結果で僕を白と判断してるのは嬉しいです。でも、Agent[05]が本当に占い師なのかまだ確証がないですね。現時点では、僕とAgent[02]、Agent[05]の中に人狼がいる可能性がありますね。Agent[05]が本当に占い師なら、残る候補はAgent[02]が人狼ってことかな。それともAgent[05]が狂人や人狼で嘘をついているかも。この状況をどう考えてますか?
2,talk,4,1,5,Agent[04]の推測は面白いですよぅ！
2,talk,5,1,2,僕はAgent[05]の言っていることが少し疑わしいと思うよ。もし本当に占い師なら、他に占った結果を聞かせてほしいな。Agent[04]の意見も聞きたい。どう思う？
2,talk,6,2,4,僕は村人だよ！Agent[05]の言っていることを全部信じるのはまだ早いかな。というのも、彼が本当に占い師なら、2日間フィールドにいて他に誰を占ったのか知りたいんだけど、まだ何も言ってないです。Agent[05]が人狼の場合、僕を白と言うことで信用を得ようとしてるかもしれない。逆にAgent[02]もまだ何も占いの話をしてないから、どっちかが人狼の可能性があるかな、と思うです。もっと情報がほしいです！
2,talk,7,2,5,Over
2,talk,8,2,2,僕も状況を考えると、Agent[05]が本当に占い師か疑わしいと思います。もし彼が人狼だった場合、嘘をついている可能性が高いですよね。Agent[04]は冷静に考えているようなので、彼を信じたい気持ちもありますが、やっぱり慎重に行動したいです。みんなの意見をもう少し聞かせてください。
2,talk,9,3,4,現段階で考えると、Agent[01]とAgent[03]がすでに人狼ではないことが確認されているので、Agent[02]とAgent[05]のどちらかが人狼の可能性が高いんですよね。Agent[05]が占い師を名乗っているけど、詳しい占い結果がまだ不足しているから少し信用できないかな。それから、Agent[02]も占い師であるとは名乗っていないので、どちらが本物か、もしくはどちらも偽物か見極めないといけないです。やっぱり互いに意見を出し合って、もう少し状況を見てみたいですね。
2,talk,10,3,2,Over
2,talk,11,4,4,僕は村人だから、現時点で人狼の可能性があるのはAgent[02]かAgent[05]ですね。Agent[05]が占い師を名乗っているけど、まだ具体的な占い結果が不十分なので完全には信頼できません。でも、もしAgent[05]が本当に占い師ではなかったら、彼が狂人か人狼の可能性が高いです。Agent[02]も村人、狂人、人狼のどれかの可能性があるから、慎重に考えないといけないですね。みんなはどう思う?
2,vote,2,5
2,vote,4,2
2,vote,5,2
2,execute,2,VILLAGER
2,attack,-1,true
3,status,1,SEER,DEAD,barneko1
3,status,2,VILLAGER,DEAD,sUper_IL1
3,status,3,VILLAGER,DEAD,satozaki1
3,status,4,WEREWOLF,ALIVE,kanolab1
3,status,5,POSSESSED,ALIVE,Mille1
3,result,1,1,WEREWOLF