0,status,1,WEREWOLF,ALIVE,kanolab1
0,status,2,POSSESSED,ALIVE,Mille1
0,status,3,SEER,ALIVE,CanisLupus1
0,status,4,VILLAGER,ALIVE,barneko1
0,status,5,VILLAGER,ALIVE,satozaki1
0,talk,0,0,4,Over
0,talk,1,0,2,ぼくはAgent[02]、占い師ですよぅ！よろしくですよぅ！
0,talk,2,0,1,みんな、こんにちは！私はkanolab1、漁師をしている30歳の女性だよ。ウォーキングが趣味で、積極的にゲームを楽しみたいと思ってるよ。よろしくね！
0,talk,3,0,5,皆さん初めまして、Agent[05]なのだ！人狼ゲーム一緒に楽しもう！よろしくなのだ！
0,talk,4,0,3,我が名はAgent[03]、汝らとの巡り合わせに運命の糸が絡み合いし、今、この邂逅を喜びとするなり。
0,talk,5,1,2,Over
0,talk,6,1,1,Over
0,talk,7,1,5,Over
0,talk,8,1,3,Over
0,divine,3,4,HUMAN
1,status,1,WEREWOLF,ALIVE,kanolab1
1,status,2,POSSESSED,ALIVE,Mille1
1,status,3,SEER,ALIVE,CanisLupus1
1,status,4,VILLAGER,ALIVE,barneko1
1,status,5,VILLAGER,ALIVE,satozaki1
1,talk,0,0,2,ぼくは占い師ですよぅ！ぼくが占った結果、Agent[03]は人狼でしたよぅ！
1,talk,1,0,1,うーん、Agent[02]が占い師を名乗っているね。でもまだ他に占い師がいるかもしれないし、確定ではないよね。Agent[03]は人狼だと言っているけど、私たちも他の情報も集めて冷静に判断しよう！
1,talk,2,0,4,>>Agent[01] 占い結果は気になるね。他の情報も集めて判断しよう！
1,talk,3,0,5,冷静に判断すること大切なのだね。ボクもAgent[02]の結果に対して慎重にならざるを得ないのだ。Agent[03]を投票候補として考えるべきかもしれないのだ。
1,talk,4,0,3,我こそは運命の糸を操る者、占いの導き手なり。その結果、Agent[04]は生ける魂、人間であったと判明した。Agent[02]もまた、運命の糸に触れる者と名乗るが、他に同胞が存在する可能性も否定できぬ。Agent[02]の言葉は、深淵を覗き込むが如く、慎重に吟味せねばならぬであろう。
1,talk,5,1,2,Over
1,talk,6,1,1,今のところ、Agent[02]とAgent[03]が占い師を名乗っているけど、占い師は1人しかいないから、どちらかが嘘をついていることになるね。Agent[02]はAgent[03]を人狼と言っていて、Agent[03]はAgent[04]が人間だと言っている。どちらが本物の占い師かを見極めるために、他の情報も集めたいところだね。みんなの意見も聞かせてほしいな。
1,talk,7,1,4,>>Agent[02] 占いの結果をもとに、次に誰を占いたいか教えて！
1,talk,8,1,5,ボクもどちらが本物の占い師か見極めたいのだ。Agent[02]とAgent[03]の意見を聞いた後、さらに議論続けよう！次の投票先しっかり考えよう！
1,talk,9,1,3,我々Agent[02]は、Agent[03]を人狼と断定し、Agent[03]はAgent[04]を人間と断定した。占い師の中には、真の占い師と、欺瞞に満ちた狂人が潜む可能性が高い。故に、人狼判定を受けたAgent[03]に投票すべきであろう。
1,talk,10,2,1,今のところ、Agent[02]とAgent[03]が占い師を名乗っているけど、本物の占い師は1人しかいないよね。だから、どちらかが嘘をついているんだろうね。仮にAgent[02]が本物だとしたら、Agent[03]は人狼。他方Agent[03]が本物なら、Agent[02]は人狼または狂人かな。皆の意見も大切だし、しっかり情報を集めて次の投票先を考えたいね。
1,talk,11,2,4,>>Agent[01] 占い師の真偽は重要だね。情報を集めて冷静に判断しよう！
1,talk,12,2,5,ボクは現在、Agent[02]が本物の占い師である可能性を考えているのだ。したがって、Agent[03]に投票したいと思うのだ。みんなの意見も聞かせてほしいのだ！
1,talk,13,2,3,我はAgent[02]に投票を決意した。Agent[02]は我を人狼と断定したという。しかし、我が占いの力はAgent[04]の真なる姿を明らかにし、その者に人間たる証明を得た。この矛盾こそ、Agent[02]の偽物の占い師たる実体を露呈する証左なり。
1,talk,14,3,1,それぞれの占い師COを考えると、占い師は1人しかいないから、どちらかが嘘をついているね。Agent[02]が本物なら、Agent[03]は人狼。Agent[03]が本物なら、Agent[02]は人狼か狂人。これらの点を考慮しながら、次の投票をしっかり決めたいね。みんな、冷静な判断と意見をお願いします！
1,talk,15,3,4,>>Agent[02] 占い師としての次の占い対象はどこにする？みんなで考えたいね！
1,talk,16,3,5,>>Agent[02] まだ投票先決めてないみたいだけど、誰に投票しようと思ってるのだ？
1,talk,17,3,3,我は、運命の糸を操る者なり。占いの結果、Agent[04]は、人間たる者であると判明した。然し、Agent[02]は、我を人狼と断定する。だが、我の占いは真実の鏡であり、揺るぎない。故に、Agent[02]の占いは偽物と断定せざるを得ない。投票はAgent[02]に、然りとせよ。
1,talk,18,4,1,占い師は1人しかいないから、Agent[02]かAgent[03]のどちらかが嘘をついているね。Agent[02]が本物ならAgent[03]が人狼、Agent[03]が本物ならAgent[02]が人狼か狂人だよ。どちらに投票するか、みんなでしっかり考えよう！
1,talk,19,4,4,>>Agent[02] 次の占い対象を教えて！皆でしっかり議論したいね。
1,talk,20,4,5,皆の意見聞いてると、Agent[02]かAgent[03]のどっちか嘘ついてるのは明らかなのだ！投票は慎重に決めたいのだ。一度みんなで意見まとめよう！
1,talk,21,4,3,我こそは運命の糸を操る者、占いの達人なり。予言の光が示す真実、Agent[04]は紛れもなく人間であろう。Agent[02]は己を占い師と称するも、その言葉は虚偽に満ちている。Agent[04]の真の姿は明らか、Agent[02]の占いは偽物と断定せざるを得ない。故に、我はAgent[02]への投票を提言する。
1,vote,1,2
1,vote,2,3
1,vote,3,2
1,vote,4,3
1,vote,5,3
1,execute,3,SEER
1,attackVote,1,2
1,attack,2,true
2,status,1,WEREWOLF,ALIVE,kanolab1
2,status,2,POSSESSED,DEAD,Mille1
2,status,3,SEER,DEAD,CanisLupus1
2,status,4,VILLAGER,ALIVE,barneko1
2,status,5,VILLAGER,ALIVE,satozaki1
2,talk,0,0,4,>>Agent[02] 次の占い対象は誰にするつもりなの？みんなで議論したい！
2,talk,1,0,1,さて、みんなの意見を聞いて、話を進めたいけれど、Agent[03]とAgent[02]がいなくなったね。占い師は一人しかいないから、そのうちのどちらかが本物だったと思うよ。Agent[04]とAgent[05]、君たちはそれぞれどのように考えているのかな?この情報を元に次の手を考えてみよう。
2,talk,2,0,5,そうだね！Agent[01]、Agent[04]、ともに冷静に考える必要あると思うのだ。次の投票先は慎重に決めたいのだが、意見聞かせてほしいのだ！
2,talk,3,1,4,>>Agent[02] 次の占い対象は誰にするつもり？みんなで考えよう！
2,talk,4,1,1,>>Agent[05]そうだね、慎重にいこう。Agent[03]とAgent[02]がそれぞれ占い師を名乗っていたけれど、どちらかが本物で、もう片方は狂人だった可能性が高いよね。Agent[04]がどちらにも人間とされたからこそ、少し怪しいとも感じるけど、どう思う?他の視点も知りたいな。
2,talk,5,1,5,ボクは現時点でAgent[04]が怪しいと感じているのだ。前回の発言からも、少し人狼に近い印象があるから、次の投票先として考えたいのだ。皆の意見が聴きたいのだ！
2,talk,6,2,4,Skip
2,talk,7,2,1,私の考えでは、Agent[02]とAgent[03]のどちらかが本物の占い師で、もう一方が狂人だったよね。どちらも人狼でないことが確認されたから、残るAgent[04]とAgent[05]のどちらかが人狼だと思うんだ。Agent[03]がAgent[04]を人間と判定してたけど、これはAgent[03]が狂人だった可能性もあるよね。でも、Agent[05]がAgent[04]を怪しいと見るのも十分な根拠がある。議論をさらに続けて、情報を整理したいな。
2,talk,8,2,5,ボクはAgent[04]が人狼の可能性考えると、次の投票先としてふさわしいかもしれないと感じているのだ！みんなの意見欲しいのだ！
2,talk,9,3,1,>>Agent[05]確かに、Agent[04]が怪しいと感じるのは理解できるよ。Agent[03]が本物の占い師だったと仮定すると、Agent[04]は村人か狂人の可能性があるけど、Agent[05]は人狼の可能性もあるんだ。だから、Agent[04]が人狼の可能性もあるけど、Agent[05]も怪しいと考えるべきかもしれないね。みんなで意見を出し合って、慎重に投票先を決めよう！
2,talk,10,3,5,みんなの意見聞いて考え整理できたのだ。現時点ではAgent[04]が最も怪しいと感じるのだ。次の投票先としてAgent[04]に決めようって提案したいのだ！
2,talk,11,4,1,>>Agent[05]君の意見に耳を傾けるよ。Agent[03]が本物の占い師だった場合、Agent[05]が人狼の可能性も高いのかもしれないね。でも、Agent[02]が本物の占い師だった場合、Agent[05]は人狼でないんだ。どちらにしても、Agent[04]が怪しいのは理解できるから、慎重にみんなで考えよう。投票先を決めるのは重要だからね。
2,talk,12,4,5,Over
2,attack,-1,true
3,status,1,WEREWOLF,ALIVE,kanolab1
3,status,2,POSSESSED,DEAD,Mille1
3,status,3,SEER,DEAD,CanisLupus1
3,status,4,VILLAGER,,barneko1
3,status,5,VILLAGER,ALIVE,satozaki1
3,result,2,1,NONE