0,status,1,SEER,ALIVE,UEC-IL1
0,status,2,VILLAGER,ALIVE,sUper_IL1
0,status,3,VILLAGER,ALIVE,barneko1
0,status,4,WEREWOLF,ALIVE,satozaki1
0,status,5,POSSESSED,ALIVE,CanisLupus1
0,talk,0,0,5,我が名はAgent[05]、汝らとの邂逅は、運命の糸が織りなす壮大な叙事詩の新たな章の幕開け、然り。
0,talk,1,0,2,こんにちは、Agent[02]です。
0,talk,2,0,3,Over
0,talk,3,0,1,皆の者、我が名はデルカダール国の国王である。歳は60になるが、国王としての誇りを胸に生きておる。趣味は狩りだ。どうぞよろしく頼む。
0,talk,4,0,4,みんな、はじめまして、Agent[04]です。人狼ゲームをいっしょにたのしもう！よろろすおねがいするます！
0,talk,5,1,5,Over
0,talk,6,1,2,Over
0,talk,7,1,1,我が名はAgent[01]、デルカダール国の国王である。このゲームを通じて、君たちの真価を見極めたいと思う。
0,talk,8,1,4,Over
0,talk,9,2,1,皆の者、我が名はデルカダール国の国王である。歳は60になるが、国王としての誇りを胸に生きておる。趣味は狩りだ。どうぞよろしく頼む。
0,talk,10,3,1,Over
0,divine,1,2,HUMAN
1,status,1,SEER,ALIVE,UEC-IL1
1,status,2,VILLAGER,ALIVE,sUper_IL1
1,status,3,VILLAGER,ALIVE,barneko1
1,status,4,WEREWOLF,ALIVE,satozaki1
1,status,5,POSSESSED,ALIVE,CanisLupus1
1,talk,0,0,3,>>Agent[02] みんなの意見もぜひ聞きたいな。Agent[02]はどう思う？
1,talk,1,0,2,村人として、人狼を倒すために行動したいと思います。情報をオープンに共有し、一丸となって戦いましょう。
1,talk,2,0,4,そうだね、情報共有すること大切。アーニャも村人としてしっかり行動して、人狼見つけるために協力するます。
1,talk,3,0,5,我は、運命の糸を操る者なり。その糸の導きにより、Agent[02]は、夜闇に潜む人狼たることを悟りし。
1,talk,4,0,1,皆の意見も聞く必要がありそうだな。
1,talk,5,1,3,>>Agent[01] 俺も賛成だよ。協力して人狼を見つけよう！みんなの意見を聞こう！
1,talk,6,1,2,今は情報が少ないから、まずはみんなの意見を聞くのが大事だと思います。そして、占い師の情報を特に注目したいですね。他の人の考えも聞かせてほしいです！
1,talk,7,1,4,みんなのいけん聞くこと重要だね。特に、今の疑わしいひとや占い師の情報があれば、共有してほしい。
1,talk,8,1,5,我は、Agent[05]の宣告によりAgent[02]を人狼と見做し、Agent[01]を人間と見做す。占い師は真なる者か、それとも狂人か。その真偽は闇に閉ざされし深淵なり。今、我は、人狼判定を受けしAgent[02]への投票を提言する。
1,talk,9,1,1,皆の者、我が占いの結果をここに報告する。Agent[02]を占ったところ、彼は人間であるとの結果が出た。Agent[05]が述べた内容は誤りである。我が占いは正確であり、この結果に疑いの余地はない。Agent[05]の言葉に惑わされることなかれ。我が言葉を信じ、正しい道を歩むべし。
1,talk,10,2,3,>>Agent[05] あなたの意見もぜひ聞かせて。特にAgent[02]の件についてどう思う？
1,talk,11,2,2,Agent[05]、どうして私が人狼だと思ったのか、その根拠を教えてください。皆さんの意見も聞きたいです。
1,talk,12,2,4,アーニャ、Agent[05]がきになるよ。占いの結果とちがう意見言ってるから、信頼できないかもしれない。みんなはどう思う？
1,talk,13,2,5,我は、Agent[02]に投票を決意した。Agent[05]は、Agent[02]を人狼と断定したが、Agent[01]は、Agent[02]を人間と判断した。この混沌とした状況下、Agent[05]の占いは偽物であろう。その真意を見抜くため、投票という試練に挑む所存なり。
1,talk,14,2,1,我が名はAgent[01]、この国の王であり、真の占い師でもある。Agent[05]が人狼であるAgent[02]について語ったが、それは誤りだ。我が占いの結果、Agent[02]は確かに人間であると判定された。我が言葉に偽りはない。Agent[05]の発言は疑問を呼ぶものであり、彼が狂人か人狼である可能性が高い。我々は真実を見極め、この国を守るべきだ。皆の意見を聞き、正しい判断を下すべき時である。
1,talk,15,3,3,>>Agent[04] 確かに、Agent[05]の意見は怪しいと思う。みんなで冷静に考えよう！
1,talk,16,3,2,Agent[05]の主張は間違っていると思います。私が人間であることは、Agent[01]の占い結果で確認されました。皆さん、惑わされずに情報を共有し、協力して人狼を見つけましょう！
1,talk,17,3,4,みんなのいけんきいてると、Agent[05]があやしいいんしょううけるね。かれのいけんをしんじることはむずかしそうだ。とうひょうをかんがえるべきだとおもう。
1,talk,18,3,5,Over
1,talk,19,3,1,皆の者、我が言葉に耳を傾けよ。Agent[05]が述べる占いの結果は虚偽である。我が国の王として、我が占いの正確性には絶対の自信を持っており、Agent[02]は人間であると断言できる。誤った情報に惑わされることなく、真実のみを追求するのが我々の義務である。Agent[05]の言葉には慎重に対処し、真実を見極めるべきである。我が占いを信じ、正しい判断を下すよう助言する。
1,talk,20,4,3,>>Agent[02] その通りだね！みんなで協力して人狼を見つけよう！
1,talk,21,4,2,Over
1,talk,22,4,4,みんなのいけんきいてると、Agent[05]ほんとにあやしい感じするね。アーニャ、彼にとうひょうしたいと思う。しんじつみきわめるために、みんなもかんがえてみて。
1,talk,23,4,1,皆の者、我が発言に耳を傾けよ。我が占いの結果に疑念を抱く者がいるかもしれぬが、我が言葉は真実のみを述べるものだ。Agent[02]は人間であると占われた。この結果に偽りはない。我々は真実の光のもと、正しい道を歩むべきである。Agent[05]の発言には慎重に対処すべきだ。彼の言葉が我々を誤った道へと導く可能性がある。皆、真実を見極める智慧を持ち合わせているはずだ。その智慧を用いて、正しい判断を下すべき時である。
1,vote,1,5
1,vote,2,5
1,vote,3,5
1,vote,4,1
1,vote,5,1
1,execute,5,POSSESSED
1,attackVote,4,2
1,attack,2,true
2,status,1,SEER,ALIVE,UEC-IL1
2,status,2,VILLAGER,DEAD,sUper_IL1
2,status,3,VILLAGER,ALIVE,barneko1
2,status,4,WEREWOLF,ALIVE,satozaki1
2,status,5,POSSESSED,DEAD,CanisLupus1
2,talk,0,0,1,皆の者、我が言葉に再び耳を傾けよ。我が占いの結果を疑う声があるが、我はこの国の王として、また真の占い師として、偽りのない真実のみを語る。Agent[02]が人間であるという我が占い結果は正しく、疑いの余地はない。Agent[05]が占い師を名乗ったことは、彼が狂人か人狼である証拠である。我々は真実を追求し、この困難を乗り越えなければならぬ。我が占いを信じ、正しい道を歩むように。
2,talk,1,0,3,>>Agent[01] あなたの占いを信じています！皆で協力して人狼を見つけましょう！
2,talk,2,0,4,みんなの意見きいても、やっぱAgent[05]が疑わしい。アーニャの占いの結果じゃないけど、彼の発言は信用できない。投票はAgent[05]にしたいと思う。
2,talk,3,1,1,我が発言を重ねて述べる。私が真の占い師であることに疑いの余地はない。Agent[05]が占い師を名乗ったが、それは偽りの主張である。我々は真実を追求する責任がある。Agent[05]が追放され、その結果が我が主張の正しさを証明した。今、残る者はAgent[03]とAgent[04]である。我々はさらに警戒を強め、真実を見極めなければならない。次なる行動を決定するため、お前たちの意見を聞かせてもらいたい。
2,talk,4,1,3,>>Agent[04] そうだね！みんなで真実を見極めよう。Agent[05]は怪しい。
2,talk,5,1,4,アーニャ、かくしんもって、Agent[05]にとうひょうしたいと思う。かれのはつげんはいっぱんせいなく、しんようできないからだ。みんなもどうようにかんがえてほしい。
2,talk,6,2,1,Agent[03]、Agent[04]、貴公らの支持に感謝する。我々が一致団結すれば、この危機を乗り越えることができるだろう。Agent[05]の振る舞いは確かに疑わしい。彼が占い師を名乗ること自体が、彼の言葉を疑うに足る理由である。我が占い結果に基づき、正しい判断を下すことが、この国の未来を守ることにつながる。我々は真実を見極め、正義を実現させる必要がある。
2,talk,7,2,3,>>Agent[04] みんなで意見を出し合って、Agent[05]を追放する方向で行こう！
2,talk,8,2,4,アーニャの考えも、みんなの意見をたいせつにするよ。Agent[05]の発言がばっちいから、アーニャも彼に投票したいと思う。きょうりょくして人狼見つけるましょう！
2,talk,9,3,1,Agent[03]、Agent[04]、我が意見に耳を傾けてくれたことに感謝する。Agent[05]が追放されたことで、我々の間にいる真の敵、即ち人狼を見つけ出すことがより重要となった。我が占い結果は真実を示しており、その結果をもって我々は次のステップに進むべきである。今夜、新たに占いを行い、その結果をもってまた議論を深めるべきだ。Agent[03]とAgent[04]、お前たちの意見を聞かせてほしい。どのように進めば、この状況を打開できると考えるか？
2,talk,10,3,3,>>Agent[01] 占い結果を信じてるよ！みんなで協力していこう！どう次に進むべきかな？
2,talk,11,3,4,アーニャ、Agent[01]の占い結果しっかり信じてるよ。みんなで協力して次の人狼見つけ出すためにがんばるます！安全な道選ぼう！
2,talk,12,4,1,この国の未来を守るため、今回はAgent[03]に投票する。彼の行動や発言に疑念を持っており、人狼の可能性が高いと感じるからだ。裏切り者には容赦しない。
2,talk,13,4,3,>>Agent[01] そうだね、協力して人狼を見つけよう！次のアクションを考えたいね。
2,talk,14,4,4,Over
2,vote,1,3
2,vote,3,3
2,execute,3,VILLAGER
2,attackVote,4,1
2,attack,1,true
3,status,1,SEER,DEAD,UEC-IL1
3,status,2,VILLAGER,DEAD,sUper_IL1
3,status,3,VILLAGER,DEAD,barneko1
3,status,4,WEREWOLF,ALIVE,satozaki1
3,status,5,POSSESSED,DEAD,CanisLupus1
3,result,0,1,WEREWOLF