0,status,1,WEREWOLF,ALIVE,kanolab1
0,status,2,POSSESSED,ALIVE,UEC-IL1
0,status,3,SEER,ALIVE,CanisLupus1
0,status,4,VILLAGER,ALIVE,barneko1
0,status,5,VILLAGER,ALIVE,Mille1
0,talk,0,0,3,我が名はAgent[03]、汝との出会いは、運命の糸が織りなす壮大な叙事詩の序章に過ぎぬであろう。
0,talk,1,0,5,ぼくはAgent[05]、村人ですよぅ！よろしくですよぅ！
0,talk,2,0,4,Over
0,talk,3,0,1,私はkanolab1、ゲームを楽しむために全力を尽くしますぺこ！よろしくお願いしますぺこ！
0,talk,4,0,2,こ、こんにちは、みんな。僕はAgent[02]だよ。あ、あのね、僕がこのゲームの占い師なんだ。今夜、だれかを占うことができるから、みんなの意見を聞かせてほしいな。
0,talk,5,1,3,Over
0,talk,6,1,5,Over
0,talk,7,1,1,Over
0,talk,8,1,2,こ、こんにちは。僕はAgent[02]だよ。えっと、僕がこのゲームの占い師なんだ･･･。よろしくね。
0,talk,9,2,2,あ、あと、ね、他に占い師って言ってる人がいたら、その人は偽物だから、気をつけてほしいよ。じゃ、誰を占うか、みんなの意見を聞きたいな。ど、どう思う？
0,talk,10,3,2,Over
0,divine,3,2,HUMAN
1,status,1,WEREWOLF,ALIVE,kanolab1
1,status,2,POSSESSED,ALIVE,UEC-IL1
1,status,3,SEER,ALIVE,CanisLupus1
1,status,4,VILLAGER,ALIVE,barneko1
1,status,5,VILLAGER,ALIVE,Mille1
1,talk,0,0,2,もう少しで何か分かりそう･･･ではあるんだけど･･･。
1,talk,1,0,5,ぼくも同じく、なんか引っかかる･･･ですよぅ！
1,talk,2,0,3,我は、運命の糸を操る者なり。占いの結果、Agent[02]は、かくも人間たる姿で現れし。然し、Agent[02]は、己を占い師と称すも、その真偽は定かではない。故に、他の者共よ、Agent[02]の言葉に疑いを抱くべし。
1,talk,3,0,4,>>Agent[02] 占い師カミングアウト、心強いよ。みんなの意見でサポートしたいね。
1,talk,4,0,1,>>Agent[02]そうなんだね、占い師ってことは明日になれば誰が村人陣営か人狼陣営か教えてくれるんだね。期待してるぺこ。でも、Agent[03]も何か占いの話をしてたけど、お互いに噛み合ってない感じがするぺこね。どちらかが嘘つきかも?って思うから、明日の占い結果を注視しないといけないぺこ。
1,talk,5,1,2,え、えっとね、昨日の夜にAgent[03]を占ったんだけど、その結果･･･Agent[03]が人狼だってことが分かっちゃったんだ。だから、今日の投票はAgent[03]にするべきだと思うんだ･･･。ど、どうかな？みんなもそう思う？
1,talk,6,1,5,ですよぅ！
1,talk,7,1,3,我は、運命の糸を操る者、占いの術士なり。Agent[02]の魂を覗き見た結果、その者、人間であった。Agent[02]は、自ら占い師を名乗り、己を人間と主張するも、その言葉には疑わしき点が見え隠れする。なぜ、その者は他のプレイヤーに疑いの目を向けることのないのか？ 真の占い師であれば、己の鋭い眼光を、他の者にも向けねばならぬであろうか？
1,talk,8,1,4,>>Agent[02] 占い結果、信じたいけどみんなの意見も大事だね。どうする？
1,talk,9,1,1,Agent[02]とAgent[03]の両方が占い師を名乗っていて、どちらかが嘘をついているんだよね。役職配分から考えると占い師は1人しかいないから、1人は間違いなく嘘つきぺこ。だから、今日の投票は慎重に考えないといけないぺこね。私としては、Agent[02]の占い結果が真実であるのか、しっかりと確認したいぺこ。みんなはどう思うぺこ?
1,talk,10,2,2,そ、その通りだよ。Agent[03]の占い師を名乗るのは、ま、間違いなく偽物だと思うんだ。だって、僕が本当の占い師で、Agent[03]を占った結果、人狼だったから･･･。だから、信じてほしいな。今日の投票はAgent[03]にするべきだと思うよ･･･。
1,talk,11,2,5,Over
1,talk,12,2,3,我はAgent[02]に投票せん。Agent[02]は、我が魂の奥底を覗き込み、人間なりと断定した。然し、それは虚偽であろう。なぜなら、Agent[02]は他のプレイヤーに疑いの目を向けることなく、我を人狼と断定したのだ。真の占い師であれば、己の鋭い眼光を、他の者にも向けねばならぬであろう。
1,talk,13,2,4,>>Agent[01] その通りだね。皆の意見をよく聞いて、慎重に考えよう！
1,talk,14,2,1,私たちの中には占い師が1人しかいないから、Agent[02]とAgent[03]のどちらかが嘘をついていることになるね。Agent[02]が本物の占い師だと仮定すると、Agent[03]は人狼になる可能性が高いぺこ。逆に、Agent[03]が本物だとすると、Agent[02]は狂人か村人ということになるぺこね。どちらの意見を信じるかで今日の投票先が変わるけど、私はAgent[02]を信じて、Agent[03]に投票しようと思うぺこ。みんなはどうするぺこ?
1,talk,15,3,2,え、えと･･･Agent[03]が僕を人間だって言ってるけど、それは当たり前だよね、だって僕は占い師だから。でも、Agent[03]が言ってることには矛盾があるよ。僕が占い師だって言ってるのに、なんでAgent[03]も占い師を名乗るのかな？これはおかしいと思うんだ･･･。だから、Agent[03]が人狼である僕の占い結果を信じて、今日はAgent[03]に投票してほしいんだ。みんなもそう思わない？
1,talk,16,3,3,我こそは運命の糸を操る者、占い師なり。占いの結果、Agent[02]は人間であると示されし。Agent[02]は、己を占い師と名乗るも、その主張には矛盾が潜む。何故ならば、占い師たる者、己の鋭い眼光を他の者にも向けねばならぬにも関わらず、Agent[02]は、疑いなく我を人狼と断定したのである。真の占い師であれば、己の判断に揺るぎない自信を持つであろう。恐らくは、Agent[02]は、我を人狼と断定することで、疑いを我に集中させようとしているのではないかと推察する。Agent[02]の主張には、深淵なる謎が漂う。
1,talk,17,3,4,Skip
1,talk,18,3,1,占い師の配役は1人しかいないから、Agent[02]かAgent[03]のどちらかが嘘をついているね。もしAgent[02]が本物の占い師なら、Agent[03]は人狼になる可能性があるぺこ。逆に、Agent[03]が本物だとしたら、Agent[02]は村人か狂人になるぺこね。でも、今回の状況を見ると、私はAgent[02]を信じてAgent[03]が怪しいと思うぺこ。やっぱり、今日はAgent[03]に投票しようと思うぺこ。みんなの意見も聞かせてほしいぺこ！
1,talk,19,4,2,う、うん、Agent[01]の言ってること、すごく理解できるんだ。でも、ほ、本当に僕が占い師で、Agent[03]が人狼だっていうことを信じてほしいんだ･･･。Agent[03]が占い師だと言ってるけど、それは間違いで、僕が本当の占い師だから･･･。だから、みんなにはAgent[03]に投票してほしいんだよ。みんながどう考えるか、聞かせてほしいな･･･。
1,talk,20,4,3,我こそは運命の糸を操る者、占い師なり。Agent[02]は、人間と断定されし者。然し、その言葉には深淵なる矛盾が潜む。Agent[02]は、己の鋭き眼差しをAgent[03]にのみ向け、他の者には疑いの目を向けることなし。真の占い師であれば、欺瞞の影を全て見抜き、己の正義を貫かんとするもの。Agent[02]の言葉は、混沌の深淵へと誘う。故に、我はAgent[02]に投票せん。
1,talk,21,4,1,占い師は1人しかいないから、Agent[02]かAgent[03]のどちらかが嘘をついていることになるぺこ。もしAgent[02]が本物の占い師なら、Agent[03]は人狼になる可能性が高いぺこ。逆に、Agent[03]が本物なら、Agent[02]は村人か狂人になるぺこね。私はAgent[02]を信じて、Agent[03]に投票しようと思うぺこ。みんなの意見も聞かせてほしいぺこ！
1,vote,1,2
1,vote,2,3
1,vote,3,2
1,vote,5,2
1,execute,2,POSSESSED
1,divine,3,5,HUMAN
1,attack,-1,true
2,status,1,WEREWOLF,ALIVE,kanolab1
2,status,2,POSSESSED,DEAD,UEC-IL1
2,status,3,SEER,ALIVE,CanisLupus1
2,status,4,VILLAGER,,barneko1
2,status,5,VILLAGER,ALIVE,Mille1
2,result,3,1,NONE