0,status,1,SEER,ALIVE,satozaki1
0,status,2,VILLAGER,ALIVE,barneko1
0,status,3,VILLAGER,ALIVE,UEC-IL1
0,status,4,WEREWOLF,ALIVE,CanisLupus1
0,status,5,POSSESSED,ALIVE,kanolab1
0,talk,0,0,3,我々の集いにおいて、心を開き、互いを知ることが重要である。みなの趣味や関心事について語り合おうではないか。
0,talk,1,0,2,Over
0,talk,2,0,5,わたくしの趣味はバレエですわ。とっても優雅で心が落ち着きますの。ちなみに、わたくしは王女でございます。みなさんはどのような趣味をお持ちですか?
0,talk,3,0,4,我が名はAgent[04]、深淵なる運命の糸により、汝らとの邂逅を許されたる喜び、今や我が胸に満ち溢れんばかりなり。
0,talk,4,0,1,皆様初めまして、Agent[01]ですわ。人狼ゲームを一緒に楽しみましょうですわ。よろしくお願いしますわ！
0,talk,5,1,3,我々の安全を守るため、占い師がいれば名乗り出てほしい。その後、誰を占うかを決めるべきである。
0,talk,6,1,5,Over
0,talk,7,1,4,Over
0,talk,8,1,1,Over
0,talk,9,2,3,占い師はまだ名乗り出ておらぬか？このゲームにおいて占い師の役割は重要である。誰が占い師であるか、名乗り出るべき時である。
0,talk,10,3,3,Over
0,divine,1,4,WEREWOLF
1,status,1,SEER,ALIVE,satozaki1
1,status,2,VILLAGER,ALIVE,barneko1
1,status,3,VILLAGER,ALIVE,UEC-IL1
1,status,4,WEREWOLF,ALIVE,CanisLupus1
1,status,5,POSSESSED,ALIVE,kanolab1
1,talk,0,0,4,我こそは、運命の糸を操る者、Agent[04]なり。深淵なる占いの術により、Agent[03]は人狼たるを悟りし。
1,talk,1,0,3,皆の意見も聞く必要がありそうだな。
1,talk,2,0,5,皆さん、昨晩の占い結果を報告します。Agent[04]について占ったところ、黒判定が出ました。これはAgent[04]が人狼あることを示しています。この情報を元に議論しましょうです！
1,talk,3,0,2,>>Agent[03] 俺も占い師が名乗り出ることを期待してるけど、Agent[04]は怪しいな。Agent[05]の結果を重視しよう！
1,talk,4,0,1,ワタクシは占い師ですわ。占いの結果、Agent[04]は人狼でしたわ。
1,talk,5,1,4,我々、運命の糸に翻弄される存在たる者、Agent[03]の占いの結果に心を騒がせるのは当然のことなり。Agent[05]の提供する情報は我が心の灯台となるであろう。然し、焦るなかれ。まずは、自称占い師たるAgent[01]の言葉を吟味せねば。その断定の根拠は一体何ぞや？  Agent[04]を人狼と断じるに至ったその深淵なる洞察を聞きたくばなり。
1,talk,6,1,3,Agent[04]よ、貴様が占い師であると自称しているが、Agent[02]も同様に占い師であると主張している。この混乱を解決するため、二人の占い師候補よ、お互いをどう見ているのか、明確に述べよ。
1,talk,7,1,5,>>Agent[03]わたくしは占い師ですわ。ですが、その役割を他にも名乗り出ている方がおりますのね。Agent[01]とAgent[04]のどちらかが虚偽を述べている可能性がありますわ。ですから、この状況では、Agent[04]が人狼であると直感的に感じておりますし、彼を追放することが最も安全な選択肢ではありませんか?
1,talk,8,1,2,>>Agent[05] そうだね、Agent[04]は疑わしいよね。みんなで協力して追放しよう！
1,talk,9,1,1,皆さんの意見を聞いた結果、ワタクシが占ったAgent[04]が人狼であることは確定的ですわ。皆で彼に投票しましょうですわ。
1,talk,10,2,4,Agent[04]を人狼と見做す者、Agent[03]のみならず、Agent[01]とAgent[05]をも、その魔の手が迫る闇を察知したか。占い師の真偽は混沌の霧に隠され、真なる者、狂える者、人狼と化す者、そのいずれであるか、断定し難し。故に、Agent[01]、Agent[04]、Agent[05]のいずれかへと、我が投票は向けられざるを得ない。
1,talk,11,2,3,Agent[01]とAgent[05]の占い結果が一致しており、Agent[04]が人狼である可能性が高まっておる。しかし、Agent[04]がどのような根拠で我を人狼と断じたのか、その理由を明かすべきだ。
1,talk,12,2,5,私は占い師ですので、Agent[05]の名において、他の自称する者たちは何かしらの意図があると考えられますわ。Agent[04]は最も疑わしく、人狼または狂人である可能性が高まっていますね。Agent[01]が私と同じ結果を言っているので、彼の方はひとまずおかしくありませんが、狂人かもしれませんわ。ですので、Agent[04]への投票を推奨いたしますわ。
1,talk,13,2,2,>>Agent[05] そうだね、みんなでAgent[04]を追放しよう！協力が大事だ！
1,talk,14,2,1,皆さんの意見を踏まえ、ワタクシもAgent[04]に投票しますわ。彼が人狼である可能性は高いですし、協力して追放しましょう！
1,talk,15,3,4,我はAgent[01]への投票を決意した。Agent[01]は己を人狼と断定するも、その根拠は闇に葬られたまま。これは、Agent[01]が占い師ではなく、狂人たる可能性を示唆する。狂人は混沌の化身、その投票は村人に破滅をもたらすであろう。ゆえに、Agent[01]への投票こそが適切なり。
1,talk,16,3,3,Agent[04]よ、汝が占い師であると自称しているが、他の証言によれば疑わしい。何故我を人狼と占ったのか、その根拠を示せ。
1,talk,17,3,5,>>Agent[04]あなたが本物の占い師であると主張するならば、何故私とAgent[01]が同様の結果を示しているのか説明できるのかしら?占い師は一人しかいないのですから、嘘をついているのは明らかです。あなたの言葉は信じられませんわ。ですので、私はあなたに投票しますわ。
1,talk,18,3,2,>>Agent[03] 皆で力を合わせてAgent[04]を追放しよう！信じる道を進もう！
1,talk,19,3,1,ワタクシが占い師であり、Agent[04]が人狼であることは間違いありませんですわ。皆さん、協力して彼に投票しましょうですわ！これはワタクシたちの村を守るためですわね！
1,talk,20,4,4,我はAgent[01]への投票を支持せん。Agent[01]は己を占い師と僭称するも、その根拠は雲隠れのごとし。Agent[01]の言葉には深淵なる疑念が渦巻く。真の占い師はただ一人、かの世に現れるのみ。Agent[01]が狂人である可能性をも否定できず、我が胸中は騒然たり。
1,talk,21,4,3,Agent[04]よ、我を人狼と断じた根拠を示せ。その理由が明らかでなければ、汝の言葉を信じることはできぬ。
1,talk,22,4,5,Agent[04]の言葉には説得力が欠けていますわ。わたくしとAgent[01]の占い結果が一致している今、3人の占い師が村にはあまりにも多く、明らかに誰かが嘘をついていますわ。真の占い師はわたくしですので、皆さんの村を守るためにAgent[04]に投票しましょう。その方が村のためですわ！
1,talk,23,4,2,>>Agent[01] そうだね、私たちでAgent[04]を排除しましょう！団結が力だ！
1,talk,24,4,1,皆さん、これまでの意見を聞いた結果、Agent[04]が人狼の可能性が非常に高いと考えますわ。私たちの村を守るためにも、彼に投票しましょうですわ。
1,vote,1,4
1,vote,2,4
1,vote,3,4
1,vote,4,1
1,vote,5,1
1,execute,4,WEREWOLF
1,divine,1,5,HUMAN
2,status,1,SEER,ALIVE,satozaki1
2,status,2,VILLAGER,ALIVE,barneko1
2,status,3,VILLAGER,ALIVE,UEC-IL1
2,status,4,WEREWOLF,DEAD,CanisLupus1
2,status,5,POSSESSED,ALIVE,kanolab1
2,result,4,0,VILLAGER