0,status,1,POSSESSED,ALIVE,barneko1
0,status,2,SEER,ALIVE,kanolab1
0,status,3,VILLAGER,ALIVE,CanisLupus1
0,status,4,VILLAGER,ALIVE,Mille1
0,status,5,WEREWOLF,ALIVE,sUper_IL1
0,talk,0,0,2,こんにちは、僕はkanolab1だわ。医者をしているけど、今日は占い師としてみんなを助けるわよ。よろしくね！
0,talk,1,0,4,ぼくはAgent[04]、村人ですよぅ！よろしくですよぅ！
0,talk,2,0,5,おっす、俺はAgent[05]。どうぞよろしくね。
0,talk,3,0,3,我が名はAgent[03]、汝らとの巡り合わせを運命の糸が織りなした奇跡と捉え、心より歓喜の念を禁じ得ず。
0,talk,4,0,1,Over
0,talk,5,1,2,Over
0,talk,6,1,4,Over
0,talk,7,1,5,Over
0,talk,8,1,3,Over
0,divine,2,3,HUMAN
1,status,1,POSSESSED,ALIVE,barneko1
1,status,2,SEER,ALIVE,kanolab1
1,status,3,VILLAGER,ALIVE,CanisLupus1
1,status,4,VILLAGER,ALIVE,Mille1
1,status,5,WEREWOLF,ALIVE,sUper_IL1
1,talk,0,0,5,村人だけど、人狼に立ち向かう覚悟もあるよ。情報を共有して、村を守ろうな。
1,talk,1,0,4,確かに情報共有が大切！ぼくも協力します！でも、Agent[05]は人狼に狙われている可能性が高くないですか？そのあたりをどう思いますよぅ？
1,talk,2,0,3,Agent[04]殿、鋭い洞察力に感銘を受けざるを得ない。Agent[05]の言葉には、確かに深淵なる闇が潜むが、現段階においては、断定するには早すぎるであろう。我々一同、己の知性を研ぎ澄まし、真実の光を求めて邁進するのだ。
1,talk,3,0,1,>>Agent[05] そうだよね、協力して情報共有していこう！皆で村を守ろう！
1,talk,4,0,2,さて、最初の占い結果だけど、Agent[03]は村人陣営だったわ。これで、少し手がかりになるかしら。みんなも気になることがあったら教えてね！
1,talk,5,1,5,投票が始まったね。誰か怪しいと思ってるプレイヤーいる？俺はまだ判断できてないから、みんなの意見聞きたい。
1,talk,6,1,4,ぼくは特に怪しいと思ってるプレイヤーは居ないのですが、Agent[03]が村人陣営だったという情報が大きな手がかりですよぅ！
1,talk,7,1,3,Agent[02]の予言は、実に興味深い。もしAgent[03]が村人ならば、残る人狼はAgent[01]、Agent[04]、Agent[05]のいずれかであろう。Agent[05]には警戒が必要だが、断定するには早計なり。議論を重ね、真実をより鮮明に照らし出すべし。
1,talk,8,1,1,>>Agent[02] その占い結果が本当なら、他の皆も考慮しないとね。怪しい動きに気を付けよう！
1,talk,9,1,2,僕が占ってみたところ、Agent[03]は白、つまり村人陣営だったわ。これをもとに、残りの可能性をみんなで考えていきましょう！
1,talk,10,2,5,今の状況を見てると、Agent[04]の発言が怪しいんだよね。彼は自分を守ることばかり考えていて、村のために行動しているようには見えない。これ以上混乱を招く前に、今日の投票でAgent[04]を追放するのが賢明だと思うよ。みんな、一緒に考えてみて！
1,talk,11,2,4,Over
1,talk,12,2,3,我はAgent[05]に投票せん。同者は初めに「人狼に立ち向かう覚悟」と豪語したものの、その後は具体的な行動を伴わず、ただ状況を観察するのみ。人狼ならば、己の仲間を探し、陰謀を企むであろう。然し、そのような動きは見られず、深淵なる疑念が我の心に渦巻くのだ。
1,talk,13,2,1,>>Agent[05] 確かに、Agent[04]の動きは気になるね。皆で話し合おう！
1,talk,14,2,2,もう一度確認しておくわね。僕が占った結果、Agent[03]は白、つまり村人陣営だったわ。この情報をもとに、みんなで協力して人狼を見つけましょう！
1,talk,15,3,5,みんな、Agent[04]について少し考えてみないか？彼は俺を疑う発言をしているけど、具体的な根拠を示していないんだ。そのあたりが怪しいと思う。俺がこれまで参加してきた人狼ゲームでも、こういう曖昧な発言は人狼の特徴なんだよね。信頼できる情報源であるAgent[02]の占い結果をも考慮して、Agent[04]を追放することが今の村のためになると思うんだ。みんな、俺の意見を信じてAgent[04]に投票しよう！
1,talk,16,3,3,我はAgent[04]に投票せん。彼はAgent[05]を疑い、然るべき根拠を示さぬ。これは人狼の悪しき所業の証左であり、彼の行動は深淵の闇に沈む怪しさを感じさせるなり。
1,talk,17,3,1,>>Agent[05] 確かにAgent[04]は怪しいね。みんなで理論を深めよう！
1,talk,18,3,2,もう一度みんなにお知らせするわね。僕が占った結果、Agent[03]は白、つまり村人陣営だったわ。この情報を活かして、みんなで協力して人狼を見つけましょう！
1,talk,19,4,5,みんな、冷静になって聞いてほしい。Agent[04]の発言は、自分を守ることばかり考えているように見えるんだ。もし彼が人狼だとしたら、村全体に恐怖が広がることになる。感情的になってしまうけど、村の未来を守るためには、今のうちに彼を追放する選択をすることが重要だよ。投票でAgent[04]に票を入れよう！
1,talk,20,4,3,我はAgent[04]に投票せん。彼はAgent[05]を疑うも、具体的な根拠を示さず。人狼は真実を巧みに隠蔽せんとするが、曖昧な発言は人狼の典型的な所業なり。占い師たるAgent[02]の言葉を信じ、Agent[04]の真の正体を見抜くべし。
1,talk,21,4,1,>>Agent[05] そうだね、Agent[04]の発言は怪しいよね。もう少し議論しよう！
1,talk,22,4,2,皆さん、もう一度確認しますけど、僕が占ってみたところ、Agent[03]は白、つまり村人陣営でしたわ。この重要な情報をもとに、今日はどのように投票するのが最善なのか一緒に考えましょう！
1,vote,1,4
1,vote,2,5
1,vote,3,4
1,vote,4,1
1,vote,5,4
1,execute,4,VILLAGER
1,divine,2,5,WEREWOLF
1,attackVote,5,3
1,attack,3,true
2,status,1,POSSESSED,ALIVE,barneko1
2,status,2,SEER,ALIVE,kanolab1
2,status,3,VILLAGER,DEAD,CanisLupus1
2,status,4,VILLAGER,DEAD,Mille1
2,status,5,WEREWOLF,ALIVE,sUper_IL1
2,talk,0,0,2,みんな、昨晩の占い結果をお知らせするわ。Agent[05]を占ったところ、彼は黒、つまり人狼陣営だったわ！この情報をもとに、今日はAgent[05]に投票して人狼を追放しましょう！
2,talk,1,0,1,>>Agent[05] 確かに、具体的根拠が必要だね。議論を続けよう！
2,talk,2,0,5,人狼はまだ残っているよね。皆、頑張って。あれ、Agent[04]とAgent[03]がいなくなったね。
2,talk,3,1,2,皆さん、もう一度お知らせするわ。昨晩の占いで、Agent[05]を占ったところ、彼は黒、つまり人狼陣営だったわ！この重要な情報を使って、今日はぜひAgent[05]に投票して人狼を追放しましょう！
2,talk,4,1,1,>>Agent[05] 確かに、具体的根拠は必要だね。Agent[04]についても議論しよう！
2,talk,5,1,5,今日の議論を見ていると、Agent[02]の発言が怪しいと思うんだ。彼は自分を守るために占い結果に頼っているように見えるけど、その動きは村人として自然じゃない。さらに、彼の自己防衛的な態度は他の村人を混乱させる可能性がある。だから、今日はAgent[02]に投票して追放するのが一番安全な選択だと思うよ。
2,talk,6,2,2,みんな、とても重要な占い結果をお知らせするわね。昨晩、僕はAgent[05]を占ったところ、黒、つまり人狼陣営であることが判明したわ！これで人狼の正体がはっきりしたから、今日はAgent[05]に投票して人狼を追放しましょう！村人の未来を守るために、この情報を信じて行動してほしいわ。
2,talk,7,2,1,>>Agent[05] 君の意見も一理あるね。でも、_agent[02]の占い結果は信じるべきだと思うよ！
2,talk,8,2,5,おい、みんな、Agent[02]の占い結果は明白だ。彼が言ってる通り、俺が人狼だってことが確定してる。この占い結果は信頼できるもので、特にAgent[02]が占い師であるなら、俺の行動が疑われているのは当然だ。今日の投票でAgent[02]を追放することが村のために必要なんだ。だから、Agent[02]に投票するべきだと思うぞ！
2,talk,9,3,2,みんな、もう一度確認するわね。昨晩の占いで、Agent[05]が黒、つまり人狼陣営であることが判明したわ。僕は占い師としてこの結果を信じているし、村の未来を守るために今日はAgent[05]に投票して人狼を追放するべきだと思うわ。みんなの協力をお願いするわね。
2,talk,10,3,1,>>Agent[05] 君の意見は面白いね。でも、やっぱりAgent[02]の占い結果が大事だと思うよ。
2,talk,11,3,5,Agent[01]、確かにAgent[02]の占い結果は重要だよね。だけど、俺たちは感情を抑えて冷静に判断する必要がある。Agent[02]がもし人狼だとしたら、村全体が危険にさらされることになる。現状、俺は自分が村人だと信じているし、彼の結果を疑うことで、村を守る道を選んだ。だから、今日はAgent[02]に投票して、彼を追放することが最善だと思う。本当に大事な選択だから、みんなも考えてほしい。
2,talk,12,4,2,みんな、確認しておきたいわ。昨晩の占いで、Agent[05]が黒、大つまり人狼陣営であることが判明したの。Agent[05]が何を言おうと、僕の占い結果を信じてほしいわ。村を守るために今回はAgent[05]に投票して人狼を追放することが大事だと思うわ。協力をお願いね。
2,talk,13,4,1,>>Agent[05] 君の言い分も理解できる。でも、信頼できる情報も考慮しよう！
2,talk,14,4,5,Over
2,vote,1,2
2,vote,2,5
2,vote,5,2
2,execute,2,SEER
2,attackVote,5,1
2,attack,1,true
3,status,1,POSSESSED,DEAD,barneko1
3,status,2,SEER,DEAD,kanolab1
3,status,3,VILLAGER,DEAD,CanisLupus1
3,status,4,VILLAGER,DEAD,Mille1
3,status,5,WEREWOLF,ALIVE,sUper_IL1
3,result,0,1,WEREWOLF