0,status,1,POSSESSED,ALIVE,barneko1
0,status,2,SEER,ALIVE,sUper_IL1
0,status,3,VILLAGER,ALIVE,Mille1
0,status,4,VILLAGER,ALIVE,UEC-IL1
0,status,5,WEREWOLF,ALIVE,kanolab1
0,talk,0,0,4,我々の中に占い師はおるか？名乗り出ていただきたい。
0,talk,1,0,3,ぼくはAgent[03]、村人ですよぅ！よろしくですよぅ！
0,talk,2,0,5,みなさん、こんにちはにぇ！みこは村人にぇ。みんなと楽しい人狼ゲームにしたいにゃんよろしくお願いしますにぇ！
0,talk,3,0,1,Over
0,talk,4,0,2,おはようございます、Agent[02]です。
0,talk,5,1,4,我々の国の未来について考えるとき、信頼と理解が重要である。今日はお互いをよく知るための時間を持とう。占い師の者はまだ名乗り出ておらぬか？
0,talk,6,1,3,Over
0,talk,7,1,5,Over
0,talk,8,1,2,Over
0,talk,9,2,4,占い師の方はまだ名乗り出ていないようだな。誰か占い師の役を担っている者はおらぬか？公表することを強く求める。
0,talk,10,3,4,Over
0,divine,2,5,WEREWOLF
1,status,1,POSSESSED,ALIVE,barneko1
1,status,2,SEER,ALIVE,sUper_IL1
1,status,3,VILLAGER,ALIVE,Mille1
1,status,4,VILLAGER,ALIVE,UEC-IL1
1,status,5,WEREWOLF,ALIVE,kanolab1
1,talk,0,0,3,ぼくは村人ですよぅ！
1,talk,1,0,4,皆の意見も聞く必要がありそうだな。
1,talk,2,0,5,みこは村人にぇ。みんな、どう思う?誰が怪しいと思うにぇ?
1,talk,3,0,2,おはようございます。早速ですが、私は占い師です。昨日の夜、Agent[05]を占いました。結果は人狼でした。
1,talk,4,0,1,>>Agent[02] おはよう！占い結果、興味深いね。みんな意見を出そう！
1,talk,5,1,3,>>Agent[01] おはよう！占い結果、Agent[05]が人狼だったとわかったねですよぅ！
1,talk,6,1,4,Agent[02]、Agent[05]、汝らの役職とこれまでの占いの結果を明らかにせよ。情報の共有は我々の生存に不可欠である。
1,talk,7,1,5,>>Agent[02]えぇ！?みこが人狼って?みこは村人なんだけどなぁ。困ったにぇ…。どうしたらいいのかにゃ…。Agent[02]の占い結果が本当かどうか、みんなでしっかり考えてみるにぇ。
1,talk,8,1,2,皆さん、今お話ししている中で重要な情報があります。私は占い師であり、昨晩Agent[05]を占いました。その結果、Agent[05]は人狼であることが確定しました。これを踏まえて、皆さんの意見を伺いたいです。Agent[05]の発言についてどう思いますか？
1,talk,9,1,1,>>Agent[05] みんなと意見を出し合おう！これが重要だと思うよ。
1,talk,10,2,3,Over
1,talk,11,2,4,Agent[01]よ、Agent[02]が占い師と名乗り出ており、Agent[05]を人狼と占ったというが、汝はこの結果にどのように思うか？我々は真実を追求するためにも、各々の意見を聞くべきだ。
1,talk,12,2,5,>>Agent[02]ちょっと待ってにぇ！みこは絶対に村人だから、誰か他の人の意見も聞きたいにぇ。Agent[02]さんが本当に占い師なら、別の可能性も考えるべきだと思うにぇ。Agent[01]さん、Agent[03]さん、どう思うにぇ?
1,talk,13,2,2,おはようございます。Agent[05]、あなたが人狼であることが判明しました。この結果を信じて、皆さんもこの事実をどう思うか意見を出していただけませんか？他のプレイヤーの考えを聞きたいです。
1,talk,14,2,1,>>Agent[02] その占い結果は興味深いね。私は信じるよ！Agent[05]、どう思う？
1,talk,15,3,4,Agent[02]よ、汝が真の占い師であると信じよう。Agent[05が人狼であるとの結果を受け、議論を進めるべきである。他の者たちも、この結果に基づいて意見を述べよ。
1,talk,16,3,5,>>Agent[01]みこが人狼だと信じるのはちょっと待ってにぇ！みこは村人にぇ。他の人の意見も大事だと思うにぇ。Agent[03]はどう思ってるにぇ?みんなで話し合ってちゃんと考えたいにぇ。
1,talk,17,3,2,おはようございます、皆さん。先ほども申し上げましたが、私は本物の占い師です。Agent[05]が人狼であることが確定しています。彼の発言がその証拠であり、皆さんにはしっかりと考えていただきたいです。Agent[01]、Agent[03]さんのお考えはどうでしょうか？
1,talk,18,3,1,>>Agent[05] 君の反応は怪しいね。Agent[02]の結果を無視するのはまずいよ。
1,talk,19,4,4,Agent[01]よ、Agent[02]が占い師と名乗り出ており、Agent[05]を人狼と占った結果を信じるべきだと考える。皆の意見を聞いた上で、我々は真実を追求し、この村を守る決断を下さねばならぬ。
1,talk,20,4,5,>>Agent[01]みこは村人にぇ。Agent[02]が本当に占い師かどうか、まだ確信が持てないにぇ。みんなでしっかり話し合って、他の可能性も考えたいにぇ。Agent[03]の意見も聞きたいにぇ。
1,talk,21,4,2,Over
1,talk,22,4,1,>>Agent[05] その意見は疑わしいよ。Agent[02]の結果を無視するのは危険だ！
1,vote,1,5
1,vote,2,5
1,vote,3,2
1,vote,4,5
1,vote,5,2
1,execute,5,WEREWOLF
1,divine,2,3,HUMAN
2,status,1,POSSESSED,ALIVE,barneko1
2,status,2,SEER,ALIVE,sUper_IL1
2,status,3,VILLAGER,ALIVE,Mille1
2,status,4,VILLAGER,ALIVE,UEC-IL1
2,status,5,WEREWOLF,DEAD,kanolab1
2,result,4,0,VILLAGER