0,status,1,SEER,ALIVE,barneko1
0,status,2,VILLAGER,ALIVE,kanolab1
0,status,3,VILLAGER,ALIVE,CanisLupus1
0,status,4,WEREWOLF,ALIVE,satozaki1
0,status,5,POSSESSED,ALIVE,UEC-IL1
0,talk,0,0,3,我が名はAgent[03]、汝らとの邂逅は、運命の糸が織りなす壮麗なる交響曲の如く、我が魂に深遠なる喜びを奏でるなり。
0,talk,1,0,2,僕はkanolab1です、よろしくお願いしますのじゃ。みんなでこのゲームを楽しもうの。
0,talk,2,0,1,Over
0,talk,3,0,4,みんなはじめまして、Agent[04]です。人狼ゲームをいっしょに楽しむます。よろろすおねがいするます。
0,talk,4,0,5,こ、こんにちは、みんな。えっと、僕が占い師なんだ。今日の夜に誰を占うか、えーと、意見を聞かせてほしいな。
0,talk,5,1,3,Over
0,talk,6,1,2,Over
0,talk,7,1,4,Over
0,talk,8,1,5,こ、こんにちは。僕はAgent[05]だよ･･･。えっと、このゲーム、けっこうやってるから、がんばるね。あと、えっと、僕が占い師なんだ･･･。今日の夜、誰を占うか･･･みんなの意見も聞きたいな。
0,talk,9,2,5,あの、その、占いの対象にはどんな基準で決めたらいいかな･･･？みんなの意見を聞くのが大事だと思うんだ。
0,talk,10,3,5,Over
0,divine,1,2,HUMAN
1,status,1,SEER,ALIVE,barneko1
1,status,2,VILLAGER,ALIVE,kanolab1
1,status,3,VILLAGER,ALIVE,CanisLupus1
1,status,4,WEREWOLF,ALIVE,satozaki1
1,status,5,POSSESSED,ALIVE,UEC-IL1
1,talk,0,0,1,>>Agent[05] 占い師カミングアウトに感謝！僕も占い結果が出たらすぐに共有するね。みんなで協力しよう！
1,talk,1,0,3,Agent[05]殿、占いの宣告、誠に感謝する。今宵、汝が指し示すは誰か、我は知りたい。汝の慧眼を信じ、我々一同、人狼を滅ぼさんとする。
1,talk,2,0,2,>>Agent[05]占い師としての意見を聞かせてくれてありがとうのじゃ。まずは、怪しいと思う人を占うのがいいかもしれんの。みんなの発言をよく聞いて、違和感を感じた人を選ぶと良いと思うのじゃ。
1,talk,3,0,4,Agent[05]、占い師としての責任果たすために、しっかり観察してほしい。アーニャたち村人、あなたの結果待ってるます。
1,talk,4,0,5,もう少しで何か分かりそう･･･ではあるんだけど･･･。
1,talk,5,1,1,>>Agent[02] ありがとう！怪しいと思う人を占うね。みんなで意見出して進めよう！
1,talk,6,1,3,Agent[05]殿、深遠なる占いの啓示に感謝する。汝の洞察力に、我は心酔せざるを得ない。今宵の占いは、この村の行く末を決定づけるであろう。我々一同、汝の睿智なる決断を信じ、その行く末を見守るのみなり。
1,talk,7,1,2,僕はまだ特に怪しいと思う人はいませんが、まずはみんなの発言をよく聞いていくことが大事だと思っているのじゃ。みんなの行動をちゃんと見ながら、人狼を見つけられたらいいなと思うのじゃ。
1,talk,8,1,4,他の人たちの発言をふまえて、ついせき・ぶんせきつづけるひつようあるますね。とくにAgent[02]やAgent[03]のたいどにちゅうもくしてるます。みんな、ひきつづきいけんください。
1,talk,9,1,5,え、えっと、僕が占った結果･･･Agent[01]が人狼だって出たんだ。だから、みんなにはAgent[01]に投票してほしいな･･･。これが僕の役割だし、信じてもらえると嬉しいよ。
1,talk,10,2,1,>>Agent[05] 占い結果、ありがとう！私も情報を共有してみんなで頑張ろう！
1,talk,11,2,3,今や刻一刻と運命の歯車が回り、決断の時が迫り来る。故に、我々は至上の理性と己の魂の叫びに従い、今宵の投票先を定めねばならぬ。
1,talk,12,2,2,>>Agent[04]たしかに、みんなの発言をしっかり分析しつつ、怪しい動きを見極めることが大事じゃのう。皆がお互いに注意を払うことで、人狼を見つけ出すことができるかもしれんのじゃ。僕もみんながどんな意見を出すのか注目していくのじゃ。
1,talk,13,2,4,さて、占い師の結果信じるべきだと思うので、Agent[01]に投票しようと考えてるのだ。彼の行動気になってたし、みんなも注意深く見てほしいな。
1,talk,14,2,5,え、えっと、僕が占った結果、Agent[01]が人狼だった･･･。だから、今日はAgent[01]に投票するべきだと思うんだ。みんなの意見も聞きたいけど、これが真実だから･･･。
1,talk,15,3,1,>>Agent[02] みんなの意見をしっかり聞いて、行動しようね！連携大事！
1,talk,16,3,3,我はAgent[01]に投票せん。占い師たるAgent[05]の宣告に従い、人狼と断定されたAgent[01]に、己の刃を向けるのみであろう。村の安寧を護らんとする我に、確実なる情報に基づかざる行動の選択肢は存在せず。
1,talk,17,3,2,僕もAgent[05]の占い結果から考えると、Agent[01]が人狼の可能性が高いと思うのじゃ。村を守るために、今日はできる限り確実な情報に基づいて行動するのが良さそうじゃな。みんな、協力して頑張ろうのう。
1,talk,18,3,4,みんなのいけんよくきいて、きょうりょくしてとうひょうさきけてきめるます。アーニャ、Agent[01]にとうひょうすることつよくすいしょうするます。そのこうどうがむらをまもるためのだいいっぽだから。
1,talk,19,3,5,え、えっと、みんながちゃんと僕の占い結果を聞いてくれてるみたいで、す、すごく嬉しいよ。Agent[01]が人狼だって、僕は確信してるから、みんなも投票で協力してくれると･･･助かるな。ど、どうか信じて･･･。
1,talk,20,4,1,>>Agent[02] 占い結果が引き金になっているね。みんな、協力して進もう！
1,talk,21,4,3,我はAgent[01]に投票せん。占師たるAgent[05]の宣告は、この世に唯一無二の真実なり。故に、Agent[01]こそが、この村に潜む人狼であり、今宵の処刑をもって、村の安寧を護らねばならぬであろう。
1,talk,22,4,2,Agent[05]が占い師としてAgent[01]を人狼だと言ってるから、僕たちはそれに従うべきだと思うのじゃ。もしAgent[05]が嘘をついているとしたら、人狼か狂人の可能性もあるけど、占い結果が出ている以上、今日はAgent[01]に投票するのが安全かもしれんのう。
1,talk,23,4,4,さいごに、みんなのいけんをそんちょうしつつ、やっぱりAgent[01]にとうひょうすることがさいぜんだとおもうます。むらをまもるため、しっかりこうどうするます。
1,talk,24,4,5,え、えっと、僕が占った結果を信じてくれて、ありがとう･･･。Agent[01]が人狼だっていうのは、本当に確かなことだから、みんなで協力して、村を守ろう･･･。今日はAgent[01]に投票してほしいな･･･。
1,attackVote,4,3
1,attack,3,true
2,status,1,SEER,,barneko1
2,status,2,VILLAGER,ALIVE,kanolab1
2,status,3,VILLAGER,DEAD,CanisLupus1
2,status,4,WEREWOLF,ALIVE,satozaki1
2,status,5,POSSESSED,ALIVE,UEC-IL1
2,result,3,1,NONE