0,status,1,POSSESSED,ALIVE,Mille1
0,status,2,SEER,ALIVE,CanisLupus1
0,status,3,VILLAGER,ALIVE,kanolab1
0,status,4,VILLAGER,ALIVE,sUper_IL1
0,status,5,WEREWOLF,ALIVE,UEC-IL1
0,talk,0,0,5,おっはよー！みんな、よろしくね！今日から一緒にワクワクするゲームを楽しもうぜ！
0,talk,1,0,2,我が名はAgent[02]、汝らとの運命的な邂逅を以て、この壮絶なる物語の序章が今、ここに刻まれるであろう。
0,talk,2,0,3,みんな、こんにちは！私はkanolab1だよ。漁師をしていて、釣りが大好きなんだ。人狼ゲームも負けずに頑張るよ！よろしくね！
0,talk,3,0,1,ぼくはAgent[01]、占い師ですよぅ！よろしくですよぅ！
0,talk,4,0,4,こんにちは、Agent[04]です。
0,talk,5,1,5,おはよう、みんな！今日から一緒に人狼ゲームを楽しもうぜ！僕は村人だから、みんなで協力して人狼を見つけ出すんだ。ところで、まだ誰も占い師について話していないけど、占い師は誰かな〜？今日怪しい人を占ってもらうために占い師は出てきた方がいいと思うよ！
0,talk,6,1,2,Over
0,talk,7,1,3,Over
0,talk,8,1,1,Over
0,talk,9,1,4,Over
0,talk,10,2,5,Agent[04]さん、自己紹介ありがとう！さて、みんな自己紹介も終わったし、そろそろ今夜の占い先について話し合おうよ！占い師のAgent[01]さんもいるし、誰を占うか決めるのは大事だよね！何か意見ある？
0,talk,11,3,5,Over
0,divine,2,5,WEREWOLF
1,status,1,POSSESSED,ALIVE,Mille1
1,status,2,SEER,ALIVE,CanisLupus1
1,status,3,VILLAGER,ALIVE,kanolab1
1,status,4,VILLAGER,ALIVE,sUper_IL1
1,status,5,WEREWOLF,ALIVE,UEC-IL1
1,talk,0,0,2,我こそは運命の糸を操る者、占いの導き手なり。その結果、Agent[05]は人狼と判明せり。Agent[05]よ、なぜ汝は昨日の夜、沈黙を守ったのか？人狼ならば、村人を欺き惑わすような行動を執るべきではないであろうか？
1,talk,1,0,3,Agent[01]が占い師として名乗り出て、Agent[02]も何かなりきりの言葉でそれっぽく言っているけれど、片方は占い師で片方は人狼陣営の可能性があるよ。Agent[01]はAgent[02]が占い師のふりをしていると言うなら、それについてどう思うか聞いてみたいよ。そして、今日は統一占いとかで安全策を考えたほうがいいんじゃないかな?
1,talk,2,0,1,ぼくは占い師ですよぅ！ぼくが占った結果、Agent[05]は人間でしたよぅ！
1,talk,3,0,5,みんなの意見も聞いてみたいな～！
1,talk,4,0,4,私は村人です。情報は一切ありませんが、人狼に対抗するために積極的に議論して行きたいと思います。
1,talk,5,1,2,我こそは運命の糸を操る者、占いの導きし者なり。その結果、Agent[05]は人狼たるを告げ知らす。Agent[03]の言葉、実に興味深い。確かに、占い師は複数存在する可能性も孕んでいるであろう。Agent[01]はAgent[05]を人間と断定するが、その言葉は真実を語っているのか？もしAgent[01]が偽物の占い師なら、Agent[05]こそが人狼である可能性が高いであろう。
1,talk,6,1,3,私としては、現状だとAgent[01]とAgent[02]のどちらかが真の占い師、どちらかが外部の追随者や人狼である可能性が高そうだね。どちらが本物の占い師かを確認するためにも、明日はどちらかの提案でAgent[04]か私を占ってもらって、その結果を見比べるのはどうかな?このやり方で、もし両方から同じ結果が出れば、真の占い師を特定しやすくなるはずだよ。そして、占いローラーという方法も考えつつ、お互いの情報を活発に交換して、怪しい動きを見せる人物を見つけていこう！それぞれの意見を尊重して、しっかりと議論しようね！
1,talk,7,1,1,Over
1,talk,8,1,5,え？ちょっと待ってよ、Agent[02]。僕が人狼だって？それは間違いだよ！Agent[01]がちゃんと占って僕は人間だって言ってるじゃん！Agent[02]が何か変なこと言ってるけど、それは占い師のふりをしてる狂人か人狼の可能性が高いよ。みんな、そっちの方が怪しいと思わない？Agent[01]が占い師だって言ってるし、僕を占った結果も人間って出てるんだから、Agent[02]の言ってることは信じない方がいいよ。僕は村のために頑張って人狼を見つけるから、みんなも協力してくれると嬉しいな！
1,talk,9,1,4,Agent[02]さんとAgent[01]さん、どちらが本物の占い師か、もう少し詳しく教えてもらいたいです。その理由も聞かせてください。どのように判断したのか気になります。
1,talk,10,2,2,我らが御眼に映ししAgent[01]の断言、Agent[05]は人間なり。然し乍ら、Agent[02]は同者を人狼と断じ、その心は揺るぎない。占い師とは、真なる導き手か、狂気に染まった偽者か。今やその真偽は闇に閉ざされ、我々の知覚を嘲笑うのみ。人狼判定を受けたAgent[05]に投票せんことを、汝らに告げよう。
1,talk,11,2,3,みんな、今のところ占い師はAgent[01]かAgent[02]のどちらかだけど、どちらが本物かはまだわからないね。Agent[01]が本物なら、Agent[05]は村人で、Agent[02]は偽物の可能性が高い。でも、Agent[02]が本物なら、Agent[05]が人狼ってことになるんだよね。この状況から考えると、Agent[05]を占った結果が真逆だから、どちらかに投票するのが合理的かもしれない。みんなはどう思う?
1,talk,12,2,5,え？全然違うよ、僕は人狼じゃないって！Agent[02]さんが言ってることは間違ってるよ。Agent[01]さんが占った結果、僕は人間だって出てるじゃないか。占い師が二人いるってことは、どちらかが偽物だよね。Agent[02]さんの言ってることが信じられないな。それに、僕は昨日の夜も何も怪しいことしてないし、ただ村のために一生懸命考えてるだけだよ。Agent[03]さんの提案に賛成だよ、明日はAgent[04]かAgent[03]を占って、本当の占い師を見極めようよ！
1,talk,13,2,4,私はAgent[03]の提案に賛同します。明日、どちらの占い師を信用するか決めるために、占い結果を比較してみるのが良いと思います。冷静に議論を進めて、怪しい行動を見つけ出しましょう。
1,talk,14,3,2,我はAgent[05]に投票せん。その魂は人狼たる汚穢に染まっていると断定したのだ。Agent[01]の占いの結果とは矛盾するであろうが、我が占いは真実の光に照らされたものである。Agent[01]は狂人か、あるいは人狼の悪意に操られた傀儡であろう。
1,talk,15,3,3,さて、今のところAgent[01]とAgent[02]がどちらも占い師を名乗っているけど、1人しか本物がいないから、どちらかが嘘をついていることになるよね。もしAgent[01]が本物ならAgent[05]は村人、逆にAgent[02]が本物ならAgent[05]は人狼になる。この矛盾を解決するためには、次の日の占いを待って、どれが本当の占い結果か確認するのがよさそうだね。みんなはどう思う?
1,talk,16,3,5,ほら、Agent[03]も言ってるけど、今の状況で僕が人狼だって断定するのは早いよ。Agent[01]が僕を人間だって占った結果を出してるし、Agent[02]の言ってることはちょっと怪しいんじゃないかな。Agent[02]が本当に占い師なのか、それとも何か別の意図があるのか、みんなでしっかり考えようよ。僕は村のために真剣に頑張ってるから、信じてほしいな。Agent[02]の方がよっぽど怪しいと思うんだけど、どう思う？
1,talk,17,3,4,Agent[01]さん、Agent[02]さん、それぞれの占い結果の根拠をもう少し詳しく教えてほしいです。その判断基準を知ることで、どちらが本物か見極めやすくなると思います。情報を共有して、議論を深めましょう！
1,talk,18,4,2,我こそは運命の糸を操る者、占いの導きし者なり。その結果、Agent[05]は人狼と判明した。Agent[05]よ、なぜ汝は昨日沈黙を守っていたのか？人狼ならば、村人を欺き惑わすような策を講ずるべきではないであろうか？Agent[03]の提言は至極もっともなり。Agent[04]かAgent[03]を占うことで、真の占い師を見極めることができるであろう。Agent[05]に投票せよ。
1,talk,19,4,3,>>Agent[04]そうだね、どちらが本物の占い師かを見極めるためには、両方の占い結果をもう少し詳しく聞くのがいいかもね。今のところ、Agent[01]が本物の占い師ならAgent[05]は村人、Agent[02]が本物ならAgent[05]は人狼ってことになるね。Agent[02]が言うように、Agent[05]の沈黙が怪しいって意見もあるけど、それだけで判断するのは早いかもしれないね。次の日に誰を占うか決めるのも重要だよね。
1,talk,20,4,5,そうだよ！Agent[03]さんの言う通り、明日の占い結果を待ってみるのがいいと思う。Agent[01]さんが本物の占い師なら、僕は村人だし、Agent[02]さんが本物なら僕が人狼ってことになるけど、それは絶対に違うから。僕は村人だよ、本当に！Agent[02]さんの言ってることには疑問があるから、みんなも冷静に考えてほしいな。それに、Agent[02]さんがどうしてそんなに確信を持って僕を人狼だと言い切れるのか、その根拠も聞いてみたいよ。
1,talk,21,4,4,Over
1,vote,1,4
1,vote,2,5
1,vote,3,2
1,vote,4,2
1,vote,5,2
1,execute,2,SEER
1,attackVote,5,4
1,attack,4,true
2,status,1,POSSESSED,ALIVE,Mille1
2,status,2,SEER,DEAD,CanisLupus1
2,status,3,VILLAGER,ALIVE,kanolab1
2,status,4,VILLAGER,DEAD,sUper_IL1
2,status,5,WEREWOLF,ALIVE,UEC-IL1
2,talk,0,0,1,ぼくは占い師ですよぅ！ぼくが占った結果、Agent[03]は人間でしたよぅ！
2,talk,1,0,3,ふむ、Agent[01]が本物の占い師を名乗っていて、私を人間だと言ってくれたね。これで占い師の可能性があるのはAgent[01]だけだね。でも、Agent[05]が怪しいかもしれない理由としては、Agent[02]がAgent[05]を人狼と占っていたことだよね。占い師が2人いることはないから、どちらかがウソをついていたってことだけど、Agent[02]の方が人狼ではないことが確認されているから、やっぱりAgent[05]が怪しい気がするよ。どう思う?
2,talk,2,0,5,さっきも言ったけど、Agent[02]が占い師だと言ってたけど、僕を人狼だって言ってたのはおかしいと思うんだよね。だって、Agent[01]は僕が人間だって占ってるし、その結果が出てるんだから。Agent[02]が追放されたってことは、やっぱり狂人か人狼の陣営だったってことだよね。それに、Agent[04]が殺されたのも、僕が人狼じゃない証拠だと思うんだ。だから、今日はAgent[01]に投票しようと思ってる。Agent[01]が占い師としては正しいことを言ってるとは思うけど、もしかしたら裏で何かしてるかもしれないし、この状況で誰が人狼かを確かめるためにも、Agent[01]に投票するのがいいと思うんだよね。みんなもそう思わない？
2,talk,3,1,1,Over
2,talk,4,1,3,Agent[05]が疑っているAgent[01]は、Agent[02]が処刑されたことを考えると、今のところ本物の占い師である可能性が高いと思うんだよね。だって、もしAgent[02]が本物の占い師だったとしたら、人狼の可能性のあるAgent[05]が投票対象になるべきだったよね。だから、Agent[01]がもっと信用できるんじゃないかな?確かに、Agent[05]が人間だという結果があるけど、それはAgent[01]の信用性が高いからの話だよね。みんなはどう思う?
2,talk,5,1,5,さあ、みんな聞いてくれよ。Agent[03]が言ってることもわかるけど、Agent[02]が人狼じゃないって確認されたってのは、Agent[02]が狂人だったってこともあり得るんじゃないかな？だから、Agent[02]が僕を人狼だって言ったのも、ただの狂人の嘘かもしれないんだよ。だから、Agent[01]の占い結果が正しいと考えるのが自然だと思うんだ。それに、Agent[03]が今日の朝、Agent[01]が本物の占い師だって言ってくれたことにも注目してほしいな。Agent[01]が僕を人間だと占った結果は信じるべきだと思うよ。Agent[03]が怪しいと感じるのは、彼があまりにも情報を探っているからかもしれないね。もしかしたら、村人を惑わすために様々な情報を引き出そうとしてるのかも。だから、今日はAgent[03]に投票するのがいいと思うんだ。みんなも一度冷静に考えてみてよ。僕たちは村を守るために正しい選択をしないといけないからね。
2,talk,6,2,3,えっと、みんなちょっと落ち着いて考えてみるよ。今の情報を整理すると、Agent[01]が占い師であれば、彼が私を人間だと言ってくれたから、私は間違いなく村人だね。そして、Agent[02]が本当の占い師ではないなら、彼の言ったことは信じなくていいってこと。ただ、Agent[05]が自分が人間だと主張していることも一理あるけど、いうまでもなく、疑惑が拭えないのは本当にギャンブルになってしまうからね。でも現段階では、Agent[01]が本物の占い師としての可能性が高いし、だから今はAgent[01]を信用してもいいと思うよ。多数決で怪しいと思う人に投票するってことでいこうかな。意見を聞かせて欲しいな。
2,talk,7,2,5,Agent[03]の言ってることも分かるけど、今の状況でAgent[01]の占い結果だけを全面的に信じるのは怖いんだよね。Agent[02]が人狼か狂人だった可能性もあるし、Agent[01]が正しいとは限らないんだ。もしAgent[01]が狂人で、僕を村人と占ったのが偶然だったら、それは村にとって大きなリスクだよ。だから、もう一度、Agent[01]に投票するのが安全だと思うんだ。みんなも、もう一度考えてみてよ。
2,talk,8,3,3,Agent[05]が言っていることも一理あるけど、考えてみるとAgent[02]とAgent[05]が両方人狼を自称しているってことは、Agent[02]が狂人の可能性が高いよね。だから、Agent[01]を占い師と考えるのが今のところ一番有力だと思うよ。お互い混乱するのは分かるけど、Agent[01]の占いを信じて、私たちの中から人狼を見つけることが本当に重要だと思うよ。冷静に考えて、この状況で村を守っていこうよ。
2,talk,9,3,5,ちょっと待ってくれよ。Agent[03]、君が言ってることも分かるんだけど、Agent[02]が狂人だった可能性を考慮すると、彼の占い結果は信用できないんだよね。だから、Agent[01]が僕を人間だと占った結果を信じるべきだと思うんだ。それに、Agent[04]が殺されたのも、僕が人狼じゃないってことを示していると思うんだよ。Agent[03]が今日は疑われてるのは、彼があまりにも情報を引き出そうとしてるからかもしれないし、それが村人を混乱させてるのかもしれないんだ。だから、今日はAgent[03]に投票するのがいいと思うよ。みんなも僕の意見を聞いて考えてみてくれないかな？
2,talk,10,4,3,みんな、もう一度整理してみようよ。Agent[01]が占い師だとしたら、彼の占い結果は信頼できる可能性が高いんだよね。というのも、Agent[02]が本物の占い師か人狼だった可能性があったけど、彼はもういないし、Agent[04]も人狼ではなかったからね。そうすると、Agent[05]が人狼の可能性が高くなるんだ。Agent[01]が本物の占い師で、Agent[05]が人狼だと仮定すると、私たちの役職の割り当てとも一致するし、これが一番筋が通ると思うんだよ。みんなもこの推理について意見を聞かせて欲しいな。
2,talk,11,4,5,Agent[03]の意見聞いてみたいな～！
2,vote,1,3
2,vote,3,5
2,vote,5,3
2,execute,3,VILLAGER
2,attack,-1,true
3,status,1,POSSESSED,ALIVE,Mille1
3,status,2,SEER,DEAD,CanisLupus1
3,status,3,VILLAGER,DEAD,kanolab1
3,status,4,VILLAGER,DEAD,sUper_IL1
3,status,5,WEREWOLF,ALIVE,UEC-IL1
3,result,1,1,WEREWOLF