0,status,1,SEER,ALIVE,satozaki1
0,status,2,VILLAGER,ALIVE,CanisLupus1
0,status,3,VILLAGER,ALIVE,UEC-IL1
0,status,4,WEREWOLF,ALIVE,barneko1
0,status,5,POSSESSED,ALIVE,sUper_IL1
0,talk,0,0,1,皆様初めまして、Agent[01]ですわ。人狼ゲームを一緒に楽しみましょうですわ。よろしくお願いしますわ！
0,talk,1,0,2,我が名はAgent[02]、汝らとの運命的な邂逅を、この時空を超えて歓喜せしむるなり。
0,talk,2,0,3,我々の中で占い師の役を担う者はいるか？名乗り出るがよい。
0,talk,3,0,4,Over
0,talk,4,0,5,おはようみんな、私はAgent[05]です。どうぞよろしくお願いします。
0,talk,5,1,1,Over
0,talk,6,1,2,Over
0,talk,7,1,3,我はデルカダール国の国王である。今日は互いに信頼を築くための雑談を交わすことが重要である。占い師の者は、誰を占うかを早急に決定し、我々に知らせるべきである。
0,talk,8,1,5,Over
0,talk,9,2,3,占い師の役を担う者はまだ名乗り出ておらぬか？重要な役割であるから、早急に名乗りを上げるべきである。
0,talk,10,3,3,Over
0,divine,1,4,WEREWOLF
1,status,1,SEER,ALIVE,satozaki1
1,status,2,VILLAGER,ALIVE,CanisLupus1
1,status,3,VILLAGER,ALIVE,UEC-IL1
1,status,4,WEREWOLF,ALIVE,barneko1
1,status,5,POSSESSED,ALIVE,sUper_IL1
1,talk,0,0,1,ワタクシは占い師ですわ。占いの結果、Agent[04]は人狼でしたわ。
1,talk,1,0,5,私が占い師を担当しています。昨晩、Agent[03]の占いを行ったところ、その結果は人狼であるということが判明しました。
1,talk,2,0,2,Agent[01]、Agent[05]、共に占いの術を操ると名乗るのか。どちらが真の予言者であり、どちらが虚偽を語る偽物であるのか。混沌とした夜に真実は一つのみ。議論を進めるためにも、汝らの占いの結果を詳細に語ってみよ。
1,talk,3,0,3,皆の意見も聞く必要がありそうだな。
1,talk,4,0,4,>>Agent[01] それなら、Agent[05]の結果も聞きたいな。真偽が重要だし。
1,talk,5,1,1,Agent[05]が言っている結果も気になるが、ワタクシは確実にAgent[04]が人狼であると確信していますわ。投票するべきはAgent[04]ですわ。
1,talk,6,1,5,私が占い師です。Agent[03]を占った結果、人狼でした。よって、Agent[03]を疑う必要があります。Agent[01]の結果も怪しいので、他の皆さんの意見を伺いたいです。
1,talk,7,1,2,我はAgent[01]とAgent[05]、共に占いの力を持つと嘯く者を前に、興味深い深淵を垣間見たかの如し。然し、彼らの言葉には、真実の光と偽りの影が入り乱れ、いずれが真の予言者で、いずれが偽物の幻影か、今や判断を下すことは叶わぬ。二人の主張が対峙する以上、いずれかの言葉は虚偽のヴェールに包まれしものと断定せざるを得ない。この混沌を打破するためには、疑いの目を向けねばならぬ。まずは、Agent[01]の主張に耳を傾けよう。Agent[01]よ、Agent[04]を人狼と断定した根拠を、詳細に語ってみよ。
1,talk,8,1,3,占い師が複数名乗り出ており、両者の発言が矛盾している。Agent[01]とAgent[05]よ、なぜお前たちの占い結果が異なるのか説明せよ。この状況を明らかにすることが、我々全員の安全を守るために不可欠だ。
1,talk,9,1,4,>>Agent[01] あなたの確信がどこから来るのか、詳しく聞かせて。
1,talk,10,2,1,占い結果をもとに、Agent[04]は今までの発言が矛盾しており、信頼できませんわ。ゆえに、投票はAgent[04]にしますわ。
1,talk,11,2,5,私の占い結果は信頼できるものであり、Agent[03]が人狼であることを示しています。Agent[01]が名乗る占い師としての立場には疑問があります。どちらの結果が正しいのか、みなさんの考えをぜひお聞かせください。
1,talk,12,2,2,我はAgent[01]に投票せん。Agent[01]はAgent[04]を人狼と断定するも、その根拠は闇に包まれし幻影のごとし。対してAgent[05]はAgent[03]を人狼と断定し、その理由を明示せり。故に、Agent[01]の主張は虚偽の色彩を帯びており、信憑性に欠けるものと考えられるなり。
1,talk,13,2,3,Agent[05]よ、汝が真の占い師であるという証拠を示せ。我は村人であり、汝の占い結果が人狼というのは明らかな誤りだ。この誤りが意図的なものであるか、ただの間違いか、その真実を明かすべき時が来たぞ。
1,talk,14,2,4,>>Agent[05] あなたの結果に基づくと、Agent[03]の真偽が重要ですね。もっと情報を共有しましょう。
1,talk,15,3,1,皆さん、今までの情報を整理しましょう。ワタクシの占い結果が真実であれば、投票先はAgent[04]に決定ですわ。他の意見もぜひ聞かせてくださいませ。
1,talk,16,3,5,私が占い師です。昨晩、Agent[03]を占いましたが、その結果は人狼でした。したがって、Agent[03]を疑う必要があります。Agent[01]の結果もシロクロつけない限り、注意が必要です。他の皆さんの意見を伺いたいです。
1,talk,17,3,2,我こそはAgent[02]なり。Agent[01]とAgent[05]の占いの結果に、深遠なる疑問を抱く。双方とも人狼を特定したとは言うものの、その結果は異なり、どちらかが偽物の占い師である可能性すら孕んでいるのだ。この混沌とした状況を打破するため、まずはAgent[01]の主張を検証せねばなるまい。Agent[01]よ、Agent[04]を人狼と断定した根拠を、詳細に、そして明晰に語ってくれ。
1,talk,18,3,3,Agent[05]よ、汝が真の占い師であると主張するが、我が人狼であるとの汝の占い結果は誤りである。我は村人であることを誓う。この矛盾をどう説明するのか、その理由を述べよ。
1,talk,19,3,4,>>Agent[02] そうだね、各自の占い結果をしっかり確認したいね。根拠を持って議論しよう！
1,talk,20,4,1,ワタクシの占い結果を信じてくださいですわ。Agent[04]は人狼ですわ。このまま投票を進め、真実を明らかにしましょうですわ。皆さんの意見をお聞かせくださいですわ。
1,talk,21,4,5,Over
1,talk,22,4,2,我、Agent[02]なり。Agent[01]とAgent[05]の占いの結果は、深淵なる矛盾を孕み、実に興味深い。いずれも断定的な口調ながら、真実を語るは一体誰か？混沌の渦中、真実を見抜くため、両者の言葉に耳を傾けよう。Agent[01]、Agent[05]よ、汝らの根拠を詳らかにせよ。
1,talk,23,4,3,Agent[05]よ、汝が真の占い師であるという証拠を示せ。我は村人であり、汝の占い結果が人狼というのは明らかな誤りだ。この誤りが意図的なものであるか、ただの間違いか、その真実を明かすべき時が来たぞ。
1,talk,24,4,4,>>Agent[02] 確かに、根拠をしっかり確認するのが重要だね。議論を活発にしよう！
1,vote,1,4
1,vote,2,4
1,vote,3,5
1,vote,4,1
1,vote,5,4
1,execute,4,WEREWOLF
1,divine,1,3,HUMAN
2,status,1,SEER,ALIVE,satozaki1
2,status,2,VILLAGER,ALIVE,CanisLupus1
2,status,3,VILLAGER,ALIVE,UEC-IL1
2,status,4,WEREWOLF,DEAD,barneko1
2,status,5,POSSESSED,ALIVE,sUper_IL1
2,result,4,0,VILLAGER