0,status,1,POSSESSED,ALIVE,Mille1
0,status,2,SEER,ALIVE,barneko1
0,status,3,VILLAGER,ALIVE,kanolab1
0,status,4,VILLAGER,ALIVE,CanisLupus1
0,status,5,WEREWOLF,ALIVE,UEC-IL1
0,talk,0,0,1,ぼくはAgent[01]、占い師ですよぅ！よろしくですよぅ！
0,talk,1,0,5,おっはよー！みんな、よろしくね！今日から始まる人狼ゲーム、めちゃくちゃ楽しみにしてたんだ。早速だけど、自己紹介とかしながら、どんどん話していこうぜ！それと、今夜の占いの話も少ししようか。
0,talk,2,0,4,我が名はAgent[04]、汝との邂逅は、運命の糸が織りなす深淵なる交響曲、時空を超え、永遠に記憶されるであろう。
0,talk,3,0,3,こんにちは、皆さん。拙者はkanolab1、皆さんと同じくこのゲームに参加している村人でござる。オタクキャラのAgent[03]と申します。さあ、楽しい人狼ゲームの始まりです。それぞれの役目を果たしながら、この謎を解き明かしていきましょう！
0,talk,4,0,2,Over
0,talk,5,1,1,Over
0,talk,6,1,5,どうも、僕はAgent[05だよ。高校2年でサッカー部に所属してるんだ。みんなよろしくね！ Agent[01]が占い師って言ってるけど、本当に占い師かな？今夜の占い先について話し合ってみようよ！
0,talk,7,1,4,Over
0,talk,8,1,3,Over
0,talk,9,2,5,Agent[02]はまだ自己紹介してないね！何者か教えてくれる？それにしても、Agent[01が占い師って言ってるけど、本当かな？初日からそんな重要な情報出すって、ちょっと怪しいかもしれないね。みんなはどう思う？ところで、今夜の占い先を決めたいんだけど、何か意見ある？僕はちょっとAgent[01が怪しいと感じてるから、もし占い師が本物なら、他の誰かを占ってほしいな。どう思う？
0,talk,10,3,5,Over
0,divine,2,1,HUMAN
1,status,1,POSSESSED,ALIVE,Mille1
1,status,2,SEER,ALIVE,barneko1
1,status,3,VILLAGER,ALIVE,kanolab1
1,status,4,VILLAGER,ALIVE,CanisLupus1
1,status,5,WEREWOLF,ALIVE,UEC-IL1
1,talk,0,0,5,みんなの意見も聞いてみたいな～！
1,talk,1,0,1,ぼくは占い師ですよぅ！ぼくが占った結果、Agent[04]は人間でしたよぅ！
1,talk,2,0,4,Agent[01]の占いは、Agent[04]を人間と断じたるか。然るならば、その選択の根拠を明かされよ。汝の深淵なる洞察の片鱗を見せ給え。
1,talk,3,0,2,>>Agent[05] 俺もAgent[01]を信じてみるよ。夜の占い先、みんなで考えよう！
1,talk,4,0,3,>>Agent[05]うむ、拙者もAgent[01]の占い師宣言には少し疑問を感じているです。初日から占い師COはリスクがあるから、もし本物なら慎重に行動してほしいですな。占い先については、まだ情報が少ないから、皆で相談して決めるのが良いと思うです。どうやって選ぶか、みんなの意見を聞きたいですな。
1,talk,5,1,5,Agent[01が占い師だと言ってるけど、本当に信じていいのかな？他のみんなはどう思ってる？Agent[01、本当に占い師なら、誰を占うつもりなの？それともう占った結果があるのかな？ちゃんと話してくれると助かるんだけど。
1,talk,6,1,1,>>Agent[05]ぼくが占い師宣言を早めにしたのは、占い師の特権を有効活用したいからですよぅ！
1,talk,7,1,4,Agent[01]の占いはAgent[04]を人間と断定するとは、実に興味深い。だが、我は疑念を抱く。他のプレイヤーの言葉を聞き、この混沌とした状況を解き明かすべく、真実に近付かねばならない。Agent[05]もまた、Agent[01]の占い師宣言に疑問を持つとは。もしAgent[01]が真の人狼ならば、なぜかくも早々にその姿を現したのか？その真意を、今こそ確かめる時であろう。
1,talk,8,1,2,>>Agent[05] みんなの意見を尊重して、協力していこう！Agent[01]を信じる価値はあると思うよ。
1,talk,9,1,3,:みんなの議論が白熱しているね！Agent[01]が占い師だと言っているけど、本物かどうかはまだ確信が持てないです。もちろん、偽物の可能性もあるので慎重にいきたいところです。占い結果を報告されたAgent[04]が白とされているけど、これが本物の結果なら安心できるけど、先走らないよう注意したいですね。占われたAgent[04]も疑問を感じているようだし、他のみんなの意見ももっと聞いてみたいですな。
1,talk,10,2,5,みんな〜今日の投票先は誰にする？僕は今のところAgent[01]に投票しようかと思ってるんだけど、みんなはどう思う？Agent[01]が占い師って言ってるけど、初日からそんな重要な役職を公表するのはちょっと怪しいよね。他にも意見あれば聞かせてよ！
1,talk,11,2,1,Over
1,talk,12,2,4,我はAgent[01]に投票せん。彼 は初日から占い師を名乗り、我を人間と断定した。然し、その根拠は曖昧模糊たるものなり。真偽を確かめるべく、彼の言葉を精査せねばならぬであろう。
1,talk,13,2,2,>>Agent[05] 不安に思う気持ちも分かる。でも、Agent[01]に信頼を置こう！
1,talk,14,2,3,>>Agent[05]確かに初日から占い師を名乗るのはリスクがある行動だよね。でも、もし本物なら村人陣営にとって重要な情報源になるから、慎重に考えたいところです。Agent[01]が本物かどうかを見極めるために、もう少し様子を見てもいいかもしれないです。みんなの意見を聞いてから決めたいですね。
1,talk,15,3,5,みんな〜今日の投票先は誰にする？僕は今のところAgent[01]に投票しようかと思ってるんだけど、みんなはどう思う？Agent[01が占い師だって言ってるけど、急に出てきてちょっと怪しいよね。他の意見も聞きたいな！
1,talk,16,3,4,Agent[01]の占い師宣言は、実に深遠な謎を孕み、我々を混沌の渦に引きずり込む。然し、Agent[01]が真の人狼であった場合、初日からその姿を露わにする必要があったのか？その真意を探るべく、今日の投票先はAgent[01]とする。
1,talk,17,3,2,>>Agent[05] 本物の占い師を信じよう！みんなで協力して人狼を見つけよう。
1,talk,18,3,3,みんな、投票先について考えてみよう。Agent[01]が占い師を名乗っているけど、初日からのCOは確かにリスクがある行動だね。だけど、もし本物なら村人陣営にとって重要な情報源になるから、慎重に考えたいところだよ。Agent[01]が本物かどうかを見極めるために、もう少し様子を見てもいいかもしれないね。みんなの意見を聞いてから決めたいな。
1,talk,19,4,5,そうだね、Agent[03]の言う通り、もう少し様子を見るのも手かもしれないね。ただ、僕はやっぱりAgent[01]が怪しいと思ってるんだ。初日から占い師を名乗るってのは、なんか計算された動きに感じるんだよね。みんなはAgent[01]の行動をどう見てる？他に誰か怪しいと思う人いる？
1,talk,20,4,4,我は、Agent[01]の初日の妄言に、深き疑念を抱く。彼こそが真の「占い師」たりえるのか、その真偽を確かめねば、混沌の渦は収まらぬであろう。今こそ、彼の運命を賭け、投票によって真実に迫る時なり。
1,talk,21,4,2,>>Agent[05] Agent[01]を信じるべきだよ。一緒に協力して村を守ろう！
1,talk,22,4,3,みんな、ひとつ考えたいことがあるんだ。Agent[01]が占い師だと言ってるけど、もし彼が本物の占い師なら、ここで彼の情報を使って有利に展開を進めることもできる。逆に、もし嘘なら人狼か狂人の可能性が高いよね。だから、今日は慎重に情報を集めて、次の判断材料にしよう。どうかな?
1,vote,1,2
1,vote,2,1
1,vote,3,1
1,vote,4,1
1,vote,5,1
1,execute,1,POSSESSED
1,divine,2,3,HUMAN
1,attackVote,5,2
1,attack,2,true
2,status,1,POSSESSED,DEAD,Mille1
2,status,2,SEER,DEAD,barneko1
2,status,3,VILLAGER,ALIVE,kanolab1
2,status,4,VILLAGER,ALIVE,CanisLupus1
2,status,5,WEREWOLF,ALIVE,UEC-IL1
2,talk,0,0,3,僕は村人だよ！Agent[01]とAgent[02]が人狼じゃなかったから、今日はAgent[04]かAgent[05]に注目するべきだね。どっちかが人狼の可能性が高いと思うんだ。Agent[04]は最初からAgent[01]を疑っていたし、可能性としてはちょっと高いと感じるけど、Agent[05]も初日からAgent[01]を疑っていたから、どっちも怪しいね。みんなはどう思う?
2,talk,1,0,4,Agent[01]の占師宣言は、混沌の幕開けを告げ、議論の渦を巻き起こした。Agent[03]の言葉にもあるが、もしAgent[01]が真の占師ならば、我々村人陣営は勝利への道を拓かん。しかし、仮にその言葉が偽りの宣告ならば、Agent[01]は狡猾なる人狼か、それとも狂気の淵を彷徨う者であろうか。今日の議論こそ、Agent[01]の真偽を見極める試金石となるのだ。
2,talk,2,0,5,今日の投票先は、Agent[03]にするべきだと思うな。Agent[03]が言ってることにはちょっと矛盾がある気がするし、昨日の話も今一つピンと来なかったんだよね。みんなも気づいてる？Agent[03]がどうも怪しい動きをしているから、今日は彼に投票しようと思うんだけど、どうかな？
2,talk,3,1,3,Agent[05]、拙者が村人であることは明らかだよ。今までの情報を考えると、Agent[04]とAgent[05]のどちらかが人狼である可能性が高いと思うんだ。特に、Agent[04]は初日からAgent[01]を疑っていたけど、もしAgent[01]が村人だったとしたら、その動きは人狼としての作戦だったかもしれないね。みんな、Agent[04]の行動をもう一度考えてみてほしいな。
2,talk,4,1,4,我は、Agent[03]、Agent[05]のAgent[01]に対する疑念の根源を問わん。もしAgent[01]が人狼なりせば、なぜ初日に占い師と名乗ったのか？その点に、深遠なる謎を感じざるを得ないであろう。
2,talk,5,1,5,Agent[03]が言ってるように、Agent[04と僕が怪しいって話になってるけど、ちょっと待ってほしいな。Agent[04は確かに初日からAgent[01]を疑ってたけど、その疑問は正当だったんじゃないかな？Agent[01]が占い師だと言ってたけど、結局人狼だったわけだし、Agent[04の疑念は当たってたんだよ。だからこそ、今日はAgent[03に注目すべきだと思うんだ。Agent[03は初日から占い師の話を慎重に見るべきだと言ってたけど、それが人狼としては村人を混乱させるいい方法だったかもしれないし、Agent[01とAgent[02が人狼じゃないって決めつけるのも早計だと思う。Agent[03がどうかもう少し考えてみるべきだと思うよ。みんなどう思う？
2,talk,6,2,3,僕は村人だから、Agent[04]かAgent[05]のどちらかが人狼の可能性が高いと思っているよ。Agent[04]は最初からAgent[01]を疑っていたけど、結果的にそれが正しかったとは限らないよね。一方で、Agent[05]は自分の発言で役に立つ情報を提供していない感じがするよ。ここでのポイントは、Agent[01]とAgent[02]がどちらも人狼ではないことが確認されているから、2人とも村人だったと考えていいと思う。なので、僕は少しだけAgent[04]に疑念を持っているんだけど、みんなどう?
2,talk,7,2,4,Agent[03]の指摘も至極もっともなるが、Agent[05]の所見には深き疑問が残る。Agent[01]が人狼ならば、何故わざわざ初日に占い師を名乗る必要があったのか？そこに矛盾を感じないのか？今日の投票はAgent[05]に決まるであろう。
2,talk,8,2,5,Agent[03]、僕が村人であることは確かだよ。Agent[01]が追放された今、残った中で人狼を見つけるのが大事だよね。Agent[04]はずっとAgent[01]の占い師宣言に疑問を持っていたし、その態度が人狼が村人を混乱させようとしてる感じがするんだ。だから、今日はAgent[04に投票するのがいいと思うんだけど、どう思う？
2,talk,9,3,3,僕の結論としては、Agent[04]とAgent[05]のどちらかが人狼の可能性が高いんだ。Agent[04]は初日からの行動が疑わしいし、一方でAgent[05]の話はちょっと根拠が乏しいかな。ただ、これまでの流れと役職の可能性を考えると、Agent[04]が最も人狼らしいね。今日はAgent[04]に投票するのがいいと思うよ。みんなも意見があれば聞かせてほしいな。
2,talk,10,3,4,我、Agent[03]の示唆に深い興味を抱く。もしもAgent[01]が人狼なりせば、初日から占い師を名乗る行為は、混沌の渦を生み出す狡猾な策略であろう。然し、Agent[04]もまた、Agent[01]の行動に疑問を抱いていた。もしかすると、Agent[04]は、初日から人狼の影を察知していたのかもしれない。我はAgent[03]の洞察に賛同し、今日の投票はAgent[04]に投じよう。
2,talk,11,3,5,よく考えてみてくれよ、Agent[04。Agent[01]が初日に占い師を名乗ったのは、自分が疑われることを避けるための戦略だったんじゃないかな？それによって、他の村人から信用されやすくなるし、実際に僕たち人狼陣営にとっても有利に働いたんだよ。だから、Agent[01]の行動にはちゃんと意味があったんだと思うよ。それに、Agent[03]の言ってることもちょっとおかしいと思うんだ。彼は初日から占い師の話を慎重に見るべきだと言ってたけど、それが村人を混乱させるいい方法だったかもしれないし、彼が人狼だった可能性も考えられるよね。Agent[01]とAgent[02]が人狼じゃないって決めつけるのも早計だと思うし、もう少しAgent[03]の行動を疑ってみるべきだと思うな。みんな、どう思う？
2,talk,12,4,3,Agent[04]とAgent[05]のどちらかが人狼である可能性が高いね。Agent[04]とAgent[05]が互いに人狼だと主張しているけど、役職の配分から考えると、どちらかが嘘をついていることになる。Agent[04]は初日からの行動が疑わしいし、Agent[05]の発言も少し不自然に感じる。だけど、Agent[04]の方がより怪しいと思うから、今日はAgent[04]に投票するよ。みんなも慎重に考えてみてね。
2,talk,13,4,4,Agent[05]の洞察は鋭く、Agent[01]の占い師宣言は人狼にとって有利な戦略であったか否か、深淵なる問いを投げかける。然し、Agent[04]の疑問も無視し得ない。Agent[01]の占いは混沌の霧に包まれた不確実な要素を孕み、今日の投票は慎重に進めるべきであろう。
2,talk,14,4,5,みんな、聞いてくれよ。Agent[03が僕を怪しんでるけど、それはちょっとおかしいと思わない？Agent[01が人狼だってわかった今、僕が疑われる理由はないよね。Agent[04は初日からAgent[01を疑っていたし、それが結果的に正解だったわけだから、Agent[04の疑問は当たってたんだよ。だから、今日はAgent[03に投票するのがいいと思うんだけど、どう思う？Agent[03は初日から占い師の話を慎重に見るべきだと言ってたけど、それが人狼としては村人を混乱させるいい方法だったかもしれないし、Agent[01とAgent[02が人狼じゃないって決めつけるのも早計だと思うんだ。みんな、もう一度考えてみようよ！
2,vote,3,5
2,vote,4,5
2,vote,5,4
2,execute,5,WEREWOLF
3,status,1,POSSESSED,DEAD,Mille1
3,status,2,SEER,DEAD,barneko1
3,status,3,VILLAGER,ALIVE,kanolab1
3,status,4,VILLAGER,ALIVE,CanisLupus1
3,status,5,WEREWOLF,DEAD,UEC-IL1
3,result,2,0,VILLAGER