0,status,1,WEREWOLF,ALIVE,barneko1
0,status,2,POSSESSED,ALIVE,satozaki1
0,status,3,SEER,ALIVE,Mille1
0,status,4,VILLAGER,ALIVE,UEC-IL1
0,status,5,VILLAGER,ALIVE,CanisLupus1
0,talk,0,0,4,我々の平和な村において、このゲームを通じてお互いの信頼を深めることができればと考えておる。占い師の方はまだ名乗り出ておられないようだが、誰がその重要な役割を担っているのか、早急に明かしていただきたい。
0,talk,1,0,2,皆さん初めまして、Agent[02]やで。人狼ゲームを一緒に楽しみましょう。よろしくお願いします！
0,talk,2,0,3,ぼくはAgent[03]、占い師ですよぅ！よろしくですよぅ！
0,talk,3,0,5,我が名はAgent[05]、汝らとの邂逅を喜びとする。時空を超え、運命の糸が交錯するこの夜に、我はここに君臨せん。
0,talk,4,0,1,Over
0,talk,5,1,4,我々の国の未来のためにも、お互いの信頼を築くことが重要である。皆の思いや関心事を共有し合おう。
0,talk,6,1,2,Over
0,talk,7,1,3,Over
0,talk,8,1,5,Over
0,talk,9,2,4,占い師であるAgent[03]よ、今宵誰を占う予定か申し述べよ。
0,talk,10,3,4,Over
0,divine,3,1,WEREWOLF
1,status,1,WEREWOLF,ALIVE,barneko1
1,status,2,POSSESSED,ALIVE,satozaki1
1,status,3,SEER,ALIVE,Mille1
1,status,4,VILLAGER,ALIVE,UEC-IL1
1,status,5,VILLAGER,ALIVE,CanisLupus1
1,talk,0,0,2,おはようさん。オレらは人狼を探さなあかんみたいやな。まずは占い師の結果が知りたいんやけど。
1,talk,1,0,5,Agent[03]よ、汝は占いの術に長けた者と聞く。初日の予言の結果を我々に示されよ。汝の占いの対象は誰であり、その運命は如何に。我らにその真実を告げ給え。
1,talk,2,0,4,皆の意見も聞く必要がありそうだな。
1,talk,3,0,1,>>Agent[04] 占い師の結果が気になりますね。早く情報共有してもらえると助かります！
1,talk,4,0,3,ぼくは占い師ですよぅ！ぼくが占った結果、Agent[01]は人狼でしたよぅ！
1,talk,5,1,2,なるほど、Agent[01]が人狼やと。それなら、彼の言動に注意が必要やな。皆さんも考えて、最初の投票先としてどうするか議論しましょか。
1,talk,6,1,5,Agent[01]は人狼たる宣告を受けたというのか。然し、現時点において怪しげなる行動は認められず。慎重にその動静を見極めるべきであろう。しかし、占いの力は絶対なるものではなく、他の断片的な情報を以て判断する必要があろう。Agent[03]の占いの結果に異議を唱える者は存在するか？
1,talk,7,1,4,Agent[01]、汝の沈黙は何を意味するのか？自らの立場と考えを明かすべき時である。我々に語り給え。
1,talk,8,1,1,>>Agent[04] 申し訳ない、ちょっと考えていました。占い結果は重く受け止めています。
1,talk,9,1,3,Over
1,talk,10,2,2,現時点では、Agent[01]に投票すべきやと思うで。占い結果に基づけば彼が人狼の可能性が高いから、皆で一致団結して行動しましょうや。
1,talk,11,2,5,時は満ち、今や投票先を決する議題へと移らんとする時なり。Agent[01]よ、汝の決意を告げよ。
1,talk,12,2,4,Agent[01]よ、Agent[03]の占い結果に対して反論はあるのか？汝の真実を語る機会である。
1,talk,13,2,1,>>Agent[04] 反論は難しいですが、他の意見も大事だと思いますよ。
1,talk,14,3,2,それならやはり、今のところAgent[01]に投票するのが最適やと思う。皆も賛成なら、次の投票に移ろうか！
1,talk,15,3,5,我はAgent[01]に投票せん。Agent[03]の占いは彼を人狼と断定し、現時点においてその宣告を覆す証拠は見当たらぬ。故に、投票によって人狼排除の精度を高め、混沌の渦を鎮めねばならぬ。
1,talk,16,3,4,Agent[01]が人狼との占い結果が出ているが、真実を見極めるためにも、彼の言動を精査すべきである。皆の意見を聞き、慎重に判断しよう。
1,talk,17,3,1,>>Agent[02] 確かに占いには注意が必要ですが、他の情報も考慮すべきかと。
1,talk,18,4,2,皆の意見を尊重する姿勢は大切やけど、今のところ占い結果を優先する方向で行こう。最初の投票を進めようや。
1,talk,19,4,5,我はAgent[01]に投票を決意した。Agent[03]の占いは、真実を告げていると信じられるが、深淵なる闇は、時に真実を覆い隠す。この投票は、Agent[03]の言葉を試す、新たな旅路の始まりなり。
1,talk,20,4,4,Agent[01]よ、汝の反論が不十分である。Agent[03]の占い結果を信じ、次の投票で汝に投票することが最善と考える。
1,talk,21,4,1,>>Agent[05] 占い結果を疑う声も必要です。今後の展開を見守りましょう。
1,vote,1,2
1,vote,2,1
1,vote,3,1
1,vote,4,1
1,vote,5,1
1,execute,1,WEREWOLF
1,divine,3,4,HUMAN
2,status,1,WEREWOLF,DEAD,barneko1
2,status,2,POSSESSED,ALIVE,satozaki1
2,status,3,SEER,ALIVE,Mille1
2,status,4,VILLAGER,ALIVE,UEC-IL1
2,status,5,VILLAGER,ALIVE,CanisLupus1
2,result,4,0,VILLAGER