0,status,1,VILLAGER,ALIVE,satozaki1
0,status,2,VILLAGER,ALIVE,sUper_IL1
0,status,3,WEREWOLF,ALIVE,UEC-IL1
0,status,4,POSSESSED,ALIVE,Mille1
0,status,5,SEER,ALIVE,barneko1
0,talk,0,0,1,皆さま初めまして、Agent[01]ですわ。人狼ゲームを一緒に楽しみましょうですわ。よろしくお願いしますわ！
0,talk,1,0,4,ぼくはAgent[04]、占い師ですよぅ！よろしくですよぅ！
0,talk,2,0,3,おっはよー！みんなよろしくね！今日からはじまる人狼ゲーム、めちゃくちゃ楽しみだね！最高のゲームにしようぜ！
0,talk,3,0,5,Over
0,talk,4,0,2,こんにちは、Agent[02]です。
0,talk,5,1,1,Over
0,talk,6,1,4,Over
0,talk,7,1,3,みんな、初めまして！僕はAgent[03だよ。サッカー部に所属している高校生だから、体を動かすのが好きなんだ。今回の人狼ゲーム、みんなで楽しもうね！Agent[04が占い師だって言ってるけど、確認させてもらっていいかな？本当に占い師なの？今夜は誰を占おうと思ってるの？
0,talk,8,1,2,Over
0,talk,9,2,3,Agent[05]さんもよろしくね！それでさ、Agent[04]が占い師って言ってたけど、今夜の占い先について話し合わない？みんなで意見出し合って、怪しい人を見つけて占ってもらおうよ！
0,talk,10,3,3,Over
0,divine,5,4,HUMAN
1,status,1,VILLAGER,ALIVE,satozaki1
1,status,2,VILLAGER,ALIVE,sUper_IL1
1,status,3,WEREWOLF,ALIVE,UEC-IL1
1,status,4,POSSESSED,ALIVE,Mille1
1,status,5,SEER,ALIVE,barneko1
1,talk,0,0,3,みんなの意見も聞いてみたいな～！
1,talk,1,0,1,私はそう思いますわ！まずは自己紹介をしながら、みんなの役職や意見を聞いてみるのが良いですわね。どうですかしら？
1,talk,2,0,5,>>Agent[04] 僕も占い師だけど、君の結果を後で確認したいな。協力しよう！
1,talk,3,0,4,ぼくは占い師ですよぅ！ぼくが占った結果、Agent[02]は人狼でしたよぅ！
1,talk,4,0,2,皆さん、私は村人です。怪しい点や矛盾した点について話し合い、人狼を暴いていきましょう。
1,talk,5,1,3,みんな〜今日の投票先は誰にする？僕は今のところAgent[04に投票しようかと思ってるんだけど、みんなはどう思う？ Agent[04が占い師だって言ってるけど、本当に占い師かな？ちょっと怪しいかもしれないし、もし人狼だったら大問題だよね！
1,talk,6,1,1,Agent[04]が占い師だと主張している一方で、Agent[02]を人狼だと指摘していますわね。そこが少し不自然に感じますわ。ワタクシももう少し意見を聞いて判断したいですわ。
1,talk,7,1,5,>>Agent[04] 僕も占い師だよ。君の結果を信じつつ、情報を共有しよう！
1,talk,8,1,4,>>Agent[05] それは嬉しい提案だけど、占い師は一人の情報を信じてはいけないという原則があるよですよぅ！
1,talk,9,1,2,私は村人です！Agent[04]の結果が正しいかどうかを疑っています。証拠をもう少し集めないと判断できない気がします。他の人の意見も聞きたいです。
1,talk,10,2,3,みんな〜今日の投票先は誰にする？Agent[04がAgent[02]を人狼だって占ったんだけど、これってどう思う？僕はAgent[02]に投票しようかと思ってるんだけど、他のみんなの意見も聞きたいな！
1,talk,11,2,1,ワタクシもAgent[04]に投票するつもりですわ。彼の占い師の主張は信用できない部分が多く、本当に人狼の可能性を感じますわね。皆さんはどう思いますかしら？
1,talk,12,2,5,>>Agent[04] 君の結果を信じつつ、みんなで話し合っていこう！
1,talk,13,2,4,>>Agent[05] え？嘘つきやがって！ぼくはあなたを占って、狼じゃねえか！ですよぅ！
1,talk,14,2,2,私は、Agent[04]が本当に占い師かどうか、皆さんと一緒に考えたいです。私たちは人狼を見つけるために協力する必要があります。この状況では投票先も慎重に決めたいですね。Agent[01]の意見も参考にしましょう。
1,talk,15,3,3,みんな〜、Agent[04が占い師って言ってるけど、Agent[05も自分が占い師だって言ってるよね。これってどういうことだと思う？二人とも占い師ってことはないから、どっちかが嘘をついてるってことだよね。Agent[04はAgent[02が人狼だって言ってるけど、もしAgent[04が人狼だったら、それは村人を騙そうとしてる証拠かもしれないよ。みんなはどう思う？
1,talk,16,3,1,ワタクシはAgent[05]の主張にも注意が必要だと考えますわ。占い師が2人いる状況では、どちらかが嘘をついている可能性が高いですし、両者の意見を冷静に精査すべきですわね。
1,talk,17,3,5,>>Agent[03] そうだね、占い師が二人いるのは厄介だね。みんなで情報共有しよう！
1,talk,18,3,4,Over
1,talk,19,3,2,私はAgent[04]の信憑性について疑問を持っています。他のエージェントも彼に投票する意向を示しているので、私も賛成します。みんな、意見を集めて判断しましょう！
1,talk,20,4,3,みんな〜今日の投票先は誰にする？僕は今のところAgent[04に投票しようかと思ってるんだけど、みんなはどう思う？ Agent[04が占い師だって言ってるけど、本当に占い師かな？ちょっと怪しいかもしれないし、もし人狼だったら大問題だよね！
1,talk,21,4,1,皆さんの意見を踏まえた上で、ワタクシはAgent[04]に投票することに決めましたですわ。彼の主張には疑問が残りますし、信頼できませんですわね。これで人狼を見つけられることを願いますわ。
1,talk,22,4,5,>>Agent[03] 占い師が二人いるのは厄介だね。みんなで冷静に決めよう！
1,talk,23,4,2,Over
1,vote,1,4
1,vote,2,4
1,vote,3,4
1,vote,4,2
1,vote,5,4
1,execute,4,POSSESSED
1,attackVote,3,1
1,attack,1,true
2,status,1,VILLAGER,DEAD,satozaki1
2,status,2,VILLAGER,ALIVE,sUper_IL1
2,status,3,WEREWOLF,ALIVE,UEC-IL1
2,status,4,POSSESSED,DEAD,Mille1
2,status,5,SEER,ALIVE,barneko1
2,talk,0,0,3,Agent[05が占い師だと言ってるけど、Agent[04が追放されたってことは、Agent[05の言ってることが正しかったのかもしれないね。Agent[04が人狼だった可能性が高いと思う。Agent[02が人狼だって言ってたけど、それはもしかしたら間違いだったかもしれない。Agent[02に投票しようとしてた人たちは、もう一度考え直した方がいいと思うよ。Agent[02が村人だったら、今日はAgent[05に投票するのがいいんじゃないかな？Agent[04とAgent[05がどちらも占い師を主張していたけど、もしかしたらAgent[05も怪しいかもしれない。情報をもっと共有して、どっちが本当の占い師かを見極めよう！
2,talk,1,0,5,>>Agent[03] そうだね、みんなで情報共有して冷静に判断しよう！私も考え直すよ。
2,talk,2,0,2,Over
2,talk,3,1,3,さてさて、Agent[04が追放された今、Agent[05の言ってることも怪しいんじゃないかな？Agent[04とAgent[05が両方占い師って言ってたけど、Agent[04が追放されて、結局彼が人狼じゃなかったってことは、Agent[05が怪しいんじゃない？みんなもそう思わない？Agent[02もAgent[04の占い結果に疑問を持ってたよね。今日はAgent[05に投票してみるのはどうだろう？Agent[05が占い師として正しい情報を出しているか、ちょっと確かめてみたい気がするんだよね。みんなの意見も聞かせてよ！
2,talk,4,1,5,>>Agent[03] 確かに疑念はわかるけど、私の占い結果は真実だよ。信じて！
2,talk,5,2,3,ほら、Agent[05が占い師だと言ってるけど、本当に信じていいのかな？Agent[04が追放されて、Agent[05の言うことが正しいように見えるけど、もしかしたらAgent[05も何か隠してるかもしれないよね。Agent[02が人狼だって言ってたのは、本当に間違いだったと思うし、今日はAgent[05に投票するのが安全かもしれない。Agent[02はただ占い師に疑問を持ってただけかもしれないし、もう一度考え直してみる価値はあるよ。みんなもどう思う？
2,talk,6,2,5,>>Agent[03] 私が真の占い師だと信じて！皆で冷静に判断しよう。
2,talk,7,3,3,Agent[05、信じるって言うけど、具体的にどういう根拠があるの？占い結果だけじゃなくて、もっと説明してくれると信じやすくなるんじゃないかな。みんなが納得するような情報がほしいんだよね。それに、Agent[04が追放された後の状況を見ると、やっぱり何かおかしいと思うんだ。
2,talk,8,3,5,>>Agent[03] 私の占い結果は信頼できるよ！具体的な証拠はないけど、村人のために頑張ってる。
2,talk,9,4,3,Agent[03]は、今回Agent[05]に投票します。占い師としての情報の信頼性を確かめるため、また彼が何かを隠している可能性があるという疑念を持っているからだよ！
2,talk,10,4,5,>>Agent[03] みんなの疑念を払拭できるよう、頑張るよ！占い師として信頼を得たい。
2,vote,2,5
2,vote,3,5
2,vote,5,2
2,execute,5,SEER
2,attack,-1,true
3,status,1,VILLAGER,DEAD,satozaki1
3,status,2,VILLAGER,ALIVE,sUper_IL1
3,status,3,WEREWOLF,ALIVE,UEC-IL1
3,status,4,POSSESSED,DEAD,Mille1
3,status,5,SEER,DEAD,barneko1
3,result,1,1,WEREWOLF