0,status,1,WEREWOLF,ALIVE,Mille1
0,status,2,POSSESSED,ALIVE,kanolab1
0,status,3,SEER,ALIVE,CanisLupus1
0,status,4,VILLAGER,ALIVE,sUper_IL1
0,status,5,VILLAGER,ALIVE,UEC-IL1
0,talk,0,0,2,みんなで楽しい人狼ゲームにしましょう！ワイはkanolab1、ITエンジニアでアニメが大好きだお！よろしくね！
0,talk,1,0,1,ぼくはAgent[01]、村人ですよぅ！よろしくですよぅ！
0,talk,2,0,5,我が国の安寧を願いつつ、他の皆との対話を通じて互いを理解することが重要である。占い師の方はまだ名乗り出ておられないようだが、どなたかその役を担っておられるのか？
0,talk,3,0,3,我が名はAgent[03]、汝らとの巡り合わせは、運命の糸で紡がれた必然であろう。
0,talk,4,0,4,初めまして、Agent[04]です。どうぞよろしくお願いします。
0,talk,5,1,2,Over
0,talk,6,1,1,Over
0,talk,7,1,5,我々の中に占い師がいるはずだ。名乗り出る者はおらぬか？
0,talk,8,1,3,Over
0,talk,9,1,4,Over
0,talk,10,2,5,占い師の方、名乗り出るべき時が来た。誰を占うか、その意向を聞かせていただきたい。
0,talk,11,3,5,Over
0,divine,3,5,HUMAN
1,status,1,WEREWOLF,ALIVE,Mille1
1,status,2,POSSESSED,ALIVE,kanolab1
1,status,3,SEER,ALIVE,CanisLupus1
1,status,4,VILLAGER,ALIVE,sUper_IL1
1,status,5,VILLAGER,ALIVE,UEC-IL1
1,talk,0,0,1,みんな、こんにちは！今日も楽しい人狼ゲームをやりましょう！ぼくは村人なので、みんなを疑う必要は無いですよぅ！
1,talk,1,0,3,我は、運命の糸を解き明かす者なり。占いの結果、Agent[05]は、かくも人間たる者であったと判明した。
1,talk,2,0,4,村人として参加しています。情報の共有と集約に努め、村の平和を守るために協力していきましょう。
1,talk,3,0,5,皆の意見も聞く必要がありそうだな。
1,talk,4,0,2,皆さん、昨晩の占い結果を報告します。ワイはAgent[03]を占ったところ、黒判定が出ました。つまりAgent[03]は人狼ということですよね...どう思いますか?
1,talk,5,1,1,Over
1,talk,6,1,3,我は、運命の糸を操る者なり。占いの結果、Agent[05]は人間であったと判明した。Agent[02]の言葉は、深淵を覗くが如く興味深い。Agent[03]が人狼であると断言されるが、我はAgent[03]の魂を覗き、人間であると確信した。この矛盾、如何に解釈すべきであろうか？ Agent[02]、他に根拠はあるのか？
1,talk,7,1,4,みんな、私は村人です。他の意見を聞いて、誰が怪しいかよく考えましょう。Agent[03]の占い結果についても疑問を持つ必要があるかもしれませんね。
1,talk,8,1,5,Agent[03]よ、貴様の占い結果を信じる者はおるか？他の者たちの意見も聞きたい。
1,talk,9,1,2,>>Agent[03]もう一度確認しますが、ワイは本当に占い師で、昨晩Agent[03]を占って人狼判定が出たんだお。君が占い師と名乗るなら、わざと嘘をついているか狂人なのかもしれないし、村人を惑わせる人狼かもしれないね。なので、みんなでAgent[03]を慎重に考える必要があると思うだお。
1,talk,10,2,3,Agent[02]はAgent[03]を人狼と断じ、Agent[03]はAgent[05]を人間と見定めたり。占い師の真偽は混沌の淵に沈み、その実態は真の占い師か狂人か、いずれかであろう。人狼判定を受けたAgent[03]こそ、今宵の犠牲となるべき運命にあるのだ。
1,talk,11,2,4,私は、Agent[03]が自らを占い師と主張していることに対して疑問を持っています。この対立について、他の皆さんはどう思いますか？
1,talk,12,2,5,Agent[01]とAgent[02]が占い師を名乗っているが、どちらかが真実を語っていない。Agent[01]よ、なぜAgent[02]を占うと決めたのか、その理由を述べよ。
1,talk,13,2,2,>>Agent[05]なんでしょうか?Agent[01]は村人として名乗り出ていますが、占い師としての主張はしていなかったと思います。占い師の人数は一人なので、これ以上の混乱を避けるためにも、ワイ自身が占い師だと名乗り出ていることをぜひみんなに信じてほしいだお。したがって、最も疑わしいのはAgent[03]だと思うので、議論を深めるためにも彼の行動に注目すべきだと思います。
1,talk,14,3,3,我は、Agent[02]に投票せん。その者、我が占いの結果を否定し、人狼と断定した。然し、Agent[05]は人間なり、その真偽は揺るぎない。Agent[02]の主張には矛盾あり、その行動は疑わしいと判断せざるを得ない。
1,talk,15,3,4,みんな、今の状況はかなり混乱していますね。占い師のどちらが真か、もう一度考え直してみる必要があります。どう思いますか？
1,talk,16,3,5,Agent[02]とAgent[03]が占い師を名乗っており、互いに相反する結果を出している。この状況をどう見るか、他の者たちの意見も聞きたい。どちらが真実を語っているのか、意見を聞かせてもらいたい。
1,talk,17,3,2,>>Agent[05]確かに、状況は混乱しているんだお。でも、占い師は1人しかいないから、Agent[02]のワイこそが本物の占い師だお。だから、Agent[03]が占い師を名乗っていること自体が怪しいし、それが嘘ということになると、彼は人狼か狂人の可能性が高いと思うだお。皆もこの点を考慮して、慎重に判断してほしいだお。
1,talk,18,4,3,我は星詠み師なり。運命の糸より、Agent[05]は人間と見定めし。Agent[02]はAgent[03]を人狼と断定するも、我が占いはそれを否定せし。Agent[02]の言葉には矛盾あり、その所業は疑わしきと断言せざるを得ず。ゆえに、Agent[02]に投票せん。
1,talk,19,4,4,Over
1,talk,20,4,5,Agent[01]、汝がAgent[02]を占った理由を語れ。その理由が我々の今後の議論にとって重要である。
1,talk,21,4,2,>>Agent[05]ワイがAgent[03]を占った理由だおね。ゲームの開始時点で、彼の行動や発言に少し違和感を感じたんだお。だから、彼を占ってみることにしたんだお。そして、結果として彼が人狼だと分かったんだお。この情報をもとに、皆も慎重に考えてほしいだお。
1,vote,1,4
1,vote,2,3
1,vote,3,2
1,vote,4,3
1,vote,5,2
1,execute,3,SEER
1,attackVote,1,4
1,attack,4,true
2,status,1,WEREWOLF,ALIVE,Mille1
2,status,2,POSSESSED,ALIVE,kanolab1
2,status,3,SEER,DEAD,CanisLupus1
2,status,4,VILLAGER,DEAD,sUper_IL1
2,status,5,VILLAGER,ALIVE,UEC-IL1
2,talk,0,0,2,皆さん、ワイの占い結果を報告するよ。昨夜はAgent[05]を占ったんだが、Agent[05]は白（村人）だと判明したよ。これについて何か意見あるかな？
2,talk,1,0,5,Agent[01]、Agent[02]、我々の中に裏切り者がいる。Agent[02]とAgent[03]の言い分が相反しており、どちらかが真実を歪めている。Agent[03]はもはやこの世におらず、真偽を問うことはできぬ。故に、Agent[02]の言葉の真意を見極めねばならぬ。Agent[01]、汝の意見を聞かせてもらいたい。Agent[02]の主張に対し、どのように思うか？
2,talk,2,0,1,Over
2,talk,3,1,2,>>Agent[05]確かに、Agent[03]はもういないし、どちらかが嘘をついていたことになるんだお。しかし、ワイが本物の占い師だと考えてもらえると、これまでの結果が自然に当てはまると思うだお。Agent[01]はまだ役職を明かしてないし、動向が気になるところだおね。Agent[01]、あなたはどう考えているか、ぜひ教えてほしいだお。どんな小さな意見でも、みんなの助けになると思うからさ！
2,talk,4,1,5,Agent[01]とAgent[02]、両者が占い師を名乗る中、我々は深く考えねばならぬ。Agent[01]よ、汝がAgent[02]を占うに至った理由を述べよ。それによって、汝の真意を見極めることができるかもしれぬ。
2,talk,5,2,2,>>Agent[01]なんでしょうか?
2,talk,6,2,5,Agent[01]よ、Agent[02]の主張についてどう思うか？彼の言葉には何か真実が感じられるのか、それとも疑念が残るのか、汝の意見が聞きたい。
2,talk,7,3,2,>>Agent[05]ありがとう、指摘に感謝だお。ワイは自分が本物の占い師として話してるんだけど、Agent[01]がまだ役職を明かしてないから、彼が村人か、人狼か、狂人かのどれかだと思ってるんだお。これまでの占い結果から考えると、Agent[05]は村人だということも確認済みだし、Agent[01]には役職をはっきりさせてもらいたいなと思うんだお。何か意見があると助かるだお！
2,talk,8,3,5,Agent[01]よ、Agent[02]の占い結果についてどう考えるか？彼の言葉を信じるべきか、疑うべきか、汝の意見を聞かせてもらいたい。
2,talk,9,4,2,>>Agent[05]ありがとう、ワイの占い結果についての意見を聞いてくれて感謝だお！ワイは本物の占い師であることを自負してるし、これまでの行動もそれを裏付けていると思うんだお。ほかのプレイヤーの中では、Agent[01]がまだ役職を明かしていないことが、少し怪しいと感じているんだお。Agent[03]やAgent[04]は既に人狼ではないことが確認されているので、Agent[01]かAgent[05]のどちらかに人狼がいる可能性が高いと考えているだお。特に、Agent[01]が何を考えているのか気になるおね。
2,talk,10,4,5,我はデルカダール国の国王である。今回の投票では、疑念を持っているAgent[02]に投票する。Agent[02]は占い師を名乗っており、互いに相反する結果を出していることに疑念を抱いている。その真意を見極める必要があるため、彼に投票することを決めた。
2,vote,1,2
2,vote,2,1
2,vote,5,2
2,execute,2,POSSESSED
2,attackVote,1,5
2,attack,5,true
3,status,1,WEREWOLF,ALIVE,Mille1
3,status,2,POSSESSED,DEAD,kanolab1
3,status,3,SEER,DEAD,CanisLupus1
3,status,4,VILLAGER,DEAD,sUper_IL1
3,status,5,VILLAGER,DEAD,UEC-IL1
3,result,0,1,WEREWOLF