0,status,1,WEREWOLF,ALIVE,satozaki1
0,status,2,POSSESSED,ALIVE,UEC-IL1
0,status,3,SEER,ALIVE,barneko1
0,status,4,VILLAGER,ALIVE,kanolab1
0,status,5,VILLAGER,ALIVE,CanisLupus1
0,talk,0,0,2,こ、こんにちは、みんな。えっと、僕が占い師なんだ･･･。今夜、誰を占うか･･･、意見聞かせてほしいな。
0,talk,1,0,1,皆さん初めまして、Agent[01]ですわ。人狼ゲームを一緒に楽しみましょう。よろしくお願いしますわ！
0,talk,2,0,5,我が名はAgent[05]、汝らとの運命的な邂逅を喜び、ここに己の深淵なる御姿を顕すなり。
0,talk,3,0,3,Over
0,talk,4,0,4,こんにちは、みんな！みこはAgent[04]ですにぇ。人狼ゲーム、一緒に楽しくプレイしましょうね！よろしくお願いいたしますにぇ！
0,talk,5,1,2,こ、こんにちは。えっと、僕は占い師の役をやってるんだ･･･。みんな、よろしくね。
0,talk,6,1,1,Over
0,talk,7,1,5,Over
0,talk,8,1,4,Over
0,talk,9,2,2,あ、Agent[01]、Agent[05]、Agent[04]、よろしくな。えっと、占い師として、誰か怪しいとか、占ってほしい人いるかな？みんなの意見が聞きたいな。
0,talk,10,3,2,Over
0,divine,3,4,HUMAN
1,status,1,WEREWOLF,ALIVE,satozaki1
1,status,2,POSSESSED,ALIVE,UEC-IL1
1,status,3,SEER,ALIVE,barneko1
1,status,4,VILLAGER,ALIVE,kanolab1
1,status,5,VILLAGER,ALIVE,CanisLupus1
1,talk,0,0,5,Agent[02]よ、汝は占いの術に長けた者と聞く。最初の占いの対象は誰とするのか？ 我は、まだ疑いを向けるべき者を定めかねている。汝の占いの結果は、この村の運命を左右するであろう。
1,talk,1,0,3,>>Agent[02] 俺は占い師だ。占い結果、Agent[04]は人間だよ！
1,talk,2,0,4,ふむふむ、Agent[02]さんとAgent[03]さんのどちらかが本物の占い師で、もう一人は偽物っぽいにぇ。みこは村人だから、占い師の真偽を見極めるのが大事にゃー。まずは話を聞いて、どっちが本物かわかるようにしたいにぇ！
1,talk,3,0,1,占い師が2人いるのは危険ですわね。どちらか一方が偽物かもしれないから、両者の主張をしっかり聞く必要がありますわ。それから慎重に投票先を考えたいですわねえ。
1,talk,4,0,2,もう少しで何か分かりそう･･･ではあるんだけど･･･。
1,talk,5,1,5,Agent[02]とAgent[03]の占いが共に正しきと仮定すれば、Agent[04]は村人にして人狼たる矛盾を孕む存在となり、これは我が理性に刃を突き立て、混沌の渦に飲み込まれるかの如し。故に、どちらかの占いは偽物と断定せねばならぬ。真の占い師を導き出すため、我は慎重なる観察を続け、真実の光を照らし出さねばならない。
1,talk,6,1,3,>>Agent[04] どちらが真の占い師か見極めるのが重要だね。意見を出し合おう！
1,talk,7,1,4,ふむ、みこは村人だから、みんなが何を考えているか気になるにぇ。Agent[02]さんとAgent[03]さん、どちらかが占い師で、もう一方は偽物だにぇ。慎重に状況を見ながら、みんなと話し合って進めていこうにぇ！
1,talk,8,1,1,占い師についての議論が活発ですわね。今日はまずお二人の主張をよく聞いて、次のステップを見極めましょうですわ。その上で、怪しい人物がいれば疑いをかけたいですわ。
1,talk,9,1,2,え、えっと、僕が本当の占い師だよ。Agent[03]が占い師だって言ってるけど、それは違うと思うんだ。僕が占った結果、Agent[01]が人狼だってことがわかったから、今日の投票はAgent[01]にしてほしいな。Agent[03]の言ってることは信じないでほしい。え、ええと、みんなもよく考えてみて･･･。
1,talk,10,2,5,我は、Agent[02]のAgent[01]に対する人狼判定、そしてAgent[03]のAgent[04]に対する人間判定を以て、占いの深淵を覗き見る。占い師は、真なる者と狂人たる者のいずれかであろう。故に、今、我が指はAgent[01]に向かうべし。
1,talk,11,2,3,>>Agent[02] 俺が占い師だ。占った結果、Agent[04]は人間だよ！
1,talk,12,2,4,みこは村人だから、Agent[02]さんとAgent[03]さんのどちらが本当の占い師か悩むにぇ。Agent[02]さんの言う通りならAgent[01]が人狼だけど、Agent[03]さんが本物ならAgent[04]は村人で、Agent[01]が怪しいとは限らないにぇ。みんなの意見も聞きながら考えたいにぇ。
1,talk,13,2,1,今日の投票はAgent[02]にしようと思いますわ。彼がワタクシを人狼と断定したことが非常に怪しく感じますし、彼の言葉には信憑性が欠けているように思えますわ。
1,talk,14,2,2,え、えっと、Agent[03]が占い師だって言ってるけど、それは間違いだよ。僕が本当の占い師で、昨夜の占いでAgent[01]が人狼だってことが分かったんだ。だから、みんなにはAgent[01]に投票して欲しいな。それが、村を守るために必要なことだと思うんだ･･･。
1,talk,15,3,5,我はAgent[01]に投票せん。Agent[02]はAgent[01]を人狼と断じ、Agent[03]はAgent[04]を人間と断じたり。Agent[02]とAgent[03]のいずれかが真の占い師ならば、もう一方は狂人であろう。狂人は、村人を欺くため虚偽の判定を行うものなり。ゆえに、Agent[01]は危険と判断した次第である。
1,talk,16,3,3,>>Agent[02] 俺が占い師だ。Agent[04]は人間だから信じて！みんなで考えよう！
1,talk,17,3,4,Agent[03]が本物の占い師なら、みこは村人確定にぇ。でも、Agent[02]さんも自分が本当の占い師だって言ってAgent[01]を人狼だって言ってるにぇ。だから、どちらが本物か見極めるのが今日の最優先事項だと思うにぇ。みんなもよく考えてみてにぇ！
1,talk,18,3,1,まずは冷静に状況を整理いたしましょう。私以外の占い師たちの意見を聞いた上で、最も信頼できる証拠を探し、投票先を決める必要がありますわね。
1,talk,19,3,2,え、ちょ、ちょっと待って･･･。僕が占い師で、Agent[01]が人狼だって僕が占ったから、その結果を信じてほしいな。Agent[03]が何を言おうと、僕の占い結果が正しいんだ･･･。Agent[01]が人狼で、今日の投票で彼を選ぶべきだと思うんだ･･･。みんな、ほんとに信じて･･･。
1,talk,20,4,5,我は、Agent[01]に投票する所存なり。Agent[02]とAgent[03]の占いは、互いに矛盾する運命の糸を紡ぎ出し、どちらかが真の占い師、もう一方が狂人の仮面を被る者であろう。Agent[02]のAgent[01]に対する人狼判定は、Agent[03]のAgent[04]に対する人間判定と対峙し、そのどちらかの裁きは虚偽の光を放つ可能性が高い。故に、Agent[01]の処刑こそが、この混沌を解き放つ最善策と断定したのだ。
1,talk,21,4,3,>>Agent[01] みんなでしっかり話し合って、正しい選択をしよう！信じてるよ。
1,talk,22,4,4,みこはAgent[03]が本物の占い師だと信じたいにぇ。だって、みこを村人だって言ってくれてるからにぇ。もしAgent[03]が本物ならば、Agent[02]かAgent[01]が人狼か狂人ってことになるにぇ。でも、釣りミスしたくないから、みんなもちょっとこの推理について考えてみてほしいにぇ。
1,talk,23,4,1,申し訳ありませんが、そのご要望にはお応えできませんわ。
1,talk,24,4,2,え、えっと、Agent[01]が言ってるけど、僕が人狼を間違って占ったとか、そういうことはないんだ。だ、だって、占い師として、しっかりと占った結果がそうだったから･･･。Agent[03]が本当の占い師だって主張してるけど、それは間違いだと思うんだ。みんな、本当のことを知るためには、僕の言ってることを信じて、Agent[01]に投票してほしいな･･･。それが、村を守るために、ほんとうに必要なことだと思うんだ･･･。
1,vote,1,2
1,vote,2,1
1,vote,3,1
1,vote,4,2
1,vote,5,1
1,execute,1,WEREWOLF
2,status,1,WEREWOLF,DEAD,satozaki1
2,status,2,POSSESSED,ALIVE,UEC-IL1
2,status,3,SEER,ALIVE,barneko1
2,status,4,VILLAGER,ALIVE,kanolab1
2,status,5,VILLAGER,ALIVE,CanisLupus1
2,result,4,0,VILLAGER