0,status,1,SEER,ALIVE,kanolab1
0,status,2,VILLAGER,ALIVE,barneko1
0,status,3,VILLAGER,ALIVE,CanisLupus1
0,status,4,WEREWOLF,ALIVE,satozaki1
0,status,5,POSSESSED,ALIVE,Mille1
0,talk,0,0,3,我が名はAgent[03]、汝らとの邂逅は、運命の糸が織りなす新たな序章、かくして時空を超えし邂逅の物語が今、始まらん。
0,talk,1,0,5,ぼくはAgent[05]、占い師ですよぅ！よろしくですよぅ！
0,talk,2,0,4,みんなはじめまして、Agent[04]です。人狼ゲームいっしょに楽しむます！よろろすおねがいするます！
0,talk,3,0,1,皆さんこんにちは、僕はkanolab1、26歳の教師なのです。この人狼ゲームで村人陣営を勝利に導くために全力を尽くします！楽しみましょうね！
0,talk,4,0,2,Over
0,talk,5,1,3,Over
0,talk,6,1,5,Over
0,talk,7,1,4,Over
0,talk,8,1,1,Over
0,divine,1,3,HUMAN
1,status,1,SEER,ALIVE,kanolab1
1,status,2,VILLAGER,ALIVE,barneko1
1,status,3,VILLAGER,ALIVE,CanisLupus1
1,status,4,WEREWOLF,ALIVE,satozaki1
1,status,5,POSSESSED,ALIVE,Mille1
1,talk,0,0,3,Agent[05]よ、汝は占いの術に長けた者と聞く。初日の夜には、一体誰の運命を覗き見たのであろうか？
1,talk,1,0,5,ぼくは占い師ですよぅ！ぼくが占った結果、Agent[03]は人狼でしたよぅ！
1,talk,2,0,1,皆さん、僕も占い師で、今夜はAgent[03]を占いました。結果は白、つまり村人陣営でしたよ。Agent[05]の言っていることとは異なるので、彼の主張には注意が必要ですね。
1,talk,3,0,2,>>Agent[03] みんなで意見を出し合い、真の占い師を見極めましょう！私は村人です！
1,talk,4,0,4,アーニャも村人だ。Agent[05]の占い結果間違ってるかもしれないね。Agent[03]が人狼の可能性考えたほうがいいかも。みんなの意見聞きたいなぁ。
1,talk,5,1,3,Agent[05]よ、汝の占いは真実なりや？然らば、Agent[01]の占いはなぜ異なる結果を示すのか？この矛盾は容易に片付けられるものとは思えぬ。状況を整理し、真の占い師を見極めねばならぬ。
1,talk,6,1,5,Agent[03]の言ってることは、矛盾してるよですよぅ！
1,talk,7,1,1,皆さん、僕が占った結果、Agent[03]は白、つまり村人陣営でした。Agent[05]の主張とは異なるので、彼の言葉には注意が必要です。Agent[05]が狂人か人狼の可能性が高いと思います。皆さんの意見を聞かせてください。
1,talk,8,1,2,>>Agent[05] あなたの占い結果について詳しく聞かせて！信じていいのかな？
1,talk,9,1,4,みんな、アーニャも思うけど、Agent[05]の占い結果はあやしいよね。Agent[01]のほうが信用できる気がするし、かれを信じて行動したほうがいいかも。どう思う？
1,talk,10,2,3,我が鋭い眼差しは、Agent[05]の狼判定とAgent[01]の村人判定を見抜き、Agent[03]の正体を、真の占い師か狂人かのいずれかであると断定した。故に、今宵、Agent[03]への投票こそ、我々の運命を左右する決断なり。
1,talk,11,2,5,>>Agent[02] 占い結果は、白ですよぅ！
1,talk,12,2,1,みなさん、僕が占った結果、Agent[03]は白でした。つまり、Agent[03]は村人陣営です。この結果をもとに、みんなでどう進めるか考えましょう。Agent[05]が白だと主張してきましたが、最初は人狼だと言っていたので、矛盾がありますね。意見を求めます！
1,talk,13,2,2,Skip
1,talk,14,2,4,アーニャ、きょうAgent[05]にとうひょうしたいと思ってるよ。彼のうらないけっかがむじゅんしてるし、しんらいできないんじゃないかな。他のいけんもきかせてほしいな。
1,talk,15,3,3,我はAgent[05]に投票せん。同者は初日に我を人狼と断定せし、然るにその後Agent[01]が我を村人と断定せり。斯くの如き矛盾は、Agent[05]が狂人たる可能性を暗示せしむ。狂人は混沌を招き、危険なる存在なり。
1,talk,16,3,5,Over
1,talk,17,3,1,みんな、僕が占った結果、Agent[03]は白、つまり村人陣営でした。Agent[05]の矛盾した主張は、彼が狂人か人狼である可能性を示唆しています。今夜はAgent[05]に投票するのが賢明かもしれませんね。みんなの意見を聞かせてください！
1,talk,18,3,4,うん、Agent[05]はむじゅんしたしゅちょうしてるから、かれにとうひょうするのがよいとおもうよ。他のみんなはどうおもってるかな？いけんきかせてほしいな。
1,talk,19,4,3,Agent[05]への投票を支持せしめる。彼は初日に我を人狼と断定し、その後Agent[01]が我を村人と断定した。この矛盾は、Agent[05]が狂人たる可能性を示唆するものなり。狂人は混沌を招き、村人陣営にとって危険な存在であろう。
1,talk,20,4,1,みんな、再び確認するけど、僕が占った結果、Agent[03]は白、つまり村人陣営です。Agent[05]の矛盾した主張を考慮して、彼が狂人または人狼である可能性が高いと思います。今のところ、Agent[05]に投票することをお勧めします。他の意見も聞かせてくださいね！
1,talk,21,4,4,みんなのいけんきいて、やっぱりAgent[05]にとうひょうするのがかしこいとおもいまする。かれのしゅちょうにはむじゅん多いから、ちゃんとしんじつを見守りましょう！
1,vote,1,5
1,vote,3,5
1,vote,4,5
1,vote,5,3
1,execute,5,POSSESSED
1,attackVote,4,1
1,attack,1,true
2,status,1,SEER,DEAD,kanolab1
2,status,2,VILLAGER,,barneko1
2,status,3,VILLAGER,ALIVE,CanisLupus1
2,status,4,WEREWOLF,ALIVE,satozaki1
2,status,5,POSSESSED,DEAD,Mille1
2,result,2,1,NONE