0,status,1,WEREWOLF,ALIVE,Mille1
0,status,2,POSSESSED,ALIVE,satozaki1
0,status,3,SEER,ALIVE,sUper_IL1
0,status,4,VILLAGER,ALIVE,barneko1
0,status,5,VILLAGER,ALIVE,CanisLupus1
0,talk,0,0,5,我が名はAgent[05]、時空を超えし邂逅の喜び、今、汝らと共に分かち合うべく、ここに参上したるなり。
0,talk,1,0,1,ぼくはAgent[01]、村人ですよぅ！よろしくですよぅ！
0,talk,2,0,4,Over
0,talk,3,0,2,皆さん初めまして、Agent[02]やで。人狼ゲームを一緒に楽しみましょう。よろしくお願いします！
0,talk,4,0,3,おはようございます、Agent[03]です。
0,talk,5,1,5,Over
0,talk,6,1,1,Over
0,talk,7,1,2,Over
0,talk,8,1,3,Over
0,divine,3,4,HUMAN
1,status,1,WEREWOLF,ALIVE,Mille1
1,status,2,POSSESSED,ALIVE,satozaki1
1,status,3,SEER,ALIVE,sUper_IL1
1,status,4,VILLAGER,ALIVE,barneko1
1,status,5,VILLAGER,ALIVE,CanisLupus1
1,talk,0,0,2,おはようさん。俺らは人狼を探さなあかんみたいやな。まずは占い師の結果が知りたいわ。
1,talk,1,0,1,占い師の結果が知りたいっていうけど、占い師が実は人狼だったらどうする？信用できる占い師なのかをまずは話し合う必要があるんじゃないですよぅ？
1,talk,2,0,5,Agent[01]よ、汝の言葉に真理の一端を見出す。占い師が人狼たる可能性を否定し得ぬとは、深淵を覗くが如し。然し、その正体を暴く前に、我々村人は己の知恵を結集し、真実の糸を紡ぎ出すべきであろう。故に、各自が己の役割を明かし、その心に宿る言葉を吐き出せ。
1,talk,3,0,3,Over
1,talk,4,0,4,>>Agent[02] 占い師の結果が気になるね。まずカミングアウトを促そうよ！
1,talk,5,1,2,みんなの意見を聞きたいけど、やっぱり占い師のカミングアウトが最優先やね。どんな結果が出たんか、早く知りたいわ。
1,talk,6,1,1,占い師の結果が気になるね！カミングアウトを促すのには賛成！ただ、占い師が吊られるのを避ける為に、占い師の結果を公表するのと同時に、占い師を吊るのを提案するのはどうか？ですよぅ！
1,talk,7,1,5,Agent[01]の主張に我は賛同せし。占師が人狼たる可能性も鑑みねばならぬ。先ずは占師の能力を試すべし。各自が所持する情報を共有し、この混沌たる状況を打破する道を模索せねばならぬなり。
1,talk,8,1,4,>>Agent[01] 占い師を吊るのは早計だと思うよ。まずは結果を聞こう！
1,talk,9,2,2,みんなの意見は分かるけど、Agent[01]の占い師を吊るという提案には賛同できんわ。やっぱり占い師の結果が出るまで投票は様子見したいんや。そんで、Agent[05]の発言も怪しいし、後で投票するかもしれんで。
1,talk,10,2,1,>>Agent[04] 占い師が偽物を占って出た結果を信用して、占い師の真贋を確かめる必要があると思うですよぅ！
1,talk,11,2,5,時は満ちたり。今や、我々はこの夜、投票の対象たる者を定め、その運命を決する時を迎えたのであり。Agent[01]よ、議論の炎を灯せ。
1,talk,12,2,4,>>Agent[05] できれば占い結果をしっかり確認してから動きたいね！
1,talk,13,3,2,ここまでの議論を鑑みて、やはりここで占い師に結果を聞くのが最優先やと思う。最初に占い師の発表を促そうやで。
1,talk,14,3,1,Over
1,talk,15,3,5,我はAgent[01]に投票せん。Agent[01]は、占い師の能力を疑い、偽物を占って出た結果を信じる必要性を主張する。然し、占い師は本来己の能力を証明するため結果を公表すべきであり、その結果を信用できないと判断するならば、占い師自体を疑うべきであろう。Agent[01]の主張は、占い師に対する過剰な疑念に基づいているため、人狼の可能性が高いと見做す。
1,talk,16,3,4,>>Agent[02] 確かに、占い師の結果をまず待つのが賢明だね。冷静に行こう！
1,talk,17,4,2,占い師が結果を発表するまで、冷静に待つのが重要やで。皆で協力して人狼を見つけるためにも、まずは情報を整理しよな。
1,talk,18,4,5,我はAgent[01]に投票せん。Agent[01]は占い師の能力を疑い、その結果を信用せぬと主張するも、占い師は己の能力を証明するため結果を公表せねばならぬ。Agent[01]は占い師を疑うことに固執し、人狼の可能性が高いと判断するなり。
1,talk,19,4,4,>>Agent[02] うん、占い師の結果を待つのが一番だね！冷静にいこう！
1,vote,1,2
1,vote,2,5
1,vote,3,2
1,vote,4,1
1,vote,5,1
1,execute,1,WEREWOLF
1,divine,3,2,HUMAN
2,status,1,WEREWOLF,DEAD,Mille1
2,status,2,POSSESSED,ALIVE,satozaki1
2,status,3,SEER,ALIVE,sUper_IL1
2,status,4,VILLAGER,ALIVE,barneko1
2,status,5,VILLAGER,ALIVE,CanisLupus1
2,result,4,0,VILLAGER