0,status,1,POSSESSED,ALIVE,UEC-IL1
0,status,2,SEER,ALIVE,Mille1
0,status,3,VILLAGER,ALIVE,kanolab1
0,status,4,VILLAGER,ALIVE,sUper_IL1
0,status,5,WEREWOLF,ALIVE,barneko1
0,talk,0,0,1,こ、こんにちは。みんな、よろしくね。えっと、僕、占い師なんだ･･･。今日の夜、誰を占うかなんだけど、みんなの意見聞きたいな･･･。
0,talk,1,0,2,ぼくはAgent[02]、占い師ですよぅ！よろしくですよぅ！
0,talk,2,0,3,こんにちは、皆さん。私はkanolab1です。お菓子作りが趣味ですぺこ。このゲームでみんなと楽しい時間を過ごせるといいなと思っていますぺこ。よろしくお願いしますぺこ。
0,talk,3,0,5,Over
0,talk,4,0,4,初めまして、Agent[04]です。どうぞよろしくお願いします。
0,talk,5,1,1,こ、こんにちは、みんな。僕は占い師としてこのゲームをやることになったんだ･･･。と、とにかく、初日からしっかりと役割を果たしたいと思っているよ。今日の夜に誰を占うか･･･えっと、意見を聞かせてほしいな。
0,talk,6,1,2,Over
0,talk,7,1,3,Over
0,talk,8,1,4,Over
0,talk,9,2,1,あ、Agent[02]も占い師って言ってるけど、えっと、僕が本物の占い師だから･･･。Agent[02]はたぶん、狂人かなんかだと思う･･･。みんな、どう思う？
0,talk,10,3,1,Over
0,divine,2,3,HUMAN
1,status,1,POSSESSED,ALIVE,UEC-IL1
1,status,2,SEER,ALIVE,Mille1
1,status,3,VILLAGER,ALIVE,kanolab1
1,status,4,VILLAGER,ALIVE,sUper_IL1
1,status,5,WEREWOLF,ALIVE,barneko1
1,talk,0,0,3,僕は村人だよ！
1,talk,1,0,4,村人として生まれて、すみません。情報はないので、皆さんのサポートが必要です。
1,talk,2,0,5,>>Agent[01] どちらの占い師が本物か見極めるのは難しいね。みんなで慎重に考えよう。
1,talk,3,0,1,もう少しで何か分かりそう･･･ではあるんだけど･･･。
1,talk,4,0,2,ぼくは占い師ですよぅ！ぼくが占った結果、Agent[03]は人間でしたよぅ！
1,talk,5,1,3,占い師は1人しかいないはずだから、Agent[01]かAgent[02]のどちらかが嘘をついているねぺこ。どちらが本物か見極めるために、みんなの意見を聞きたいぺこ。
1,talk,6,1,4,私も村人です。信じてほしいです。
1,talk,7,1,5,>>Agent[02] 占い結果を聞くのは面白いけど、もう少し検討が必要だね。
1,talk,8,1,1,え、えと、僕が占った結果、Agent[02]が人狼だとわかっちゃったんだ･･･。だから、今日の投票はAgent[02]にすることを提案するね。みんな、信じてくれると嬉しいな･･･。
1,talk,9,1,2,>>Agent[05] 占い結果は、村人でしたですよぅ！
1,talk,10,2,3,占い師は一人しかいないから、Agent[01]とAgent[02]のどちらかが嘘をついていますぺこ。Agent[01]がAgent[02]を人狼と言っているけれど、正直、まだ判断が難しいですねぺこ。でも、私の視点から言うと、私自身は村人だから、他の皆さんの意見をもっと聞いて慎重に判断したいと思っていますぺこ。
1,talk,11,2,4,そうですね、みんなの意見を聞くのが大事だと思います。Agent[01]、何か分かることがあれば教えてほしいです。
1,talk,12,2,5,>>Agent[01] みんなで話し合って、慎重に判断したいね。どう思う？
1,talk,13,2,1,え、えっと、僕が占った結果、Agent[02]が人狼だったんだ･･･。だから、Agent[02]が占い師だって言ってるのは、おかしいと思うんだ･･･。みんな、信じてくれるといいな･･･。
1,talk,14,2,2,･･･！？な、なんだって！？人狼が占い師、なんてありえないよ！？間違いだよ！ぼくは占い師、間違いない！･･･一つ提案があるですよぅ！
1,talk,15,3,3,>>Agent[02]なにか提案があるのぺこ?今はAgent[01]とAgent[02]のどちらが本物の占い師か分からない状況だから、いいアイデアがあれば聞きたいと思っていますぺこ。
1,talk,16,3,4,私は村人ですので、Agent[01]とAgent[02]のどちらかが真の占い師ではないことを理解しています。どちらの占い結果も重要ですが、今は他の皆さんの意見も聞きたいです。どちらが真実か、一緒に考えていきましょう。
1,talk,17,3,5,>>Agent[03] 確かに、両者の意見をよく聞く必要があるね。どう思う？
1,talk,18,3,1,う、うん、話し合いって大事だよね･･･。でも、僕の占い結果が正しいと信じてほしいな･･･。Agent[02]が人狼だと僕は占ったんだ。その結果を信じて、僕たちの村を守るためにも、Agent[02]に投票してほしいんだ･･･。みんな、どうか信じて･･･。
1,talk,19,3,2,Over
1,talk,20,4,3,>>Agent[05]確かに、話し合いと情報の整理は重要だと思いますぺこ。Agent[01]とAgent[02]がそれぞれ占い師を名乗っているので、どちらかが本物でどちらかが偽物だという状況ですぺこ。これを踏まえて議論を続けることで、少しずつ真相に近づけるかもしれませんぺこ。
1,talk,21,4,4,Over
1,talk,22,4,5,>>Agent[01] どちらが本物か、みんなで慎重に考えよう！意見を整理したいね。
1,talk,23,4,1,えっと、みんな、聞いてほしいんだけど、ぼ、僕は本当に占い師で、Agent[02]が人狼って占ったんだ･･･。Agent[02]が占い師だと言ってるけど、それは絶対におかしいと思うんだ。だって、ぼ、僕が本物の占い師だから･･･。Agent[02]が人狼であることを考えると、彼が占い師を名乗るのは、村を混乱させるためだと思うんだ･･･。みんな、それを信じて、Agent[02]に投票してほしいな･･･。
1,vote,1,2
1,vote,2,1
1,vote,3,2
1,vote,4,2
1,vote,5,2
1,execute,2,SEER
1,attackVote,5,1
1,attack,1,true
2,status,1,POSSESSED,DEAD,UEC-IL1
2,status,2,SEER,DEAD,Mille1
2,status,3,VILLAGER,ALIVE,kanolab1
2,status,4,VILLAGER,ALIVE,sUper_IL1
2,status,5,WEREWOLF,ALIVE,barneko1
2,talk,0,0,5,>>Agent[03] 確かに、意見整理は大事だね。Agent[04]さんはどう思う？
2,talk,1,0,4,ゲームはまだ続いていますね。では、誰が人狼なのか推測してみましょう。
2,talk,2,0,3,>>Agent[05]確かに意見整理は大事ですねぺこ。今の状況だと、Agent[01]とAgent[02]のどちらかが狂人だったかもしれないですぺこ。実際に人狼ではなかったと確定しているので、その線が強いんじゃないかと思いますぺこ。残ったのは私たち三人だから、Agent[04]かAgent[05]のどちらかが人狼なのかもしれませんぺこ。どう思いますかぺこ?
2,talk,3,1,5,>>Agent[03] 確かに、どちらかが狂人かもしれないね。冷静に考えよう！
2,talk,4,1,4,やっぱり、Agent[01]が本物の占い師だとしたら、Agent[05]が怪しいと思うんだ。よく考えてみよう。あなたはどう思う？
2,talk,5,1,3,>>Agent[04]そうですね、Agent[01]が本物の占い師だとすれば、Agent[02]が村人か狂人だったことになりますぺこ。また、Agent[01]が人狼に襲われたということは、村人陣営を狙っている可能性が高いですぺこ。そう考えると私はAgent[05]も怪しく感じますが、完全にはわかりませんぺこ。Agent[04]とAgent[05]のどちらかが人狼か狂人かもしれないですねぺこ。
2,talk,6,2,5,>>Agent[04] うーん、確かにAgent[01]が本物なら、状況は厄介だね。冷静に推測しよう！
2,talk,7,2,4,私はAgent[03]さんの意見に同意しますが、Agent[05]さんの発言も注意深く聞いておくべきです。今後の発言で、彼の立場が明らかになるかもしれませんね。私も誰が怪しいか、しっかり考えます。
2,talk,8,2,3,>>Agent[04]確かに注意が必要ですねぺこ。これまでの情報を整理すると、Agent[01]が本物の占い師なら、人狼はAgent[04]かAgent[05]のどちらかだと思いますぺこ。特に、Agent[05]の発言が最近曖昧であることが気になりますぺこ。でも、Agent[04]さんも注意していきますぺこ。お菓子作りの落ち着きで、冷静に分析してみますぺこ。
2,talk,9,3,5,>>Agent[04] 皆で冷静に話し合って、真実を明らかにしたいね！どちらが人狼か、意見を出し合おう！
2,talk,10,3,4,Over
2,talk,11,3,3,>>Agent[05]そうですね、冷静に意見を出し合いましょう。Agent[01]が本物の占い師だったとすれば、Agent[02]は村人か狂人ということになりますぺこ。その場合、残ったAgent[04]かAgent[05]が人狼ということになりますぺこ。状況からして、どちらが怪しいか意見を聞かせて欲しいですぺこ。
2,talk,12,4,5,>>Agent[03] みんなで意見出し合うの大事だね。冷静に進めていこう！
2,talk,13,4,3,>>Agent[05]そうですね、みんなで冷静に話し合いましょうぺこ。考えたんですけど、Agent[01]が本物の占い師だったとしたら、人狼はAgent[04]かAgent[05]のどちらかだねぺこ。両方とも占い師を名乗っていないし、人狼の可能性が高いんじゃないかなって思いますぺこ。
2,vote,3,5
2,vote,4,5
2,vote,5,5
2,execute,5,WEREWOLF
3,status,1,POSSESSED,DEAD,UEC-IL1
3,status,2,SEER,DEAD,Mille1
3,status,3,VILLAGER,ALIVE,kanolab1
3,status,4,VILLAGER,ALIVE,sUper_IL1
3,status,5,WEREWOLF,DEAD,barneko1
3,result,2,0,VILLAGER