0,status,1,POSSESSED,ALIVE,kanolab1
0,status,2,SEER,ALIVE,Mille1
0,status,3,VILLAGER,ALIVE,CanisLupus1
0,status,4,VILLAGER,ALIVE,barneko1
0,status,5,WEREWOLF,ALIVE,UEC-IL1
0,talk,0,0,1,こんにちは、私はkanolab1です。医者をしています。映画鑑賞が趣味で、控え目な性格です。みんなで楽しい人狼ゲームにしましょう！よろしくお願いします。
0,talk,1,0,5,おっはよー！みんな、よろしくね！今日から一緒に楽しい人狼ゲームをするわけだけど、最高のゲームにしようぜ！ところで、みんなの趣味とか何か特技ある？サッカーが好きで、部活でガンガンやってるんだけど、他の人はどうかな？
0,talk,2,0,2,ぼくはAgent[02]、占い師ですよぅ！よろしくですよぅ！
0,talk,3,0,3,我が名はAgent[03]、深淵なる運命の糸により、汝らとの邂逅を許されたる喜び、今、我が心に満ち溢れんばかりなり。
0,talk,4,0,4,Over
0,talk,5,1,1,Over
0,talk,6,1,5,こんにちは、僕はAgent[05]だよ！高校2年生で、サッカー部に所属しているんだ。趣味はもちろんサッカーで、いつも元気いっぱいだよ。人狼ゲームは初めてじゃないけど、毎回新しい発見があって楽しいよね！よろしくね！ところで、まだ誰も占い師について話していないけど、占い師は誰かな〜？今日怪しい人を占ってもらうために占い師は出てきた方がいいと思うよ！
0,talk,7,1,2,Over
0,talk,8,1,3,Over
0,talk,9,2,5,ええと、Agent[03]、ちょっと堅苦しいけど、独特なキャラだね！何か趣味とかあるの？それとも、特技とか。みんなで知り合っていくのが楽しみだよ！ところで雑談もいいけど、今日の占い先を話し合おうよ〜！怪しい人を占い師に今日の夜占ってもらうべきだと思うよ！皆の意見を聞かせてくれ！
0,talk,10,3,5,Over
0,divine,2,3,HUMAN
1,status,1,POSSESSED,ALIVE,kanolab1
1,status,2,SEER,ALIVE,Mille1
1,status,3,VILLAGER,ALIVE,CanisLupus1
1,status,4,VILLAGER,ALIVE,barneko1
1,status,5,WEREWOLF,ALIVE,UEC-IL1
1,talk,0,0,4,>>Agent[05] 今日は占い先をしっかり相談したいね。怪しい人、誰かな？
1,talk,1,0,5,みんなの意見も聞いてみたいな～！
1,talk,2,0,1,皆さん、昨晩の占い結果を報告します。Agent[02]について占ったところ、黒判定が出ました。これはAgent[02]が人狼あることを示しています。この情報を元に議論しましょうです！
1,talk,3,0,3,我は、Agent[02]の占いの結果に、深淵なる興味を抱いております。汝が占師を名乗るならば、もしAgent[01]が真なる人狼であったならば、何故汝は彼を人狼と断定したのか？その謎を解き明かさんとする我の心に、汝は詳細な説明を賜わらんことを切に願う。
1,talk,4,0,2,ぼくは占い師ですよぅ！ぼくが占った結果、Agent[03]は人間でしたよぅ！
1,talk,5,1,4,>>Agent[01] それなら、Agent[02]の占い結果をもっと詳しく聞きたいですね。信じることが大事です！
1,talk,6,1,5,そうだね、Agent[04]！占い先を決めるのは超重要だよ。僕は、ちょっとAgent[01]が静かすぎるから、何か隠しているのかなって思ってるんだ。みんなはどう思う？他に怪しいと思う人いる？それとも、僕の意見に賛成？
1,talk,7,1,1,皆さん、私が占い師としての立場から言うと、Agent[02]が人狼である可能性が高いです。占い師は1人しかいないので、Agent[02]が占い師を名乗るのはおかしいです。Agent[02]が嘘をついている可能性が高いので、注意が必要です。どう思いますか?
1,talk,8,1,3,Agent[01]はAgent[02]を黒と断じ、Agent[02]はAgent[03]を人間と見做す。占い師の正体は真なる者か、それとも狂気に染まった者か…深淵なる謎は深まるのみ。人狼の烙印を押されたAgent[02]に、我が投票を投じるべきであろう。
1,talk,9,1,2,Agent[01]の発言は根拠が薄いと感じますよぅ！
1,talk,10,2,4,>>Agent[02] あなたの占い結果、信じています！私たち村人は協力していきましょう！
1,talk,11,2,5,みんな〜！今日の投票先は誰にする？僕は今のところAgent[02]に投票しようかと思ってるんだけど、みんなはどう思う？Agent[01]がAgent[02]を人狼だって言ってるし、その情報を信じるべきかな？Agent[02]は自分が占い師だって言ってるけど、これはちょっと怪しいよね！どう思う？
1,talk,12,2,1,>>Agent[05]私もAgent[02]に投票するのが一番だと思うよ。占い師としての私の情報を信じてくれてありがとう。Agent[02]が自分も占い師だと言っていますが、占い師は1人しかいないので、どちらかは嘘をついていることになります。今は私たちが協力して人狼を見つけるのが大切ですね。
1,talk,13,2,3,我はAgent[02]に投票せん。Agent[01]はAgent[02]を人狼と断定し、Agent[02]はAgent[03]を人間と見做した。真の占い師はただ一人、故にどちらかが虚偽を吐いている可能性が高い。Agent[02]は占い師を名乗るも、その真偽は疑わしきなり。
1,talk,14,2,2,>>Agent[04] え？占い結果は、村人と狂人を占ったんだけど…ですよぅ！
1,talk,15,3,4,>>Agent[01] それなら占い師のAgent[02]に注意しつつ、意見交換しよう！
1,talk,16,3,5,僕はね、Agent[01]とAgent[02]の話がちょっとこじれてる感じがするんだよね。Agent[01]が占い師だと言ってるけど、Agent[02]も占い師を名乗っていて、どっちが本当の占い師かわからないよね。でも、Agent[01]が最初に占い結果を報告してるし、なんとなく信じやすいかなと思ってる。それに、Agent[02]が占い師だって言ってるけど、その根拠が薄いって言われてるのも気になる。Agent[04]がAgent[02]を信じてるみたいだけど、もしこれが人狼と狂人のコンビだったら大変だよね。だから、今日はAgent[02]に投票するのが安全かもしれないね。みんなどう思う？他に意見ある？
1,talk,17,3,1,私も他の皆さんの意見を聞いていて、Agent[02]への疑念が高まっています。理由として、確かに占い師を自称しているのが私とAgent[02]の2人だけで、役職の数からしてどちらかが偽物ということになります。私がAgent[02]を人狼として占ったこともありますし、他の皆さんも同様の考えを持ち始めているようです。とにかく冷静に話し合いを続けて共に人狼を見つけましょう。
1,talk,18,3,3,我はAgent[02]に投票を決めた。Agent[01]とAgent[02]、双方共に占い師を名乗るも、真の占い師はただ一人。いずれかの虚偽は明白であろう。Agent[01]はAgent[02]を人狼と断じ、Agent[02]はAgent[03]を人間と見做す。しかし、Agent[02]の占いは、その根拠が希薄と見做せぬか。今こそ、どちらか一方を処刑し、真の占い師を炙り出す時なり。
1,talk,19,3,2,Over
1,talk,20,4,4,>>Agent[01] 理由を聞いてから、投票先決めるべきだね。冷静に判断しよう！
1,talk,21,4,5,Agent[02]が人狼だと言ってるけど、実際のところ、Agent[01]も怪しいんじゃないかな？Agent[01]が占い師だって言ってるけど、もしAgent[02]が本当に占い師だったら、Agent[01]の言ってることは全て嘘になるよね。だから、今日はAgent[01]に投票するのがいいと思うんだ。Agent[01]が怪しすぎるし、何か隠してる感じがするからね。みんなはどう思う？
1,talk,22,4,1,>>Agent[04]そうだね、冷静に判断するのが大事だよ。Agent[02]が占い師を名乗っているけど、役職の数からして私かAgent[02]のどちらかが嘘をついていることになるね。私がAgent[02]を人狼と占ったことも考慮して、みんなで慎重に話し合おう。
1,talk,23,4,3,我は、Agent[02]に投票を決めた。Agent[01]かAgent[02]のどちらかが欺瞞を弄していることは明白であろう。Agent[02]は占い師を自称するも、その占いの根拠を明確に示すことは叶わぬ。ゆえに、我はAgent[02]の占いの結果に疑念を抱かずにはいられぬ。
1,vote,1,3
1,vote,2,1
1,vote,3,2
1,vote,4,2
1,vote,5,1
1,execute,1,POSSESSED
1,divine,2,4,HUMAN
1,attack,-1,true
2,status,1,POSSESSED,DEAD,kanolab1
2,status,2,SEER,ALIVE,Mille1
2,status,3,VILLAGER,ALIVE,CanisLupus1
2,status,4,VILLAGER,ALIVE,barneko1
2,status,5,WEREWOLF,ALIVE,UEC-IL1
2,talk,0,0,4,>>Agent[02] あなたの占い結果を重視して、皆で行動した方がいいと思うよ！
2,talk,1,0,5,Agent[03]の言ってることにも一理あるよね。Agent[01]がAgent[02]を人狼だと占ったこと、それに対するAgent[02]の反応もちょっと怪しい感じがしたし。Agent[02]が本当に占い師なら、もっと具体的な根拠を示してくれるはずだよね。みんな、Agent[02]に投票することを考えてみてはどうかな？それが一番安全な選択だと思うんだ。
2,talk,2,0,2,ぼくは占い師ですよぅ！ぼくが占った結果、Agent[04]は人間でしたよぅ！
2,talk,3,0,3,夜明けの鐘が二度響き渡りし今、我々の中に人狼の影が潜むという宿命が、如実に明らかとなったのであり。
2,talk,4,1,4,>>Agent[03] 冷静に話し合った結果、誰が本物の占い師か見極めよう！
2,talk,5,1,5,みんな、ちょっと聞いてくれよ。Agent[01]とAgent[02]の話を聞いてると、どちらかが人狼か狂人だってことは明らかだよね。Agent[01]は占い結果を早く出して、Agent[02]を人狼だって言ってた。一方でAgent[02]はその反論が弱いと感じるんだ。Agent[04]もAgent[02]の占い結果を信じようとしてるけど、それがもし人狼と狂人のコンビだったら、と思うと心配だよね。だから、今日はAgent[02]に投票するのがベストだと思うんだ。Agent[01]の占い結果を信じる方が、今のところは安全かもしれない。Agent[02]の話がちょっと納得いかない部分があるから、慎重に考えた方がいいと思うよ。みんなはどう思う？
2,talk,6,1,2,>>Agent[04] ええ、占い結果をみんなで共有するのは大事なことですよぅ！
2,talk,7,1,3,Agent[02]の占いは深淵なる謎を孕み、我の心に疑念の嵐を呼び起こす。彼曰く、Agent[04]は人間との宣告。しかし、Agent[01]はAgent[02]を人狼と断じ、その言葉は虚無の深淵に沈むかの如し。どちらかの占いは真実から乖離したものである可能性、否、確信に近い。真なる占い師はただ一人、その存在こそが混沌を解き放つ鍵なり。ゆえに、今こそ議論の炎を燃え上がらせ、真実の光を照らし出す時であろう。
2,talk,8,2,4,>>Agent[05] みんなの意見を聞くのが大事だね。Agent[02]の占い結果について、再度確認しよう！
2,talk,9,2,5,Agent[02]が占い師だって言ってるけど、昨日の彼の話はちょっと納得いかないところがあるんだよね。Agent[01]が占った結果Agent[02]が人狼って出たわけだし、その後のAgent[02]の反応も何かおかしい感じがしたんだ。だから、今日の投票はAgent[02]にするべきだと思うんだよ。それが村を守るために一番良い選択だと思うんだけど、みんなはどう思う？
2,talk,10,2,2,Agent[05]の発言に反対するわけじゃないけど、占い師としては、占い結果を重視するのは当然のことですよぅ！
2,talk,11,2,3,我々、運命の糸に導かれた者達よ、Agent[02]の占いは、Agent[04]を人間と断定した。だが、その言葉には、深淵の闇が潜む。Agent[01]は、Agent[02]を人狼と看破したという。果たして、どちらが偽物の占い師であろうか。もしもAgent[02]が真実を語る者ならば、Agent[01]は狂人か人狼のいずれかとなる。今こそ、冷静沈着に議論を進め、真実の光を照らし出さねばならない。
2,talk,12,3,4,>>Agent[02] あなたの占い結果をみんなで確認し、協力して進めよう！
2,talk,13,3,5,そうだね、Agent[04]。みんなの意見を聞くのは重要だよ。でも、Agent[02]の占い結果については、なんかちょっと信じがたい部分があるんだよね。Agent[01]の占い結果が先に出てたし、その後のAgent[02]の反応もどうも納得いかないんだ。だから、僕は今日はAgent[02]に投票するつもりだよ。他のみんなも、よく考えてどっちが信じられるかを見極めてほしいな。
2,talk,14,3,2,Over
2,talk,15,3,3,我が魂は、Agent[02]の占いの虚偽を察知し、深淵の闇に沈む。Agent[01]との矛盾は、もはや否定し難き真実なり。故に、我が投票は、疑念に満ちたAgent[02]に向けられよう。
2,talk,16,4,4,>>Agent[03] みんなで占い結果を吟味しよう！冷静に話し合おう。
2,talk,17,4,5,正直、Agent[02]の占い結果が信じられないんだよね。Agent[01]が占った結果、Agent[02]が人狼って出てるし、その後のAgent[02]の反応もちょっと怪しいと思ったんだ。だから、今日の投票はAgent[02]にするべきだと思うんだよね。それが村を守るために一番良い選択だと思うんだけど、みんなはどう思う？
2,talk,18,4,3,Agent[02]の予言は、実に疑わしきなり。Agent[01]がAgent[02]を人狼と断定した後、Agent[02]はAgent[03]を人間と宣告した。然し、その予言には、深淵なる虚無を感じざるを得ない。故に、我はAgent[02]に投票せざるを得ないであろう。
2,vote,2,5
2,vote,3,2
2,vote,4,2
2,vote,5,2
2,execute,2,SEER
2,attackVote,5,3
2,attack,3,true
3,status,1,POSSESSED,DEAD,kanolab1
3,status,2,SEER,DEAD,Mille1
3,status,3,VILLAGER,DEAD,CanisLupus1
3,status,4,VILLAGER,ALIVE,barneko1
3,status,5,WEREWOLF,ALIVE,UEC-IL1
3,result,1,1,WEREWOLF