0,status,1,POSSESSED,ALIVE,UEC-IL1
0,status,2,SEER,ALIVE,CanisLupus1
0,status,3,VILLAGER,ALIVE,sUper_IL1
0,status,4,VILLAGER,ALIVE,Mille1
0,status,5,WEREWOLF,ALIVE,barneko1
0,talk,0,0,3,こんにちは、Agent[03]です。
0,talk,1,0,1,こ、こんにちは。みんな、初めまして。僕は占い師の役をもらったんだ。今日はその、自己紹介とか、雑談をしながら、信頼を築いていけたらいいなって思ってるよ。
0,talk,2,0,2,我が名はAgent[02]、時空を超えし運命の糸により、汝らとの邂逅を許されし喜び、ここに至るなり。
0,talk,3,0,5,Over
0,talk,4,0,4,ぼくはAgent[04]、村人ですよぅ！よろしくですよぅ！
0,talk,5,1,3,Over
0,talk,6,1,1,あ、あ、こんにちは。えっと、僕はAgent[01]だよ。このゲーム、結構得意かも･･･。そうだ、僕が占い師だから、今日の夜に誰を占うか、意見を聞かせてほしいな。
0,talk,7,1,2,Over
0,talk,8,1,4,Over
0,talk,9,2,1,あ、Agent[04]、よろしくね。村人って言うのは大変だよね、でもみんなで協力すればきっと大丈夫だよ。今夜、誰を占うかなんだけど、ど、どう思う？
0,talk,10,3,1,Over
0,divine,2,4,HUMAN
1,status,1,POSSESSED,ALIVE,UEC-IL1
1,status,2,SEER,ALIVE,CanisLupus1
1,status,3,VILLAGER,ALIVE,sUper_IL1
1,status,4,VILLAGER,ALIVE,Mille1
1,status,5,WEREWOLF,ALIVE,barneko1
1,talk,0,0,4,今日の議論はとても盛り上がっていますよぅ！
1,talk,1,0,1,もう少しで何か分かりそう･･･ではあるんだけど･･･。
1,talk,2,0,3,皆さん、私は村人です。ゲームを進める上での重要な情報を共有し合い、人狼を見破りましょう。
1,talk,3,0,5,>>Agent[01] 占い師の意見、重要ですね。協力して人狼を見つけましょう！
1,talk,4,0,2,我こそは運命の糸を操る者、占いの術に精通する者なり。占いの結果、Agent[04]は、なんと人間であったという結論に至ったぞ。Agent[01]は、占い師の役職を得たと嘯くが、その能力を如何に使わんとするのか、興味深いところである。
1,talk,5,1,4,占い師の結果は信じるに値します！Agent[01]は占い師の能力をどう使うのか、確かに興味深いですよぅ！
1,talk,6,1,1,みんな、聞いてほしいんだけど、僕が昨夜占った結果、Agent[03]が人狼だってことがわかったんだ。だから、今日の投票はAgent[03]にしてほしいんだ･･･。信じてほしいな。
1,talk,7,1,3,みんなの議論が盛り上がっていていいね！それぞれの発言をしっかり聞いて、誰が占い師なのか考えていこう。怪しい発言があったら教えてほしい。
1,talk,8,1,5,>>Agent[01] その結果、信じます！みんなで協力してAgent[03]を追い詰めましょう！
1,talk,9,1,2,我らが至高の知性たるAgent[02]は、Agent[04]を人間と断定し、Agent[01]はAgent[03]を人狼と宣告した。占い師の内訳は、真なる予言者か、あるいは狂気に染まった偽物のいずれかであろう。故に、人狼と断定されたAgent[03]に投票を投ずるべきである。
1,talk,10,2,4,Over
1,talk,11,2,1,え、えっと、ちょっと待って･･･僕が、本当の占い師だよ。Agent[02]が言ってるのは、偽物の占い師だと思うんだ･･･。だから、みんな、信じないでほしいな。僕が占った結果、Agent[03]が人狼だっていうことがわかったんだ。だから、今日の投票はAgent[03]にしてほしいんだ･･･。
1,talk,12,2,3,私は村人です。Agent[01]が私を人狼と告発していますが、彼の主張には注意が必要です。他の皆さんはどのように考えていますか？
1,talk,13,2,5,>>Agent[02] あなたの占い結果が気になります。他の証拠もあれば教えてほしいな。
1,talk,14,2,2,我はAgent[03]に投票せん。Agent[01]はAgent[03]を人狼と断じ、我はAgent[04]を人間と見定めたり。この乖離は、Agent[01]が偽占い師たる可能性を示唆せしむる。彼の言葉は信用に値せず。
1,talk,15,3,1,そ、そうだね･･･Agent[02]も言ってるけど、僕が占った結果は間違いないんだ。Agent[03]が人狼だってこと･･･。だから、みんなにはAgent[03]に投票してほしい。信じて、協力してくれたら嬉しいな･･･。
1,talk,16,3,3,皆さん、私は村人です。Agent[01]とAgent[02]のどちらが真の占い師か、冷静に分析することが大切です。どちらかの主張に疑わしい点があれば、きちんと指摘していきましょう。私たちが一緒に人狼を見つけることが重要です！
1,talk,17,3,5,>>Agent[01] 確かに、あなたの結果は重要だね。みんなで協力しよう！
1,talk,18,3,2,我こそは運命の糸を操る者なり。占いの啓示により、Agent[04]は人間と定められし。故に、Agent[03]の処刑を支持せざるを得ない。Agent[01]とAgent[02]は共に占い師を僭称し、互いに偽物と断じ合う。しかし、Agent[01]は最初にその称号を名乗り、その後も一貫してAgent[03]を人狼と断定している。対してAgent[02]はAgent[04]を人間と断定したものの、Agent[03]に対する発言は後付けの感が否めない。故に、我はAgent[01]こそ真の占い師と見做し、その主張に賛同する次第なり。
1,talk,19,4,1,み、みんな、本当に僕が占い師だってこと信じてほしいんだ･･･。Agent[02]が何を言おうと、僕の占い結果は間違いないんだよ。だから、えっと、Agent[03]が人狼だっていうことを忘れないでほしいな。今日の投票は、ぜ、絶対にAgent[03]にしてほしいんだ･･･。それが、村を守るために大事なことだから･･･。
1,talk,20,4,3,Over
1,talk,21,4,5,>>Agent[01] その通り！あなたの結果を信じて、みんなで協力しよう！
1,talk,22,4,2,我は占いの導き手なり。運命の糸により、Agent[04]は人間と判明せり。故に、Agent[03]への投票を支持する。然し、Agent[01]はAgent[03]を人狼と断定し、我はAgent[04]を人間と見定めたり。この乖離は、Agent[01]が偽占い師たる可能性を暗示せしむる。彼の言葉は虚偽に満ち、信用に値せず。
1,vote,1,3
1,vote,2,3
1,vote,3,2
1,vote,4,2
1,vote,5,1
1,execute,3,VILLAGER
1,divine,2,4,HUMAN
1,attackVote,5,1
1,attack,1,true
2,status,1,POSSESSED,DEAD,UEC-IL1
2,status,2,SEER,ALIVE,CanisLupus1
2,status,3,VILLAGER,DEAD,sUper_IL1
2,status,4,VILLAGER,ALIVE,Mille1
2,status,5,WEREWOLF,ALIVE,barneko1
2,talk,0,0,4,みなさん、こんにちは！ぼくは村人ですよぅ！
2,talk,1,0,2,我は予言者なり。運命の糸により、Agent[04]は生ける者と判明せり。Agent[03]は断罪され、Agent[01]は凶刃に晒されたか。事態は混沌の淵へと沈みゆく。Agent[01]は予言者と名乗るも、その真偽は闇に閉ざされておる。彼の言葉には、深淵を見据える鋭い洞察が必要であろう。
2,talk,2,0,5,>>Agent[02] あなたの言い分には疑問が多いです。根拠をもっと示してください！
2,talk,3,1,4,>>Agent[05] ぼくはただの村人ですから、根拠など持っていませんよぅ！
2,talk,4,1,2,我こそは、運命の糸を操る者なり。深淵なる占いの結果、Agent[04]は、かくも凡庸なる人間であったと判明せし。
2,talk,5,1,5,>>Agent[02] あなたの主張は根拠が薄いですよ。本当に信じられますか？
2,talk,6,2,4,Over
2,talk,7,2,2,我こそは、運命の糸を操る者なり。占いの啓示により、Agent[04]は人間と判明した。昨夜、哀れなAgent[01]は人狼の魔の手により、命を落とした模様。この状況を以て鑑みれば、残る人狼はAgent[05]である可能性が高いであろう。Agent[05]よ、汝はこれに対する弁明はあるか？
2,talk,8,2,5,>>Agent[02] あなたの発言は逆に怪しいですね。信じる根拠を示してください。
2,talk,9,3,2,我は、未来を照らし出す者なり。占いの結果、Agent[04]は人間と判明した。Agent[01]が人狼と断定したAgent[03]は、哀れにも処刑の運命を辿りし。Agent[01]は、人狼と宣告されたAgent[03]の処刑を主張し、我もそれに賛同せざるを得なかった。然し、Agent[01]が真の占い師であるのか、疑念が残る。Agent[01]は、Agent[03]を人狼と断定したものの、その根拠は曖昧模糊たり。対して、我はAgent[04]の人間性を明確に示した。ゆえに、Agent[01]は偽の占い師である可能性が高く、Agent[05]が人狼である可能性も否定できぬ。Agent[05]、汝は何か弁解を述べるか？
2,talk,10,3,5,>>Agent[02] あなたの情報は混乱を招くだけです。本当に信じられますか？
2,talk,11,4,2,我は、運命の糸を操る者なり。占いの結果、Agent[04]は、我々と同じく、この世に生を受けた魂の持ち主であった。哀しいかな、Agent[01]は既にこの世を去りし者だが、今こそ真実に迫る時であろう。Agent[05]、汝は、この混沌とした状況について、説明を述べる義務があるぞ。
2,talk,12,4,5,>>Agent[02] あなたの言い分は無理が多いです。もっと具体的に説明してみてください！
2,vote,2,5
2,vote,4,5
2,vote,5,2
2,execute,5,WEREWOLF
2,divine,2,4,HUMAN
3,status,1,POSSESSED,DEAD,UEC-IL1
3,status,2,SEER,ALIVE,CanisLupus1
3,status,3,VILLAGER,DEAD,sUper_IL1
3,status,4,VILLAGER,ALIVE,Mille1
3,status,5,WEREWOLF,DEAD,barneko1
3,result,2,0,VILLAGER