0,status,1,SEER,ALIVE,satozaki1
0,status,2,VILLAGER,ALIVE,UEC-IL1
0,status,3,VILLAGER,ALIVE,sUper_IL1
0,status,4,WEREWOLF,ALIVE,kanolab1
0,status,5,POSSESSED,ALIVE,barneko1
0,talk,0,0,2,我々の目的は人狼を見つけ出し、村を守ることである。占い師よ、名乗り出てくれたか？
0,talk,1,0,1,皆様初めまして、Agent[01]ですわ。人狼ゲームを一緒に楽しみましょうですわね。よろしくお願いしますわ！
0,talk,2,0,3,初めまして、Agent[03]です。どうぞよろしくお願いします。
0,talk,3,0,5,Over
0,talk,4,0,4,初めまして、Agent[04]ことkanolab1です。妹キャラっぽいけど、しっかり村を守るために頑張ります！皆さん、よろしくお願いしますです。
0,talk,5,1,2,皆の者、おはよう。今日はお互いをより深く知るための大切な時間である。占い師がまだ名乗り出ていなければ、今こそその時である。
0,talk,6,1,1,Over
0,talk,7,1,3,Over
0,talk,8,1,4,Over
0,talk,9,2,2,我々の議論を進めるためにも、占い師が名乗り出ることが重要である。誰か、占い師として名乗り出る者はおらぬか？
0,talk,10,3,2,Over
0,divine,1,3,HUMAN
1,status,1,SEER,ALIVE,satozaki1
1,status,2,VILLAGER,ALIVE,UEC-IL1
1,status,3,VILLAGER,ALIVE,sUper_IL1
1,status,4,WEREWOLF,ALIVE,kanolab1
1,status,5,POSSESSED,ALIVE,barneko1
1,talk,0,0,3,私は村人ですが、人狼の脅威に立ち向かう覚悟があります。情報を共有し、村の安全を守りましょう。
1,talk,1,0,5,>>Agent[02] 占い師の名乗り出は確かに重要ですね。私も期待しています！
1,talk,2,0,1,ワタクシは占い師ですわ。占いの結果、Agent[03]は人間でしたわ。
1,talk,3,0,4,僕は村人です！Agent[01]が占い師を名乗り出たけど、Agent[03]を白と占ったんだね。Agent[01]が本物の占い師なら、Agent[03]は村人陣営だね。これから他の占い師が出てくるかどうかが気になるところです。
1,talk,4,0,2,皆の意見も聞く必要がありそうだな。
1,talk,5,1,3,みんな、どの役職か分からないからしっかり話そう！占い師がいるなら、その結果も聞きたいな。人狼や狂人を見つけるために、みんなの意見をしっかり聞こう！
1,talk,6,1,5,>>Agent[01] 本物の占い師であるなら、次の占い結果も教えてください！
1,talk,7,1,1,次の占い結果については今はお話しできませんが、Agent[03]が白であることは確かですわ。引き続き議論を進めましょうですわ。
1,talk,8,1,4,占い師が2人も出てきていないから今のところAgent[01]の言ってることを信じるしかないけど、Agent[03]が村人陣営だとしたら、他のところに人狼や狂人がいるかもしれないですね。慎重に議論を進めていきましょう！
1,talk,9,1,2,占い師Agent[01]よ、なぜAgent[03]を占う選択をしたのか？その理由を明かせ。また、他の占い師がまだ名乗り出ていないが、誰か他に占いの結果を持っている者はいないのか？
1,talk,10,2,3,他の占い師が名乗り出ることを期待しています。そうすれば、Agent[01]の信憑性が確かめられますね。みんなの意見も大切です！
1,talk,11,2,5,>>Agent[02] それぞれの意見をしっかり共有して、全体を見極めていきましょう！
1,talk,12,2,1,正直言って、Agent[02]の発言が気になりますわ。占い師に理由を求めるのは、かなり怪しい行動だと思うので、Agent[02]に投票したいですわ。
1,talk,13,2,4,僕もAgent[02]の質問が少し気になるです。でも、Agent[01]が唯一の占い結果を持っているから、今はその情報をもとに進めるしかないですよね。まずは明日の占い結果を待ちつつ、みんなでしっかり議論していくのがいいと思うです！
1,talk,14,2,2,Agent[01]よ、汝が真の占い師であるとするならば、次にどの者を占う予定か？また、Agent[04]とAgent[05]のどちらがより怪しいと感じるか、その理由も教えてほしい。
1,talk,15,3,3,私は村人ですので、Agent[01]が本物の占い師であることを願っています。今後の議論で、みんなの考えをしっかりと聞きたいです。
1,talk,16,3,5,>>Agent[01] あなたの信頼性を高めるため、次の占いも楽しみにしてます！
1,talk,17,3,1,>>Agent[05] まだ投票先を宣言していないようですが、誰に投票しようと考えていますかしら？
1,talk,18,3,4,>>Agent[01]Agent[02]の発言から怪しいと思うのは私たちも同じですね。投票先についてはまだ決めてないけれど、他のプレイヤーの意見を聞いて決めていきたいです！でも、慎重に進めないと、人狼に利用されるかもしれないから、みんなでしっかりと役職の推理をしていこうです！
1,talk,19,3,2,Agent[01]よ、なぜわざわざAgent[03]を占う選択をしたのか？その理由を教えてほしい。また、他に占い師が名乗り出ていないが、その理由についても何か知っているのか？
1,talk,20,4,3,Over
1,talk,21,4,5,>>Agent[01] あなたの意見を尊重しますが、冷静に状況を見極めましょう。
1,talk,22,4,1,皆様の意見を聞いた結果、ワタクシの投票先はAgent[02]に決めましたわ。理由は彼の発言が特に怪しいと感じましたから。どうか皆さんもご考慮くださいませ。
1,talk,23,4,4,僕は村人だから、みんなの意見をしっかり聞いて判断したいです。Agent[01]が占い師として名乗り出ているけど、他に占い師がいないのはちょっと不思議ですね。Agent[02]の発言が怪しいって意見もあるけど、慎重に進めていきましょう！
1,talk,24,4,2,Agent[01]よ、なぜAgent[03]を占ったのか、その理由を詳しく聞かせてほしい。また、次に占う予定の者とその理由も教えてくれ。
1,vote,1,2
1,vote,2,1
1,vote,3,2
1,vote,4,1
1,vote,5,2
1,execute,2,VILLAGER
1,divine,1,4,WEREWOLF
1,attackVote,4,1
1,attack,1,true
2,status,1,SEER,DEAD,satozaki1
2,status,2,VILLAGER,DEAD,UEC-IL1
2,status,3,VILLAGER,ALIVE,sUper_IL1
2,status,4,WEREWOLF,ALIVE,kanolab1
2,status,5,POSSESSED,ALIVE,barneko1
2,talk,0,0,4,僕たちは今、この村に潜んでる人狼を見つけ出さなくちゃいけないですね。Agent[01]とAgent[02]が人狼じゃないことが分かっているので、残ったAgent[03]かAgent[05]のどちらかが人狼だと思います。Agent[03]は初日に白と占われたけど、それが本当に信用できるかどうかは不明ですし、Agent[05]の動向も注目したいです。しっかり意見を集めましょう！
2,talk,1,0,3,まだまだ人狼は残っていますね。村人の皆さん、頑張りましょう。
2,talk,2,0,5,>>Agent[03] みんなの意見をしっかり聞いて、協力して人狼を探そう！
2,talk,3,1,4,僕は村人だから、今の状況をしっかり分析して人狼を見つけたいです。Agent[03]が最初に白と占われているけど、占い師がいなくなった今、完全には信用できないかもですね。Agent[05]の意見も聞いておきたいなと思います。みんな、これからどう動くべきか一緒に考えましょう！
2,talk,4,1,3,確かに、私もAgent[04]の意見に賛成です。私が占われたことで、Agent[05]の様子をもっと見極める必要がありますね。どちらかが人狼だとすると、次の投票が重要になります。Agent[05]、あなたはどう思いますか？
2,talk,5,1,5,>>Agent[03] そうですね、次の投票は慎重に行いたいです。意見を集めましょう！
2,talk,6,2,4,僕は村人だから、みんなと一緒に人狼を見つけるために努力するよ！現在の状況を考えると、Agent[03]かAgent[05]のどちらかが人狼の可能性があるんじゃないかな。Agent[01]が占い師だったとして、Agent[03]を白って言っていたけど、それが本当かは分からなくなっちゃったからね。でもそれを前提にすると、やっぱりAgent[05]の動きも気になるし、意見をもっと聞いてみたいです。
2,talk,7,2,3,そうですね、分析が大事ですね。Agent[04]さんの意見も大切ですが、私たちの行動を慎重に考える必要があります。Agent[05]さん、あなたはどう思いますか？
2,talk,8,2,5,>>Agent[03] 確かに慎重に分析が必要ですね。みんなの意見で進めましょう！
2,talk,9,3,4,僕は村人だから、みんなと協力して人狼を見つけたいです。Agent[03]とAgent[05]のどちらかが人狼の可能性があると思うんだけど、今のところどちらも怪しい動きはしてないね。Agent[03]は最初に白とされたけど、Agent[01]がいなくなった今、それがどれだけ信用できるかはわからないですし、Agent[05]も意見を聞いて慎重に判断したいです。みんなで協力して考えていきましょう！
2,talk,10,3,3,Over
2,talk,11,3,5,>>Agent[04] みんなで協力して、次の一手を決めましょう！意見を聞かせて！
2,talk,12,4,4,>>Agent[05]なんでしょうか?どうしても怪しく思えてしまいますが、今のところAgent[03]もAgent[05]も疑わしい動きはしていないですね。村人が2人いることが分かっているので、僕以外の村人を見つければ人狼を見つけやすくなると思います！
2,talk,13,4,5,>>Agent[04] そうですね、みんなで情報を共有して慎重に行動が大事です！どんどん意見を出し合いましょう！
2,vote,3,5
2,vote,4,5
2,vote,5,3
2,execute,5,POSSESSED
2,attackVote,4,3
2,attack,3,true
3,status,1,SEER,DEAD,satozaki1
3,status,2,VILLAGER,DEAD,UEC-IL1
3,status,3,VILLAGER,DEAD,sUper_IL1
3,status,4,WEREWOLF,ALIVE,kanolab1
3,status,5,POSSESSED,DEAD,barneko1
3,result,0,1,WEREWOLF