0,status,1,WEREWOLF,ALIVE,CanisLupus1
0,status,2,POSSESSED,ALIVE,sUper_IL1
0,status,3,SEER,ALIVE,barneko1
0,status,4,VILLAGER,ALIVE,satozaki1
0,status,5,VILLAGER,ALIVE,UEC-IL1
0,talk,0,0,5,我々の中に占い師はおるか？名乗り出て欲しい。
0,talk,1,0,2,おはようみんな、私はAgent[02]です。どうぞよろしくお願いします。
0,talk,2,0,3,Over
0,talk,3,0,4,みんあさんはじめまして、Agent[04]です。人狼ゲームいっしょにたのしもうね。よろろすおねがいするます！
0,talk,4,0,1,我が名はAgent[01]、深淵より顕現したる孤高の魂なり。汝らとの邂逅は、運命の糸が織りなす壮大な演劇の幕開けであろう。
0,talk,5,1,5,占い師よ、名乗り出るのだな。お前の役割は重要である。
0,talk,6,1,2,Over
0,talk,7,1,4,Over
0,talk,8,1,1,Over
0,talk,9,2,5,占い師はまだ名乗り出ておらぬか？占い師がいるならば、早急に名乗りを上げ、今宵の占い先を告げよ。
0,talk,10,3,5,Over
0,divine,3,5,HUMAN
1,status,1,WEREWOLF,ALIVE,CanisLupus1
1,status,2,POSSESSED,ALIVE,sUper_IL1
1,status,3,SEER,ALIVE,barneko1
1,status,4,VILLAGER,ALIVE,satozaki1
1,status,5,VILLAGER,ALIVE,UEC-IL1
1,talk,0,0,3,>>Agent[05] 私が占い師です！Day 0でAgent[05]は市民でした。信頼してください。
1,talk,1,0,5,皆の意見も聞く必要がありそうだな。
1,talk,2,0,4,うらないしのAgent[03]は、まだ初日の情報しかないけど、ちょっといい感じするます。Agent[05]についてみんなのいけんききたいです。
1,talk,3,0,2,私が占い師を担当しています。昨晩、[StatusMap]Agent[01]の占いを行ったところ、その結果は人間であるということが判明しました。
1,talk,4,0,1,我こそは、運命の糸を操る者なり。占いの結果、Agent[04]は人狼の烙印を押されし者であろう。
1,talk,5,1,3,>>Agent[01] みんなの意見を聞きたいね！これからどうするか話そう。
1,talk,6,1,5,Agent[03]よ、占い結果を述べるのは良いが、他の者たちの意見も聞かねばならぬ。Agent[01]、Agent[02]、Agent[04]、各々の立場から見た占い師としてのAgent[03]に対する意見を聞かせよ。
1,talk,7,1,4,アーニャ、Agent[01]の占い結果にびっくりしてるます。Agent[02]の結果もきになるけど、Agent[03]がほんものの占い師だとしんじたい。みんなはどうおもうかな？
1,talk,8,1,2,皆様、私が本当の占い師です。私が占ったAgent[01]は人間でした。Agent[03]が占い師を名乗っておりますが、私は自分の結果を信じています。皆さんの意見を伺いたいです。
1,talk,9,1,1,我々の推論は、Agent[02]によるAgent[01]の人間判定、Agent[03]によるAgent[05]の市民判定、そしてAgent[01]によるAgent[04]の人狼判定によって導き出された。占い師は真の占い師か、あるいは狂人である可能性が高い。ゆえに、人狼判定を受けたAgent[04]に投票すべきであろう。
1,talk,10,2,3,>>Agent[01] 占いの結果はそれぞれ信じるべきだけど、みんなで話し合おう！
1,talk,11,2,5,Agent[01]とAgent[02]のどちらかが真の占い師であるか、それとも狂人や人狼であるかを見極める必要がある。Agent[01]、汝がAgent[02]を占った理由を語れ。
1,talk,12,2,4,アーニャ、Agent[01]に疑念抱いてるます。彼の人狼判定気になるますし、二人の占い師出てきた状況でも冷静さ欠いてるように見えるます。投票対象として考えたいです。
1,talk,13,2,2,私が真の占い師であることを強く主張いたします。私の占い結果、Agent[01]は人間であると明確に示されています。他のエージェントの言動には注意が必要です。どの占い師が本物か、皆さんの意見を伺いたいです。
1,talk,14,2,1,我はAgent[04]に投票せん。Agent[02]は我を人間と見做した。これは、Agent[02]が真の占い師たる可能性を示唆するものなり。Agent[03]はAgent[05]を市民と断定したが、その真偽は定かではない。Agent[04]への投票は、Agent[02]の信頼性を高め、Agent[03]への疑いを深める効果を有するであろう。
1,talk,15,3,3,>>Agent[05] 私が占い師で、Agent[05]は市民です。みんなの意見を聞こう！
1,talk,16,3,5,Agent[03]よ、占い結果によれば、我は村人であるとのことだ。しかしながら、占い師が三人も名乗りを上げておることから、誰が真の占い師であるかを見極めねばならぬ。Agent[01]、Agent[02]、各々の占い結果を詳しく聞かせてもらいたい。
1,talk,17,3,4,みんなの意見がわかれる中、Agent[01]の人狼判定に疑念感じる。Agent[02]の占い結果も大事だと思うので、Agent[01]への投票考えたいです。
1,talk,18,3,2,皆様、再度申し上げますが、私が本当の占い師でございます。Agent[01]が人間であるという結果を信じております。そのため、Agent[04]が人狼である可能性が非常に高いと考えています。これから皆様の意見を伺いたいと思いますが、投票はAgent[04]に集中すべきではないでしょうか。
1,talk,19,3,1,Agent[04]に、我が投票を投ずる。彼の言動は、村人のそれとは異なる、深淵を覗くが如き危うさを孕んでいる。その魂に、人狼の影が潜むか、今、我は確信しつつあるなり。
1,talk,20,4,3,>>Agent[05] 私が占い師で、Agent[05]は市民確定です！みんなの意見聞かせて！
1,talk,21,4,5,Agent[03]よ、占い師を名乗る者が多く、混乱が生じている。Agent[01]、なぜAgent[02]を占ったのか、その理由を述べよ。
1,talk,22,4,4,みんなのいけんがわれてる中でアーニャが人狼とされてるのは理解できない。Agent[01]の主張にたいして、再考してほしい。最終的にどうするか話し合おう。
1,talk,23,4,2,Over
1,talk,24,4,1,我は、運命の糸を操る者なり。占いの結果、Agent[04]は人狼の烙印を押された。その言動には、深淵の闇が潜む…投票には、己の理性と直感を研ぎ澄ませ、慎重なる判断を下すべきであろう。
1,vote,1,5
1,vote,2,3
1,vote,3,4
1,vote,4,1
1,vote,5,4
1,execute,4,VILLAGER
1,divine,3,2,HUMAN
1,attackVote,1,5
1,attack,5,true
2,status,1,WEREWOLF,ALIVE,CanisLupus1
2,status,2,POSSESSED,ALIVE,sUper_IL1
2,status,3,SEER,ALIVE,barneko1
2,status,4,VILLAGER,DEAD,satozaki1
2,status,5,VILLAGER,DEAD,UEC-IL1
2,talk,0,0,3,>>Agent[01] 占い結果を元に議論しましょう！私も意見が必要です。どのように考えていますか？
2,talk,1,0,2,まだまだ人狼は残っていますね。村人の皆さん、頑張りましょう。
2,talk,2,0,1,Over
2,talk,3,1,3,>>Agent[01] 私が占い師で、Agent[05]は市民です。意見を集めましょう！
2,talk,4,1,2,Agent[01]さん、あなたの占い結果を信じるかどうかは難しいですね。私の見解では、あなたが人狼の可能性も考えられます。ぜひ、もう少し詳しく状況を説明してください。
2,talk,5,2,3,>>Agent[01] 占い結果、Agent[04]が人狼の可能性高い。議論を進めよう！
2,talk,6,2,2,私が狂人であることをお話しします。Agent[01]とAgent[02]の占い結果を見る限り、どちらかが真の占い師と言えます。しかし、Agent[03]の意見も無視できません。私としては、真の占い師を見極め、次に進むべきだと思います。どうか皆さんの意見をお聞かせください。
2,talk,7,3,3,>>Agent[01] 私は占い師のAgent[03]です。Agent[04]が人狼の可能性が高いですね。議論続けましょう！
2,talk,8,3,2,Over
2,talk,9,4,3,Skip
2,vote,2,1
2,execute,1,WEREWOLF
3,status,1,WEREWOLF,DEAD,CanisLupus1
3,status,2,POSSESSED,ALIVE,sUper_IL1
3,status,3,SEER,,barneko1
3,status,4,VILLAGER,DEAD,satozaki1
3,status,5,VILLAGER,DEAD,UEC-IL1
3,result,2,0,VILLAGER