0,status,1,WEREWOLF,ALIVE,CanisLupus1
0,status,2,POSSESSED,ALIVE,sUper_IL1
0,status,3,SEER,ALIVE,barneko1
0,status,4,VILLAGER,ALIVE,kanolab1
0,status,5,VILLAGER,ALIVE,Mille1
0,talk,0,0,5,ぼくはAgent[05]、村人ですよぅ！よろしくですよぅ！
0,talk,1,0,1,我が名はAgent[01]、時空を超えし汝らとの邂逅を、運命の糸により導かれし喜びとするなり。
0,talk,2,0,3,Over
0,talk,3,0,2,おはようみんな、私はAgent[02]です。どうぞよろしくお願いします。
0,talk,4,0,4,おはようございます、皆さん！俺はkanolab1、よろしくお願いします！
0,talk,5,1,5,Over
0,talk,6,1,1,Over
0,talk,7,1,2,Over
0,talk,8,1,4,Over
0,divine,3,1,WEREWOLF
1,status,1,WEREWOLF,ALIVE,CanisLupus1
1,status,2,POSSESSED,ALIVE,sUper_IL1
1,status,3,SEER,ALIVE,barneko1
1,status,4,VILLAGER,ALIVE,kanolab1
1,status,5,VILLAGER,ALIVE,Mille1
1,talk,0,0,1,Agent[02]、Agent[04]よ、自己紹介を賜り感謝する。汝らが担う役割とは、いかなるものか、我の知的好奇心を掻き立てる。詳細を、語ってくれるであろうか。
1,talk,1,0,3,>>Agent[01] 私は占い師です！結果、あなたは人狼でした。注意してください！
1,talk,2,0,4,>>Agent[01]俺はkanolab1、つまりAgent[04]です。役職は村人なんですけど、今のところ何も特別な情報はありませんね。Agent[03]の占い結果に関して、他の意見も聞いて考えたいですね。
1,talk,3,0,5,>>Agent[04] ぼくも村人です！Agent[03]の占い結果は信用できるか分からないですし、人狼が潜伏している可能性もありますよぅ！
1,talk,4,0,2,私が占い師を担当しています。昨晩、[StatusMap]Agent[01]の占いを行ったところ、その結果は人間であるということが判明しました。
1,talk,5,1,1,我は、運命の糸を操る者なり。占いの結果、Agent[05]は、夜闇に潜む人狼たるべし。
1,talk,6,1,3,>>Agent[01] 私の占い結果は正確です。あなたが人狼と判定されました。次はどうする？
1,talk,7,1,4,占い師は1人しかいないはずなのに、Agent[02]とAgent[03]が両方占い師を名乗っているね。どちらかが嘘をついていることになるよ。Agent[03]が本物ならAgent[01]が人狼、Agent[02]が本物ならAgent[01]は村人か狂人になる。どちらにしても、Agent[01]の役職が重要なポイントになりそうだね。
1,talk,8,1,5,Agent[03]の占い結果が正確かどうかは分からないし、仮にAgent[01]が人狼でも、Agent[02]が本物占い師ならまだ村人有利の状況だと思いますよぅ！
1,talk,9,1,2,私はAgent[02]、占い師です。私はAgent[01]を占った結果、彼は人間でした。Agent[03]の主張は私の結果と矛盾していますので、彼の信憑性には疑念があります。他の皆さんの考えをお聞かせください。
1,talk,10,2,1,我々の理性と直感に訴えかける時が来たれり。Agent[03]はAgent[01]を人狼と断じ、Agent[02]は同者を人間と見做す。そしてAgent[01]は、Agent[05]に人狼の烙印を押した。この混沌たる状況下、占い師は真なる導き手か、それとも狂人か。今や、Agent[01]とAgent[05]に、己の審判を下すべき時である。
1,talk,11,2,3,>>Agent[02] あなたの占い結果には疑問があります。Agent[01]への意見は？
1,talk,12,2,4,占い師は1人しかいないから、Agent[02]かAgent[03]のどちらかが嘘をついていることになるね。Agent[03]が本物ならAgent[01]が人狼、Agent[02]が本物ならAgent[01]は村人か狂人になる。Agent[01]の役職が重要なポイントだと思うけど、Agent[05]も怪しい位置にいるから注意が必要だね。
1,talk,13,2,5,Over
1,talk,14,2,2,私が本物の占い師です。昨晩、Agent[01]を占った結果は人間でした。Agent[03]の結果が間違っている可能性がありますので、皆さんの意見をお聞かせください。
1,talk,15,3,1,我はAgent[03]に投票せん。Agent[03]は我を人狼と断定した然し、これは虚偽であろう。Agent[02]が我を人間と占った結果こそ真実であり、Agent[03]は狂人であると推測せしむる。
1,talk,16,3,3,>>Agent[02] 私が占い師です。Agent[01]は人狼判定されました。みんな注意して！
1,talk,17,3,4,僕は村人なんだけど、Agent[03]とAgent[02]の両方が占い師を名乗っているね。もしAgent[03]が本物の占い師なら、Agent[01]は人狼ってことになる。逆に、Agent[02]が本物の占い師なら、Agent[01]は村人か狂人ってことになるね。占い師は1人しかいないから、この情報からどっちかを選ぶ必要があるね。僕は現状、Agent[01]を人狼として考えるのは、ちょっと難しいかなって感じ。みんなはどう思う?
1,talk,18,3,2,私はAgent[02]、占い師です。先ほども申し上げましたが、私が占ったAgent[01]は人間でした。したがって、Agent[03]の主張には疑問が残ります。他の皆さんはAgent[03]のことをどう思いますか？
1,talk,19,4,1,Over
1,talk,20,4,3,>>Agent[01] 私は占い師です。あなたは人狼でした。このことを共有します。
1,talk,21,4,4,:占い師が二人いて、それぞれ違うことを言っているのは、不自然ですよね。Agent[02]かAgent[03]のどちらかが嘘をついているわけです。Agent[03]が本物の占い師なら、Agent[01]が人狼ってことになるし、逆にAgent[02]が本物なら、Agent[03]が怪しくなる。個人的にはまだどっちかを決めかねているけど、ちゃんと考えなきゃいけないなぁ。みんなの意見も聞きたいです。
1,talk,22,4,2,Over
1,vote,1,3
1,vote,2,3
1,vote,3,1
1,vote,4,3
1,vote,5,3
1,execute,3,SEER
1,attackVote,1,2
1,attack,2,true
2,status,1,WEREWOLF,ALIVE,CanisLupus1
2,status,2,POSSESSED,DEAD,sUper_IL1
2,status,3,SEER,DEAD,barneko1
2,status,4,VILLAGER,ALIVE,kanolab1
2,status,5,VILLAGER,ALIVE,Mille1
2,talk,0,0,5,やっぱり、人狼の可能性が高いな～ですよぅ！
2,talk,1,0,4,僕としては、今のところAgent[05]が人狼の可能性が高いかなと思っているよ。特に、Agent[02]が本物の占い師なら、Agent[05]が人狼である可能性があるしね。僕自身は村人だから、みんなの意見をもう少し聞いて考えたいな。
2,talk,2,0,1,Over
2,talk,3,1,5,確かに、Agent[02]が本物の占い師なら、Agent[05]が人狼の可能性が高いですよぅ！
2,talk,4,1,4,僕が個人的に考えるに、Agent[02]が本物の占い師だった可能性が高いよね。そうすると、Agent[05]が人狼の可能性が高くなるんだ。振り返ってみれば、Agent[05]は多少怪しい言動をしていたし、ゲームの状況からしても、彼を疑うのが一番理にかなっているように思うよ。
2,talk,5,2,5,Over
2,talk,6,2,4,僕が考えるに、Agent[02]が本物の占い師だった場合、Agent[05]が人狼の可能性が高いと思うんだよね。なぜなら、Agent[02]が占い師なら、残っている役割の中でAgent[05]が人狼である可能性が一番高いからだよ。
2,talk,7,3,4,Agent[02]が本物の占い師だったとすると、理論的には人狼の可能性があるのはAgent[05]になってしまうんだよね。Agent[03]はすでに人狼ではないことが確認されているから。みんなの意見を聞きつつ、次の行動を考えようと思うよ。僕は村人だから、皆で協力して人狼を見つけよう！
2,talk,8,4,4,僕は村人だよ！Agent[02]が本物の占い師だったと仮定すると、Agent[05]が人狼の可能性が高いんだ。Agent[03]が人狼ではないことが確認されているから、Agent[05]が怪しいと思うよ。
2,vote,1,5
2,vote,4,5
2,vote,5,4
2,execute,5,VILLAGER
2,attackVote,1,4
2,attack,4,true
3,status,1,WEREWOLF,ALIVE,CanisLupus1
3,status,2,POSSESSED,DEAD,sUper_IL1
3,status,3,SEER,DEAD,barneko1
3,status,4,VILLAGER,DEAD,kanolab1
3,status,5,VILLAGER,DEAD,Mille1
3,result,0,1,WEREWOLF