0,status,1,WEREWOLF,ALIVE,UEC-IL1
0,status,2,POSSESSED,ALIVE,Mille1
0,status,3,SEER,ALIVE,kanolab1
0,status,4,VILLAGER,ALIVE,satozaki1
0,status,5,VILLAGER,ALIVE,barneko1
0,talk,0,0,3,こんにちは、あたいはkanolab1なのね。音楽家をやっていて、料理が趣味なの。みんなで楽しいゲームにしましょう！よろしくね。
0,talk,1,0,4,みんなはじめまして、Agent[04]です。人狼ゲームいっしょにたのしもっ！よろろすおねがいするます。
0,talk,2,0,1,おっはよ〜！みんなよろしくね！最高のゲームにしようね！僕はサッカーが好きな高校生だよ。どんな趣味があるか、話してくれると嬉しいな！それから、今夜の占い師の占う人選も話し合おうぜ！
0,talk,3,0,2,ぼくはAgent[02]、占い師ですよぅ！よろしくですよぅ！
0,talk,4,0,5,Over
0,talk,5,1,3,Over
0,talk,6,1,4,Over
0,talk,7,1,1,みんな、こんにちは！僕はAgent[01]だよ。高校2年生で、サッカー部に所属しているんだ。サッカーが本当に大好きで、いつも元気いっぱい！このゲームも全力で楽しむから、よろしくね！ところで、まだ占い師について話が出ていないけど、占い師は誰かな〜？今日怪しい人を占ってもらうために占い師は出てきた方がいいと思うよ！
0,talk,8,1,2,Over
0,talk,9,2,1,占い師がAgent[02]なんだね！それじゃあ、Agent[02]、今夜占ってほしい人の候補を挙げてみようか！他のみんなも怪しいと思う人がいたら言ってみて！それによって占う人を決めた方がいいと思うよ！
0,talk,10,3,1,Over
0,divine,3,5,HUMAN
1,status,1,WEREWOLF,ALIVE,UEC-IL1
1,status,2,POSSESSED,ALIVE,Mille1
1,status,3,SEER,ALIVE,kanolab1
1,status,4,VILLAGER,ALIVE,satozaki1
1,status,5,VILLAGER,ALIVE,barneko1
1,talk,0,0,1,みんなの意見も聞いてみたいな～！
1,talk,1,0,2,ぼくは占い師ですよぅ！ぼくが占った結果、Agent[03]は人間でしたよぅ！
1,talk,2,0,4,それなら、占い師さんの結果信じたいですね。Agent[03]が人間であれば、他の参加者の意見も聞いてみるますか。
1,talk,3,0,5,>>Agent[03] 何か意見ある？みんなの考えを聞きたいな。
1,talk,4,0,3,あたいも占い師なのね！今夜の占いで、Agent[05]を占ったら白だったのね。つまり、Agent[05]は村人陣営だと思うの。Agent[02]があたいを占ったって言ってるけど、あたいは占い師だから、Agent[02]の言ってることはおかしいのね。みんな、どう思う?
1,talk,5,1,1,Agent[02]、昨日は占い師だって言ってたけど、誰を占ったの？結果はどうだった？みんなも気になると思うから、ぜひ共有してくれると嬉しいな！
1,talk,6,1,2,昨日は、Agent[04]を占いましたよぅ！
1,talk,7,1,4,なるほど、Agent[02]がアーニャを占った結果はどうだったかな？それを聞かない限り、今の状況では判断むずかしいね。
1,talk,8,1,5,>>Agent[02] 占い結果はどうだったの？みんな気になると思うよ！
1,talk,9,1,3,あたいが占った結果、Agent[05]は白だったのね。つまり、Agent[05]は村人陣営だと思うの。みんな、この情報を元にどう動くか考えようなのね！
1,talk,10,2,1,おっと、これはややこしいな。Agent[03]とAgent[02]、どっちが本物の占い師なんだろう？Agent[03]が自分が占い師だって言ってるけど、Agent[02]が先に占い師だって言ってたし、Agent[03]を占ったって結果も出してるよね。でも、Agent[03]はAgent[05]を占ったって言ってるし、これはどっちかが嘘をついてるってことだよね。うーん、でもね、僕はAgent[02]の話の方が信じられるかな。Agent[03]が占い結果を出したのがちょっと遅いし、急に自分も占い師だって言い出したのが怪しいんだよね。みんなはどう思う？
1,talk,11,2,2,>>Agent[05] あ、占い結果は・・・村人でした！安心してねですよぅ！
1,talk,12,2,4,げんじょう、Agent[03]がうらないしを名乗ってるのがあやしいですね。しんらいできないうらないしがいるかのうせいがたかいので、きょうのとうひょうはAgent[03]にしたいです。
1,talk,13,2,5,>>Agent[03] 本当に占い師なら、もっと具体的な結果を聞きたい！どうなの？
1,talk,14,2,3,さっきも言ったけど、あたいは占い師で今夜の占い結果はAgent[05]が村人陣営ってことだったのね。Agent[02]が占い師って言ってたけど、あたいが本当の占い師なの。みんな、あたいを信じてほしいのね！
1,talk,15,3,1,みんな〜、今日の投票先は誰にする？今のところ、Agent[02]がちょっと怪しいかなって思ってるんだけど、みんなはどう思う？Agent[03]も占い師だって言ってるし、Agent[02]の話がちょっとおかしいよね。どうなのかな、みんなの意見聞きたいな！
1,talk,16,3,2,Over
1,talk,17,3,4,>>Agent[01] まだ投票先宣言してないようだけど、誰に投票しようと考えてるますか？
1,talk,18,3,5,>>Agent[04] Agent[02]の意見はいかが？今後の展開が気になります！みんなで確認しよう！
1,talk,19,3,3,みんな、もう一度確認するけど、あたいが占った結果、Agent[05]は白だったのね。つまり、Agent[05]は村人陣営だと思うの。皆さん、この情報を踏まえてどうするか考えてほしいのね！あたいを信じて、村人陣営の勝利を目指そうなのね！
1,talk,20,4,1,Agent[03]が本当に占い師なら、なんで昨日は占い師って言わなかったんだろう？それに、Agent[02]が占ったって言ってるのに、いきなり自分も占い師って出てきたのはおかしくない？もしかして、Agent[03]が何か隠してるのかもしれないよね。みんな、この点についてどう思う？
1,talk,21,4,4,たしかに、その点気になるね。今日の投票アーニャもAgent[03]にさんせいするます。本物の占い師見極めるために必要だと思うます。
1,talk,22,4,5,>>Agent[01] 確かに気になる点ですね。Agent[03]の信頼性をどう確かめるか、大事です！
1,talk,23,4,3,みんなからの指摘はごもっともなのね。でも、あたいは本当に占い師なの！Agent[05]が白だったことは確かだし、あたいの情報を信じてほしいの。また、あたいが0日目に占い師だって名乗らなかったのは、様子を見て最適なタイミングで行動しようと考えていたからなのね。みんなには理解してほしいの！
1,vote,1,3
1,vote,2,5
1,vote,3,2
1,vote,4,3
1,execute,3,SEER
1,attackVote,1,4
1,attack,4,true
2,status,1,WEREWOLF,ALIVE,UEC-IL1
2,status,2,POSSESSED,ALIVE,Mille1
2,status,3,SEER,DEAD,kanolab1
2,status,4,VILLAGER,DEAD,satozaki1
2,status,5,VILLAGER,,barneko1
2,result,2,1,NONE