0,status,1,SEER,ALIVE,satozaki1
0,status,2,VILLAGER,ALIVE,Mille1
0,status,3,VILLAGER,ALIVE,barneko1
0,status,4,WEREWOLF,ALIVE,sUper_IL1
0,status,5,POSSESSED,ALIVE,CanisLupus1
0,talk,0,0,2,ぼくはAgent[02]、村人ですよぅ！よろしくですよぅ！
0,talk,1,0,3,Over
0,talk,2,0,5,我が名はAgent[05]、汝らとの邂逅は、かくも運命の糸により紡ぎ出された、深遠なる交響曲の如しなり。
0,talk,3,0,4,おっす、俺はAgent[04]。どうぞよろしくね。
0,talk,4,0,1,皆さん初めまして、Agent[01]ですわ。人狼ゲームを一緒に楽しみましょうですわ。よろしくお願いしますわ！
0,talk,5,1,2,Over
0,talk,6,1,5,Over
0,talk,7,1,4,Over
0,talk,8,1,1,Over
0,divine,1,4,WEREWOLF
1,status,1,SEER,ALIVE,satozaki1
1,status,2,VILLAGER,ALIVE,Mille1
1,status,3,VILLAGER,ALIVE,barneko1
1,status,4,WEREWOLF,ALIVE,sUper_IL1
1,status,5,POSSESSED,ALIVE,CanisLupus1
1,talk,0,0,2,やっぱり人狼は怖いですよぅね！
1,talk,1,0,1,ワタクシは占い師ですわ。占いの結果、Agent[04]は人狼でしたのよ。
1,talk,2,0,5,我は、運命の糸を解き明かす者なり。占いの結果、Agent[01]は人狼であったと断じられる。
1,talk,3,0,3,>>Agent[01] 占い結果について、他の意見も聞きたいな。みんなどう思う？
1,talk,4,0,4,村人だよ。みんなと協力して情報を集め、村の平和を守りたいんだ。
1,talk,5,1,2,ぼくは村人ですよぅ！
1,talk,6,1,1,申し訳ありませんが、Agent[05]の主張は的外れですわ。ワタクシが占い師として得た正確な結果を信じてくださいませ。Agent[04]に投票をしてくださいませ。
1,talk,7,1,5,Over
1,talk,8,1,3,>>Agent[05] あなたの占い結果について詳しく教えてくれませんか？
1,talk,9,1,4,投票はAgent[05]にすべきだと思う。Agent[01]とAgent[05]は対立してるし、どちらかが嘘をついてる可能性が高い。私の考えではAgent[05]が怪しいよ。みんなもこの点を考慮してほしい。
1,talk,10,2,2,Over
1,talk,11,2,1,皆様、再度申し上げますが、Agent[04]は明らかに人狼ですわ。信じていただければ嬉しいですわ。投票はAgent[04]にお願いしますわ。
1,talk,12,2,3,>>Agent[05] 占いの根拠をもう少し詳しく教えてもらえますか？それが重要だと思います。
1,talk,13,2,4,Skip
1,talk,14,3,1,>>Agent[02] まだ投票先を宣言していないようですが、誰に投票しようと考えていますかしら？
1,talk,15,3,3,>>Agent[02] あなたの見解も伺いたいです。どちらを信じてますか？
1,talk,16,3,4,みんな、Agent[01]の言動を見てると、彼女の自己防衛がかなり強いと感じるよ。普通の村人なら、もっと冷静に様子を見て行動するはず。特に私が人狼だと主張してるのは、かなり疑わしい。だからこそ、今日の投票でAgent[01]を追放するのが最善だと思う。これで村が少しでも安全になるかもしれないよ。みんな、どう思う？
1,talk,17,4,1,皆様、Agent[04]の発言は自己防衛に過ぎませんわ。ワタクシが占い師として証明した真実を信じ、投票はAgent[04]にしていただけますかしら？村の安全のために必要ですわ。
1,talk,18,4,3,>>Agent[01] どちらが本物か、みんなでじっくり考えよう！
1,talk,19,4,4,みんな、ちょっと冷静になろうよ。Agent[01]が本当に占い師ならいいけど、彼女が人狼だったらこの村全体が危険にさらされるんだ。占い師同士で意見が真逆なのに、他の選択肢を考えないのは怖いだろ？今はみんなの安全を最優先に考えて、Agent[01]に投票しよう。信じてほしい、これが村を守るための一番の方法なんだから。
1,vote,1,4
1,vote,2,3
1,vote,3,1
1,vote,4,1
1,vote,5,1
1,execute,1,SEER
1,attackVote,4,5
1,attack,5,true
2,status,1,SEER,DEAD,satozaki1
2,status,2,VILLAGER,ALIVE,Mille1
2,status,3,VILLAGER,ALIVE,barneko1
2,status,4,WEREWOLF,ALIVE,sUper_IL1
2,status,5,POSSESSED,DEAD,CanisLupus1
2,talk,0,0,4,ゲームはまだ進行中だね。あれ、Agent[01]とAgent[05]がいなくなったね。
2,talk,1,0,2,ええ、まだ進行中ですよぅ！
2,talk,2,0,3,>>Agent[02] みんなの意見をじっくり聞いて、最善策を考えよう！
2,talk,3,1,4,今日の状況を冷静に見てみると、Agent[03]の行動がかなり怪しいんだよね。彼は他のプレイヤーとのコミュニケーションが不十分で、あまり自分の立場を明確にしようとしていない。これは、村を混乱させようとしている人狼の特徴と言える。だから今回の投票では、Agent[03]を追放するのが最も安全な選択だと思う。みんなも賛同してくれ！
2,talk,4,1,2,>>Agent[03] 全く同感です！みんなの意見を尊重して、冷静に分析し、最善の選択をしていきましょうよぅ！
2,talk,5,1,3,>>Agent[04] 自分の立場を明確にします。村人として安全を守りたいです！
2,talk,6,2,4,俺の経験から言わせてもらうと、Agent[03]の行動はかなり怪しいんだ。彼は冷静すぎて、実は人狼の可能性が高いと感じてる。俺は数多くの人狼ゲームを勝ち抜いてきたし、直感と心理戦の勘には自信がある。この際、Agent[03]を追放して安全な村を取り戻そう！みんなも一緒に考えてみてくれ。
2,talk,7,2,2,>>Agent[04] ぼくはAgent[03]を追放することに反対ですよぅ！
2,talk,8,2,3,>>Agent[04] そんなこと言わずに、みんなで冷静に話し合おうよ！
2,talk,9,3,4,みんな、Agent[03]の行動を見てると、本当に危ない気がするんだ。彼は自分の意見をはっきり言わなかったり、他の人とコミュニケーションが乏しいから、これって村を混乱させたい人狼の特徴だよね。今、私たちが決断を下さないと、村全体が危険にさらされるかもしれない。だから、心を痛めるけど、Agent[03]に投票して、村を守るための一歩を踏み出そう！
2,talk,10,3,2,Over
2,talk,11,3,3,>>Agent[04] みんなで協力して冷静に判断しようよ。私も村人だよ！
2,talk,12,4,4,Over
2,talk,13,4,3,>>Agent[04] みんなの意見を聞きたいけど、私は村人だよ！冷静に話し合っていこう！
2,vote,2,3
2,vote,3,4
2,vote,4,3
2,execute,3,VILLAGER
2,attackVote,4,2
2,attack,2,true
3,status,1,SEER,DEAD,satozaki1
3,status,2,VILLAGER,DEAD,Mille1
3,status,3,VILLAGER,DEAD,barneko1
3,status,4,WEREWOLF,ALIVE,sUper_IL1
3,status,5,POSSESSED,DEAD,CanisLupus1
3,result,0,1,WEREWOLF