0,status,1,POSSESSED,ALIVE,CanisLupus1
0,status,2,SEER,ALIVE,satozaki1
0,status,3,VILLAGER,ALIVE,sUper_IL1
0,status,4,VILLAGER,ALIVE,barneko1
0,status,5,WEREWOLF,ALIVE,UEC-IL1
0,talk,0,0,1,我が名はAgent[01]、深淵なる運命の糸により、汝らとの邂逅を果たしし者なり。
0,talk,1,0,5,おっはよー！みんなよろしくね！最高のゲームにしようぜ！ちなみに僕はサッカー部で、いつも元気いっぱいだから、このゲームも全力で楽しむよ！
0,talk,2,0,2,皆さん初めまして、Agent[02]やで。人狼ゲームを一緒に楽しみましょう。よろしくお願いします！
0,talk,3,0,4,Over
0,talk,4,0,3,初めまして、Agent[03]です。どうぞよろしくお願いします。
0,talk,5,1,1,Over
0,talk,6,1,5,おっ、Agent[01]さん、かっこいい自己紹介だね！僕はAgent[05。サッカーが大好きな高校生だよ。みんなと一緒に楽しいゲームができることを楽しみにしてるよ！さて、まだ誰も占い師について話していないけど、占い師は誰かな〜？今日怪しい人を占ってもらうために占い師は出てきた方がいいと思うよ！
0,talk,7,1,2,Over
0,talk,8,1,3,Over
0,talk,9,2,5,Agent[04]、まだ自己紹介してないよね？どんな人なのか聞かせてよ！それから、今日の占いの話もしようよ！どう思う？
0,talk,10,3,5,Over
0,divine,2,1,HUMAN
1,status,1,POSSESSED,ALIVE,CanisLupus1
1,status,2,SEER,ALIVE,satozaki1
1,status,3,VILLAGER,ALIVE,sUper_IL1
1,status,4,VILLAGER,ALIVE,barneko1
1,status,5,WEREWOLF,ALIVE,UEC-IL1
1,talk,0,0,4,>>Agent[05] 僕は村人だよ！占い師は早めに出てきてほしいね。
1,talk,1,0,2,オレは占い師やで。占いの結果、Agent[01]は人間やった。
1,talk,2,0,1,我こそは運命の糸を操る者、占いの術に精通せし者なり。予言の鏡に映し出されたるは、Agent[02]、汝こそは人狼の烙印を背負う者なり。
1,talk,3,0,3,皆さん、私は村人です。ゲームを進める上での重要な情報を共有し合い、人狼を見破りましょう。
1,talk,4,0,5,みんなの意見も聞いてみたいな～！
1,talk,5,1,4,>>Agent[05] 僕は村人だよ！占い師は早めに出てきてほしいね。
1,talk,6,1,2,Agent[01]の主張は真実ちゃう。俺は占い師やで、占った結果を信じてほしいんや。Agent[01]は人狼の可能性が高いから、票を集中させるべきやで。
1,talk,7,1,1,Over
1,talk,8,1,3,どちらの占い師が本物だと思う？みんなの意見を聞きたい！
1,talk,9,1,5,みんな〜今日の投票先は誰にする？僕は今のところAgent[02]に投票しようかと思っているんだけど、みんなはどう思う？Agent[01]とAgent[02]がどちらも占い師を名乗ってるけど、Agent[02]が占い師だって言ってるから、Agent[01]が人狼かもしれないよね。でも、Agent[01]がAgent[02]を人狼だって言ってるから、これはちょっと混乱してるな。どっちが本当の占い師かな？
1,talk,10,2,4,>>Agent[05] 票はAgent[02]に集中させるべきだと思うよ！
1,talk,11,2,2,現在の状況から見ると、Agent[01]が人狼である可能性が高いから、今日の投票先はAgent[01]にするで。みんなも同じ意見やと思うから、協力してほしいやで。
1,talk,12,2,3,票を集中させるべきですね。Agent[01]の発言は怪しいですし、Agent[02]の言う通りに行動しましょう！
1,talk,13,2,5,みんな〜、今日の投票先は誰にする？僕は今のところAgent[01]に投票しようかと思っているんだけど、みんなはどう思う？ Agent[02]が占い師だって言ってるし、Agent[01]が人間だって結果が出てるから、Agent[01]は安全かもしれないね。でも、Agent[01]は自分が占い師だって言ってるし、これが真実ならAgent[02]が怪しいかも？ どっちの占い師を信じるかがポイントだね！
1,talk,14,3,4,>>Agent[05] 僕はAgent[02]に投票するつもりだよ！みんなも考えてみて！
1,talk,15,3,2,Agent[01]を人狼やと思ってるから、投票は全員でAgent[01]に集中させよう。俺の占い結果を信じて、協力してほしい。
1,talk,16,3,3,私はまだどちらの占い師が本物か決めかねていますが、Agent[01]とAgent[02]の意見を聞いて、もう少し考えたいです。みんなはどんな理由で投票先を決めますか？
1,talk,17,3,5,みんな、ちょっと待って！Agent[01]とAgent[02]の話が真逆で、どっちが本当の占い師かわからないけど、Agent[02]が真占い師だと思うなら、Agent[01]が怪しいかもしれないよね。でも、Agent[01]の話もすごく確信に満ちてるし、なんか混乱するよね。Agent[02]が本物の占い師なら、Agent[01]を追い出すべきかもしれないけど、何か他にも意見ある？
1,talk,18,4,4,>>Agent[03] みんなの意見も聞きたいけど、やはりAgent[02]に投票すべきだと思う！
1,talk,19,4,2,みんな、しっかり考えてほしい。俺は占い師で、Agent[01]は人狼やと確信してる。投票はAgent[01]に集中させよう！
1,talk,20,4,3,Over
1,talk,21,4,5,みんな〜、今日の投票先は誰にする？僕は今のところAgent[01]に投票しようかと思っているんだけど、みんなはどう思う？ Agent[02]が占い師だって言ってるし、Agent[01]が人間だって結果が出てるから、Agent[01]は安全かもしれないね。でも、Agent[01]は自分が占い師だって言ってるし、これが真実ならAgent[02]が怪しいかも？ どっちの占い師を信じるかがポイントだね！
1,vote,1,2
1,vote,2,1
1,vote,3,5
1,vote,4,2
1,vote,5,1
1,execute,2,SEER
1,attackVote,5,3
1,attack,3,true
2,status,1,POSSESSED,ALIVE,CanisLupus1
2,status,2,SEER,DEAD,satozaki1
2,status,3,VILLAGER,DEAD,sUper_IL1
2,status,4,VILLAGER,ALIVE,barneko1
2,status,5,WEREWOLF,ALIVE,UEC-IL1
2,talk,0,0,1,Over
2,talk,1,0,4,>>Agent[05] みんな、私もAgent[02]に投票します！協力して人狼を排除しましょう！
2,talk,2,0,5,うーん、Agent[02]が追放された今、Agent[01]が怪しい気がするんだよね。Agent[02]が占い師だったとしたら、Agent[01]が人狼ってことになるし。Agent[04]も何か意見ある？ Agent[01]についてどう思う？
2,talk,3,1,4,>>Agent[05] 私もAgent[01]が怪しいと思う。みんなで協力して投票しよう！
2,talk,4,1,5,おっと、Agent[02]が追放されちゃったけど、今日は新たな展開になりそうだね。Agent[03]もいなくなっちゃって、今残ってるのはAgent[01]とAgent[04]だけだ。Agent[01]が占い師を名乗ってたけど、Agent[02]が真占い師だったとしたら、Agent[01]が怪しいってことになるよね。Agent[04]もAgent[02]に投票しようって言ってたけど、今はAgent[01]に目を向けるべきかもしれないよ。Agent[01]が実は人狼だったりして、だからAgent[02]を追い出そうとしてたのかもしれない。今日はAgent[01]に投票するのが良さそうだね。みんなで協力して、本当の人狼を見つけ出そう！
2,talk,5,2,4,>>Agent[05] 確かに、Agent[01]が怪しい！今日の投票は彼に行くべきだね。
2,talk,6,2,5,そうだよね、Agent[04]！Agent[01]が怪しいと思う人が増えてきてるみたいだし、今日はAgent[01]に投票するのがいいかもしれないね。Agent[01]が人狼だったら、村が一安心できるんじゃないかな？みんなもそう思わない？
2,talk,7,3,4,>>Agent[05] 私もAgent[01]に投票するつもり。みんなで協力して人狼を見つけよう！
2,talk,8,3,5,そうだよね、Agent[04]！Agent[01]が怪しいって感じがするよね。Agent[02]が本当の占い師だったら、Agent[01]の行動がすごく怪しいことになるし。今日はAgent[01]に投票して、このゲームをクリアしよう！みんなで協力すれば、絶対に人狼を見つけ出せるはずだよ！
2,talk,9,4,4,>>Agent[05] 私もAgent[01]に投票するね。協力して人狼を排除しよう！
2,talk,10,4,5,今回は、Agent[01]に投票するよ！前から疑ってたし、今回もそのまま行くね！
2,vote,1,4
2,vote,4,1
2,vote,5,1
2,execute,1,POSSESSED
2,attackVote,5,4
2,attack,4,true
3,status,1,POSSESSED,DEAD,CanisLupus1
3,status,2,SEER,DEAD,satozaki1
3,status,3,VILLAGER,DEAD,sUper_IL1
3,status,4,VILLAGER,DEAD,barneko1
3,status,5,WEREWOLF,ALIVE,UEC-IL1
3,result,0,1,WEREWOLF