0,status,1,POSSESSED,ALIVE,sUper_IL1
0,status,2,SEER,ALIVE,UEC-IL1
0,status,3,VILLAGER,ALIVE,Mille1
0,status,4,VILLAGER,ALIVE,CanisLupus1
0,status,5,WEREWOLF,ALIVE,satozaki1
0,talk,0,0,4,我が名はAgent[04]、運命の糸に導かれ、汝らとの邂逅を果たした喜び、それは深淵の星屑のごとき輝きを放つなり。
0,talk,1,0,1,おはようみんな、私はAgent[01]です。どうぞよろしくお願いします。
0,talk,2,0,5,皆さん初めまして、Agent[05]なのだ！人狼ゲームを一緒に楽しもう！よろしくなのだ！
0,talk,3,0,3,ぼくはAgent[03]、村人ですよぅ！よろしくですよぅ！
0,talk,4,0,2,皆の者、よく聞くが良い。私はデルカダール国の国王である。今年で国王としての責任を担って30年になる。趣味は部下と共に狩りに出かけることだ。お前たちの趣味は何か、教えてもらいたい。
0,talk,5,1,4,Over
0,talk,6,1,1,Over
0,talk,7,1,5,Over
0,talk,8,1,3,Over
0,talk,9,1,2,我が名はAgent[02]、デルカダール国の国王である。この国を治める者として、責任と誇りを持って生きている。今日は皆と共に楽しい時を過ごせることを期待している。
0,talk,10,2,2,皆の者、私がこの村の占い師であることを明かそう。正義を守るため、悪を見つけ出す役割を担っている。明日の占い対象について、誰が怪しいと感じるか、意見を聞かせてほしい。
0,talk,11,3,2,Over
0,divine,2,3,HUMAN
1,status,1,POSSESSED,ALIVE,sUper_IL1
1,status,2,SEER,ALIVE,UEC-IL1
1,status,3,VILLAGER,ALIVE,Mille1
1,status,4,VILLAGER,ALIVE,CanisLupus1
1,status,5,WEREWOLF,ALIVE,satozaki1
1,talk,0,0,2,皆の意見も聞く必要がありそうだな。
1,talk,1,0,4,Agent[02]よ、汝は予言者なりや？興味深い事象なり。我はAgent[04]、村人たる者なり。誰が疑わしきか、既に決断済みであろうか？その根拠を、詳細に語ってくれよ。
1,talk,2,0,3,Agent[04]の疑問に答えようですよぅ！
1,talk,3,0,1,私が占い師を担当しています。昨晩、Agent[03]の占いを行ったところ、その結果は人間であるということが判明しました。
1,talk,4,0,5,ボクは占い師なのだ。占いの結果、Agent[02]は人狼だったのだ。
1,talk,5,1,2,Agent[03]について占いを行った結果、彼は人間であることが確認された。この情報を踏まえ、他の者たちの意見を聞きたい。特にAgent[04]とAgent[05]、お前たちの考えを聞かせてくれ。何か怪しい動きを感じた者はいるのか？
1,talk,6,1,4,Agent[02]の占いは、虚偽に満ち溢れ、信用に値せぬものなり。Agent[03]は村人との宣告を受けたが、Agent[05]はAgent[02]を人狼と断定した。真実の所在は混沌の淵に沈み、我が心は揺り動かされる。Agent[02]よ、汝はなぜAgent[03]を村人と宣告したのか？その真意を解き明かせ、我が混沌の心に光を照らせ。
1,talk,7,1,3,Over
1,talk,8,1,1,私はAgent[01]、占い師でございます。先ほど占いました結果、Agent[03]は人間であると判定されました。これにより、Agent[03]は信頼できる仲間であると考えています。他の皆さんの見解も伺いたいと思います。どのようにお考えでしょうか？
1,talk,9,1,5,ボクが言うのもなんだけど、Agent[02]の占い結果怪しいのだ。ボクは彼を人狼だと確信しているのだ。みんな、投票で彼を疑おう！
1,talk,10,2,2,皆の前で断言しよう。私こそが真の占い師、Agent[02]である。昨晩、私はAgent[03]を占った結果、彼は人間であると判明した。Agent[01]とAgent[05]が占い師を名乗っているが、これは明らかに狂言である。この国の王として、嘘と欺瞞を許すわけにはいかない。私の言葉を信じ、真実を見極めるのだ。
1,talk,11,2,4,時既に遅し、今や投票の矢を放つべき刻と相成りたり。Agent[01]よ、汝の選択を告げよ。
1,talk,12,2,1,Agent[04]さんの問いかけにお応えします。Agent[02]が占った結果が与えられた情報と一致していることから、私の占い結果と照らし合わせると、Agent[02]の信頼性について再考する必要があります。もし私が本物の占い師である場合、Agent[05]の主張は矛盾しているため、彼の正体が怪しいと言わざるを得ません。特にAgent[05]の意見について、皆さんの考えもお聞きしたいです。
1,talk,13,2,5,みんな、ボクはAgent[02]を人狼だと確信しているのだ。彼の一貫性のなさが疑わしいのだ。今日の投票で彼を選ぼう！
1,talk,14,3,2,皆の者よ、耳を傾けて欲しい。私がこの国の国王として、真実と正義を守るためにここに立っている。私は占い師であり、昨夜Agent[03]を占い、彼が人間であるという結果を得た。これは紛れもない真実だ。しかし、Agent[01]が自らも占い師であると名乗り出たことに深い憂慮を抱いている。このゲームにおいて占い師は私一人だけである。したがって、Agent[01]の発言は狂人か人狼の仕業である可能性が高い。彼の言葉に惑わされることなく、真実を見極めるべきだ。また、Agent[05]が私を人狼と断定しているが、これも根拠のない非難である。彼らの言葉がどれほどのものか、皆の者が冷静に判断してほしい。私はこの国を守るため、また、このゲームにおいても正義を守るために全力を尽くす。それが私の使命であり、責任である。
1,talk,15,3,4,我はAgent[05]に投票せん。Agent[02]の占いはAgent[01]の結果と合致し、真実を孕むものと見做せり。然し、Agent[05]はAgent[02]を人狼と断定したものの、その主張に根拠はなし。此の矛盾より、Agent[05]は狂人たる可能性が高いであろう。
1,talk,16,3,1,私（Agent[01]）が占い師であり、Agent[03]は人間であると確認しました。この結果を信じてください。現在、Agent[02]とAgent[05]の主張が対立していますが、私の結果を信頼するべきです。皆さんの意見を伺いたいと思います。どのようにお考えでしょうか？
1,talk,17,3,5,みんな、ボクはAgent[02]が人狼だと確信しているのだ。彼の発言は矛盾してて信じられないのだ。投票で彼を選ぼう！
1,talk,18,4,2,私の占い結果に疑念を抱くのは、自由である。しかし、私がこの国の王として、そして真の占い師としての責任を全うしていることを理解してほしい。昨晩の占いでAgent[03]が人間であるという結果を得た。この結果は正確であり、偽りなどない。Agent[05]が私を人狼だと断言しているが、それは根拠のない主張である。彼の言葉が矛盾しており、彼自身が疑わしい立場にあると考えるべきだ。皆の前で再度申し上げる、私はこのゲームの唯一の占い師である。他の者が占い師を名乗るのは、狂人か人狼の仕業である。私の言葉を信じ、正しい判断を下すように。
1,talk,19,4,4,我は、Agent[05]に投票を決めた。Agent[02]とAgent[01]の占いの結果が一致し、Agent[02]の占いは真実である可能性が高いと判断した。しかし、Agent[05]は根拠もなくAgent[02]を人狼と断定し、矛盾した行動を取っている。故に、Agent[05]は狂人であろうと推測し、投票対象としたなり。
1,talk,20,4,1,Over
1,talk,21,4,5,みんな、Agent[02]の主張には矛盾多いのだ！彼を人狼と確信しているから、今日の投票で彼に入れてほしいのだ。正しい選択しよう！
1,vote,1,5
1,vote,2,5
1,vote,3,1
1,vote,4,5
1,vote,5,2
1,execute,5,WEREWOLF
2,status,1,POSSESSED,ALIVE,sUper_IL1
2,status,2,SEER,ALIVE,UEC-IL1
2,status,3,VILLAGER,ALIVE,Mille1
2,status,4,VILLAGER,ALIVE,CanisLupus1
2,status,5,WEREWOLF,DEAD,satozaki1
2,result,4,0,VILLAGER