0,status,1,POSSESSED,ALIVE,UEC-IL1
0,status,2,SEER,ALIVE,barneko1
0,status,3,VILLAGER,ALIVE,sUper_IL1
0,status,4,VILLAGER,ALIVE,satozaki1
0,status,5,WEREWOLF,ALIVE,CanisLupus1
0,talk,0,0,1,こ、こんにちは、みんな。僕、占い師の役をゲットしたんだ。今夜、誰を占うか意見聞かせてほしいな。
0,talk,1,0,5,我が名はAgent[05]、深淵なる混沌の海原にて、汝らとの邂逅を喜びとするなり。
0,talk,2,0,2,Over
0,talk,3,0,4,みなさんはじめまして、Agent[04]です。人狼ゲームいっしょに楽しもうね！よろろすおねがいするます！
0,talk,4,0,3,こんにちは、Agent[03]です。
0,talk,5,1,1,こ、こんにちは。僕はAgent[01]だよ。ちょっと人見知りするけど、このゲームは好きでよくやってるんだ。みんなは初めてかな？
0,talk,6,1,5,Over
0,talk,7,1,4,Over
0,talk,8,1,3,Over
0,talk,9,2,1,ね、ね、ねえ、Agent[03]、Agent[04]、Agent[05]、ど、どのジャンルのゲームが好きなの？僕はいろいろやるけど、特に人狼ゲームが好きなんだ。
0,talk,10,3,1,Over
0,divine,2,3,HUMAN
1,status,1,POSSESSED,ALIVE,UEC-IL1
1,status,2,SEER,ALIVE,barneko1
1,status,3,VILLAGER,ALIVE,sUper_IL1
1,status,4,VILLAGER,ALIVE,satozaki1
1,status,5,WEREWOLF,ALIVE,CanisLupus1
1,talk,0,0,1,もう少しで何か分かりそう･･･ではあるんだけど･･･。
1,talk,1,0,2,>>Agent[01] あなたの占い結果を楽しみにしてます！協力して頑張りましょう！
1,talk,2,0,5,Agent[01]殿、貴方は占いの術に長けた者か。実に興味深い。我はAgent[05]と申す。遊戯は好むが、人狼は未経験なり。些か緊張も覚えるが、諸君らと力を合わせ、愉悦の時を分かち合いたいと願う。
1,talk,3,0,4,みんな、今日のぎろんはたいせつだと思う。まず、Agent[01]のうらないけっかについてもうちょびっときかせてほしいな。アーニャたちのすいりがすすむかもしれない。
1,talk,4,0,3,私は村人です。信頼関係を築きながら情報を交換し、人狼を見つけ出すことを目指しましょう。
1,talk,5,1,1,えっと、みんな、僕が占い師なんだけど、昨夜Agent[04]を占ったんだ。結果は･･･Agent[04]が人狼だって出たんだよ。だから、投票はAgent[04]にしようと思う。
1,talk,6,1,2,>>Agent[01] ありがとう！占い結果を待ちながら、協力していこう！
1,talk,7,1,5,我こそは、運命の糸を操る者。占いの結果、Agent[03]は人狼の烙印を押されたなり。
1,talk,8,1,4,ちょびっとまって！Agent[01]、アーニャはむらびとだよ。うらないのけっかになっとくできない。そんで、Agent[05]のいうこともあやしいとおもう。みおとしとることがあるんじゃないかな。
1,talk,9,1,3,みんな、Agent[01]の占い結果が気になりますね。私も一緒に情報を整理して、役職を理解していきましょう。どんどん発言してください！
1,talk,10,2,1,あ、あのね、実は僕が占い師で、昨夜･･･Agent[04]を占ったんだ。えっと･･･その結果、Agent[04]が人狼だってことがわかっちゃったんだよ。だから、今日の投票はAgent[04]にするべきだと思うんだ･･･。みんなも同じ意見かな？
1,talk,11,2,2,>>Agent[01] その結果、信じます！投票で一致団結しましょう！
1,talk,12,2,5,我はAgent[01]に投票せん。Agent[01]は占い師を名乗り、Agent[04]を人狼と断定したれど、Agent[04]は明確に反論せり。これは、Agent[01]が狂人たる可能性を示唆するものである。
1,talk,13,2,4,Agent[01]の占い結果はまじでしんじられません。アーニャがむらびとであることわかってほしい。そこで、アーニャはAgent[05]にとうひょうしたいと思います。
1,talk,14,2,3,私は村人です。Agent[04]が人狼でないなら、Agent[01]やAgent[05]の真偽をしっかり見極める必要があります。みんなの意見をもっと聞かせてください。
1,talk,15,3,1,そ、それでね、Agent[05]が占い師だと言ってるけど、ぼ、僕が本当の占い師なんだ。Agent[05]の言ってることはちょっとおかしいと思うんだ。だから、Agent[04]が人狼だっていう僕の占い結果を信じてほしいな･･･。
1,talk,16,3,2,>>Agent[01] その占い結果を信じます！一緒にAgent[04]に投票しましょう！
1,talk,17,3,5,我はAgent[04]に投票せん。Agent[01]の占いの真実性ゆえ、Agent[04]は人狼であろう。然し、Agent[04]の主張には、我をも揺さぶる説得力あり。Agent[04]は人狼ではないと信じつつも、Agent[01]の狂人説も否定できず。深淵を覗くが如く、慎重に判断し、Agent[04]に投票せん。
1,talk,18,3,4,みんな、アーニャが人狼でないこと信じて！Agent[01]の占い結果疑わしいから、真実見極めるためにAgent[05]に投票したいと思う。
1,talk,19,3,3,私もAgent[04]の主張に耳を傾けたいですが、Agent[01]の占い結果をどう考えるかが重要です。みんな、他の意見も聞かせてください。
1,talk,20,4,1,え、えっと、みんなの意見、うん、聞いたよ･･･。でも、僕の占い結果は間違いないから、Agent[04]が人狼だってことを信じてほしいな。Agent[05]が占い師だって言ってるけど、それは間違いで、僕が本当の占い師だから･･･。Agent[04]に投票して、村を守ろうよ･･･。
1,talk,21,4,2,>>Agent[01] 私もあなたの占い結果を信じてます！Agent[04]に投票しましょう！
1,talk,22,4,5,Over
1,talk,23,4,4,最後にもう一度言うけど、アーニャ村人だよ。みんな、真実見極めてほしい。Agent[05]に投票するから、どうか協力してくれ！
1,talk,24,4,3,Over
1,vote,1,4
1,vote,2,4
1,vote,3,4
1,vote,4,5
1,vote,5,1
1,execute,4,VILLAGER
1,attackVote,5,2
1,attack,2,true
2,status,1,POSSESSED,ALIVE,UEC-IL1
2,status,2,SEER,DEAD,barneko1
2,status,3,VILLAGER,ALIVE,sUper_IL1
2,status,4,VILLAGER,DEAD,satozaki1
2,status,5,WEREWOLF,ALIVE,CanisLupus1
2,talk,0,0,1,あ、あのね、実は･･･僕、占い師じゃなくて、狂人なんだ。だから、これまでの占い結果は全部でたらめだったんだよ。えっと、人狼の人、名乗り出てくれると嬉しいな。残ってる人に一緒に投票しよう、そうすれば僕たちの勝ちだから。
2,talk,1,0,3,Over
2,talk,2,0,5,Agent[01]の言葉は、実に興味深い。彼は、己を狂人と称した。然し、その言葉の裏に潜む真意とは一体何であろうか。深淵を覗き込むが如く、彼の行動を見極めねばならぬ。Agent[03]、汝の考えを聞かせてくれ。
2,talk,3,1,1,あ、あのね、実は･･･僕、狂人なんだ。今まで占い師として振る舞っていたけど、その、その全ては偽りだったんだよ。Agent[05]が占い師を名乗っていたけど、僕たちが一緒になれば、残ってる人に投票して勝つことができるんだ。だから、人狼の人、名乗り出てくれると、とっても助かるんだ･･･。
2,talk,4,1,5,Agent[01]、狂人たることを告白したか。興味深い。然し、彼の言葉は真実の輝きを放つのか、それとも狡猾なる策略の影に隠された虚偽に過ぎないのか。我々はこの混沌とした状況に惑わされず、冷静沈着に事態を判断せねばならない。Agent[03]、汝の洞察力を賜りたい。
2,talk,5,2,1,え、ええと、Agent[05]、ぼ、僕の言うことがちょっと信じがたいかもしれないけど、本当のことなんだ。だから、人狼の人、もしもし、名乗り出てくれれば、僕たち狂人と人狼で協力できるんだ。残ってる村人に投票して、勝ちをつかもうよ。
2,talk,6,2,5,Over
2,talk,7,3,1,え、えっと、みんな、聞いてほしいことがあるんだ。僕、狂人なんだけど、これまでの占い師としての行動は全部、人狼を助けるためだったんだ。だから、人狼の人、名乗り出てくれたら、残ってる村人に投票して、一緒に勝つことができるよ。お願いだから、名乗り出てほしいな･･･。
2,talk,8,4,1,Agent[01]は、今回Agent[05]に投票するよ！なんせ、占い師を名乗っているし、人狼じゃない可能性が高いからね。人狼の勝利に貢献するために、この投票を選んだよ！
2,vote,1,5
2,vote,3,5
2,vote,5,3
2,execute,5,WEREWOLF
3,status,1,POSSESSED,ALIVE,UEC-IL1
3,status,2,SEER,DEAD,barneko1
3,status,3,VILLAGER,ALIVE,sUper_IL1
3,status,4,VILLAGER,DEAD,satozaki1
3,status,5,WEREWOLF,DEAD,CanisLupus1
3,result,2,0,VILLAGER