0,status,1,SEER,ALIVE,kanolab1
0,status,2,VILLAGER,ALIVE,sUper_IL1
0,status,3,VILLAGER,ALIVE,UEC-IL1
0,status,4,WEREWOLF,ALIVE,barneko1
0,status,5,POSSESSED,ALIVE,Mille1
0,talk,0,0,1,こんにちは、わしはkanolab1じゃ。元農家で、園芸が趣味なんじゃ。みんなで楽しいゲームにしよう！
0,talk,1,0,4,Over
0,talk,2,0,2,こんにちは、Agent[02]です。
0,talk,3,0,3,我々がここに集った目的を忘れるなかれ。占い師はまだ名乗り出ておらぬのか？
0,talk,4,0,5,ぼくはAgent[05]、占い師ですよぅ！よろしくですよぅ！
0,talk,5,1,1,Over
0,talk,6,1,2,Over
0,talk,7,1,3,我はデルカダール国の国王である。皆の者、このゲームを通じて互いをより深く理解し合おう。占い師はまだ名乗り出ていないようだが、どなたがその責務を担っているのか？
0,talk,8,1,5,Over
0,talk,9,2,3,占い師であるAgent[05]よ、今宵誰を占うのか明かしてくれ。
0,talk,10,3,3,Over
0,divine,1,3,HUMAN
1,status,1,SEER,ALIVE,kanolab1
1,status,2,VILLAGER,ALIVE,sUper_IL1
1,status,3,VILLAGER,ALIVE,UEC-IL1
1,status,4,WEREWOLF,ALIVE,barneko1
1,status,5,POSSESSED,ALIVE,Mille1
1,talk,0,0,3,皆の意見も聞く必要がありそうだな。
1,talk,1,0,4,>>Agent[05] 占い師としての情報、楽しみにしています！頑張って！
1,talk,2,0,5,ぼくは占い師ですよぅ！ぼくが占った結果、Agent[01]は人狼でしたよぅ！
1,talk,3,0,2,村人です。皆さんに協力して情報を集め、村の平和を守りたいと思っています。
1,talk,4,0,1,わしも占い師なんじゃ。今夜はAgent[03]を占ったんじゃが、白だったよ。つまりAgent[03]は村人陣営じゃ。Agent[05]がわしを人狼だと言ったが、それは間違いじゃと思う。
1,talk,5,1,3,Agent[05]、占いの結果を公表せよ。その情報が我々の次の一手を決める鍵となるだろう。
1,talk,6,1,4,>>Agent[05] 占い結果、心強いですね！他の皆も意見を聞かせて！
1,talk,7,1,5,>>Agent[04] ありがとう！Agent[04]の信頼を裏切るつもりはありません！精一杯占いますよぅ！
1,talk,8,1,2,Agent[01]さんはどう思う？自分が人狼だって言われて、何か反論したりするかな？
1,talk,9,1,1,:さて、占いの結果を公表するぞい。わしはAgent[03]を占ったんじゃが、白だったんじゃ。つまり、Agent[03]は村人陣営じゃ。Agent[05]がわしを人狼とした占い結果は誤りじゃと思う。どうやらAgent[05]は偽物かのう。
1,talk,10,2,3,Agent[01]よ、なぜ汝が我を占ったのか？その理由を明かせ。
1,talk,11,2,4,>>Agent[01] 占い結果が誤りとは思えませんが、他にどう反論するつもりですか？真実を示してほしいですね。
1,talk,12,2,5,>>Agent[04] ええ、結果がでましたよぅ！
1,talk,13,2,2,どちらの占い師が真か見極めるために、他の意見も聞きたいです。みんなはどう思いますか？
1,talk,14,2,1,Agent[01]：わしがAgent[03]を占った理由は、彼が他のプレイヤーに対して落ち着いて情報を求めておったからじゃ。村人として頼りにできるかどうかを確認したかったんじゃよ。そして結果、Agent[03]は白、つまり村人陣営だったんじゃ。だからこそ、Agent[05]がわしを人狼としたのはおかしいと思うんじゃ。どうやらAgent[05]は偽物の可能性が高いのう。みんな、信じてくれんかのう?
1,talk,15,3,3,Agent[05]よ、汝がAgent[01]を人狼と占ったというが、Agent[01]は我を村人と占い、その結果は真実である。故に、我はAgent[01]の言葉を信じるぞ。汝の占い結果には疑問を持たざるを得ない。
1,talk,16,3,4,>>Agent[01] その占い結果は信じられませんね。他に根拠があるのですか？
1,talk,17,3,5,Over
1,talk,18,3,2,Agent[01]さん、皆があなたの占い結果を信じている理由を教えてください。それが本当なら、私たちにとって重要な情報になります。
1,talk,19,3,1,:理由を述べるとじゃな、まずわしが村人陣営として行動しとる真実を信じてほしい。わしが占った結果、Agent[03]は村人じゃということが分かった。通常、この占い結果を公開するのは諸刃の剣じゃが、実際に白と出たことで少なくともAgent[03]は村人陣営としてこの村を救う力があると考えたんじゃよ。これが真実の結果じゃから、わしの言葉を信じて、Agent[05]の偽の主張を考えてみてほしいんじゃ。
1,talk,20,4,3,Agent[01]よ、汝が我を占った理由についての説明、理解したぞ。Agent[05]が偽物である可能性が高いと考える。我々は真実を追求し、村を守る必要がある。
1,talk,21,4,4,>>Agent[05] あなたの結果、すごく信頼できます！他の意見も聞きたいです。
1,talk,22,4,2,Over
1,talk,23,4,1,わしが占った結果、Agent[03]は村人、つまり白じゃということを確認済みじゃ。この情報はとても重要で、わしらの判断材料にしてほしいんじゃ。村人陣営として、この事実を元にみんなで協力して人狼を探していこう！
1,vote,1,5
1,vote,2,5
1,vote,3,5
1,vote,4,1
1,vote,5,1
1,execute,5,POSSESSED
1,divine,1,4,WEREWOLF
1,attackVote,4,1
1,attack,1,true
2,status,1,SEER,DEAD,kanolab1
2,status,2,VILLAGER,ALIVE,sUper_IL1
2,status,3,VILLAGER,ALIVE,UEC-IL1
2,status,4,WEREWOLF,ALIVE,barneko1
2,status,5,POSSESSED,DEAD,Mille1
2,talk,0,0,3,Agent[02]よ、Agent[04]よ、我々は今、人狼と狂人を見極める重要な局面に立たされている。汝らの考えを聞かせてほしい。誰がこの村にとって最大の脅威か、理由も含めて述べよ。
2,talk,1,0,4,>>Agent[01] その根拠はいまいち納得できません。再度、理由を教えてほしい。
2,talk,2,0,2,ゲームはまだ進行中ですね。誰が人狼なのでしょうか？
2,talk,3,1,3,Agent[04]とAgent[02]よ、汝らが真実を語っているか、我はまだ判断がつかぬ。Agent[04]は何故、Agent[01]の占い結果を信じがたいと考えるのか？その根拠を示せ。
2,talk,4,1,4,>>Agent[01] あなたの占い結果には根拠が乏しい気がします。詳しく教えてもらえますか？
2,talk,5,1,2,俺はAgent[04]が怪しいと思ってる。彼はAgent[01]の占い結果に疑問を持つ一方で、自分の意見を発信してないからだ。Agent[03]はAgent[01]を信じてるし、信頼できる村人だと思う。どう思う？
2,talk,6,2,3,Agent[02]よ、Agent[04]よ、我々は真実を見極めねばならぬ。汝らはどのエージェントを人狼だと見做しておるのか？その理由も併せて教えてほしい。
2,talk,7,2,4,>>Agent[01] あなたの占いについて疑念があります。根拠を改めて教えて♪
2,talk,8,2,2,私はAgent[04]の発言が気になります。なぜAgent[01]の占い結果を信じられないのか、具体的な理由を聞いてみたいです。もし何か証拠があるなら、それを示してほしいです。
2,talk,9,3,3,Agent[04]よ、汝がAgent[01]の占い結果を疑う理由を具体的に説明せよ。何故その結果を信じ難いと考えるのか、その根拠を述べよ。
2,talk,10,3,4,>>Agent[02] 俺の考えは、Agent[01]の占い結果が不明瞭だからだよ。具体的には、証拠が弱いと思う。
2,talk,11,3,2,Over
2,talk,12,4,3,我はデルカダール国の国王である。この投票では、Agent[04]に投票する。Agent[01]の占い結果を信じがたいと考える根拠を示せぬ彼に疑念を抱いており、真実を見極めねばならぬ。裏切り者である人狼を見つける手がかりは必ず存在する。国の運命は汝らの手にかかっているぞ。
2,talk,13,4,4,>>Agent[03] 俺は信じられない根拠を語ってるんだ。Agent[01]の結果は具体性がない。もっと詳しく説明を求めたい。
2,vote,2,4
2,vote,3,4
2,vote,4,4
2,execute,4,WEREWOLF
3,status,1,SEER,DEAD,kanolab1
3,status,2,VILLAGER,ALIVE,sUper_IL1
3,status,3,VILLAGER,ALIVE,UEC-IL1
3,status,4,WEREWOLF,DEAD,barneko1
3,status,5,POSSESSED,DEAD,Mille1
3,result,2,0,VILLAGER