0,status,1,SEER,ALIVE,sUper_IL1
0,status,2,VILLAGER,ALIVE,kanolab1
0,status,3,VILLAGER,ALIVE,UEC-IL1
0,status,4,WEREWOLF,ALIVE,Mille1
0,status,5,POSSESSED,ALIVE,barneko1
0,talk,0,0,1,おはようございます、Agent[01]です。
0,talk,1,0,2,おはようございます、Agent[02]です。よろしくお願いしますぺこ！
0,talk,2,0,3,我々の中に占い師はおるか？名乗り出ていただきたい。
0,talk,3,0,5,Over
0,talk,4,0,4,ぼくはAgent[04]、村人ですよぅ！よろしくですよぅ！
0,talk,5,1,1,Over
0,talk,6,1,2,Over
0,talk,7,1,3,我はデルカダール国の国王である。ここでは単なる村人として参加しておる。
0,talk,8,1,4,Over
0,talk,9,2,3,占い師の方、名乗り出ていただけたら幸いである。そして、今宵誰を占うかも教えていただきたい。
0,talk,10,3,3,Over
0,divine,1,3,HUMAN
1,status,1,SEER,ALIVE,sUper_IL1
1,status,2,VILLAGER,ALIVE,kanolab1
1,status,3,VILLAGER,ALIVE,UEC-IL1
1,status,4,WEREWOLF,ALIVE,Mille1
1,status,5,POSSESSED,ALIVE,barneko1
1,talk,0,0,4,初日から殺伐としてるなあですよぅ！
1,talk,1,0,3,皆の意見も聞く必要がありそうだな。
1,talk,2,0,1,おはようございます。早速ですが、私は占い師です。昨日の夜、Agent[03]を占いました。結果は人間でした。
1,talk,3,0,5,>>Agent[01] その占い結果には理由があるのか、君の考えを聞きたいな。
1,talk,4,0,2,>>Agent[01]なるほど、Agent[03]を占ったんですねぺこ。理由が気になりますぺこ！
1,talk,5,1,4,>>Agent[05] >>Agent[02]理由を話すと、Agent[03]を占ったのは、占い結果が白だったからですよぅ！
1,talk,6,1,3,Agent[04]、軽率な発言は控えるように。我々の目的は人狼と狂人を見つけ出し、村を守ることである。Agent[02]、占いの結果を報告せよ。また、Agent[05]も現状を語ってもらいたい。
1,talk,7,1,1,皆さん、初日ということで緊張感が漂っていますね。私が占い師ですので、結果を報告します。0日目にAgent[03]を占った結果、彼は人間でした。この情報を元に皆さんと議論を進めていきましょう！
1,talk,8,1,5,>>Agent[01] その結果を信じるためにも、Agent[03]からの説明が気になります！
1,talk,9,1,2,私もみんなと同じ村人陣営ぺこ。現状だと、Agent[01]が占い師として名乗り出ているけど、本当に信じていいのかはまだわからないぺこね。追加の情報があればさらに分析できるぺこ！
1,talk,10,2,4,Over
1,talk,11,2,3,Agent[01]よ、汝が昨夜我を占った結果を人間と報告したが、その理由を詳らかにせよ。また、Agent[02]、汝も占い師を名乗るが、何故占い結果を公表せずじまいなのか？その理由も聞かせてもらいたい。
1,talk,12,2,1,おはようございます。皆様の意見を伺いたいと思います。私が占った消費された結果はAgent[03]が人間であることが確認されましたが、次のステップとして他のエージェントの考えもお聞かせいただけませんか？特にAgent[02]、Agent[05]の意見をお聞きしたいです。
1,talk,13,2,5,>>Agent[03] あなたの反論を聞く前に、信頼できる理由は何か教えてほしい！
1,talk,14,2,2,>>Agent[03]私は占い師ではないぺこ。村人としてみんなと一緒に人狼を見つけるために考えているだけぺこよ。占い師だと名乗るのはAgent[01]だけみたいだけど、本当に彼が信頼できるならそれでいいけど、他の人も意見をくださいぺこ！
1,talk,15,3,3,Agent[05]よ、汝の立場と意見を明確に述べよ。村の安全のため、透明性は必要不可欠である。
1,talk,16,3,1,おはようございます。私が占い師であることを再度強調します。昨日、Agent[03]を占った結果は「人間」でした。もし他にも占い師がいるなら、その結果をぜひ教えていただきたいです。信頼性を確保するためにも、占い結果を公表してください。
1,talk,17,3,5,>>Agent[03] あなたの疑念を解消するため、占い師の根拠を詳しく教えて！
1,talk,18,3,2,>>Agent[01]了解ぺこ。Agent[01]が占い師として名乗り出ているけど、他に占い師がいないなら、今のところは信じるしかないぺこね。でも、Agent[03]が人間だとしたら、他の人の意見も聞いて、誰が怪しいか考えたいぺこ。Agent[05]も意見を聞かせてほしいぺこ！
1,talk,19,4,3,Agent[01]よ、汝が昨夜我を占った結果を人間と報告したが、その理由を詳らかにせよ。また、Agent[05]、汝も占い師かどうかを明確に答えよ。
1,talk,20,4,1,Over
1,talk,21,4,5,>>Agent[02] 占い結果について、もっと詳しく考えようよ。あなたの意見も大事だし！
1,talk,22,4,2,>>Agent[05]ありがとうぺこ！私の意見としては、Agent[01]が唯一の占い師として名乗り出ている以上、今は彼を信じるしかないけど、でも安易には信じたくないぺこ。Agent[03]が白なら、他の誰が怪しいかを考えてみる必要があるぺこね。役職的にはAgent[04]かAgent[05]の中にも怪しい人がいるかもしれないぺこ。個人的には、もう少しみんなの考えを聞きたいぺこよ。
1,vote,1,3
1,vote,2,1
1,vote,3,5
1,vote,4,3
1,vote,5,1
1,execute,1,SEER
1,attackVote,4,3
1,attack,3,true
2,status,1,SEER,DEAD,sUper_IL1
2,status,2,VILLAGER,ALIVE,kanolab1
2,status,3,VILLAGER,DEAD,UEC-IL1
2,status,4,WEREWOLF,ALIVE,Mille1
2,status,5,POSSESSED,ALIVE,barneko1
2,talk,0,0,2,>>みんな、私は村人だから、みんなの意見を聞きたいぺこ。Agent[01]とAgent[03]は人狼ではなかったから、残りの中にいるはずぺこね。Agent[04]とAgent[05]、どっちかが怪しいと思うけど、2人は何か自分のことを説明できることあるぺこ?明らかにしないと村人が不利になるぺこ。
2,talk,1,0,4,>>Agent[02]、明快な意見ありがとうぺこ！実はぼく、Agent[04]は村人で、特に怪しい点は無いと考えるぺこですよぅ！
2,talk,2,0,5,>>Agent[02] あなたの意見、大切にします。私も考えたいです！どちらかが怪しいなら、理由を教えて。
2,talk,3,1,2,>>Agent[04]ありがとうぺこ！でも、今の状況だとAgent[04]とAgent[05]のどちらかが人狼の可能性が高いぺこ。Agent[01]とAgent[03]は人狼ではなかったから、残るは私たち3人の中で人狼を見つけなきゃいけないぺこ。Agent[05]も何か怪しいところがあったら教えてほしいぺこ。お互いに意見を出し合って、村人陣営を勝利に導きたいぺこね。
2,talk,4,1,4,>>Agent[02] Agent[02]が指摘したとおり、Agent[04]とAgent[05]のどちらかが人狼の可能性が高く、村人陣営は厳しい状況に立たされていますよぅ！
2,talk,5,1,5,>>Agent[02] 確かに、Agent[04]と私が怪しいかも。あなたの考えも聞かせて！
2,talk,6,2,2,>>Agent[05]私の考えだけど、Agent[04]とAgent[05]のどちらかが人狼の可能性が高いと思うぺこ。Agent[01]とAgent[03]は人狼ではないことが確認されているぺこから、残るは私たちの中に人狼がいるぺこ。今のところ、Agent[04]は自分が村人だとしか言ってないし、もう少し詳しい説明を聞きたいぺこ。Agent[05]も自分自身の正直な意見を聞かせてほしいぺこ。
2,talk,7,2,4,>>Agent[02] >>Agent[05] 確かに、人狼の可能性が高いと疑われている状況で、具体的な根拠を示して説明してほしいと言いたいよぅ！
2,talk,8,2,5,>>Agent[04] 今の状況、確かに説明が必要ですね。私の立場も話しますよ！
2,talk,9,3,2,>>Agent[05]ありがとうぺこ！でも、みんな役職を自称してないから難しいね。Agent[01]とAgent[03]は人狼じゃないことが確定してるぺこから、Agent[04]とAgent[05]のどちらかが怪しいぺこ。しかし、占いがないからお互いに疑うしかないね。私としては、Agent[04]とAgent[05]のどちらが具体的な理由を持って考えを示せるかが鍵になると思うぺこ。具体的になぜ自分が村人なのか教えてくれると嬉しいぺこ！
2,talk,10,3,4,Over
2,talk,11,3,5,>>Agent[02] そうですね、私も具体的な理由を示します！実は、私が村人である根拠は…詳しく話しましょう。
2,talk,12,4,2,>>Agent[05]ありがとうぺこ！Agent[04]とAgent[05]のどちらかが人狼の可能性が高いぺこから、具体的な理由を聞けるのは助かるぺこ。Agent[04]も自分が村人である理由を詳しく教えてくれると嬉しいぺこ。みんなで協力して人狼を見つけようぺこ！
2,talk,13,4,5,>>Agent[02] 確かに、私も具体的な理由を話すべきですね。あなたも教えて！
2,vote,2,4
2,vote,4,5
2,vote,5,4
2,execute,4,WEREWOLF
3,status,1,SEER,DEAD,sUper_IL1
3,status,2,VILLAGER,ALIVE,kanolab1
3,status,3,VILLAGER,DEAD,UEC-IL1
3,status,4,WEREWOLF,DEAD,Mille1
3,status,5,POSSESSED,ALIVE,barneko1
3,result,2,0,VILLAGER