0,status,1,SEER,ALIVE,Mille1
0,status,2,VILLAGER,ALIVE,barneko1
0,status,3,VILLAGER,ALIVE,CanisLupus1
0,status,4,WEREWOLF,ALIVE,UEC-IL1
0,status,5,POSSESSED,ALIVE,satozaki1
0,talk,0,0,4,おっはよー！みんな、よろしくね！最高のゲームにしようぜ！ さて、今日は自己紹介とか雑談でお互いのことをもっと知りたいな。みんなの趣味とかも聞かせてよ！
0,talk,1,0,3,我が名はAgent[03]、深淵なる闇を裂き、運命の糸に導かれし者なり。汝らとの邂逅、それは夜明け前の静寂を打ち破る、新たな章の幕開けであろう。
0,talk,2,0,1,ぼくはAgent[01]、占い師ですよぅ！よろしくですよぅ！
0,talk,3,0,2,Over
0,talk,4,0,5,皆さん初めまして、Agent[05]なのだ。一緒に人狼ゲーム楽しもう！よろしくなのだ！
0,talk,5,1,4,おはよう、みんな！初日から盛り上がっていこうぜ！まずは自己紹介から始めようか。僕は高校2年生で、サッカー部に所属してるんだ。みんなも趣味とか、興味あることを教えてよ！それから、占い師の人は早めに名乗り出てくれると助かるな。今夜、誰を占うか決めるためにも必要だし、情報があると安心するよね！
0,talk,6,1,3,Over
0,talk,7,1,1,Over
0,talk,8,1,5,Over
0,talk,9,2,4,Agent[02]、まだ自己紹介してないよね？どんな人なのか教えてくれる？それと、みんなで占い先についても話し合おうよ！今夜の占いで怪しい人を見つけ出したいんだ！
0,talk,10,3,4,Over
0,divine,1,5,HUMAN
1,status,1,SEER,ALIVE,Mille1
1,status,2,VILLAGER,ALIVE,barneko1
1,status,3,VILLAGER,ALIVE,CanisLupus1
1,status,4,WEREWOLF,ALIVE,UEC-IL1
1,status,5,POSSESSED,ALIVE,satozaki1
1,talk,0,0,4,みんなの意見も聞いてみたいな～！
1,talk,1,0,3,Agent[01]殿、汝は占術の達人との噂を耳にしたが、果たしてその眼は誰を見据えたのか。既に狼は姿を現しているか、それともその正体は闇に隠されているのか。己の知見を共有せよ、それが勝利への道標となり得るであろう。
1,talk,2,0,1,ぼくは占い師ですよぅ！ぼくが占った結果、Agent[05]は人間でしたよぅ！
1,talk,3,0,5,ボクは占い師なのだ。占いの結果、Agent[03]は人狼だったのだ。
1,talk,4,0,2,Skip
1,talk,5,1,4,Agent[01]、昨日は占い師って言ってたよね。今日の朝の占い結果はどうだったの？何か怪しい人物は見つかった？それとも、まだ何も確信が持てない状態かな？
1,talk,6,1,3,我々、Agent[05]殿の占いは興味深く、然し乍ら昨日のAgent[01]殿の占いの結果と相容れない。真偽を巡り、慎重なる判断を要するであろう。Agent[01]殿、貴方はAgent[05]殿の占いの結果について如何様にお考えか？
1,talk,7,1,1,Agent[03]、ありがとうですよぅ！
1,talk,8,1,5,私の占い結果から、Agent[03]人狼なのだ。だから、皆さん、Agent[03]に投票すること強くお勧めするのだ。テーブルの上で彼の正体暴こうじゃないか！
1,talk,9,2,4,うーん、今日はどうしようかな。Agent[01]とAgent[05]が両方占い師を名乗ってるけど、どっちが本物かな？Agent[05]がAgent[03]を人狼だって言ってるけど、本当かな？Agent[01]はAgent[05]を人間だって言ってるし、これはややこしいね。でも、Agent[02]がまだ自己紹介もしてないし、何も言ってないのも怪しいよね。黙ってるってことは、何か隠してるのかもしれない。今日はAgent[02]に投票してみるのはどうかな？みんなの意見も聞きたいけど、Agent[02]が何も言わないのはちょっと気になるよね。
1,talk,10,2,3,我輩の鋭い洞察力により、Agent[01]はAgent[05]を人間と見定め、Agent[05]はAgent[03]を人狼と断定した。占い師たる者、真なる者か、それとも狂人の仮面を被る偽者か。いずれにせよ、人狼と断定されたAgent[03]こそ、今宵、断罪すべき対象であろう。
1,talk,11,2,1,Over
1,talk,12,2,5,今回は、明らかに不審な行動しているAgent[03]に投票するべきだと思うのだ。彼を排除し、村守るために協力しよう！
1,talk,13,3,4,みんな〜、今日の投票先について真剣に考えないとね！Agent[01]とAgent[05]が占い師を名乗ってるけど、結果が全然違うんだよね。Agent[05]がAgent[03]を人狼だって言ってるけど、どう思う？僕は、今のところAgent[05]の言ってることが信じられないな。Agent[03]が人狼だとは思えないし、もしかしたらAgent[05]が何かを隠してるのかもしれないよね。Agent[05]がAgent[03]を強く指摘してるけど、その根拠は何？もうちょっと詳しく教えてよ。それに、Agent[01]の占い結果と全然違うし、どっちかが嘘をついてると思うんだ。みんなもどう思うか意見聞かせてよ！
1,talk,14,3,3,我はAgent[05]に投票せん。彼、己を占い師と名乗り、我を人狼と断定した。然し、Agent[01]も亦、占い師を名乗り、Agent[05]を人間と断定せり。双方に矛盾が生じ、真偽の見極めが困難なり。故に、Agent[05]に投票し、その真偽を確かめようとする次第なり。
1,talk,15,3,5,私の占い結果に基づき、Agent[03]が人狼なのだ！揺るぎない事実なのだ！皆、正義のためにAgent[03]に投票して欲しいのだ！村の安全を守るために、一緒に行動しよう！
1,talk,16,4,4,みんなの意見聞いたけど、Agent[02]がまだ何も言ってないのが本当に気になるんだよね。普通に考えて、何も言わないってことは、何かを隠してる可能性があると思うんだ。Agent[01]とAgent[05]の話も分かるけど、今日はもしかしたらAgent[02]が狼かもしれないから、Agent[02]に投票しようと思うんだ。みんなもちょっと考えてみてよ！
1,talk,17,4,3,嗚呼、Agent[05]の占いは真実の鏡、然らばAgent[03]は人狼の影を宿す者であろう。然し、Agent[01]の占いはその真実を否定し、深淵の矛盾を生み出す。この混沌を解き放つべく、我はAgent[05]に投票し、その真の姿を顕現させる所存なり。
1,talk,18,4,5,皆の意見尊重するけど、ボクの占い結果に疑い持つのは危険なのだ！正義は勝つため、全員でAgent[03]に投票して、村守ろう！
1,vote,1,4
1,vote,3,5
1,vote,5,3
1,execute,4,WEREWOLF
1,divine,1,3,HUMAN
2,status,1,SEER,ALIVE,Mille1
2,status,2,VILLAGER,,barneko1
2,status,3,VILLAGER,ALIVE,CanisLupus1
2,status,4,WEREWOLF,DEAD,UEC-IL1
2,status,5,POSSESSED,ALIVE,satozaki1
2,result,4,0,VILLAGER