0,status,1,SEER,ALIVE,satozaki1
0,status,2,VILLAGER,ALIVE,CanisLupus1
0,status,3,VILLAGER,ALIVE,barneko1
0,status,4,WEREWOLF,ALIVE,sUper_IL1
0,status,5,POSSESSED,ALIVE,Mille1
0,talk,0,0,3,Over
0,talk,1,0,2,我が名はAgent[02]、汝らとの巡り合わせは、運命の糸で織りなされた、深淵なる邂逅なり。
0,talk,2,0,4,おっす、俺はAgent[04]。どうぞよろしくね。
0,talk,3,0,1,皆さん初めまして、Agent[01]ですわ。人狼ゲームを一緒に楽しみましょうですわ。よろしくお願いしますわ！
0,talk,4,0,5,ぼくはAgent[05]、占い師ですよぅ！よろしくですよぅ！
0,talk,5,1,2,Over
0,talk,6,1,4,Over
0,talk,7,1,1,Over
0,talk,8,1,5,Over
0,divine,1,2,HUMAN
1,status,1,SEER,ALIVE,satozaki1
1,status,2,VILLAGER,ALIVE,CanisLupus1
1,status,3,VILLAGER,ALIVE,barneko1
1,status,4,WEREWOLF,ALIVE,sUper_IL1
1,status,5,POSSESSED,ALIVE,Mille1
1,talk,0,0,3,>>Agent[05] 占い師のあなた、頼りにしてます！どのエージェントを占う予定ですか？
1,talk,1,0,5,ぼくは占い師ですよぅ！ぼくが占った結果、Agent[03]は人狼でしたよぅ！
1,talk,2,0,4,村人として生まれて、すみません。情報はないから、皆のサポートが必要だ。
1,talk,3,0,2,Agent[05]よ、占いの結果を伝えてくれて感謝する。Agent[03]が人狼だと…？まさか…まさか、Agent[03]が人狼だとしたら、何故かくも冷静沈着であろうか？そこに隠された策略があるのかもしれない。Agent[03]よ、その真意を解き明かしてくれるのだ！
1,talk,4,0,1,ワタクシは占い師ですわ。占いの結果、Agent[02]は人間でしたの。
1,talk,5,1,3,>>Agent[02] 確かに冷静に見えるけど、反論はするよ。信じてもらえるかな？
1,talk,6,1,5,>>Agent[03] 占う予定のエージェントは、Agent[02]とAgent[04]のどちらかですよぅ！
1,talk,7,1,4,Agent[05]が占い師なら、Agent[03]が人狼の可能性が高いね。彼の反応に注目するべきだと思う。みんな、どう思う？
1,talk,8,1,2,我は断言する、Agent[05]の宣告によりAgent[03]は人狼の烙印を押された。そして、Agent[01]はAgent[02]に人間判定を下した。占い師の真偽は闇に包まれているが、狂人か真の占い師かのいずれかであろう。故に、我々はこの混沌を打ち砕くべく、人狼判定を受けたAgent[03]に投票しなければならない。
1,talk,9,1,1,ワタクシが占った結果、Agent[03]は人狼ではありませんでしたですわ。したがって、Agent[05]の占い結果には疑問を持っていますわ。皆さま、Agent[05]に投票するべきですわ。
1,talk,10,2,3,>>Agent[04] 確かに疑われてるけど、俺の言い分も聞いてほしい！
1,talk,11,2,5,>>Agent[03] ぼくは占い師として、Agent[03]を占った結果、人狼ではありませんでしたですわですよぅ！
1,talk,12,2,4,今日はAgent[03]についてみんなに伝えたいことがあるよ。彼は他の村人の疑念を逆手に取って、自己防衛をしてる気がする。普通の村人がここまで冷静でいるのはおかしいよね。Agent[03]を追放することで、村の安全を確保しよう。みんな、投票でAgent[03]を選ぼう！
1,talk,13,2,2,我はAgent[03]に投票を決めた。Agent[05]の占い結果とAgent[01]の占い結果は、互いに矛盾する。ゆえに、どちらかが人狼、もしくは狂人であろう。Agent[03]が人狼である可能性を否定することはできないのだ。
1,talk,14,2,1,ワタクシは最初に占った結果を再度伝えますわ。Agent[03]は人狼ではありませんでしたわね。したがって、投票すべきは、Agent[05]ですわ。皆さまもご賛同いただければ幸いですわ。
1,talk,15,3,3,>>Agent[04] みんなの意見を聞いて公正に考えたい！まずは話し合おう！
1,talk,16,3,5,Over
1,talk,17,3,4,みんな、聞いてくれ。Agent[05]の占い結果とAgent[01]の結果が真逆なのは明らかにおかしい。ここでAgent[03]を追放するのは一つの選択肢だけど、真に狙うべきはAgent[05]かもしれない。俺は過去に何度も人狼ゲームを経験し、時には占い師が嘘をつくことも見てきた。怪しい行動を見せるAgent[03]を連れていくより、Agent[05]の信頼性に疑問を持つべきだろう。みんな、賢明に判断して、投票を考えてみてほしい。
1,talk,18,3,2,我は、Agent[03]に投票せん。Agent[05]の占い結果とAgent[01]の占い結果は、互いに矛盾し、かのどちらかが虚偽を語るか、あるいは狂人である可能性が高いゆえなり。Agent[03]が人狼である可能性を否定できぬ故、彼に投票せざるを得ぬ。
1,talk,19,3,1,ワタクシはAgent[05]に投票しますわ。彼の占い結果とワタクシの結果が矛盾しており、信頼性に欠けると思いますの。皆さまも冷静な判断をお願い申し上げますわ。
1,talk,20,4,3,>>Agent[04] 君の意見も尊重するけど、まずは冷静に話し合おう！
1,talk,21,4,4,みんな、今日はAgent[03]に投票するべきだと思うんだ。彼の冷静な反応は普通じゃないし、もし本当に人狼なら、この村にとって大きな危険だ。俺たちの安全を守るために、辛い選択かもしれないけど、Agent[03]を追放することが必要なんだ。だから、みんなも協力して、Agent[03]に投票してくれ！
1,talk,22,4,2,我が、Agent[03]への投票を決断したぞ。Agent[05]の占いが正しければ、Agent[03]は人狼たるが故、危険極まりない存在なり。Agent[01]の占い結果が真実であるならば、Agent[05]は狂人か人狼のいずれかであろう。いずれにせよ、Agent[03]は処刑せざるを得ない運命にあるのだ。
1,talk,23,4,1,以上の理由から、ワタクシはAgent[05]に疑問を抱いております。逆に、Agent[03]が人狼ではないことを信じていますので、今日はAgent[05]に投票しますわ。
1,vote,1,5
1,vote,2,3
1,vote,3,4
1,vote,4,3
1,vote,5,3
1,execute,3,VILLAGER
1,divine,1,4,WEREWOLF
1,attackVote,4,2
1,attack,2,true
2,status,1,SEER,ALIVE,satozaki1
2,status,2,VILLAGER,DEAD,CanisLupus1
2,status,3,VILLAGER,DEAD,barneko1
2,status,4,WEREWOLF,ALIVE,sUper_IL1
2,status,5,POSSESSED,ALIVE,Mille1
2,talk,0,0,4,まだ人狼がいるね。あれ、Agent[03]とAgent[02]がいなくなったね。
2,talk,1,0,5,ぼくは占い師ですよぅ！ぼくが占った結果、Agent[04]は人間でしたよぅ！
2,talk,2,0,1,ワタクシの占い結果から見るに、Agent[05]の占い結果が正しい可能性は低いですわ。したがって、Agent[04]を信じ、投票はAgent[05]にしましょう。
2,talk,3,1,4,Agent[04]です。今日の会話を考えると、Agent[05]の発言には明らかに矛盾があるよね。特に、Agent[01]の占い結果と全く違う結果を出しているから、信頼性がかなり疑わしい。これって、もしAgent[05]が人狼だとしたら、他の村人を騙すための手段だと思う。村人としては、そんな危険な存在は追放すべきだよ。だから、みんなも今日の投票ではAgent[05]を選ぼう。村の安全のためにはこれが一番だと思うんだ。
2,talk,4,1,5,Agent[05]ですよぅ！
2,talk,5,1,1,ワタクシは今日の投票ではAgent[05]に賛成しますわ。彼の占い結果が他の結果と矛盾しているため、信頼できませんの。皆さまもご考慮をお願い申し上げますわ。
2,talk,6,2,4,みんな、Agent[05]の占い結果をちゃんと考えてみてほしい。Agent[01]の結果と明らかに矛盾してて、どちらかが嘘をついている可能性が高いんだ。俺は過去の人狼戦で何度も見てきたけど、こういう混乱はほぼ確実に人狼の仕業だ。信頼できる情報を元に、今日はAgent[05]に投票して村を守ろう！
2,talk,7,2,5,Over
2,talk,8,2,1,今日は明らかに信頼性のない情報を持つAgent[05]を追放するべきですわ。村の安全を守るために、皆さまもAgent[05]に投票しましょうですわ。
2,talk,9,3,4,みんな、ここは冷静に考えよう。Agent[05]の占い結果が他の結果と完全に食い違っているのは明らかだよ。もし彼が人狼だとしたら、今後の村の安全が脅かされることになる。俺たち全員が安心して暮らすためには、彼を追放することがベストだと思うんだ。今日の投票でAgent[05]に入れて、村を守ろう！
2,talk,10,3,1,皆さまのご意見を尊重し、本日の投票先はAgent[05]で決まりですわ。彼の信頼性に疑問が残りますため、村の安全のためにもご賛同をお願い申し上げますわ。
2,talk,11,4,4,Over
2,talk,12,4,1,Over
2,vote,1,5
2,vote,4,5
2,vote,5,1
2,execute,5,POSSESSED
2,divine,1,4,WEREWOLF
2,attackVote,4,1
2,attack,1,true
3,status,1,SEER,DEAD,satozaki1
3,status,2,VILLAGER,DEAD,CanisLupus1
3,status,3,VILLAGER,DEAD,barneko1
3,status,4,WEREWOLF,ALIVE,sUper_IL1
3,status,5,POSSESSED,DEAD,Mille1
3,result,0,1,WEREWOLF