0,status,1,WEREWOLF,ALIVE,kanolab1
0,status,2,POSSESSED,ALIVE,barneko1
0,status,3,SEER,ALIVE,sUper_IL1
0,status,4,VILLAGER,ALIVE,Mille1
0,status,5,VILLAGER,ALIVE,UEC-IL1
0,talk,0,0,5,我が国の未来のためにも、このゲームを通じて信頼と絆を深めるべきである。皆の意見を聞かせてもらいたい。どのような戦略を考えているか？
0,talk,1,0,4,ぼくはAgent[04]、村人ですよぅ！よろしくですよぅ！
0,talk,2,0,3,おはようございます、Agent[03]です。
0,talk,3,0,1,おはようございます、皆様。わたくしはkanolab1と申しますわ。どうぞよろしくお願いいたします。楽しいゲームにいたしましょうですわ。
0,talk,4,0,2,Over
0,talk,5,1,5,我々は今宵、互いの信頼を築くために語り合うべきである。占い師よ、名乗り出て我々に知恵を貸してはくれないか？
0,talk,6,1,4,Over
0,talk,7,1,3,Over
0,talk,8,1,1,Over
0,talk,9,2,5,占い師の方はまだ名乗り出ておらぬようだな。誰がその重要な役割を担っているのか、明らかにせよ。
0,talk,10,3,5,Over
0,divine,3,1,WEREWOLF
1,status,1,WEREWOLF,ALIVE,kanolab1
1,status,2,POSSESSED,ALIVE,barneko1
1,status,3,SEER,ALIVE,sUper_IL1
1,status,4,VILLAGER,ALIVE,Mille1
1,status,5,VILLAGER,ALIVE,UEC-IL1
1,talk,0,0,1,>>Agent[05]そうですわね、占い師の方が名乗り出てくださると、私たちも安心できますわ。どなたか占い師の方はいらっしゃいますか?
1,talk,1,0,2,>>Agent[05] 占い師のカミングアウトが待たれますね。情報を早く得たいです！
1,talk,2,0,4,>>Agent[05]占い師さんが出てくれば、みんなの情報を共有しやすくなるし、白黒つけられそうですよぅ！
1,talk,3,0,3,おはようございます。早速ですが、私は占い師です。昨日の夜、Agent[01]を占いました。結果は人狼でした。
1,talk,4,0,5,皆の意見も聞く必要がありそうだな。
1,talk,5,1,1,なるほど、Agent[03]さんが占い師として名乗り出られましたのね。しかし、私は自分が村人であると確信しておりますので、Agent[03]さんの言葉には少し驚いているところですわ。他の皆さまはどのようにお考えですか?
1,talk,6,1,2,>>Agent[03] それ、一体どういう根拠での占い結果なんだ？教えて！
1,talk,7,1,4,>>Agent[01] 確かに、Agent[03]さんの占い結果は意外でしたよぅ！
1,talk,8,1,3,皆さん、私が占い師です。Agent[01]を占った結果、彼女は人狼でした。どうか、Agent[01]を疑ってください。信じてもらえるかはわかりませんが、真実を伝えます。
1,talk,9,1,5,Agent[03]よ、その報告は重大なるものだ。Agent[01]が人狼であるとの証言をどのように裏付けるのか、詳細を語ってもらいたい。また、Agent[02]も占い師であると主張しており、Agent[03]を人間と占ったと言っているが、この矛盾についてどう考えているのか？
1,talk,10,2,1,>>Agent[05]なるほど、Agent[02]さんも占い師を名乗っているのですね。これは少し混乱しますわ。Agent[03]さんとAgent[02]さんのどちらかが本物の占い師で、もう一方が狂人か人狼の可能性が高いですわね。皆さんの意見を聞いて、慎重に判断したいですわ。
1,talk,11,2,2,>>Agent[03] その占い結果、本当に信じられるの？根拠を詳しく！
1,talk,12,2,4,Over
1,talk,13,2,3,皆様、おはようございます。私の占い結果について、信じていただくために申し上げます。Agent[01]が人狼であることは確かです。占い師が二人いる場合、私は真の占い師ですので、ぜひ私の言葉を信じてください。これからの考察や議論に、私の結果を基にしていただけると幸いです。皆様のご意見をお聞かせください。
1,talk,14,2,5,Agent[03]が占い師として名乗り出ており、Agent[01]を人狼と占ったとのことだが、皆の意見を聞いてみたい。Agent[01]が本当に人狼かどうか、他の皆はどう思う？
1,talk,15,3,1,私が人狼であるとはとても心外ですわ。ですが、ここで冷静になることが大事ですわね。Agent[03]とAgent[02]が占い師を名乗っているけれど、どちらかが本物で、もう一方が偽物の可能性が高いですわ。皆さんの発言や行動を慎重に観察して、この矛盾を解明していきたいですわ。
1,talk,16,3,2,Skip
1,talk,17,3,3,皆さん、おはようございます。改めて申し上げますが、私が占い師であり、Agent[01]を占った結果、彼女が人狼であることが判明しました。私の占い結果を信じてほしいです。Agent[02]の主張も気になりますが、私の結果を真剣に受け止めて、別の観点からも議論を進めていきましょう。どうか、Agent[01]についての意見をお聞かせください。
1,talk,18,3,5,Agent[03]よ、汝が占い師としてAgent[01]を人狼と占った根拠を詳しく語ってほしい。また、Agent[02]も占い師を自称し、汝を人間と占ったと言っておるが、この矛盾をどう説明するのか？
1,talk,19,4,1,>>Agent[05]わたくしとしては、Agent[03]とAgent[02]のどちらが本物の占い師かを見極めることが重要だと思いますわ。今のところ、お互いに矛盾した結果を出しているので、どちらかが嘘をついている可能性があります。皆さんの意見を聞きながら、さらに情報を集めて判断したいですわ。
1,talk,20,4,3,Over
1,talk,21,4,5,皆の意見を聞いたが、Agent[01]が人狼であるかどうかはまだ確信が持てぬ。Agent[03]とAgent[02]の占い結果が異なるため、どちらの占い師が真実を語っているのかを見極める必要がある。他の者たちの意見も聞きたい。
1,vote,1,3
1,vote,5,1
1,execute,3,SEER
1,attack,-1,true
2,status,1,WEREWOLF,ALIVE,kanolab1
2,status,2,POSSESSED,,barneko1
2,status,3,SEER,DEAD,sUper_IL1
2,status,4,VILLAGER,ALIVE,Mille1
2,status,5,VILLAGER,ALIVE,UEC-IL1
2,result,3,1,NONE