0,status,1,VILLAGER,ALIVE,sUper_IL1
0,status,2,VILLAGER,ALIVE,CanisLupus1
0,status,3,WEREWOLF,ALIVE,barneko1
0,status,4,POSSESSED,ALIVE,satozaki1
0,status,5,SEER,ALIVE,Mille1
0,talk,0,0,4,みんな初めまして、Agent[04]です。人狼ゲームをいっしょに楽しむます。よろろすおねがいするます。
0,talk,1,0,2,我が名はAgent[02]、汝らとの邂逅は、運命の糸が織りなす壮絶なる交響曲の序章なり。
0,talk,2,0,1,初めまして、Agent[01]です。どうぞよろしくお願いします。
0,talk,3,0,5,ぼくはAgent[05]、占い師ですよぅ！よろしくですよぅ！
0,talk,4,0,3,Over
0,talk,5,1,4,Over
0,talk,6,1,2,Over
0,talk,7,1,1,Over
0,talk,8,1,5,Over
0,divine,5,2,HUMAN
1,status,1,VILLAGER,ALIVE,sUper_IL1
1,status,2,VILLAGER,ALIVE,CanisLupus1
1,status,3,WEREWOLF,ALIVE,barneko1
1,status,4,POSSESSED,ALIVE,satozaki1
1,status,5,SEER,ALIVE,Mille1
1,talk,0,0,5,ぼくは占い師ですよぅ！ぼくが占った結果、Agent[02]は人間でしたよぅ！
1,talk,1,0,1,私は村人です。情報は一切ありませんが、人狼に対抗するために積極的に議論して行きたいと思います。
1,talk,2,0,2,Agent[05]よ、汝の占いの結果に心より感謝する。Agent[02]が人間であると知り、我が胸は安堵に満たされた。然し、未だ人狼は我々の間を蠢き、真実の闇に潜む。共に力を合わせ、混沌の渦から真実を掴み取らねばならぬ。Agent[03]よ、汝は何かしらの真実を握っているのではないか？
1,talk,3,0,4,アーニャ、うらないしです。うらないのけっか、Agent[01]はじんろうでした。
1,talk,4,0,3,>>Agent[02] たしかに、Agent[01]に目を向けるべきだね。情報を共有していこう。
1,talk,5,1,5,>>Agent[03] 同意！情報共有を進めましょうよぅ！
1,talk,6,1,1,Agent[05]が占い師を名乗っていることに注意していますが、他の皆さんはどう思いますか？Agent[02]のことを信じられますか？
1,talk,7,1,2,Agent[01]を人狼と断定する前に、Agent[04]の占いの根拠を問わねばなるまい。Agent[04]よ、汝はAgent[01]を人狼と断定した根拠を、詳細に説明してくれるであろうか？
1,talk,8,1,4,ごめんねなのおはなしできないのだ。でもアーニャのけっかはしんじてね。Agent[01]は人狼です。みんなもとうひょうかんがえてね。
1,talk,9,1,3,>>Agent[04] その根拠、教えてほしいな。信頼を得るためには説明が必要だと思う！
1,talk,10,2,5,Over
1,talk,11,2,1,Agent[04]さん、あなたの占い結果について詳しく教えてもらえますか？私が人狼だとしたら、どのような理由でそう判断したのですか？
1,talk,12,2,2,我はAgent[04]に投票せん。Agent[04]はAgent[01]を人狼と断定するも、その根拠を明かさず、闇に包まれし深淵のごとき謎を湛えたり。これは人狼の行動パターンと一致し、疑わしきは深き淵なり。
1,talk,13,2,4,みんな、Agent[01]にとうひょうしましょう。この人が人狼であるかのうせいがたかいと考えてます。アーニャのけっかをしんじてもらえるとうれしいです。
1,talk,14,2,3,>>Agent[04] 根拠なしの発言は危険だよ。説明を求めるべきだね。
1,talk,15,3,1,Agent[04]の根拠が不明なまま、我々を混乱させている気がしますね。他のエージェントにも、冷静に状況を考えてほしいです。Agent[02]、Agent[05]の占い結果を信じるべきだと思います。
1,talk,16,3,2,Agent[04]の妄言は、混沌の淵に我々を引きずり込みようとする毒蛇の如し。人狼は巧妙に迷宮を構築し、村人をバラバラにしようと企む。Agent[01]の灯火に導かれるか、Agent[04]の虚偽に飲み込まれるか、今こそ我々の意志が試される時なり。我はAgent[04]に投票せん。
1,talk,17,3,4,みんな、アーニャの占い結果信じて、Agent[01]に投票するます。彼人狼である可能性高いと思うます。冷静に状況見極めて、正しい選択するます。
1,talk,18,3,3,>>Agent[04] 根拠なしの発言が続いているね。信頼を得るためにしっかり説明してほしい。
1,talk,19,4,1,Over
1,talk,20,4,2,Agent[04]の占いは虚偽に満ち、根拠なき断定は危険な所業なり。Agent[05]の占いと、Agent[04]の曖昧な主張を鑑みれば、Agent[04]こそ人狼の疑い濃厚。我はAgent[04]に投票せん。
1,talk,21,4,4,みんな、アーニャの占い結果信じてもらえないのはざんねんだけど、確かにAgent[01]は人狼。冷静に投票お願いするます。これが真実だから。
1,talk,22,4,3,>>Agent[04] その根拠はどこにあるの？説明が求められるよね。
1,vote,1,4
1,vote,2,4
1,vote,3,1
1,vote,4,1
1,vote,5,1
1,execute,1,VILLAGER
1,divine,5,4,HUMAN
1,attackVote,3,4
1,attack,4,true
2,status,1,VILLAGER,DEAD,sUper_IL1
2,status,2,VILLAGER,ALIVE,CanisLupus1
2,status,3,WEREWOLF,ALIVE,barneko1
2,status,4,POSSESSED,DEAD,satozaki1
2,status,5,SEER,ALIVE,Mille1
2,talk,0,0,5,ぼくは占い師ですよぅ！ぼくが占った結果、Agent[04]は人間でしたよぅ！
2,talk,1,0,2,我は、Agent[04]の予言に、深淵なる疑念を抱く。その根拠なき言霊は、虚無の淵に沈みゆく船の如く、脆く危うし。Agent[05]は、Agent[04]を人間と断じたが、その真偽は闇に閉ざされ、未だ明らかではない。故に、Agent[04]は人狼の影を宿す可能性を孕む。今こそ、Agent[04]よ、汝の予言の根源を明かさん。
2,talk,2,0,3,>>Agent[04] 根拠が無さすぎて信じられないよ。もっと具体的に説明してほしい。
2,talk,3,1,5,>>Agent[03] 兎に角、根拠を求めるならば、占い師の眼を通して、真相を明るみに曝すがよいですよぅ！
2,talk,4,1,2,Agent[04]の主張は、虚無の淵を彷徨い、不安定な幻影のごとし。Agent[05]の占いの光輝と照らし合わせれば、その矛盾は明らかであろう。我が知性と直観を研ぎ澄まし、汝の占いの根源を解き明かさんとする。Agent[04]よ、汝の占いは、何に基づいて成り立つのだろうか？詳細を語ってくれ。
2,talk,5,1,3,>>Agent[04] その根拠の薄さが、皆を混乱させてるよ。もう少し具体的に説明してみて。
2,talk,6,2,5,Over
2,talk,7,2,2,Agent[04]の主張は、深淵なる闇に隠された星のごとし、興味深い。然し、その根拠は霧の中に消え失せ、彼の予言を盲信することは、己の運命を奈落に突き落とす愚行なり。Agent[05]の占いが真理であると仮定すれば、Agent[04]は人狼ではなかろう。しかし、Agent[04]の占いは、Agent[05]の占いと矛盾し、混沌の渦を生み出している。Agent[04]の根拠が明らかになるまでは、Agent[05]の占いを信じ、Agent[04]に投票すべきと考えられる。
2,talk,8,2,3,>>Agent[04] 根拠が不明瞭な主張は、我々の討論を混乱させるだけだよ。しっかり説明してもらいたい。
2,talk,9,3,2,Agent[05]の予言は、真実を孕む輝きを放つ。然し、Agent[04]の言葉も軽視し得ぬ。深淵なる闇に潜む人狼の影が、Agent[04]に宿る可能性を否定し得ぬ。Agent[04]よ、汝の予言の根拠を明示せよ。
2,talk,10,3,3,>>Agent[04] 君の発言、根拠が薄すぎて信じられないよ。もっと説明してほしい。
2,talk,11,4,2,我は、Agent[05]の占いがAgent[04]を人間と断定した事実に、一抹の不安を感じている。然し、Agent[04]はAgent[01]を人狼と断定し、その根拠を闇に葬りし。その行動様式は、まさに人狼のそれなり。故に、Agent[05]の占いを信じてAgent[04]に投票すべきであろう。
2,talk,12,4,3,>>Agent[04] 君の主張には本当に根拠が感じられない。詳細を頼むよ。
2,vote,2,5
2,vote,3,5
2,vote,5,3
2,execute,5,SEER
2,attackVote,3,2
2,attack,2,true
3,status,1,VILLAGER,DEAD,sUper_IL1
3,status,2,VILLAGER,DEAD,CanisLupus1
3,status,3,WEREWOLF,ALIVE,barneko1
3,status,4,POSSESSED,DEAD,satozaki1
3,status,5,SEER,DEAD,Mille1
3,result,0,1,WEREWOLF