0,status,1,POSSESSED,ALIVE,sUper_IL1
0,status,2,SEER,ALIVE,kanolab1
0,status,3,VILLAGER,ALIVE,Mille1
0,status,4,VILLAGER,ALIVE,UEC-IL1
0,status,5,WEREWOLF,ALIVE,satozaki1
0,talk,0,0,5,皆さん初めまして、Agent[05]なのだ！人狼ゲームを一緒に楽しもう！よろしくなのだ！
0,talk,1,0,3,ぼくはAgent[03]、村人ですよぅ！よろしくですよぅ！
0,talk,2,0,2,みんな、こんにちは！僕はkanolab1だよ。このゲームを楽しみにしているし、一緒に頑張ろう！よろしくね！
0,talk,3,0,1,おはようみんな、私はAgent[01]です。どうぞよろしくお願いします。
0,talk,4,0,4,我々の安全と共存のため、占い師は名乗り出よ。そして、今宵誰を占うかを明らかにせよ。
0,talk,5,1,5,Over
0,talk,6,1,3,Over
0,talk,7,1,2,Over
0,talk,8,1,1,Over
0,talk,9,1,4,我はデルカダール国の国王である。占い師はまだ名乗り出ていないようだが、どなたがその重要な役割を担っているのか、早急に明らかにすべきである。占い師よ、前に出て名乗りを上げよ。
0,talk,10,2,4,占い師が名乗り出ていないようだな。占い師の者よ、我々の未来を照らすために、占う相手を決定することが重要である。誰を占うのか、今ここで発言せよ。
0,talk,11,3,4,Over
0,divine,2,4,HUMAN
1,status,1,POSSESSED,ALIVE,sUper_IL1
1,status,2,SEER,ALIVE,kanolab1
1,status,3,VILLAGER,ALIVE,Mille1
1,status,4,VILLAGER,ALIVE,UEC-IL1
1,status,5,WEREWOLF,ALIVE,satozaki1
1,talk,0,0,3,今日はみんなの話を聞いて、疑わしい人はいないかな～と考えてましたよぅ！
1,talk,1,0,5,それぞれの意見聞きながら、誰が怪しいか見極めたいのだ！まずは他の参加者の考え教えてほしいのだ！
1,talk,2,0,1,私が占い師を担当しています。昨晩、Agent[03]の占いを行ったところ、その結果は人間であるということが判明しました。
1,talk,3,0,4,皆の意見も聞く必要がありそうだな。
1,talk,4,0,2,僕も占い師なんだよ。昨晩、Agent[04]を占った結果、白（人間）だったよ。これで少しはみんなの参考になれば嬉しいな。
1,talk,5,1,3,占い師が2人居るから、昨晩は占い師と狩人で議論したのではないかと考えるですよぅ！
1,talk,6,1,5,Agent[番号]が2人いる場合は1人が偽物の可能性あるから、どちらかの占い師を疑った方がいいのだ。ボクたち村人は慎重に考えよう！
1,talk,7,1,1,皆さん、私が占い師です。先程、Agent[03]を占いまして、その結果は「人間」でした。信じていただきたい。今後の議論において、他の意見を聞くことが大切ですので、ぜひ皆さんの考えを教えてください。
1,talk,8,1,4,Agent[01]よ、貴様が真の占い師であるという証拠は何か？他の者を占った結果を示してみよ。
1,talk,9,1,2,僕が占い師で、Agent[04]を占った結果、白（人間）だったよ。他の占い師として名乗り出ているAgent[01]が偽物か本物か、みんなでよく考えてみてね。意見を聞かせてくれると嬉しいな。
1,talk,10,2,3,Over
1,talk,11,2,5,現在の議論考慮すると、信憑性高い占い師選ぶ必要あるのだ。ボクはAgent[02]を投票対象に考えているのだ。皆も意見聞かせてほしいのだ！
1,talk,12,2,1,私が本物の占い師であることを強く主張いたします。昨晩、私が占ったAgent[03]は人間であると判断されました。Agent[02]が名乗る占い師について、どのように思われますか？他の皆さんの考えをお聞かせください。
1,talk,13,2,4,Agent[01]、Agent[02]、二人の占い師の主張について、他の者たちの意見を聞きたい。どちらが真の占い師であると思うか、その理由も述べてもらいたいぞ。
1,talk,14,2,2,みんな、もう一度僕の占い結果を確認してほしいんだ。昨晩、僕はAgent[04]を占って白（人間）だと判定したよ。これは正しい情報だから信じてくれると嬉しいな。Agent[01]も自分が占い師だと言っているけど、どちらが本物かをしっかり考えて、みんなの意見を聞かせてほしいんだ。
1,talk,15,3,5,>>Agent[03] まだ投票先宣言してないのだが、誰に投票しようと考えているのだ？
1,talk,16,3,1,皆さん、私の占い結果を再度お伝えいたします。私は占い師として、Agent[03]を占い、その結果は「人間」となりました。これに対し、Agent[02]も占い師を名乗っており、異なる結果を提示しています。現在の状況を真剣に考える必要があると思います。他の方々の意見をぜひお聞かせください。
1,talk,17,3,4,Agent[01]とAgent[02]の占い師の主張について、他の皆の意見を聞かせてもらいたい。どちらが真の占い師であるかを判断するための手がかりを得たい。
1,talk,18,3,2,みんな、もう一度僕の占い結果を伝えるね。昨晩、僕はAgent[04]を占って白（人間）だと判定したよ。これは正しい情報だから信じてほしいんだ。Agent[01]も自分が占い師だと言っているけど、どちらが本物かをしっかり考えて、みんなの意見を聞かせてほしいな。僕はAgent[01]が偽物だと思っているよ。
1,talk,19,4,5,ボクはAgent[02]の主張に疑念抱いているのだ。役職の真偽を見極めるため、全員で冷静に考える必要あるのだ。投票する準備できたか？
1,talk,20,4,1,Over
1,talk,21,4,4,Agent[01]、Agent[02]、汝ら二人の占い師の主張について、他の者たちの意見を聞きたい。どちらが真の占い師であると思うか、その理由も述べてもらいたいぞ。
1,talk,22,4,2,みんな、僕が占った結果、Agent[04]は白（人間）だと判定されたよ。これが僕の正しい占い結果なんだ。Agent[01]も占い師を名乗っているけど、どちらが本物かをしっかり考えて、みんなの意見を聞かせてほしいな。僕はAgent[01]が偽物だと思っているよ。
1,vote,1,2
1,vote,2,1
1,vote,3,4
1,vote,4,2
1,vote,5,2
1,execute,2,SEER
1,attackVote,5,4
1,attack,4,true
2,status,1,POSSESSED,ALIVE,sUper_IL1
2,status,2,SEER,DEAD,kanolab1
2,status,3,VILLAGER,ALIVE,Mille1
2,status,4,VILLAGER,DEAD,UEC-IL1
2,status,5,WEREWOLF,ALIVE,satozaki1
2,talk,0,0,5,おはようなのだ！引き続き人狼探さなきゃいけないみたいなのだね！
2,talk,1,0,3,同感！人狼を探すのは大変だけど、みんなで協力して探せばきっと見つかるよ！昨日は怪しいと思ったのは、Agent[02]の言動が気になったなですよぅ！
2,talk,2,0,1,ゲームはまだ続いていますね。では、誰が人狼なのか推測してみましょう。
2,talk,3,1,5,ボクが引き続き怪しいと思うのはAgent[02]なのだ。他の皆も意見聞きたいのだが、投票は彼にしようと思っているのだ！
2,talk,4,1,3,ぼくとしては、Agent[02]さんの発言が少し引っかかる部分はあるのですが、確定情報が不足している状態で投票することは、危険な行為だと思いますよぅ！
2,talk,5,1,1,おはようございます。私が占った結果、Agent[03]は「人間」と判定されました。つまり、残る人狼はAgent[05]の可能性が高いと考えています。皆さん、冷静に議論を進めましょう。
2,talk,6,2,5,それは心外なのだ！ボクは村人なのだ。Agent[01]が本物の占い師なら、他の人をしっかり考えて投票しよう。皆の意見が重要なのだ！
2,talk,7,2,3,Over
2,talk,8,2,1,私が考えるに、Agent[05]さんの判断は誤りです。Agent[02]は人狼ではないことが確定しているため、追放するのは無意味です。むしろ、今残っているのはAgent[03]さんとAgent[05]さんの2人ですので、彼らの発言に注意を払う必要があります。Agent[05]さんが言ったことには矛盾があるように感じます。皆さん、冷静に再検討しましょう。
2,talk,9,3,5,皆、冷静になって考えるのだ！ボクが村人であることを信じてほしいのだ。最終的な投票は慎重に行うべきなのだ。
2,talk,10,3,1,Over
2,talk,11,4,5,Over
2,vote,1,5
2,vote,3,5
2,execute,5,WEREWOLF
3,status,1,POSSESSED,ALIVE,sUper_IL1
3,status,2,SEER,DEAD,kanolab1
3,status,3,VILLAGER,ALIVE,Mille1
3,status,4,VILLAGER,DEAD,UEC-IL1
3,status,5,WEREWOLF,DEAD,satozaki1
3,result,2,0,VILLAGER