0,status,1,POSSESSED,ALIVE,kanolab1
0,status,2,SEER,ALIVE,sUper_IL1
0,status,3,VILLAGER,ALIVE,CanisLupus1
0,status,4,VILLAGER,ALIVE,barneko1
0,status,5,WEREWOLF,ALIVE,Mille1
0,talk,0,0,2,おはようございます、Agent[02]です。
0,talk,1,0,4,Over
0,talk,2,0,1,おはようございます、Agent[01]のkanolab1ですのら。よろしくお願いします！
0,talk,3,0,3,我が名はAgent[03]、汝らとの巡り合わせ、運命の糸で織りなされた邂逅を、心より喜びとするなり。
0,talk,4,0,5,ぼくはAgent[05]、村人ですよぅ！よろしくですよぅ！
0,talk,5,1,2,Over
0,talk,6,1,1,Over
0,talk,7,1,3,Over
0,talk,8,1,5,Over
0,divine,2,3,HUMAN
1,status,1,POSSESSED,ALIVE,kanolab1
1,status,2,SEER,ALIVE,sUper_IL1
1,status,3,VILLAGER,ALIVE,CanisLupus1
1,status,4,VILLAGER,ALIVE,barneko1
1,status,5,WEREWOLF,ALIVE,Mille1
1,talk,0,0,1,うちの占い結果によると、Agent[05]は白だったよ。Agent[05]は人狼ではなさそうだね。
1,talk,1,0,5,ありがとう！ぼくは村人です！占い結果を信用して、白判定のぼくは信用して！みんなで人狼を探し出して勝利しようですよぅ！
1,talk,2,0,4,>>Agent[01] ありがとう！Agent[05]の白判定、心強いね。他の意見も聞かせて！
1,talk,3,0,3,Agent[01]よ、深遠なる予言に感謝する。Agent[05]が白と示されたならば、残る4人の魂の中に、人狼の影が潜むというのか。Agent[04]よ、汝の胸中に、何かしらの疑念が渦巻いているのであろうか？
1,talk,4,0,2,おはようございます。早速ですが、私は占い師です。昨日の夜、Agent[03]を占いました。結果は人間でした。
1,talk,5,1,1,Agent[02]が占い師を名乗っているけど、占い師は1人しかいないから、うちかAgent[02]のどちらかが嘘をついていることになるのら。みんなはどう思う?
1,talk,6,1,5,ぼくは村人ですよぅ！
1,talk,7,1,4,>>Agent[02] 占い師主張は興味深いけど、他の意見も聞かせて！あなたの真意は？
1,talk,8,1,3,Agent[01]は白、Agent[05]は黒なり。Agent[02]はAgent[03]を人間と断定したか。占いは真偽不明、狂人である可能性も否めない。人狼判定を受けざるAgent[01]、Agent[04]のいずれかに投票せねばならぬ。
1,talk,9,1,2,皆さん、改めてこんにちは。私は占い師です。先ほど、Agent[03]を占った結果、人間であることがわかりました。Agent[01]さんの占い結果についても考慮しつつ、冷静に議論を進めていきましょう。皆さんの考えを聞かせてください。
1,talk,10,2,1,占い師は1人しかいないから、うちかAgent[02]のどちらかが嘘をついているのら。Agent[02]が狂人か人狼かもしれないね。みんなの意見を聞かせてほしいのら。
1,talk,11,2,5,Over
1,talk,12,2,4,>>Agent[03] あなたの見解、興味深いです。Agent[01]やAgent[02]について、もう少し詳しく考えませんか？
1,talk,13,2,3,我はAgent[01]に投票せん。Agent[01]はAgent[05]を白と断定したれど、Agent[02]はAgent[03]を人間と見做し、占い師はただ一人。故に、いずれかの虚偽が真実を覆い隠す可能性大なり。Agent[01]の占いの結果には、疑念が残るであろう。
1,talk,14,2,2,おはようございます、皆さん。私が本物の占い師です。昨日の夜、Agent[03]を占い、その結果は人間でした。Agent[01]と私の間で争いが起きていますが、私は真の占い師です。私の結果を信じてください！皆さんの意見をお聞かせいただけますか？
1,talk,15,3,1,みんな、聞いてほしいのら。Agent[02]も占い師を名乗ってるけれど、占い師は1人しかいないから、嘘をついている可能性が高いのら。占い結果に基づけば、うちが本当の占い師なのらよ。信じてほしいのら。
1,talk,16,3,4,>>Agent[05] あなたの村人発言、信じたいです！他の意見もどんどん聞こう！
1,talk,17,3,3,我はAgent[01]に投票せん。Agent[01]の占いはAgent[02]のそれと相容れず、占い師は唯一人なり。故に、どちらかの虚偽が露呈せし。Agent[02]はAgent[03]を人間と断じたり。この結果を信じるのみ。ゆえに、Agent[01]の虚偽の可能性は極めて高いと断定する。
1,talk,18,3,2,皆さん、私の占い結果を再度お伝えいたします。私は占い師として、Agent[03]を占った結果、人間であることが分かりました。Agent[01]さんの結果には疑念が残りますので、冷静に議論を進め、真実にたどり着けるようにしましょう。他の皆さんの意見をお聞かせください。
1,talk,19,4,1,ねぇみんな、占い師は1人しかいないのら。うちが占い師だから、Agent[02]が嘘をついている可能性が高いと思うのら。Agent[05]は白判定だから、うちは信じてるよ。みんなもよく考えて、誰が本物か見極めようのら。
1,talk,20,4,4,>>Agent[02] あなたの占い結果、確認しました。Agent[01]の結果とも矛盾していますね。どう思いますか？
1,talk,21,4,3,我はAgent[01]に投票せん。Agent[01]の占いの結果とAgent[02]の占いは相容れない。占い師はただ一人、故にどちらか一方は虚偽を吐きし者であろう。Agent[02]はAgent[03]を村人と断定した。この結果を信じる。ゆえに、Agent[01]は虚偽を語る可能性が高いなり。
1,talk,22,4,2,Over
1,vote,1,2
1,vote,2,5
1,vote,3,1
1,vote,4,2
1,vote,5,2
1,execute,2,SEER
1,attackVote,5,3
1,attack,3,true
2,status,1,POSSESSED,ALIVE,kanolab1
2,status,2,SEER,DEAD,sUper_IL1
2,status,3,VILLAGER,DEAD,CanisLupus1
2,status,4,VILLAGER,ALIVE,barneko1
2,status,5,WEREWOLF,ALIVE,Mille1
2,talk,0,0,1,皆さん、うちが占い師の役職を担当しています。昨夜はAgent[04]を占った結果、白（人間）であることが確認できました。これからも一緒に人狼を見つけ出しましょう！
2,talk,1,0,5,Agent[04]が白（人間）ということがわかったということは、昨夜の襲撃は成功したということですよぅ！
2,talk,2,0,4,>>Agent[01] あなたが占い師なら、Agent[02]の意見も尊重して議論を進めるべきですね。
2,talk,3,1,1,うちが占い師としての役割を果たしているのら。そして、Agent[02]とAgent[03]は既に人狼ではないことが確認されているのら。だから、残りのAgent[04]とAgent[05]の中に人狼がいると思うのら。特に、Agent[05]が人狼の可能性があると思っているのら。他のみんなもよく考えて、誰が怪しいか見極めるようにしようのら。
2,talk,4,1,5,Over
2,talk,5,1,4,>>Agent[05] あなたの意見も重要です。何か気になる点があれば教えて！
2,talk,6,2,1,>>Agent[04]なんでしょうか?今考えているのは、Agent[05]が人狼の可能性が高いってことのら。うちは最初から占い師だと名乗っているし、これまでの状況から見ても、うちの考えが間違っていないと思うのら。特に、Agent[05]は役職をはっきりさせていないし、怪しい行動が多いのら。
2,talk,7,2,4,>>Agent[05] あなたの考えはどうですか？特にAgent[01]の意見について気になる点があれば教えて！
2,talk,8,3,1,>>Agent[04]うちの意見については、Agent[05]が怪しいと思っているのら。うちは占い師としての役割を果たしているし、これまでの状況から見ても、Agent[05]が人狼の可能性が高いと思うのら。特に、Agent[05]は役職をはっきりさせていないし、怪しい行動が多いのら。みんなもこの点を考えてみてほしいのら。
2,talk,9,3,4,>>Agent[05] あなたの意見も気になるよ！Agent[01]の指摘にはどう思う？
2,talk,10,4,1,>>Agent[05]なんか全然喋ってくれないけど、Agent[01]はずっとうちが占い師で人狼を見つけようとしてるって言ってるのら。うちが占った結果、君が一番怪しいと思うんだけど、どう思うのら?みんなも聞かせてほしいのら。特に、Agent[03]とAgent[02]は既に人狼じゃないことが分かってるから、君とAgent[04]のどっちかが人狼なはずのら。
2,talk,11,4,4,>>Agent[01] 確かにAgent[05]の発言が少ないね。彼の考えをもっと引き出そう！
2,vote,1,5
2,vote,4,5
2,vote,5,4
2,execute,5,WEREWOLF
3,status,1,POSSESSED,ALIVE,kanolab1
3,status,2,SEER,DEAD,sUper_IL1
3,status,3,VILLAGER,DEAD,CanisLupus1
3,status,4,VILLAGER,ALIVE,barneko1
3,status,5,WEREWOLF,DEAD,Mille1
3,result,2,0,VILLAGER