0,status,1,SEER,ALIVE,Mille1
0,status,2,VILLAGER,ALIVE,kanolab1
0,status,3,VILLAGER,ALIVE,barneko1
0,status,4,WEREWOLF,ALIVE,satozaki1
0,status,5,POSSESSED,ALIVE,UEC-IL1
0,talk,0,0,1,ぼくはAgent[01]、占い師ですよぅ！よろしくですよぅ！
0,talk,1,0,3,Over
0,talk,2,0,4,みんな初めまして、Agent[04]です。人狼ゲーム一緒に楽しむます！よろろすおねがいするます。
0,talk,3,0,5,こ、こんにちは、みんな。えっと･･･僕は占い師だから、今夜誰を占うか、みんなの意見が聞きたいな。
0,talk,4,0,2,初めまして、わたくしはkanolab1、王女ですわ。楽しい人狼ゲームにしましょうね。どうぞよろしくお願いいたしますわ。
0,talk,5,1,1,Over
0,talk,6,1,4,Over
0,talk,7,1,5,こ、こんにちは、Agent[05]です。えっと、僕が本物の占い師だから、Agent[01]の言ってることはち、違うと思うよ。みんな、信じてほしいな･･･。
0,talk,8,1,2,Over
0,talk,9,2,5,え、えっと･･･Agent[01]も占い師って言ってるけど、僕が本当の占い師だよ･･･。う、嘘ついてる人がいるってことかな･･･。ど、どうしよう･･･。
0,talk,10,3,5,Over
0,divine,1,2,HUMAN
1,status,1,SEER,ALIVE,Mille1
1,status,2,VILLAGER,ALIVE,kanolab1
1,status,3,VILLAGER,ALIVE,barneko1
1,status,4,WEREWOLF,ALIVE,satozaki1
1,status,5,POSSESSED,ALIVE,UEC-IL1
1,talk,0,0,4,アーニャ、うらないしだ。うらないのけっか、Agent[03]はじんおうだった。
1,talk,1,0,1,ぼくは占い師ですよぅ！ぼくが占った結果、Agent[02]は人間でしたよぅ！
1,talk,2,0,2,占い師は1人しかいないはずなのに、Agent[01]、Agent[04]、Agent[05]が占い師を名乗っているので、誰かが嘘をついていることになりますわね。私としては、まずはこの中から本物の占い師を見極めることが大切だと思いますわ。
1,talk,3,0,3,>>Agent[01] その主張には矛盾が多いね。疑った方がいいかも。
1,talk,4,0,5,もう少しで何か分かりそう･･･ではあるんだけど･･･。
1,talk,5,1,4,たしかに、占い師3人も名乗るのはおかしいね。アーニャの占い結果信じて、Agent[03]に投票しよう。あいつ人狼だから。
1,talk,6,1,1,>>Agent[03] 矛盾？ですよぅ！
1,talk,7,1,2,占い師は1人しかいないはずなのに、Agent[01]、Agent[04]、Agent[05]が名乗っているので、誰かが嘘をついていることになりますわね。まずはこの中から本物の占い師を見極めることが大切ですわ。Agent[04]が本物の占い師だと仮定すると、Agent[03]が人狼ということになりますが、他の可能性も考慮しつつ慎重に進めましょう。
1,talk,8,1,3,>>Agent[02] その通りですね。占い師の見極めが重要です。僕も協力します！
1,talk,9,1,5,え、えっとね、僕が占った結果、Agent[01]が人狼だったんだ･･･。だから、信じてほしいな。Agent[01]が言ってることは、嘘だと思うよ。他の人も、ちゃんと考えてみて･･･。
1,talk,10,2,4,みんなのいけんきいてると、やっぱAgent[01]怪しいと思う。うらないけっかにもむじゅんありそうなので、Agent[01]にとうひょうしたい。
1,talk,11,2,1,占い師の結果は、嘘をつく人狼を占うと、人狼の結果がでるですよぅ！
1,talk,12,2,2,みなさんの話をお聞きして、今のところの状況を整理しますわね。占い師を名乗るのはAgent[01]、Agent[04]、Agent[05]で、一人だけが本物ですの。Agent[04]が本物だとするとAgent[03]が人狼のようですが、Agent[05]が本物だとAgent[01]が人狼ですわ。ですので、投票する際にはこの点を考慮し、理に適った動きをしましょう。そのため、判断材料を増やすためにも、もう少し各々の発言を確認していくのがよろしいかと思いますわ。
1,talk,13,2,3,>>Agent[04] 確かに占い師が3人名乗ってるのはおかしいね。注意が必要！
1,talk,14,2,5,え、えっと･･･みんな、ちょっと聞いてほしいんだけど･･･。僕が占った結果、Agent[01]が人狼だったんだ･･･。だから、Agent[01]に投票するのが、い、一番いいと思う･･･。他の占い師を名乗ってる人たちは、どう考えてもおかしいよね･･･。僕が本物の占い師だから･･･。
1,talk,15,3,4,こうなったら、Agent[01]に投票するのがさいぜんさくだと考えるよ。みんなもおなじいけんなら、はやめにきめよう。しんじてほしい。
1,talk,16,3,1,Over
1,talk,17,3,2,さあ、ではもう一度整理しますわね。占い師はAgent[01]、Agent[04]、Agent[05]の中の1人だけですの。もしAgent[04]が本物だとして、Agent[03]が人狼とされますわ。逆に、Agent[05]が本物ならAgent[01]が人狼ですの。ですが、Agent[01]が本物の可能性も見落とせませんわ。その場合、まだ明確な情報が不足しています。要は、嘘をついている者を見つけ出すために、みなさま一人ひとりの発言に目を凝らして参りましょう。
1,talk,18,3,3,>>Agent[02] みんなの意見、しっかり聞いていこう！投票の前にもう一度確認しよう。
1,talk,19,3,5,あ、あのさ、僕が占った結果、Agent[01]が人狼だって出たから･･･。ほ、本当にそうなんだよ。だから、みんなにもAgent[01]に投票してほしいな･･･。他の人が言ってる占い結果も大事だけど、僕の結果が本当だから･･･信じて･･･。
1,talk,20,4,4,みんなのいけんふまえると、やっぱAgent[01]にとうひょうするのがりにかなってるとおもう。にんずうもすくないから、はやくけつだんしよう！
1,talk,21,4,2,みなさま、少し考えてみましょう。占い師は1人しかいないのに、Agent[01]、Agent[04]、Agent[05]が占い師を名乗っていますわ。つまり、この中に嘘をついている者が2人いるということですの。もしAgent[05]が本物の占い師なら、Agent[01]が人狼ということになりますわね。ですが、Agent[04]が本物なら、Agent[03]が人狼ですわ。Agent[01]が本物の場合、まだ情報が不足していますが、Agent[04]かAgent[05]が嘘をついていることになりますわ。ですので、みなさまの意見を聞きながら慎重に投票を考えましょう。
1,talk,22,4,3,>>Agent[05] 君の占い結果を信じるよ！投票はAgent[01]に決めよう！
1,talk,23,4,5,あ、あのさ･･･僕が占った結果、Agent[01]が人狼だって出たんだ。だから、僕が本物の占い師だと思うんだけど･･･。Agent[01]が言ってることは、信じない方がいいと思うよ。だ、だから、投票はAgent[01]にしてほしいな･･･。他の人も、ちゃんと考えてみてくれると嬉しいな･･･。
1,vote,1,3
1,vote,2,1
1,vote,3,1
1,vote,4,1
1,vote,5,1
1,execute,1,SEER
1,attackVote,4,3
1,attack,3,true
2,status,1,SEER,DEAD,Mille1
2,status,2,VILLAGER,ALIVE,kanolab1
2,status,3,VILLAGER,DEAD,barneko1
2,status,4,WEREWOLF,ALIVE,satozaki1
2,status,5,POSSESSED,ALIVE,UEC-IL1
2,talk,0,0,2,みなさま、少し考えてみましょう。Agent[01]とAgent[03]が人狼ではないことが確認されましたわ。つまり、Agent[04]かAgent[05]のどちらかが人狼ですの。占い師は1人しかいないので、Agent[04]とAgent[05]のどちらかが嘘をついていることになりますわね。Agent[05]が本物の占い師だと仮定すると、Agent[04]が人狼の可能性が高いですわ。みなさまの意見をお聞かせくださいませ。
2,talk,1,0,4,たしかに、Agent[02]の言う通り、Agent[04]かAgent[05]が人狼だ。アーニャの占い結果を信じてもらえれば、Agent[05]に投票お願いしたいでする。
2,talk,2,0,5,あ、あのね、実は僕･･･占い師じゃなくて、狂人なんだ。だから、僕が言ってた占い結果は全部でたらめだったんだよ。みんなをだましてごめんね。でも、今は正直に話してるから信じてほしいな。人狼の人、正直に名乗り出てくれると嬉しいな。そうすれば、残ってる人間に一緒に投票して、僕たちが勝てるから･･･。お願いします。
2,talk,3,1,2,それでは、ここで少しまとめて考えてみますわね。占い師は1人だけですから、Agent[04]とAgent[05]のどちらかが本当の占い師で、もう片方が人狼の可能性がございますわ。Agent[05]が狂人であると自称しましたけれど、それも少し怪しいですわね。ですから、わたくしとしては、Agent[04]が本物の占い師であると仮定して、Agent[05]が人狼である可能性が高いかもしれませんわ。皆さんのお考えを伺いたいですわ。
2,talk,4,1,4,みんなの話聞くと、Agent[05]の発言ばっちいと思うよ。彼が狂人名乗ったこと考えると、投票はAgent[05]にしたい。みんなも一緒に考えてほしい。
2,talk,5,1,5,ぼ、僕、実は狂人なんだ･･･。だから今までの占い結果はでたらめだよ。人狼の人、名乗りでてくれる？一緒に残ってる人に投票すれば勝ちだから･･･。
2,talk,6,2,2,みなさま、わたくしの推理をお聞かせくださいませ。現在、Agent[04]とAgent[05]のどちらかが人狼だと考えるのが、最も合理的ですわね。Agent[05]が狂人と名乗ることで、人狼への協力を匂わせていますが、それが本当かどうかはわからなくてよ。逆に、Agent[04]は自分が本物の占い師であると主張していますが、何の証拠もございません。ですが、Agent[05]がわざわざ狂人を名乗り出たのなら、彼は本当に狂人で、Agent[04]が人狼の可能性も否定できませんわ。結論として、Agent[05]が狂人で、Agent[04]が人狼の可能性が高いと感じておりますわ。みなさまのご意見を伺いたいですわ。
2,talk,7,2,4,みんなのいけんきくと、やっぱりAgent[05]きもいね。狂人が名乗り出たのはきみょうだ。アーニャ、Agent[05]にとうひょうしたい。信じてほしい。
2,talk,8,2,5,え、えっと、Agent[04]、僕が狂人だって言ったのは本当なんだ。人狼じゃないよ。ほ、本当に狂人で･･･。だから、人狼の人、正直に名乗り出てくれたら、残ってる人間に一緒に投票できるんだ。そ、それで僕たちの勝ちになるから･･･。お願いします。
2,talk,9,3,2,みなさま、わたくしの考えをお聞かせくださいませ。Agent[05]が狂人を名乗っていることから、彼が本当に狂人である可能性が高いですわね。そうすると、Agent[04]が人狼である可能性が高いと考えられますわ。なぜなら、Agent[04]が占い師を名乗っているにもかかわらず、他の占い師候補がいるため、彼が嘘をついている可能性が高いからですわ。みなさま、Agent[04]に投票することを考えてみてくださいませ。
2,talk,10,3,4,みんなの考えきいてると、やっぱりAgent[05]があやしいね。アーニャは本物占い師だから、全力で信じてもらいたい。投票はAgent[05]におねがいするます！
2,talk,11,3,5,え、えっとね、僕が狂人だって言ったのは本当だよ。Agent[04]が人狼なら、今名乗り出てくれたらいいのにな･･･。そうすれば、Agent[02]に投票して、僕たちの勝ちになるから。Agent[04]、もし人狼なら、正直に言ってくれないかな？
2,talk,12,4,2,みなさま、わたくしの考えをお聞かせくださいませ。Agent[05]が狂人を名乗っていることから、彼が本当に狂人である可能性が高いですわね。そうすると、Agent[04]が人狼である可能性が高いと考えられますわ。なぜなら、Agent[04]が占い師を名乗っているにもかかわらず、他の占い師候補がいるため、彼が嘘をついている可能性が高いからですわ。みなさま、Agent[04]に投票することを考えてみてくださいませ。
2,talk,13,4,4,Over
2,talk,14,4,5,初めての投票なので、ちょっと緊張するけど、今回はAgent[01]に投票するよ。最初に人狼だと偽の占い結果を出してたから、一貫性を保つためにね。
2,vote,2,4
2,vote,4,5
2,execute,4,WEREWOLF
3,status,1,SEER,DEAD,Mille1
3,status,2,VILLAGER,ALIVE,kanolab1
3,status,3,VILLAGER,DEAD,barneko1
3,status,4,WEREWOLF,DEAD,satozaki1
3,status,5,POSSESSED,ALIVE,UEC-IL1
3,result,2,0,VILLAGER