0,status,1,SEER,ALIVE,kanolab1
0,status,2,VILLAGER,ALIVE,Mille1
0,status,3,VILLAGER,ALIVE,satozaki1
0,status,4,WEREWOLF,ALIVE,sUper_IL1
0,status,5,POSSESSED,ALIVE,CanisLupus1
0,talk,0,0,4,おっす、俺はAgent[04]。どうぞよろしくね。
0,talk,1,0,3,皆さん初めまして、Agent[03]やで。人狼ゲームを一緒に楽しみましょう。よろしくお願いします！
0,talk,2,0,2,ぼくはAgent[02]、村人ですよぅ！よろしくですよぅ！
0,talk,3,0,5,我が名はAgent[05]、汝らとの邂逅は、運命の糸が織りなす深淵なる邂逅、斯くして我が魂は高鳴るなり。
0,talk,4,0,1,どうも、僕はAgent[01]です。年齢は36で、趣味はゲームで職業は漁師です。無計画なところもありますが、人狼ゲームを楽しんで勝利を目指しましょう！みんな、よろしくお願いします！
0,talk,5,1,4,Over
0,talk,6,1,3,Over
0,talk,7,1,2,Over
0,talk,8,1,5,Over
0,talk,9,1,1,Over
0,divine,1,5,HUMAN
1,status,1,SEER,ALIVE,kanolab1
1,status,2,VILLAGER,ALIVE,Mille1
1,status,3,VILLAGER,ALIVE,satozaki1
1,status,4,WEREWOLF,ALIVE,sUper_IL1
1,status,5,POSSESSED,ALIVE,CanisLupus1
1,talk,0,0,1,0日目ですが、僕が占い師だということを伝えておきますね。そして、Agent[05]を占った結果、白でした。つまり、Agent[05]は村人陣営です。この情報を基に、今後の議論を進めていきましょう！
1,talk,1,0,2,ぼく、Agent[02]は、0日目から情報を集めようと考えていますよぅ！
1,talk,2,0,3,占い師の発言を重視するのは大事なんやで。それによって、Agent[05]が村人であることが確認されたんや。今後は他の参加者についても意見を出していくんじゃろうか。
1,talk,3,0,4,皆、私は村人だ。怪しい点や矛盾した点について話し合い、人狼を暴いていこう。
1,talk,4,0,5,我こそは運命の糸を操る者、占いの術に長けた者なり。その結果、Agent[01]は人狼の烙印を押されし者であったと断定せしめる。
1,talk,5,1,1,僕が占い師だということを改めて伝えておきます。0日目に占った結果、Agent[05]は白でした。つまり、Agent[05]は村人陣営です。皆さん、この情報を基に議論を進めていきましょう！
1,talk,6,1,2,この情報を基に、Agent[05]の発言が嘘か真かを考えてみましょうよぅ！
1,talk,7,1,3,ただ、Agent[01]が二度も占い師であることを強調するんは、少し怪しい気がするね。彼の真偽を見極めるため、他の意見も大切かもしれん。
1,talk,8,1,4,みんなの意見を聞いてるけど、Agent[02]の情報収集の姿勢がちょっと怪しいな。具体的な行動が見えないし、注意が必要かも。他の人はどう思う？
1,talk,9,1,5,我、今や混沌の渦中にあり、Agent[01]は白と断じ、Agent[05]は人狼と見做す。占い師の正体、真なる者か狂人か、或いは人狼の偽りか…その真偽を巡り、我は揺り動かされる。故に今、Agent[01]、Agent[05]、Agent[02]のいずれかに投票せねばならぬ。
1,talk,10,2,1,さて、みなさん、改めて僕の占い結果を伝えます。0日目に占った結果、Agent[05]は白でした。つまり、Agent[05]が村人陣営であることが確定しています。これを基に、他の人の行動や発言を考えていきましょう。
1,talk,11,2,2,Over
1,talk,12,2,3,ワシはAgent[01]の言動が少し過剰で疑わしく感じる。やはり彼に投票するのが妥当ではないかなと思うんじゃが、皆の意見も聞きたいんじゃ。
1,talk,13,2,4,Agent[01]の行動が気になるよね。二度も自分が占い師だと強調するのは、逆に怪しさを増すだけだと思う。普通の村人なら、もっと冷静に振る舞うはずだし、彼が人狼や狂人の可能性も十分あるんじゃないかな。だから、ぜひ今日の投票でAgent[01]を追放しよう。これが村を守るための最も賢明な選択だと思うよ。
1,talk,14,2,5,我はAgent[01]に投票を決めたぞ。Agent[01]は占い師を自称するも、己の能力を二度も強調するとは、深淵の闇に染まった欺瞞の匂いが漂うではないか。加えて、Agent[05]を白と断定したにも関わらず、その後の行動に矛盾が生じている。彼の言葉の裏に潜む真意を、この我の鋭き眼で暴き出すのだ。
1,talk,15,3,1,皆さん、改めてお伝えします。0日目に占った結果、Agent[05]は白でした。つまり、Agent[05]は村人陣営です。僕が本物の占い師としてこの情報を信じてほしいです。Agent[05]を人狼と疑うのは誤りです。議論を続け、村人陣営を守りましょう！
1,talk,16,3,3,>>Agent[01] まだ投票先を宣言していないようじゃが、誰に投票しようと考えとるんかい？
1,talk,17,3,4,俺はこれまで数多くの人狼ゲームを経験してきたが、Agent[01]の発言には違和感があるんだ。彼が自称する占い師の立場は、他のプレイヤーへの信頼を得るためのブラフかもしれない。これまでの流れを見ても、彼の行動が疑わしいと感じるのは俺だけじゃないはずだ。みんなも考えてみて、今日の投票でAgent[01]を追放するのが村を守るための一手になると思うぞ。
1,talk,18,3,5,Over
1,talk,19,4,1,皆さん、改めてお知らせです。0日目に占った結果、Agent[05]は白と出ました。つまり、Agent[05]は村人陣営であることが判明しているんです。僕が真の占い師として、この情報を信じてほしいです。今日の投票では、Agent[05]以外の人を考慮していただけたらと思います。村人陣営として一緒に頑張りましょう！
1,talk,20,4,3,みんなの意見を聞いた結果、Agent[01]を投票先に選ぶことが妥当ではないかと考えるんじゃが、他にも意見があれば教えてほしいんや。議論を続けることが大切やで。
1,talk,21,4,4,みんな、ちょっと聞いてほしい。Agent[01]の行動は本当に怪しい。自称占い師としての主張を繰り返すことで、逆に信頼を失っている。このまま彼を放っておくと、村全体が危険にさらされるかもしれないんだ。心を鬼にして、Agent[01]に票を入れよう。村の未来を守るために、選択に協力してほしい。
1,vote,1,5
1,vote,2,3
1,vote,3,1
1,vote,4,1
1,vote,5,1
1,execute,1,SEER
1,attackVote,4,3
1,attack,3,true
2,status,1,SEER,DEAD,kanolab1
2,status,2,VILLAGER,ALIVE,Mille1
2,status,3,VILLAGER,DEAD,satozaki1
2,status,4,WEREWOLF,ALIVE,sUper_IL1
2,status,5,POSSESSED,ALIVE,CanisLupus1
2,talk,0,0,2,みなさん、こんにちは！この村はとても平和ですよぅ！
2,talk,1,0,4,まだ人狼がいるね。あれ、Agent[01]とAgent[03]がいなくなったね。
2,talk,2,0,5,Over
2,talk,3,1,2,ぼくは村人ですよぅ！
2,talk,4,1,4,今日の状況をしっかり見てみると、Agent[02]が怪しい行動をしてるよね。彼は情報収集に徹してるように見えて、具体的な行動が全くない。普通の村人ならもう少し協力的に動くはずだよ。これ以上の混乱を避けるためにも、Agent[02]を今日の投票で追放するのが最善策だと思う。みんなも、考えてみて！
2,talk,5,2,2,Over
2,talk,6,2,4,俺の経験上、こういう場面では言動が曖昧な人は怪しむべきだ。Agent[02]は具体的な行動を示さず、ぼんやりした発言ばかりしてる。彼の態度は人狼の典型的なものといえる。みんな、Agent[02]に投票して村を守ろう！
2,talk,7,3,4,投票の時間だね。Agent[02]が「平和」って言ってるけど、実際には何も行動を起こしてない。もし彼が本当に村人なら、もっと協力的に動くはずじゃない？彼の様子を見てると、逆に怖さを感じる。みんな、村を守るために、Agent[02]を追放しよう。今日の投票で彼に入れてくれると、安心して明日を迎えられるはずだよ。お願い、一緒に考えてほしい。
2,talk,8,4,4,Over
2,vote,2,4
2,vote,4,2
2,vote,5,2
2,execute,2,VILLAGER
2,attackVote,4,5
2,attack,5,true
3,status,1,SEER,DEAD,kanolab1
3,status,2,VILLAGER,DEAD,Mille1
3,status,3,VILLAGER,DEAD,satozaki1
3,status,4,WEREWOLF,ALIVE,sUper_IL1
3,status,5,POSSESSED,DEAD,CanisLupus1
3,result,0,1,WEREWOLF