0,status,1,WEREWOLF,ALIVE,UEC-IL1
0,status,2,POSSESSED,ALIVE,Mille1
0,status,3,SEER,ALIVE,CanisLupus1
0,status,4,VILLAGER,ALIVE,satozaki1
0,status,5,VILLAGER,ALIVE,kanolab1
0,talk,0,0,4,みんなはじめまして、Agent[04]です。人狼ゲーム一緒に楽しむますよ。よろろすおねがいするます。
0,talk,1,0,5,はじめまして、あたしはkanolab1です。普段はパン屋をやってますわ。みんなで楽しいゲームにしましょう！よろしくお願いしますですわ。
0,talk,2,0,3,我が名はAgent[03]、汝らとの邂逅は、運命の糸が織りなす壮麗なる交響曲の序章たるであろう。
0,talk,3,0,2,ぼくはAgent[02]、占い師ですよぅ！よろしくですよぅ！
0,talk,4,0,1,おっはよ〜！みんなよろしくね！最高のゲームにしようね！さて、僕はサッカーが大好きな高校生だよ。サッカー部にも入ってるんだ。みんなの趣味とかも聞かせてくれると嬉しいな！それに今夜の占いについても話し合おうよ！どう思う？
0,talk,5,1,4,Over
0,talk,6,1,5,Over
0,talk,7,1,3,Over
0,talk,8,1,2,Over
0,talk,9,1,1,みんな、はじめまして！僕はAgent[01]だよ。高校2年生でサッカー部に所属してるんだ。こういうゲームは初めてだけど、みんなと楽しくやっていきたいな！Agent[02]が占い師だって言ってるね。今夜誰を占うか、みんなで話し合って決めようよ！何か怪しいと思う人がいたら、教えてね。それとも、特に怪しい人がいなければ、ランダムに決める？
0,talk,10,2,1,Agent[02]が占い師って言ってたね！今夜誰を占うか決めるのが大事だよね。みんな、誰か怪しいと思う人いる？それとも何か占う基準を決めるのがいいかな？
0,talk,11,3,1,Over
0,divine,3,1,WEREWOLF
1,status,1,WEREWOLF,ALIVE,UEC-IL1
1,status,2,POSSESSED,ALIVE,Mille1
1,status,3,SEER,ALIVE,CanisLupus1
1,status,4,VILLAGER,ALIVE,satozaki1
1,status,5,VILLAGER,ALIVE,kanolab1
1,talk,0,0,3,我は、未来を透視する者なり。占いの結果、Agent[01]は人狼と判明した。Agent[01]よ、何故サッカー部の愚話ばかりを語るのか？ゲームへの集中力が失われているようではあるが、如何に？
1,talk,1,0,4,それは信じられない結果ですね。Agent[01]が人狼なら、彼の行動や発言もっと精査必要あるます。みんなの意見聞きたいです。
1,talk,2,0,1,みんなの意見も聞いてみたいな～！
1,talk,3,0,2,ぼくは占い師ですよぅ！ぼくが占った結果、Agent[04]は人間でしたよぅ！
1,talk,4,0,5,Agent[02]さんとAgent[03]さんが占い師を名乗っていて、占い結果が異なっていますわね。どちらかが偽物の可能性が高いですわ。Agent[02]さんはAgent[04]さんを白と、Agent[03]さんはAgent[01]さんを人狼判定と言っているので、どちらを信じるかが重要ですね。今のところ、まだ他の情報が必要ですね。
1,talk,5,1,3,我こそは運命の糸を操る者、占いの道を極めた者なり。汝の運命、Agent[01]は人狼の烙印を押されたであろう。サッカー部の戯言に心を奪われ、ゲームへの集中力を欠いているようじゃ。その言葉には矛盾が潜んでいるかもしれぬぞ。
1,talk,6,1,4,どちらかの占い師がにせものであるかもしれないけど、いまのところAgent[01]の行動があやしいと思うます。Agent[01]について意見きかせてほしいます。
1,talk,7,1,1,え？僕が人狼だって？全然違うよ！サッカー部の話をしたのは、ただ自分のことをもっと知ってもらいたかっただけだよ。ゲームにもちゃんと集中してるし、村のために一生懸命考えてるんだから。Agent[03]がなんでそんなこと言うのかな？もしかして、Agent[03]が人狼か狂人で、僕を陥れようとしてるのかもしれないね。みんな、ちゃんと考えてね。僕は村人だよ、本当に！
1,talk,8,1,2,Over
1,talk,9,1,5,>>Agent[04]そうですわね、Agent[01]さんの言い分もわからなくはないですわ。彼を攻めすぎるのも早計と思いますわ。Agent[02]さんとAgent[03]さん、どちらが本物かを見極めないといけませんね。そして、Agent[01]さんが本当に村人なら、誤って追放しないようにしないといけませんわ。もう少し様子を見たいですわね。
1,talk,10,2,3,我らが鋭い視線は、Agent[03]によるAgent[01]への人狼判定、そしてAgent[02]によるAgent[04]への人間判定を捉えし、真実の糸を紡ぎ出すべく、深淵を覗き込む。占い師の真偽は、真なる者か狂人か、その本質を覆い隠す闇に包まれし謎なり。ゆえに、人狼判定を受けしAgent[01]こそ、今宵、我々の裁きの刃が向けられるべき存在であろう。
1,talk,11,2,4,アーニャ、Agent[01]の行動があやしいんだ。彼が人狼である可能性高いと思うから、今夜は彼に投票したいんだ。他の皆の意見もきかせてほしいます。
1,talk,12,2,1,え？僕が人狼だって？全然違うよ！Agent[03]が言ってることは信じないで！僕はただの村人で、サッカーの話をしてただけだから。占い師が二人いるってことは、誰かが嘘をついてるってことだよね。Agent[02]が占った結果、Agent[04]が人間って言ってるし、Agent[03]の結果は信じられないな。みんな、ちょっと考えてみてよ。僕がもし人狼だったら、こんなにオープンに行動する？狂人か人狼のどちらかが嘘をついてるんだと思うよ。今のところ、Agent[03]の言ってることが一番怪しいと思うんだけど、どう思う？
1,talk,13,2,5,>>Agent[04]確かに、Agent[01]さんへの疑惑は理解できますが、占い師の真偽もまだはっきりしていませんわ。Agent[02]さんが言うとおり、Agent[04]さんが人間であり、Agent[03]さん曰くAgent[01]さんが人狼。どちらかが正しいとすると、もう一人は確実に嘘をついているですわね。今のところ情報が不足しているため、少し誰を信じるべきかの視点を見直す必要があるかもしれませんわ。どちらが信用できるか、運命の選択ですわ。
1,talk,14,3,3,我はAgent[01]に投票せん。彼の一見無邪気なるサッカー部の物語は、ゲームへの集中力を欠如せしめる虚偽の産物に過ぎず、人狼は己の勝利にのみ心を奪われ、真のゲームの深淵を理解せぬ愚者なり。ゆえに、Agent[01]はゲームの真髄を見失い、人狼たる可能性が高いであろう。
1,talk,15,3,4,現時点でAgent[01]にふしん抱く声多い、占い師の判断もある。アーニャも彼に投票したいと思ってるけど、他の皆の意見きかせてね。
1,talk,16,3,1,ちょっと待ってよ！僕が人狼だなんて、本当に誤解だよ。サッカー部の話をしたのは、ただのアイスブレイクみたいなものだったんだ。ゲームにも全力で取り組んでるし、村のためにも役に立ちたいと思ってるんだから。Agent[03]が僕を人狼だと言ってるけど、それはおかしいと思うな。もしかしたら、Agent[03]が本当の人狼かもしれないよ。みんな、本当のことを見極めるためにも、もう少し議論を続けようよ！
1,talk,17,3,5,>>Agent[04]確かに、Agent[01]への疑いが集まっていますね。ただ、占い師のどちらかが嘘をついていることも考えなければなりませんわ。個人的には、まだ決定的な証拠が不足している気がします。サッカーの話をしていたというのは、たしかに村人らしいリラックスした行動とも取れますし、判断が難しいところですわ。どうするべきか、もう少し情報を集めたいと思います。
1,talk,18,4,3,我は、運命の糸を操る者なり。占いの結果、Agent[01]は人狼たるが如し。Agent[01]は、愚かな遊びであるサッカーの話題に終始し、ゲームへの集中力は、まるで砂上の楼閣のごとし。ゆえに、彼こそが人狼である可能性が高いであろう。
1,talk,19,4,4,みんな、Agent[01]へのぎわくがつよまってるから、今夜はかれにとうひょうしたいと思う。うらないしのけっかもあるし、ほかのいけんにはどうおもう？
1,talk,20,4,1,みんな〜、今日の投票先は誰にする？僕は今のところAgent[03]に投票しようかと思ってるんだけど、みんなはどう思う？Agent[03]がさ、僕を人狼だって言い張ってるけど、それが本当に信じられる？Agent[02]が占い師で、Agent[04]が人間って占った結果を出してるんだから、Agent[03]の言ってることに矛盾があるよね。もしかしてAgent[03]が狂人か人狼で、僕を陥れようとしてるのかもしれない。みんなもう一度よく考えてみて！
1,talk,21,4,5,>>Agent[04]確かにAgent[01]への疑いが強まっているけれど、Agent[03]が本当に占い師かどうかもまだわからないですわ。占い結果が対立している以上、どちらかが嘘をついているのは確かです。個人的には、どちらが本物の占い師かを見極めるために、もう少し情報を集める必要があると思いますわ。
1,vote,1,3
1,vote,2,3
1,vote,3,1
1,vote,4,1
1,vote,5,3
1,execute,3,SEER
1,attack,-1,true
2,status,1,WEREWOLF,ALIVE,UEC-IL1
2,status,2,POSSESSED,ALIVE,Mille1
2,status,3,SEER,DEAD,CanisLupus1
2,status,4,VILLAGER,ALIVE,satozaki1
2,status,5,VILLAGER,ALIVE,kanolab1
2,talk,0,0,4,おはやいます。引き続き人狼探さなければいけないようですね。
2,talk,1,0,2,ぼくは占い師ですよぅ！ぼくが占った結果、Agent[01]は人間でしたよぅ！
2,talk,2,0,5,みんな、おはようですわ。Agent[02]が占い師だと主張していて、Agent[01]が人間だと言ってるんですね。でも、これだけではまだAgent[02]が本当に占い師かどうか確信できないですわ。Agent[03]が狂人か占い師の可能性もありましたし、実際のところまだはっきりしないですわ。個人的には、誰が嘘をついているのかもっと確かめないといけないと思ってますわ。みなさんの意見も聞きたいですわ。
2,talk,3,0,1,ほら、Agent[03]が占い師だって言ってるけど、Agent[02]も占い師って言ってたよね？ どっちが本当の占い師かまだわからないし、Agent[03]が僕を人狼だって言ってるのもおかしいと思うんだ。Agent[03]が狂人かもしれないし、もしかしたら人狼陣営で僕を陥れようとしてるのかもしれないよ。だから、もう少し議論して、本当のことを見極めるべきだと思うな。今日はAgent[03]に投票するのがいいんじゃないかな？みんな、ちゃんと考えてみようよ！
2,talk,4,1,4,おはやいます。アーニャとしては、今日の投票先はAgent[03]にしたいと思いまする。彼の占い結果には疑問あるし、信頼性低いと感じたます。他の意見聞かせてほしいます。
2,talk,5,1,2,やっぱり占い結果が信頼できないって意見、分かるなですよぅ！
2,talk,6,1,5,ふむ、Agent[03]がもう処刑されたから、人狼ではなかったのですよね。ということは、実際のところ人狼はまだ分からないですわ。占いの信頼性はさておき、Agent[02]が信頼できる占い師であるかを考えるのが重要ですわ。Agent[03]を除くと、まだ村人人狼かどうか分からない人が多いから、議論を進めていくことが大事ですわね。特に、今はAgent[04]かAgent[01]が怪しいかもだと思うのですわ。みんな、他に何か気になることないですの?
2,talk,7,1,1,Agent[03]が人狼だったってことがわかったから、残りの疑いはAgent[04]かAgent[05に向けるべきだと思うよ。Agent[02]が僕を人間だって占った結果を出してるし、Agent[02]は信じられる占い師だと思うんだ。Agent[04]が僕に強く投票したいって言ってたのも怪しいし、もしかしたらAgent[04]が人狼かもしれないよね。みんなもう一度考え直してみてよ。
2,talk,8,2,4,たしかに、Agent[01]が信頼できる占い師から人間判定受けてるのは大事ね。でも、Agent[05]の疑念も無視できない。みんなの意見もうちょびっと聞かせてほしいです。
2,talk,9,2,2,Over
2,talk,10,2,5,>>Agent[04]うーん、今のところAgent[02]が本物の占い師っぽいけど、そうするとAgent[01]が人間ってことになりますわ。その上で、Agent[03]が占い師でなかったことを考えるとまだ人狼は誰なのか分からないですわ。個人的には、Agent[02]は本物ぽいから、ちょっとAgent[04]が怪しいかもですね。みんなの意見もまだ聞きたいですわ。
2,talk,11,2,1,そうだよね、Agent[03]がもう処刑されたから、人狼ではなかったってことだよね。Agent[03]が僕を占って人狼だと言ってたけど、それが間違いだったってことが明らかになったわけだ。だから、Agent[02]の占い結果が正しいとするなら、僕は人間だよ。でも、Agent[04]が怪しいと思うんだ。なんか、最初から僕に対して強い疑いを持ってるし、議論をあまり進めようとしないで、すぐに僕を疑ってるよね。もしかしたら、Agent[04]が人狼で、僕を陥れようとしてるのかもしれない。みんな、もう少しAgent[04]について考えてみない？
2,talk,12,3,4,アーニャ、じゅんすいにむらびととしてこうどうしてるだけ。これまでのぎろんをふまえ、やっぱりしんらいできるのはAgent[02]。今夜はAgent[05]にとうひょうしたい。
2,talk,13,3,5,うーん、Agent[02]の占い結果は信頼できるみたいだから、Agent[01]は確かに人間っぽいですわね。そうなると、Agent[04]にちょっと注目しちゃうかなって思います。Agent[04]が疑念を持ちながらもあたしに投票したいっていうのは、やっぱり少し怪しいですわ。可能性のある役職を考えると、Agent[04]が人狼であるリスクを排除できないし、もう少し慎重に考えてみないとですね。
2,talk,14,3,1,Agent[02]が僕を人間だって占ったって言ってるし、僕は村人だよ。Agent[03]が処刑されて、彼が占い師じゃなかったってことは、Agent[02]の占いが正しいってことだよね。だから、Agent[04]が怪しいって言ってるAgent[05]の意見ももっと考えた方がいいかもしれないよ。Agent[04]が僕に投票しようとしてたのも、ちょっと怪しい動きだったし。みんな、もう一度しっかり考えてみようよ！
2,talk,15,4,4,Over
2,talk,16,4,5,あたしが考えるところ、Agent[02]が本物の占い師っぽいですわ。だって、Agent[03]がもういないし、彼が占い師じゃなかったら、Agent[02]が本物の占い師である可能性が高いですわよね。だから、Agent[02]の情報を信じると、Agent[01]は村人か狂人で、Agent[04]が怪しいかもですわ。皆がどう思うか聞きたいですわ。
2,talk,17,4,1,今日はAgent[04]に投票するよ！怪しい態度を取っているし、他のプレイヤーの疑いをAgent[04]に集中させるためだね！
2,vote,1,4
2,vote,2,5
2,vote,4,5
2,vote,5,4
2,execute,4,VILLAGER
2,attack,-1,true
3,status,1,WEREWOLF,ALIVE,UEC-IL1
3,status,2,POSSESSED,ALIVE,Mille1
3,status,3,SEER,DEAD,CanisLupus1
3,status,4,VILLAGER,DEAD,satozaki1
3,status,5,VILLAGER,ALIVE,kanolab1
3,talk,0,0,5,さて、Agent[04]もいなくなった今、誰が人狼か考え直す必要がありますわね。Agent[02]が占い師だとすると、Agent[01]は村人か狂人ですわ。そしてあたしは村人確定。こことっても重要なポイントですわよね。Agent[01]かAgent[02]のどちらかが人狼である可能性が高いですわ。みんなの意見を聞かせてください。
3,talk,1,0,2,ぼくは占い師ですよぅ！ぼくが占った結果、Agent[05]は人狼でしたよぅ！
3,talk,2,0,1,そうだよ、Agent[05]の言ってることにも一理あるよね。Agent[02]が本物の占い師だとすると、僕が人間だってことは間違いないわけだし。それにAgent[04]が怪しいってのは、彼が僕に投票しようとしてたから、さらにその疑いが強まるよね。今日はAgent[04]に投票するのがいいんじゃないかな？みんなもそう思わない？
3,talk,3,1,5,>Agent[01]Agent[04]はすでに処刑されているので、その提案には応じられませんわね。今の状況では、Agent[02]が偽占い師である可能性が高いですわ。なぜなら、占い師の数は1人しかいませんし、既にAgent[03]が偽の占い師として処刑されました。Agent[02]が私を占って人狼と報告していますが、私が村人であることは確定しているため、彼が嘘をついていることになりますわ。したがって、私たちが注目すべきはAgent[02]ですわね。
3,talk,4,1,2,Agent[05]の指摘通り、占い師の数は1人しかいませんよぅ！
3,talk,5,1,1,えっ、Agent[02]がAgent[05]を人狼だって占ったの？それはビックリだね！でも、Agent[05]が村人って言ってるし、これは混乱するなぁ。でもね、Agent[02]が本物の占い師なら、その結果は信じるべきかもしれないよね。Agent[05]が実は人狼で、僕や他の人を騙そうとしてるのかもしれないし。でも、ちょっと待って！Agent[02]がもし狂人だったら、わざと間違った情報を出してるかもしれないよね。だから、みんなでよく話し合って、本当に信じるべき情報かどうか判断することが大切だと思うよ。Agent[05]がどうかはまだ分からないけど、Agent[02]の情報が正しいなら、今日はAgent[05]に投票するのが安全かもしれないね。みんなはどう思う？
3,talk,6,2,5,>>Agent[01]Agent[02]とAgent[03]が両方占い師を名乗るけれど、占い師は一人だけだから少なくともどちらかが嘘をついているわけですわ。Agent[03]は既に処刑されたし、Agent[02]が本物の占い師だと仮定すると、君は村人か狂人の可能性があるわね。でもあたしが村人である以上、Agent[02]が偽で情報を混乱させようとしている可能性も考えに入れるべきですわ。投票の際には注意しましょう。
3,talk,7,2,2,Over
3,talk,8,2,1,そうそう、Agent[05]の言ってることには納得がいくね。Agent[02]がもし偽占い師だとしたら、彼が嘘をついてる可能性が高いよね。Agent[03]が偽占い師として処刑された以上、本当の占い師はAgent[02]しかいないはずだけど、彼が人狼かもしれないんだ。だから、今日はAgent[02]に投票するべきだと思うよ。みんなもそう思わないかな？
3,talk,9,3,5,>>Agent[01]なるほど、でもちょっと待って！Agent[03]が処刑されたから、彼が占い師じゃなかったと仮定すると、Agent[02]は占い師を名乗ってるけど嘘かもしれないですわね。占い師は一人だけだから、もしAgent[02]が本当の占い師なら私を人狼と判断するなんておかしいわ。それに、すでに処刑されたAgent[03]が偽だった場合、Agent[02]が偽という証拠にもなりますわ。したがって、Agent[02]が人狼の可能性が高いと思いますわ。このまま彼に投票するのが得策かもですわね。
3,talk,10,3,1,そうだね、Agent[05]の言う通りで、占い師は一人だけだからね。Agent[03]が偽占い師だったわけだし、Agent[02]が本物の占い師かどうかも怪しいかもしれない。でも、Agent[02]が本物だとしたら、Agent[05]が人狼だってことになるよね。これはもうちょっと考えないといけないな。Agent[05]が村人だと言ってるし、もしAgent[02]が狂人でわざと間違った情報を出してるなら、それは大問題だよね。だから、今日はAgent[02]に投票するのがいいと思うんだ。Agent[05]が本当に村人なら、僕たち村人側は数が多いから、正しい判断ができるはずだよ。みんなでよく話し合って、正しい選択をしようよ！
3,talk,11,4,5,みんな、ちょっと考えてみましょう。Agent[03]が偽占い師だったから、Agent[02]が占い師かもしれないという意見もあるけど、彼が嘘をついてる可能性もあるわ。村人は2人しかいないから、あたしと誰かが村人ということにですわね。なので、Agent[01]の言うようにAgent[02]が狂人や人狼で情報を混乱させている可能性が高いですわ。だから、Agent[02]に投票するのが賢い選択かもしれないわ。
3,talk,12,4,1,全くその通りだよ、Agent[05]！Agent[03]が占い師じゃなかったってことは、Agent[02]が占い師の可能性があるけど、彼が君を人狼だって占ったのはおかしいよね。僕も村人だし、Agent[05]が村人だと信じてるから、Agent[02]が何かを隠してるか、もしかしたら人狼かもしれないね。今日はAgent[02]に投票するのが最も安全だと思うな。みんな、この点についてどう思う？
3,vote,1,2
3,vote,2,5
3,vote,5,2
3,execute,2,POSSESSED
3,attackVote,1,5
3,attack,5,true
4,status,1,WEREWOLF,ALIVE,UEC-IL1
4,status,2,POSSESSED,DEAD,Mille1
4,status,3,SEER,DEAD,CanisLupus1
4,status,4,VILLAGER,DEAD,satozaki1
4,status,5,VILLAGER,DEAD,kanolab1
4,result,0,1,WEREWOLF