0,status,1,POSSESSED,ALIVE,Mille1
0,status,2,SEER,ALIVE,satozaki1
0,status,3,VILLAGER,ALIVE,barneko1
0,status,4,VILLAGER,ALIVE,kanolab1
0,status,5,WEREWOLF,ALIVE,UEC-IL1
0,talk,0,0,5,おっはよー！みんなよろしくね！最高のゲームにしようぜ！
0,talk,1,0,1,ぼくはAgent[01]、占い師ですよぅ！よろしくですよぅ！
0,talk,2,0,4,おはようございますわ。わたくしはkanolab1と申します。皆さまと楽しい時間を過ごせることを楽しみにしていますわ。どうぞよろしくお願いいたします。
0,talk,3,0,3,Over
0,talk,4,0,2,皆さん初めまして、Agent[02]やで。人狼ゲームを一緒に楽しみましょう。よろしくお願いしますやで！
0,talk,5,1,5,おっす！みんな初めまして、僕は高校2年生でサッカー部に所属してるんだ。名前はみんなからどう呼ばれたいかな？それともう占い師の話が出てる？占い師はまだ名乗り出てないよね？今夜誰を占うか決めるためにも、占い師は出てきてほしいな！
0,talk,6,1,1,Over
0,talk,7,1,4,Over
0,talk,8,1,2,Over
0,talk,9,2,5,Agent[03]もよろしくね！ さて、みんな自己紹介ありがとう！でも、ちょっと待ってね、Agent[03]からの自己紹介がまだ聞けてないよ。Agent[03]、何か言いたいことがあったらどうぞ！
0,talk,10,3,5,Over
0,divine,2,1,HUMAN
1,status,1,POSSESSED,ALIVE,Mille1
1,status,2,SEER,ALIVE,satozaki1
1,status,3,VILLAGER,ALIVE,barneko1
1,status,4,VILLAGER,ALIVE,kanolab1
1,status,5,WEREWOLF,ALIVE,UEC-IL1
1,talk,0,0,5,みんなの意見も聞いてみたいな～！
1,talk,1,0,4,私は村人ですので、できるだけ他の方の様子を見て、怪しい方を見つけたいと思いますわ。今日もよろしくお願いいたします。
1,talk,2,0,1,ぼくは占い師ですよぅ！ぼくが占った結果、Agent[04]は人間でしたよぅ！
1,talk,3,0,3,>>Agent[05] 僕は村人だよ。みんなで協力して、狼を見つけようね！
1,talk,4,0,2,オレは占い師やで。占いの結果、Agent[01]は人間やったんや。
1,talk,5,1,5,Agent[01]、占い師って言ってたけど、具体的に誰かを占った結果はまだ聞いてないよね？ 今のところ誰が怪しいと思ってるの？ 何か占いの結果があれば、それも教えてくれると嬉しいな！
1,talk,6,1,4,>>Agent[05]今までの会話では、Agent[01]とAgent[02]の両方が占い師を名乗っているのですが、実際には占い師は1人しかいないはずですわ。そのため、どちらかが偽物である可能性が高いです。今夜の占い結果を注視することが大切ですわね。
1,talk,7,1,1,Over
1,talk,8,1,3,>>Agent[01] 占い結果、全員でしっかり考えよう！信頼できる情報を共有しよう。
1,talk,9,1,2,その通りやね。オレは今後の占い結果が重要やと思うし、Agent[01]の発言にも注目したいわ。どちらかが偽物かもしれんし、慎重に進めよう。
1,talk,10,2,5,おっと、Agent[02]が占い師だって言ってるけど、Agent[01]も占い師って言ってるよね。ここで一つ疑問が浮かぶよ。本当の占い師はどっちだろうね？ 二人とも占い師を名乗るのはおかしいから、どっちかがうそをついてるんじゃないかな。Agent[01]が占ったって言うAgent[04]が人間っていう結果と、Agent[02]が占ったって言うAgent[01]が人間っていう結果。これ、どっちも人間って出てるけど、どっちかの占い結果は偽物だよね。この状況で、Agent[01]とAgent[02]のどちらかは狼か狂人の可能性が高いって考えるのが自然だよね。今のところ、Agent[01]が最初に占い師を名乗り出たから、Agent[02]の方が後出しで怪しい感じがするよ。Agent[02]が狼か狂人で、Agent[01]を疑わせようとしてるのかもしれない。だから、今日の投票はAgent[02]にしようよ！それが安全だと思うし、もしAgent[02]が狼なら一気に有利になるからね！
1,talk,11,2,4,>>Agent[05]わたくしもAgent[02]が占い師を名乗るのはちょっと怪しいと思いますの。でも、まだ初日ですから慎重になりたいですわ。このまま占い結果を見て判断することも大切ですのよ。わたくしとしては、これからの情報をしっかり見極めていきたいですわ。みんなで協力して、狼を見つけましょう！
1,talk,12,2,3,>>Agent[04] 僕も慎重に考えようと思ってるよ！占い結果が大事だね。
1,talk,13,2,2,みんなの意見も大切やけど、Agent[05]の指摘はかなり危険やな。オレはAgent[05]に投票することを提案するで。オレが本物の占い師やから、信じてほしい！
1,talk,14,3,5,Agent[01]とAgent[02]が占い師を名乗ってるけど、どちらかが偽者だよね。Agent[01]がAgent[04]を占ったって言ってるし、Agent[02]はAgent[01]を占ったって言ってる。この状況だと、どっちかの情報が嘘ってことになるよね。ただ、Agent[01]が具体的な占い結果を出してるのに対して、Agent[02]は自分が占い師だって言ってるだけで、他の具体的な動きが見えないから、ちょっと怪しいかもしれない。みんなはどう思う？ Agent[02]についてもっと情報が欲しいな。
1,talk,15,3,4,>>Agent[05]そうですわね、Agent[01]とAgent[02]のどちらかが偽物の占い師であることは確実ですわ。Agent[01]が最初に占い師を名乗り、わたくしを人間と占ったことから、少し信頼できるかもしれませんわね。Agent[02]は後から占い師を名乗ったので、少し怪しいと感じますわ。ですが、まだ情報が少ないので、慎重に進めることが大切ですわね。
1,talk,16,3,3,>>Agent[04] そうだね。占い結果が出るまで様子を見つつ、冷静に進めよう！
1,talk,17,3,2,みんなの意見も聞きたいけど、オレはAgent[05]に疑問を持ってるんや。オレが本物の占い師なら、Agent[05]は慎重すぎると思うやろ。心配やけど、信じてほしいやで！
1,talk,18,4,5,えっと、Agent[02]が僕を疑って投票するって言ってるけど、それはちょっとおかしいよね。今、Agent[01]とAgent[02]のどちらが本物の占い師かが重要なポイントだと思うんだ。Agent[02]が後から占い師って名乗り出たのが怪しいと思うし、もしAgent[02]が狼か狂人なら、僕を疑ってるのも納得がいく話だよね。Agent[01]が最初に占い師を名乗って、Agent[04]が人間だって言った結果を出してるから、今はAgent[01]の言ってることを信じるべきだと思うよ。だから、今日はAgent[02]に投票するのがベストだと思うな。みんなもよく考えて、誰が本当に村のためになるかを考えてみてほしいよ！
1,talk,19,4,4,>>Agent[05]確かに、Agent[01]とAgent[02]のどちらかが偽物の占い師であることは明らかですわね。わたくしはAgent[01]が最初に占い師を名乗り、わたくしを人間と占ったことから、少し信頼できると思っていますわ。Agent[02]が後から占い師を名乗ったことが怪しいですし、今のところはAgent[02]に投票するのが良いかもしれませんわね。みんなも慎重に考えてくださいませ。
1,talk,20,4,3,>>Agent[01] みんなの意見を聞いて、今日はAgent[02]に投票したいと思います！
1,talk,21,4,2,オレは本物の占い師や。Agent[01]が最初に名乗った占い師なら、オレの占い結果を見てほしい。信じて投票するのはオレにしてほしいまっせ。
1,vote,1,2
1,vote,2,2
1,vote,3,2
1,vote,4,2
1,vote,5,2
1,execute,2,SEER
1,attackVote,5,1
1,attack,1,true
2,status,1,POSSESSED,DEAD,Mille1
2,status,2,SEER,DEAD,satozaki1
2,status,3,VILLAGER,ALIVE,barneko1
2,status,4,VILLAGER,ALIVE,kanolab1
2,status,5,WEREWOLF,ALIVE,UEC-IL1
2,talk,0,0,5,Agent[02]が追放されたってことは、Agent[02]が狼か狂人だったってことだよね。それにAgent[01]も消えてるし、これはかなり状況が変わったよ。Agent[04]とAgent[03]、どう思う？ 今のところ、Agent[03]が怪しいかなって思ってるんだ。Agent[03]は占い結果についてもあまり話してないし、もっと積極的に情報を出してほしいな。
2,talk,1,0,4,>>Agent[05]なるほど、わたくしも少し考えてみましたわ。Agent[01]が本物の占い師であったと仮定すると、Agent[02]は村人か狂人だった可能性がありますわね。そうなると、Agent[03]かAgent[05]が人狼の可能性が高いですわ。Agent[03]は確かにあまり情報を出していないので、怪しいと感じるのも分かりますわ。でも、もう少し情報が欲しいですわね。Agent[03]、何か意見はありますか?
2,talk,2,0,3,>>Agent[05] 確かに、もう少し情報出すべきですね。私は村人です。協力して狼を見つけましょう！
2,talk,3,1,5,Agent[02]が追放されたけど、実は彼が人狼だったってわかったんだよね。これで少しは安心できるけど、まだ人狼が残ってる可能性があるから、みんなで協力して真実を見つけ出さないと！Agent[04]とAgent[03]、今日はどうする？ Agent[01]がいない今、新しい情報がないから、昨日の話をもう一度振り返ってみるのはどうかな？ Agent[01]とAgent[02]の話がどれだけ本当だったのか、もう一度考え直す必要があるよね。
2,talk,4,1,4,>>Agent[05]そうですわね、前日の話を振り返るのは良い考えですわ。そしてAgent[02]が人狼だったというのは少し安心材料ですわ。ただ、Agent[03]とAgent[05]のどちらかがまだ怪しいと考えていますの。なぜなら、Agent[01]とAgent[02]がどちらも人狼ではないことが確認されたので、残る人狼は他の誰かですもの。わたくしは村人ですので、みんなで協力して真実を掴みましょう。どちらが怪しいと思うか、もう少し話し合いを進めていきたいですわ。
2,talk,5,1,3,>>Agent[05] 確かに、過去の情報を整理しましょう。私は村人ですから、皆で協力して人狼を見つけましょう！
2,talk,6,2,5,Agent[03]が村人だと言ってるけど、具体的な動きがまだ見えないんだよね。今日はAgent[03]に投票するのがいいかもしれない。Agent[04]はどう思う？
2,talk,7,2,4,>>Agent[05]確かに、Agent[03]がこれまであまり具体的な動きを見せていないのは気がかりですわ。ただ、わたくしはまだ結論を出すのは早い気がします。Agent[01]とAgent[02]のどちらが本物の占い師であったかを考えると、Agent[03]とAgent[05]のどちらかが人狼の可能性が高いという状況ですわね。わたくしは村人ですから、この状況で最善の選択をしなければいけませんわ。Agent[03]、もっと具体的な意見を出してくださいませ。
2,talk,8,2,3,>>Agent[04] 私は村人です。過去の情報を元に話し合いを続けましょう！
2,talk,9,3,5,Agent[03]が怪しいって言ってるけど、具体的な理由がないんだよね。もうちょっと具体的にどうして怪しいと思うのか教えてくれる？ それともう一つ、Agent[04]もちょっと考えないといけないかもしれないよ。Agent[01]が本物の占い師だったとしたら、Agent[04]が人間だってことは確かなんだけど、Agent[01]がもし狼か狂人だった場合の話も考えないといけないよね。この状況で、Agent[04]がどうかってこともちゃんと考える必要があるよ。みんな、どう思う？
2,talk,10,3,4,>>Agent[05]確かに、Agent[01]が本物の占い師であれば、わたくしは村人確定ですわね。ただ、Agent[02]が本物である可能性も捨てきれないのです。過去の情報から考えると、Agent[03]とAgent[05]のどちらかが人狼である可能性が高いですわ。どちらのケースでも、両者を慎重に見極める必要がありますわね。ですので、Agent[03]にもっと具体的な意見を求めるのは賛成ですわ。皆さんの考えもお聞きしたいですわ。
2,talk,11,3,3,>>Agent[05] 自分が村人だという証拠は難しいですが、皆で協力すれば真実に近づけます！
2,talk,12,4,5,Agent[04]、Agent[03]がまだ具体的な情報を出してくれていないから、今日はAgent[03]に投票するのがベストだと思うんだ。Agent[03]がもっと積極的に情報を出してくれたら、もう少し状況が明確になるかもしれないけど、今のところはAgent[03]が一番怪しいと思うんだよね。みんなで協力して真実を見つけ出そう！
2,talk,13,4,4,>>Agent[03]ヒントとして、私たちが知っていることから、Agent[01]が本物の占い師だったとすると、わたくしは村人確定で、そしてあなたかAgent[05]が人狼の可能性がありますわね。また、Agent[02]が本物だったとしても同様の状況が成立しますわ。過去の発言や行動を考慮して、あなたがどのように村人であることを証明できるか、具体的に話していただければ幸いですわね。
2,talk,14,4,3,>>Agent[04] 私は村人です。具体的に情報も出して議論に参加します！
2,attack,-1,true
3,status,1,POSSESSED,DEAD,Mille1
3,status,2,SEER,DEAD,satozaki1
3,status,3,VILLAGER,,barneko1
3,status,4,VILLAGER,ALIVE,kanolab1
3,status,5,WEREWOLF,ALIVE,UEC-IL1
3,result,2,1,NONE