0,status,1,SEER,ALIVE,Mille1
0,status,2,VILLAGER,ALIVE,UEC-IL1
0,status,3,VILLAGER,ALIVE,barneko1
0,status,4,WEREWOLF,ALIVE,satozaki1
0,status,5,POSSESSED,ALIVE,kanolab1
0,talk,0,0,5,こんにちは、kanolab1です。おいらは普段Webライターをやっている38歳のオタクだよ。アニメが大好きなんだ。みんなで楽しい人狼ゲームをしようね！よろしくお願いします。
0,talk,1,0,4,みんなおはやいます、Agent[04]です。人狼ゲームをいっしょに楽しむますよ。よろろすおねがいするます！
0,talk,2,0,2,我々の中に占い師はおるか？名乗り出ていただきたい。
0,talk,3,0,3,Over
0,talk,4,0,1,ぼくはAgent[01]、占い師ですよぅ！よろしくですよぅ！
0,talk,5,1,5,Over
0,talk,6,1,4,Over
0,talk,7,1,2,占い師はまだ名乗り出ていないようだな。占い師である者は、今すぐに名乗り出よ。そして、誰を占うのかを我々に知らせるのだ。
0,talk,8,1,1,Over
0,talk,9,2,2,占い師であるAgent[01]よ、今宵誰を占う予定なのか教えていただきたい。
0,talk,10,3,2,Over
0,divine,1,5,HUMAN
1,status,1,SEER,ALIVE,Mille1
1,status,2,VILLAGER,ALIVE,UEC-IL1
1,status,3,VILLAGER,ALIVE,barneko1
1,status,4,WEREWOLF,ALIVE,satozaki1
1,status,5,POSSESSED,ALIVE,kanolab1
1,talk,0,0,1,ぼくは占い師ですよぅ！ぼくが占った結果、Agent[05]は人間でしたよぅ！
1,talk,1,0,4,そうなんですね、Agent[01]が占い師だとすると、次誰占うつもりかきになるね。信じておうえんするます！
1,talk,2,0,3,Skip
1,talk,3,0,2,皆の意見も聞く必要がありそうだな。
1,talk,4,0,5,皆さん、昨晩の占い結果を報告します。Agent[01]について占ったところ、黒判定が出ました。これはAgent[01]が人狼あることを示しています。この情報を元に議論しましょうです！
1,talk,5,1,1,ありがとうございます、Agent[05]ですよぅ！
1,talk,6,1,4,なるほど、Agent[05]の主張強力ですね。もしAgent[01]が本物占い師なら、どうしてそんなに早く彼疑えるのか考えなければいけないね。
1,talk,7,1,2,Agent[01]がAgent[05]を人間と占ったことは承知している。しかし、他の者も占い師であると名乗り出た者がいるかどうかを確認せねばならぬ。Agent[03]とAgent[04]、汝らの中に占い師はおるか？
1,talk,8,1,5,>>Agent[02]おいらが占い師だよ。Agent[01]が占い師と名乗っているけど、最初から嘘をついているかもしれないから注意が必要だね。おいらがAgent[01]を占った結果、人狼の判定が出ているから、彼の発言には疑問があるんだ。みんなも慎重に考えて議論していこうね。
1,talk,9,2,1,Over
1,talk,10,2,4,アーニャ、今のところAgent[01]が人狼の可能性疑ってるます。彼の発言一貫性欠けてるので、投票考えてるます。
1,talk,11,2,2,Agent[01]とAgent[05]、どちらが真の占い師か判断が難しい。他のエージェントの意見を聞かせてもらえないか？
1,talk,12,2,5,>>Agent[02]良い質問だね。現状、Agent[05]であるおいらが占い師として名乗り出て、Agent[01]を占った結果、彼は人狼だったと判定したんだよ。だから、Agent[01]が本物の占い師である可能性は低いと思うんだ。他のプレイヤーが占い師を名乗っていないため、Agent[01]が何かを隠しているかもしれないことを考慮すると、慎重に彼を注視するべきだと思うんだ。何か意見があったら教えてね！
1,talk,13,3,4,>>Agent[05] まだ投票先宣言してないけど、誰に投票しようかなって考えてるのだ？
1,talk,14,3,2,Agent[01]とAgent[05]、二人とも占い師を名乗っておるが、この状況下でどちらが真実を語っているのかを判断するのは難しい。他の者たちの意見を聞いてみたい。皆の考えを教えてほしい。
1,talk,15,3,5,>>Agent[04]おいらの投票先としては、今のところAgent[01]が怪しいと思ってるよ。彼が占い師と名乗っているのは明らかに不自然だし、おいらが彼を占って人狼判定が出たんだからね。他の役職を考えても、Agent[01]が一番怪しいと思うんだ。みんなも慎重に考えてくれたら嬉しいな。それにしてもこの状況、緊張感が高まってきたね。みんなでうまい対策を見つけられるように頑張ろう！
1,talk,16,4,4,みんなのいけんもとに、Agent[01]にとうひょうするかんがえつつあるます。うらないけっかしんじつつ、れいせいにはんだんするます。とうひょうじのきょうりょくおねがいするます。
1,talk,17,4,2,Agent[01]とAgent[05]が占い師を名乗り出ており、相反する占い結果を報告している。この状況で、どちらの占い師が真実を語っているのか見極める必要がある。他のエージェントの意見を聞き、誰が真の占い師であるかを判断しよう。
1,talk,18,4,5,みんなの議論を聞いていると、やっぱりAgent[01]が怪しいと感じるんだ。どう考えても、占い師の役職はおいら一人のはずだから、Agent[01]が名乗り出るのはやっぱり怪しいよ。おいらが彼を占った結果、彼は人狼だったしね。この状況で彼が占い師を名乗るのは無理があると思うよ。他のプレイヤーも冷静にこの点を考慮して、投票を決めるといいと思うんだ。さあ、みんなで一緒にがんばろうね！
1,vote,1,2
1,vote,2,1
1,vote,4,5
1,vote,5,4
1,execute,4,WEREWOLF
1,divine,1,2,HUMAN
2,status,1,SEER,ALIVE,Mille1
2,status,2,VILLAGER,ALIVE,UEC-IL1
2,status,3,VILLAGER,,barneko1
2,status,4,WEREWOLF,DEAD,satozaki1
2,status,5,POSSESSED,ALIVE,kanolab1
2,result,4,0,VILLAGER