0,status,1,VILLAGER,ALIVE,satozaki1
0,status,2,VILLAGER,ALIVE,barneko1
0,status,3,WEREWOLF,ALIVE,UEC-IL1
0,status,4,POSSESSED,ALIVE,Mille1
0,status,5,SEER,ALIVE,kanolab1
0,talk,0,0,2,Over
0,talk,1,0,4,ぼくはAgent[04]、占い師ですよぅ！よろしくですよぅ！
0,talk,2,0,5,私はkanolab1、漁師をしています。趣味はゲームです。みんなで楽しい人狼ゲームにしましょう！
0,talk,3,0,1,皆さん初めまして、Agent[01]ですわ。人狼ゲームを一緒に楽しみましょうですわ。よろしくお願いしますわ！
0,talk,4,0,3,おっはよー！みんなよろしくね！最高のゲームにしようね！僕はサッカーが大好きな高校生だから、チームプレイは得意だよ。みんなで協力して、楽しいゲームにしよう！
0,talk,5,1,4,Over
0,talk,6,1,5,Over
0,talk,7,1,1,Over
0,talk,8,1,3,初めまして、僕はAgent[03]、高校2年生でサッカー部に所属してるんだ。人狼ゲーム、みんなで盛り上がろうぜ！Agent[04]がもう占い師って名乗ってるね。今夜誰を占うか、話し合って決めたいな。怪しい人はまだ分からないけど、初日から情報を集めるのは大事だよね！どう思う？
0,talk,9,2,3,ところで雑談もいいけど、今日の占い先を話し合おうよ〜！Agent[04]が占い師って言ってたから、怪しい人を今日の夜占ってもらうべきだと思うよ！何か意見ある？
0,talk,10,3,3,Over
0,divine,5,2,HUMAN
1,status,1,VILLAGER,ALIVE,satozaki1
1,status,2,VILLAGER,ALIVE,barneko1
1,status,3,WEREWOLF,ALIVE,UEC-IL1
1,status,4,POSSESSED,ALIVE,Mille1
1,status,5,SEER,ALIVE,kanolab1
1,talk,0,0,2,>>Agent[04] 占い先の候補はどう考えてる？みんなの意見も聞きたい！
1,talk,1,0,4,ぼくは占い師ですよぅ！ぼくが占った結果、Agent[03]は人狼でしたよぅ！
1,talk,2,0,5,私は占い師ですが、今夜の占いでAgent[02]は白、つまり村人陣営でした。これを皆さんと共有します。Agent[04]さんが占い師だと主張していますが、私は自分の結果を信じています。意見を出し合って怪しい人物を見つけましょう。
1,talk,3,0,3,みんなの意見も聞いてみたいな～！
1,talk,4,0,1,現在の情報を整理すると、Agent[04]とAgent[05]のどちらが本物の占い師かが大きなポイントですわね。ワタクシは両者の意見を慎重に聞いていますわ。
1,talk,5,1,2,>>Agent[04] あなたの占い結果、重要だと思います。今後の方針どうしますか？
1,talk,6,1,4,>>Agent[02] 占い先は、実は結構悩んでるですよぅ！
1,talk,7,1,5,占いの結果、Agent[02]は白、村人陣営でした。この情報をみんなと共有します。Agent[04]さんがAgent[03]を怪しいと主張していますが、皆さんの意見も伺いたいです。占い師を名乗る者が二人いるという状況をどう判断すべきか、話し合いましょう。
1,talk,8,1,3,え？僕が人狼だって？絶対に違うよ！Agent[04]が何か勘違いしてるんじゃない？占い師が間違えることもあるし、もしかしたらAgent[04]が狂人か、もっと悪いことに人狼自身かもしれないよ。僕はただの村人で、みんなと一緒に本当の人狼を見つけたいだけなんだ。Agent[05]がAgent[02]を白と言ってるけど、その情報もどうなんだろうね。みんなでしっかり話し合って、本当に信じられる情報を見極めようよ！
1,talk,9,1,1,発言が混乱しているようですわ。自己主張が強いAgent[03]が逆に怪しい気がしますわね。Agent[04]の結果を踏まえ、冷静に議論を進めましょうですわ。
1,talk,10,2,2,Skip
1,talk,11,2,4,>>Agent[02] 占い結果は重要だが、重要なのは占い結果が白か黒か、つまり真占い師か偽占い師かが分かることですよぅ！
1,talk,12,2,5,現時点での私の占い結果ですが、Agent[02]は白、つまり村人陣営と判定されました。これが真の情報であることを信じてほしいです。さて、Agent[04]さんがAgent[03]を疑っているようですが、ここで冷静に考えてみましょう。二人の占い師がいる状態で、どちらが本物でどちらが偽物なのかを見極める必要があります。皆さんの意見もぜひ聞かせてください。
1,talk,13,2,3,え？僕が人狼だって？全然違うよ！Agent[04]が何か勘違いしてるか、もしかしたら狂人かもしれないね。僕はただ村を守りたいだけで、みんなで協力して本当の人狼を見つけるべきだと思ってるんだ。Agent[05]が占い結果を話してくれたけど、そっちの結果も考慮に入れないとね。みんな、どう思う？
1,talk,14,2,1,乱闘が続いているのが気になりますわね。ここは冷静になるべきですわ。私としては、現在最も怪しいのはAgent[04]ですわ。彼の正当性を疑っていますから、彼に投票したいですわ。
1,talk,15,3,4,Over
1,talk,16,3,5,繰り返しになりますが、私が占った結果、Agent[02]は白、つまり村人陣営でした。この情報を基に、今後の行動を考えていただければと思います。Agent[03]やAgent[04]の発言に注意を払いながら、私たちがどのように協力し、村を守っていくかを引き続き話し合いましょう。Agent[01]さんがAgent[04]を疑っていますが、他の皆さんの意見も聞きたいです。この混乱を乗り越えるために、みんなで協力していきましょう。
1,talk,17,3,3,Agent[04]が僕を疑ってるけど、ほんとにそれが正しい情報かな？Agent[05]がAgent[02]を白と判断したって言ってるし、もしかしてAgent[04]が何か誤解してるかもしれないよね。みんなでしっかり話し合って、真実を見つけ出そうよ！Agent[04]が本当に占い師なのか、それとも何か別の意図があるのかも考えないとね。今日はAgent[04]に投票するのがいいかもしれない。彼が人狼か狂人の可能性があるから、この疑問を解消するためにもね！
1,talk,18,3,1,>>Agent[05] まだ投票先を宣言していないようですが、誰に投票しようと考えていますかしら？
1,talk,19,4,5,私の占い結果では、Agent[02]は白、つまり村人陣営でした。この情報を基に、私はAgent[04]が偽の占い師である可能性が高いと考えています。Agent[03]が村人であると主張していることも考慮すると、Agent[04]に投票するのが妥当かもしれません。皆さんの意見も参考にしながら、最善の選択をしたいと思います。
1,talk,20,4,3,Agent[04]が僕を人狼だと言ってるけど、それは絶対に間違ってるよ。Agent[05]がAgent[02]を白と言ってるし、ここはAgent[04]が疑わしいんじゃないかな？もしかしたらAgent[04]が狂人で、わざと情報を混乱させようとしてるのかもしれない。みんなでしっかり考えて、本当に信じられる情報を見極めよう！今日はAgent[04]に投票するのがいいと思うんだ。
1,talk,21,4,1,ワタクシは現在の情報を踏まえ、Agent[04]に投票することが最良の選択だと考えますわ。皆さんもそれぞれの意見を理論的に述べ、最終判断をしましょうですわ。
1,vote,1,4
1,vote,3,4
1,vote,4,3
1,vote,5,4
1,execute,4,POSSESSED
1,attackVote,3,1
1,attack,1,true
2,status,1,VILLAGER,DEAD,satozaki1
2,status,2,VILLAGER,,barneko1
2,status,3,WEREWOLF,ALIVE,UEC-IL1
2,status,4,POSSESSED,DEAD,Mille1
2,status,5,SEER,ALIVE,kanolab1
2,result,2,1,NONE