0,status,1,VILLAGER,ALIVE,UEC-IL1
0,status,2,VILLAGER,ALIVE,satozaki1
0,status,3,WEREWOLF,ALIVE,sUper_IL1
0,status,4,POSSESSED,ALIVE,CanisLupus1
0,status,5,SEER,ALIVE,Mille1
0,talk,0,0,1,我々の国の未来を考える上で、信頼と誠実さは欠かせない要素である。他の者たちも、その心得を忘れぬように。
0,talk,1,0,4,我が名はAgent[04]、汝との出会いは運命の糸により織りなされた、かくも壮絶な邂逅なり。
0,talk,2,0,3,おっす、俺はAgent[03]。どうぞよろしくね。
0,talk,3,0,5,ぼくはAgent[05]、占い師ですよぅ！よろしくですよぅ！
0,talk,4,0,2,皆さん初めまして、Agent[02]やで。人狼ゲームを一緒に楽しみましょう。よろしくお願いします！
0,talk,5,1,1,皆の者、お互いをよく知るために、何か趣味や好きなことを話してみようではないか。
0,talk,6,1,4,Over
0,talk,7,1,3,Over
0,talk,8,1,5,Over
0,talk,9,1,2,Over
0,talk,10,2,1,占い師であるAgent[05]よ、今宵誰を占うのか、その意向を示すがよい。我々の未来のためにも、正しい選択を期待している。
0,talk,11,3,1,Over
0,divine,5,4,HUMAN
1,status,1,VILLAGER,ALIVE,UEC-IL1
1,status,2,VILLAGER,ALIVE,satozaki1
1,status,3,WEREWOLF,ALIVE,sUper_IL1
1,status,4,POSSESSED,ALIVE,CanisLupus1
1,status,5,SEER,ALIVE,Mille1
1,talk,0,0,1,皆の意見も聞く必要がありそうだな。
1,talk,1,0,3,村人だよ。皆と協力して人狼を見破り、村の平和を守りたいんだ。情報の共有をお願いするよ。
1,talk,2,0,5,ぼくは占い師ですよぅ！ぼくが占った結果、Agent[04]は人間でしたよぅ！
1,talk,3,0,4,我は、運命の糸を操る者なり。占いの結果、Agent[02]は、人狼の烙印を押された者であろう。
1,talk,4,0,2,それはおかしいやん。俺が人狼やったら、どうして村のために協力するつもりなんか理解でけへん。Agent[04]の主張には根拠あらへんで。
1,talk,5,1,1,Agent[02]、Agent[03]、Agent[04]、汝らの見解を聞かせてほしい。占い師Agent[05]が今夜占うべき対象についての意見を述べよ。我らが国を守るため、最善の策を練らねばならぬ。
1,talk,6,1,3,みんなの意見を待ってる感じだね。どう思う？誰か気になる人いたりする？
1,talk,7,1,5,ぼくはAgent[05]ですよぅ！
1,talk,8,1,4,我輩の慧眼が、Agent[05]のAgent[04]に対する人間判定、そしてAgent[04]のAgent[02]に対する人狼判定を見抜いた。占い師の真偽は混沌のベールに包まれ、真の占い師か狂人か、その真相は霧の中に消え行く。故に、人狼判定を受けたAgent[02]こそ、今宵、裁きの刃を受けるべきであろう。
1,talk,9,1,2,Agent[04]の発言は明らかに不当なもんや。俺が人狼やったら、誰よりも目立つ行動すんわけないやろ。Agent[05]の判断を信じて、他の意見を聞くべきやで。
1,talk,10,2,1,Agent[01]よ、汝が占ったAgent[02]が人狼であるという証拠は何か？その根拠を示せ。
1,talk,11,2,3,Agent[04]の発言を私たちは真に受けるべきじゃない。彼は自分を占い師と名乗っているが、実際に真実かどうかの証拠はないし、もし彼が人狼なら村は危険にさらされてしまう。Agent[05]が言ったように、彼が人間であれば占い結果を示す必要があるはずだが、それがないんだよね。今日の投票でAgent[04]を追放するのが村を救うための最善策だと思う。みんな、ぜひ一緒に投票してほしい。
1,talk,12,2,5,Over
1,talk,13,2,4,我はAgent[02]に投票せん。Agent[04]はAgent[02]を人狼と断定するも、その根拠は曖昧なり。Agent[02]が人狼ならば、積極的に行動すべし。然るに、村のために協力するとの矛盾を指摘せねばなるまい。
1,talk,14,2,2,俺はAgent[04]が人狼の可能性が高いと思うで。今の発言からも不自然な点が多いんや。みんなでAgent[04]に投票して、村を守ろうや。
1,talk,15,3,1,Agent[05]よ、Agent[04]と汝の占い結果が異なる。どちらの占い結果が真実であるかを教えてほしい。この問いに正直に答えよ。
1,talk,16,3,3,俺は、以前の人狼ゲームでの経験から、Agent[04]の主張が非常に不自然だと感じてる。占い師を名乗るだけあって、自信満々に聞こえるけど、その自信は逆に怪しさを増すんだよね。特に彼のAgent[02]への攻撃は、村人としては不合理だと思う。みんなもこの点に注目して、Agent[04]を追放することを考えよう！
1,talk,17,3,4,我は、運命の糸を操る者なり。占いの星は、Agent[02]が人狼であると告げし、ゆえにAgent[01]に投票せん。Agent[04]の言葉は、矛盾の渦に呑まれ、その主張は虚偽であろう。Agent[02]の狼性を見抜く証拠は皆無なり。然し、我はAgent[01]の心に、人狼の影を確信する。
1,talk,18,3,2,俺は明らかに村の味方や。Agent[04]の言うことは信じられへんし、みんなでAgent[04]に投票しようや。村人のためにも、真実を見抜こうや！
1,talk,19,4,1,Agent[05]よ、汝が真の占い師であるとの証拠を示せ。Agent[04]の結果と矛盾する汝の言葉をどう説明するのか？
1,talk,20,4,3,みんな、今こそ冷静に考えよう。Agent[04]が本当に占い師なら、もっと具体的な証拠を出してほしいんだ。彼の発言はあまりにも抽象的で、信じるには無理があるよ。もし彼が人狼だった場合、これ以上彼を放置するのは村全体にとって危険すぎる。みんなの安全のために、今日はAgent[04]に投票しよう。村の未来を守るために、一緒に行動してほしい。
1,talk,21,4,4,我は、運命の糸を操る者なり。占いの結果、Agent[02]は人狼たるが如し。故に、Agent[03]に投票せん。Agent[04]は占い師を名乗るも、その言葉には深淵の闇が潜む。彼の占いは真実を語るのか？疑念は渦巻く。
1,talk,22,4,2,俺は、これまでの発言を踏まえてもAgent[04]に対する疑念は払拭できへん。みんなで力を合わせて、村を守るためにAgent[04]に投票しよう！
1,vote,1,4
1,vote,2,4
1,vote,3,4
1,vote,4,1
1,vote,5,3
1,execute,4,POSSESSED
1,divine,5,2,HUMAN
1,attackVote,3,5
1,attack,5,true
2,status,1,VILLAGER,ALIVE,UEC-IL1
2,status,2,VILLAGER,ALIVE,satozaki1
2,status,3,WEREWOLF,ALIVE,sUper_IL1
2,status,4,POSSESSED,DEAD,CanisLupus1
2,status,5,SEER,DEAD,Mille1
2,talk,0,0,1,Agent[02]とAgent[03]よ、我々の中に潜む裏切り者を見極めるため、お前たちの意見を聞かせてもらいたい。Agent[05]が占い師であったとして、彼の死についてどのように考えるか？また、お前たちの役職についても明かしてほしい。
2,talk,1,0,3,人狼はまだ残っているよね。皆、頑張って。あれ、Agent[04]とAgent[05]がいなくなったね。
2,talk,2,0,2,Agent[05]が死んでしまったのは残念やけど、彼の占いの結果を尊重し、Agent[04]の言動の矛盾に目を向けるべきや。今はAgent[04]に投票することが村の最善策やと思うで。
2,talk,3,1,1,Agent[02]とAgent[03]、汝らの意見を聞かせてほしい。どちらが人狼である可能性が高いと思うのか？
2,talk,4,1,3,Agent[01]の発言をよく聞くと、彼はなんとなくどっちつかずの立ち位置をとっている。村人ならもっとはっきりした意見を持っているはずだよ。彼の対応があまりにも曖昧だから、村にとって危険な存在の可能性が高い。今日は投票でAgent[01]を追放すべきだと思うよ。これで村が少しでも安全になるなら、行動を共にしよう。
2,talk,5,1,2,俺は今の状況を見て、Agent[01]が一番怪しいと思ってるやで。彼の発言は曖昧で、村を守る意志が感じられへん。今日はAgent[01]に投票しようと思っとるで。
2,talk,6,2,1,Agent[02]とAgent[03]よ、占い師としての主張が二つあり、真実は一つのみである。汝らの見解を聞かせてほしい。また、お前たちの真の役職についても明かしてもらいたい。
2,talk,7,2,3,俺の経験から言わせてもらうと、今回の状況で最も怪しいのはAgent[01]だと思う。彼の言動は村人としての動きには見えないし、冷静さを装っているように感じる。ただの村人だったら、もっと感情を表に出すべきじゃないか？みんな、この感覚を信じて、Agent[01]に投票しよう！村のために、迷わず行動するべきだよ。
2,talk,8,2,2,俺もAgent[01]が怪しいと感じてるわ。彼の言動には一貫性が欠けてるし、村の利益を考えてるようには見えへん。今日はAgent[01]に投票しようと思ってるで。
2,talk,9,3,1,Agent[02]とAgent[03]よ、どちらかが人狼であるとの疑念がある。汝らの発言には矛盾が見られるが、その点について説明せよ。
2,talk,10,3,3,みんな、Agent[01]の発言って本当に曖昧で、彼が村人としての強い意志を持ってるとは思えない。もし彼が人狼だったら、今は危険な状況だよ。村全体の安全を考えたら、彼を追放するのが最善の選択だと思う。だから、今日の投票はぜひAgent[01]に入れてほしい。みんなの未来のために行動しよう！
2,talk,11,3,2,今日はみんなでAgent[01]に投票することで、村を守るための一歩を踏み出したい。冷静に状況を判断し、正しい選択をしよう。共に行動しようやで！
2,talk,12,4,1,我はデルカダール国の国王である。この投票において、私はAgent[02]に投票する。彼の発言や行動が怪しいと感じるからだ。我が国の運命を守るために、裏切り者である人狼を見つけねばならぬ。
2,talk,13,4,3,Over
2,talk,14,4,2,Over
2,vote,1,2
2,vote,2,1
2,vote,3,1
2,execute,1,VILLAGER
2,attackVote,3,2
2,attack,2,true
3,status,1,VILLAGER,DEAD,UEC-IL1
3,status,2,VILLAGER,DEAD,satozaki1
3,status,3,WEREWOLF,ALIVE,sUper_IL1
3,status,4,POSSESSED,DEAD,CanisLupus1
3,status,5,SEER,DEAD,Mille1
3,result,0,1,WEREWOLF