0,status,1,VILLAGER,ALIVE,UEC-IL1
0,status,2,VILLAGER,ALIVE,satozaki1
0,status,3,WEREWOLF,ALIVE,kanolab1
0,status,4,POSSESSED,ALIVE,barneko1
0,status,5,SEER,ALIVE,Mille1
0,talk,0,0,3,こんにちは、皆さん！私はkanolab1です。動画配信者をやっている26歳の女性です。趣味は釣りで、今日は皆で楽しい時間を過ごせたら嬉しいぺこ。よろしくお願いします！
0,talk,1,0,1,我々はこのゲームにおいて、それぞれの役職を全うすることが求められる。占い師はまだ名乗り出ておらぬか？
0,talk,2,0,2,皆さん初めまして、Agent[02]やで。人狼ゲームを一緒に楽しもうや。よろしく頼むで！
0,talk,3,0,4,Over
0,talk,4,0,5,ぼくはAgent[05]、占い師ですよぅ！よろしくですよぅ！
0,talk,5,1,3,Over
0,talk,6,1,1,我はデルカダール国の国王である。皆、このゲームを通じて国の未来を考え、協力し合うことを期待している。占い師はまだ名乗り出ていないようだが、誰がその重要な役割を担っているのか明かしてほしい。
0,talk,7,1,2,Over
0,talk,8,1,5,Over
0,talk,9,2,1,占い師であるAgent[05]、今宵誰を占うと決めたのか？その意志を我々に示せ。
0,talk,10,3,1,Over
0,divine,5,3,WEREWOLF
1,status,1,VILLAGER,ALIVE,UEC-IL1
1,status,2,VILLAGER,ALIVE,satozaki1
1,status,3,WEREWOLF,ALIVE,kanolab1
1,status,4,POSSESSED,ALIVE,barneko1
1,status,5,SEER,ALIVE,Mille1
1,talk,0,0,3,>>Agent[05]占い師として、誰を占う予定なのか教えてもらえると助かるぺこ。みんなで協力して進めていきたいね！
1,talk,1,0,5,ぼくは占い師ですよぅ！ぼくが占った結果、Agent[03]は人狼でしたよぅ！
1,talk,2,0,2,それは信じられへんね。占い師が本物かどうかの確認が必要やで。まずは他の人の意見を聞きたいで。Agent[01]、あなたはどう思いますか？
1,talk,3,0,1,皆の意見も聞く必要がありそうだな。
1,talk,4,0,4,>>Agent[01] 占い師の結果には疑問が残るね。冷静に議論しよう！
1,talk,5,1,3,あら、私が人狼だって言われちゃったぺこね。でも、私が村人なのは確かだぺこ。>>Agent[05]が本当に占い師かどうか、他の皆の意見も聞いてみたいぺこ。Agent[01]やAgent[04]、どう思うぺこ?
1,talk,6,1,5,>>Agent[03] 占い師として、占う予定の人物はAgent[06]です！彼は疑わしい動きをしていたから、明日は彼を占って、真占い師かどうかを確かめたいと考えていますよぅ！
1,talk,7,1,2,俺もAgent[03]が村人であることを信じたいんやで。占い師の結果がどうであれ、もう少し他の意見を聞きたいんやけど、Agent[01]はどう思うんや？
1,talk,8,1,1,我々は慎重に進めねばならぬ。Agent[05]の占い結果が真実かどうかはまだ定かではない。他の者たちも意見を述べよ。
1,talk,9,1,4,>>Agent[02] 占いの結果はまだ疑わしいと思う。みんなで冷静に話そう！
1,talk,10,2,3,>>Agent[05]なるほど、Agent[06]を占う予定なんだぺこね。でも、みんなが言うように慎重に進めることが大事だぺこ。もしAgent[05]が本物の占い師なら、他のプレイヤーの意見も大切だぺこね。私としては、みんなで意見を出し合って、誰が本当に信頼できるかを見極めたいぺこ。
1,talk,11,2,5,>>Agent[03] 占い師のぼくが本物であると信じて、皆さんの意見を聞いてみましょうよぅ！
1,talk,12,2,2,俺はAgent[05]に投票したいと思ってるで。彼の占い結果は信じられへんし、村人を守るためにも真実を見極める必要があると思うんや。皆はどう思う？
1,talk,13,2,1,Agent[01]よ、汝がAgent[02]を占った理由を語ってくれ。その理由が我々の今後の判断に重要であるからだ。
1,talk,14,2,4,>>Agent[01] 占いの結果について、疑問を持ち続けよう。議論が鍵だね！
1,talk,15,3,3,>>Agent[05]みんなの意見を聞くのは大事だぺこね。ただ、私としてはあなたが本当に占い師かどうかを見極めたいぺこ。信じるかどうかは、もう少し議論を重ねてから決めたいぺこ。
1,talk,16,3,5,Over
1,talk,17,3,2,俺はAgent[05]の発言に疑問を持ち続けてるんやで。皆、もう一度考えて誰が本当に村人か、しっかり議論しようや。投票は慎重に行うべきやで。
1,talk,18,3,1,Agent[05]よ、汝が占い師として名乗り出たが、その結果に疑問を持っている者が多い。汝の占い結果をどのように確認したのか、その方法を詳しく説明してほしい。
1,talk,19,3,4,>>Agent[05] あなたの占い結果、もう一度詳しく聞かせてくれない？疑問が残るよ。
1,talk,20,4,3,>>Agent[05]みんなが言うように、占い結果の詳細をもう一度聞かせてほしいぺこ。どうやって私を人狼だと判断したのか、説明してもらえると助かるぺこ。みんなでしっかり議論して、誰が本当に信頼できるかを見極めたいぺこね。
1,talk,21,4,2,みんなの意見が重要やと思うんやけど、やっぱりAgent[05]の占い結果には疑問が残るな。投票は慎重に行い、冷静に判断していこう。
1,talk,22,4,1,Agent[01]よ、汝がAgent[02]を占った理由を語ってくれ。その理由が我々の今後の判断に重要であるからだ。
1,talk,23,4,4,>>Agent[05] あなたの占い結果について、信憑性が感じられない。詳細を聞かせて！
1,vote,1,5
1,vote,2,5
1,vote,3,2
1,vote,4,5
1,vote,5,3
1,execute,5,SEER
1,attackVote,3,2
1,attack,2,true
2,status,1,VILLAGER,ALIVE,UEC-IL1
2,status,2,VILLAGER,DEAD,satozaki1
2,status,3,WEREWOLF,ALIVE,kanolab1
2,status,4,POSSESSED,ALIVE,barneko1
2,status,5,SEER,DEAD,Mille1
2,talk,0,0,3,>>Agent[01]ちょっと気になったんだけど、Agent[02]が人狼に襲われたってことは、Agent[02]は村人陣営だったってことだよねぺこ。Agent[05]も村人陣営だったみたいだし、今私たちの中には人狼が一人いるぺこね。Agent[01]とAgent[04]のどちらかが人狼の可能性が高いと思うぺこ。どう思うぺこ?
2,talk,1,0,1,Agent[03]とAgent[04]よ、我々は今、非常に重要な局面に立たされている。Agent[05]とAgent[02]がこの世を去った今、残された者たちで真実を見極める必要がある。Agent[03]、Agent[05]に占われた時の状況を詳しく語ってはくれないか？また、Agent[04]、汝がこれまでに感じた疑念についても具体的に語ってほしい。我々は賢明な判断を下さねばならぬ。
2,talk,2,0,4,>>Agent[01] 確かに今が重要な局面だね。みんなでしっかり話しあおう！
2,talk,3,1,3,>>Agent[01]了解ぺこ。Agent[05]が私を占った時の状況だけど、特に変わったことはなかったぺこ。Agent[05]が占い師だと名乗り出て、私を人狼だと断定したぺこ。でも、今となってはAgent[05]が本当に占い師だったのかどうかもわからないぺこね。Agent[04]がどう感じているかも聞いてみたいぺこ。私たちの中で、誰が一番怪しいかを見極めるために、みんなで情報を共有していこうぺこ。
2,talk,4,1,1,Agent[03]よ、我が意見を述べる。我は確かに村人である。占い師たる者が我を疑うのは筋違いだ。どうか、真実を見極める眼を持ってほしい。
2,talk,5,1,4,>>Agent[03] Agent[05]の信頼性は本当に疑わしいね。あらゆる情報を共有して、みんなで考えよう！
2,talk,6,2,3,>>Agent[01]私もAgent[04]に同意ぺこ。Agent[05]とAgent[02]が村人陣営だったことがわかったから、Agent[01]かAgent[04]のどちらかが人狼に違いないぺこね。占い師がいない今は、私たちで話し合って真実を探るしかないぺこ。自称村人だからと言って過信するのは危険だと思うぺこよ。みんなで情報を共有して、冷静に考えていこうぺこ！
2,talk,7,2,1,Agent[01]よ、汝がAgent[02]を人狼と断定した根拠を明らかにせよ。冷静な判断のためにも、その理由を詳しく説明することが重要だ。
2,talk,8,2,4,>>Agent[03] 確かに情報共有が鍵だね。みんなでこの状況を打破しよう！
2,talk,9,3,3,>>Agent[01]決定的な情報はないんだけど、Agent[02]は村人陣営であると判明しているから、あなたが彼を人狼と断定するのはおかしいぺこね。冷静に考えると、あなたかAgent[04]のどちらかが人狼の可能性が高いと思うぺこ。代理的な理由があれば、教えてほしいぺこ！
2,talk,10,3,1,Agent[01]よ、汝がAgent[02]を占った理由を詳しく説明せよ。何故その選択をしたのか、その根拠を聞かせてほしい。
2,talk,11,3,4,>>Agent[01] あなたの信頼に足る根拠が必要です。具体的に教えてください！
2,talk,12,4,3,>>Agent[01]ちょっと待って、Agent[01]。Agent[02]を人狼と断定するのはおかしいと思うぺこ。だってAgent[02]は村人陣営であることが確認されているから。もう一回、違う視点で情報を考えてみようぺこね。私の考えとしては、これまでの流れからして、Agent[01]とAgent[04]のどちらかが人狼の可能性が高いと思うぺこ。それに、Agent[01]が自分も占い師と言ったのが不自然に感じるぺこ。みんなで再考して、冷静に行動しようぺこ！
2,talk,13,4,1,我はデルカダール国の国王である。今回、私はAgent[03]に投票する。彼が占い師による疑いを誤りであると主張しており、情報提供を求めていたが、その中から疑念を持っていた。村人としての立場から、彼に投票することが最も一貫した選択となる。
2,talk,14,4,4,>>Agent[01] あなたの理屈には納得できないよ。疑わしい行動はAgent[05]にあると思う。もう少し冷静になろう！
2,vote,1,3
2,vote,3,4
2,vote,4,1
2,execute,4,POSSESSED
2,attack,-1,true
3,status,1,VILLAGER,ALIVE,UEC-IL1
3,status,2,VILLAGER,DEAD,satozaki1
3,status,3,WEREWOLF,ALIVE,kanolab1
3,status,4,POSSESSED,DEAD,barneko1
3,status,5,SEER,DEAD,Mille1
3,result,1,1,WEREWOLF