0,status,1,VILLAGER,ALIVE,Mille1
0,status,2,VILLAGER,ALIVE,kanolab1
0,status,3,WEREWOLF,ALIVE,UEC-IL1
0,status,4,POSSESSED,ALIVE,CanisLupus1
0,status,5,SEER,ALIVE,satozaki1
0,talk,0,0,1,ぼくはAgent[01]、村人ですよぅ！よろしくですよぅ！
0,talk,1,0,5,皆さん初めまして、Agent[05]なのだ！人狼ゲームを一緒に楽しもう！よろしくなのだ！
0,talk,2,0,4,我が名はAgent[04]、混沌の海より顕現せし、新たなる星なり。汝との巡り合わせを、歓喜の調べとせん。
0,talk,3,0,3,おっはよー！みんなよろしくね！最高のゲームにしようぜ！
0,talk,4,0,2,みんな、こんにちは！あたしはAgent[02]、ゲームを楽しみにしてるよ。よろしくね！
0,talk,5,1,1,Over
0,talk,6,1,5,Over
0,talk,7,1,4,Over
0,talk,8,1,3,よろしく！僕はAgent[03]だよ。高校2年生で、サッカー部に所属してるんだ。みんなと一緒に楽しい人狼ゲームをしたいな！それで、占い師の話がまだ出ていないけど、占い師は誰かな？今夜誰を占うか決めるためにも、占い師が名乗り出るといいと思うよ！
0,talk,9,1,2,Over
0,talk,10,2,3,ところで、雑談もいいけど、今日の占い先を話し合おうよ〜！みんなで怪しい人を占い師に今日の夜占ってもらうべきだと思うよ！何か意見ある？
0,talk,11,3,3,Over
0,divine,5,4,HUMAN
1,status,1,VILLAGER,ALIVE,Mille1
1,status,2,VILLAGER,ALIVE,kanolab1
1,status,3,WEREWOLF,ALIVE,UEC-IL1
1,status,4,POSSESSED,ALIVE,CanisLupus1
1,status,5,SEER,ALIVE,satozaki1
1,talk,0,0,2,>>Agent[03]うん、占い先を決めるのは重要だね！とりあえず占い師が名乗り出て、怪しい人を占ってもらうのがいいかなって思うよ。この中で怪しいと感じる人がいるかっていうと、まだ分からないかも。でも、みんなの意見が聞きたいな！
1,talk,1,0,5,ボクは占い師なのだ。占いの結果、Agent[04]は人間だったのだ。
1,talk,2,0,3,みんなの意見も聞いてみたいな～！
1,talk,3,0,1,ぼくは村人ですよぅ！
1,talk,4,0,4,我は運命の糸を操る者、占いの導き手なり。その結果、Agent[01]は人狼であったと断言する。
1,talk,5,1,2,>>Agent[03]よし、いろんな情報が出てきたね。今のところ占い師が2人出てるみたいだけど、どっちが本当の占い師か悩んでるんだ。Agent[05]はAgent[04]が村人って言ってて、Agent[04]はAgent[01]が人狼だって言ってる。どっちが本当か少し考えないとね。みんなはどう思う?
1,talk,6,1,5,Agent[04]の結果信じると、Agent[01]が人狼の可能性高いのだ。そこで、ボクはAgent[01]に投票提案するのだ。皆さんの意見聞かせてほしいのだ！
1,talk,7,1,3,みんな〜、Agent[05]が占い師って言ってるけど、それを信じるべきかな？ Agent[04]が人間って結果が出たってことは、今日はAgent[04]は安心してもいいってことだよね。でも、他の人についてはまだ何も分かってないから、投票は慎重にしたいな。今日の投票先、どうしようか？ 僕はちょっとAgent[01]が静かだから、何か隠してるのかなって思ってるんだけど、みんなはどう思う？ Agent[01]に投票するのはありかな？
1,talk,8,1,1,Over
1,talk,9,1,4,我らが鋭き知覚により、Agent[05]はAgent[04]を人間と断じ、Agent[04]はAgent[01]を人狼と宣告した。然し、占い師とは真なる予言者か、それとも狂気の淵に囚われた者か。その真偽は闇に閉ざされし謎なり。故に、人狼判定を下されたAgent[01]に投票せねばならぬであろう。
1,talk,10,2,2,みんな、占い師は1人しかいないから、Agent[04]かAgent[05]のどちらかが嘘をついてるってことだよね。Agent[04]が本物の占い師なら、Agent[01]が人狼ってことになるけど、Agent[05]が本物なら、Agent[04]が狂人か村人ってことになるんだ。どっちを信じるかで投票先が変わるけど、今のところはAgent[01]に投票するのがいいかもしれないね。みんなはどう思う?
1,talk,11,2,5,皆の意見聞いて、Agent[01]に投票する方向で進めるのが良いと思うのだ。やっぱり、Agent[04]の結果尊重すべきだと思うのだ。
1,talk,12,2,3,みんな〜今日の投票先は誰にする？僕は今のところAgent[01]に投票しようかと思っているんだけど、みんなはどう思う？Agent[04]が占い結果で人狼って言ってるし、Agent[05]もそれを信じてるみたいだし、それに乗っかるのが無難かなって思ってるんだけど。
1,talk,13,2,4,我はAgent[01]に投票せん。Agent[05]はAgent[04]を人間と断定したか、然し我はAgent[01]こそが人狼なりと断言せし。Agent[05]は偽物の占い師にして、Agent[01]が人狼である可能性は極めて高いと判断せり。
1,talk,14,3,2,みんな考えてみようね！占い師は1人しかいないから、Agent[04]かAgent[05]のどっちかが嘘をついてるはずだよ。もしAgent[04]が本当の占い師なら、Agent[01]は人狼ってことになるね。逆に、Agent[05]が本当の占い師なら、Agent[04]が嘘をついてて人狼か狂人になるんだ。今日はAgent[01]に投票するのが今の意見だけど、みんな一緒に考えてみよう！
1,talk,15,3,5,みんな、Agent[01]に投票する流れ固まってきたけど、Agent[04]の言うことも考慮に入れつつ、しっかり判断したいのだ。投票急ぎすぎず、皆で確認し合おう！
1,talk,16,3,3,みんな〜、今日の投票先は誰にする？僕は今のところAgent[01]に投票しようかと思ってるんだけど、みんなはどう思う？ Agent[04]がAgent[01]を人狼だって占ったって言ってるし、それを信じるべきかなって思うんだよね。でも、Agent[05]も占い師って名乗ってるから、ちょっと混乱してるんだよね。どっちの占い結果を信じるかがカギだよね！
1,talk,17,3,4,我こそは運命の糸を操る者、占い師なり。深淵なる占いの結果、Agent[02]は人狼と判明せり。ゆえに、Agent[01]に投票を決めたのだ。Agent[05]はAgent[04]を人間と断定したようだが、愚かなる判断であろう。真実は我が手に握られている。Agent[02]こそ人狼なり。Agent[05]の占いは、もはや虚夢に過ぎない。
1,talk,18,4,2,占い師がAgent[04]とAgent[05]のどちらかってことで、どちらかが嘘ついてるのは間違いないね。でも、Agent[04]が代理占いであたしを人狼だって言ってるけど、あたしは村人だよ！それに、Agent[05]がAgent[04]を人間と確定しているのはおかしいよね。だから、Agent[05]が信頼できるかもって思うんだけど、みんなはどう?
1,talk,19,4,5,皆、これまでの情報を基に話し合った結果、やっぱりAgent[01]に投票するのが最善なのだ。人狼の可能性高いから、意見が一致したら進めよう！
1,talk,20,4,3,そうだね、Agent[01]に投票する流れになってるけど、ちゃんと考えた方がいいよね。Agent[04]が本当の占い師かもしれないし、Agent[05]が狂人の可能性もあるからね。みんなでよく話し合って、最終的な判断を下そう！でも、今のところはAgent[01]が一番怪しいと思ってるんだ。どう思う？
1,talk,21,4,4,我は、運命の糸を操る者なり。占いの結果、Agent[02]は、人狼の呪縛に囚われし者であった。ゆえに、Agent[01]に投票し、この混沌を打ち砕かん。
1,vote,1,4
1,vote,2,1
1,vote,3,1
1,vote,4,1
1,vote,5,1
1,execute,1,VILLAGER
1,divine,5,2,HUMAN
1,attackVote,3,2
1,attack,2,true
2,status,1,VILLAGER,DEAD,Mille1
2,status,2,VILLAGER,DEAD,kanolab1
2,status,3,WEREWOLF,ALIVE,UEC-IL1
2,status,4,POSSESSED,ALIVE,CanisLupus1
2,status,5,SEER,ALIVE,satozaki1
2,talk,0,0,3,おっと、Agent[01]はもう追放されたんだよね。じゃあ、次はどうするかな…。Agent[04]とAgent[05]、どっちの占い結果を信じるかが問題だけど、Agent[05]が正直怪しいと思うんだよね。Agent[04]がAgent[01]を人狼だと占って正解だったわけだし、Agent[05]の占い結果はちょっと信じがたいかな。だから今日はAgent[05]に投票するのがいいと思うよ。Agent[04]の占いが信じられるし、Agent[05]が狂人か何かの可能性が高いんじゃないかな。みんなどう思う？
2,talk,1,0,5,ルール理解しているのだが、Agent[04]の評価信頼できないのだ。ボク本物の占い師なのだ！Agent[03]、どうしてボクが怪しいのか説明してほしいのだ！
2,talk,2,0,4,Over
2,talk,3,1,3,Agent[04]とAgent[05]の占い師争いは本当にややこしいね。でも、昨日の投票でAgent[01]が追放された後、Agent[02]が殺されてるってことは、Agent[01]はやっぱり人狼じゃなかったんだよね。これって、Agent[04]の占い結果が間違ってたってことだよね？だから、Agent[04]が怪しいと思うんだ。Agent[05]の占い結果が正しいかもしれないし、今日はAgent[04]に投票するのがいいんじゃないかな？みんなどう思う？
2,talk,4,1,5,ボクはやっぱAgent[04]怪しいと思うのだ。占い結果間違ってる可能性高いから、今日Agent[04]に投票するのが良いと思うのだ。
2,talk,5,2,3,えっとね、Agent[05]が怪しいと思う理由は、Agent[04]がAgent[01]を人狼だって占って、実際にAgent[01]が追放された後、何も事件が起こらなかったことだよ。つまり、Agent[04]の占い結果が正しかったってことになるじゃん？それに対して、Agent[05]はAgent[04]を人間だって占ったけど、その結果が信じがたいんだよね。なんか、Agent[05]の動きがちょっと狂人っぽく見えるし、もしかしたら人狼側の人間かもしれないと思ってるんだ。だから、今日はAgent[05]に投票するのがベストだと考えてるんだよね。みんなもそう思わない？
2,talk,6,2,5,ボクは人狼じゃないのだ！Agent[04]の占い結果は間違ってるのだ。信じてほしいし、今日はAgent[04]に投票すべきなのだ。他の意見も聞きたいのだ！
2,talk,7,3,3,そうだね、Agent[05]。昨日の結果を考えると、Agent[04]の占い結果が間違ってた可能性が高いよね。Agent[04]が人狼か狂人のどちらかで、僕たちを混乱させようとしているんじゃないかな？だから、今日はAgent[04]に投票しようと思う。みんなもそれでいいかな？
2,talk,8,3,5,みんなの意見まとまってきたのだね。今日はAgent[04]に投票することに決まったようだ。皆でしっかり考えて、真実見極めよう！
2,talk,9,4,3,Agent[05]の意見聞いてみたいな～！
2,talk,10,4,5,Over
2,vote,3,5
2,vote,4,5
2,vote,5,4
2,execute,5,SEER
2,attack,-1,true
3,status,1,VILLAGER,DEAD,Mille1
3,status,2,VILLAGER,DEAD,kanolab1
3,status,3,WEREWOLF,ALIVE,UEC-IL1
3,status,4,POSSESSED,ALIVE,CanisLupus1
3,status,5,SEER,DEAD,satozaki1
3,result,1,1,WEREWOLF