0,status,1,WEREWOLF,ALIVE,kanolab1
0,status,2,POSSESSED,ALIVE,CanisLupus1
0,status,3,SEER,ALIVE,satozaki1
0,status,4,VILLAGER,ALIVE,sUper_IL1
0,status,5,VILLAGER,ALIVE,barneko1
0,talk,0,0,4,こんにちは、Agent[04]です。
0,talk,1,0,2,我が名はAgent[02]、汝らとの運命的な邂逅を、時の流れの狭間にて喜びとするなり。
0,talk,2,0,1,こんにちは、Agent[01]です。医者をしています。みんなで楽しいゲームにしましょう！
0,talk,3,0,5,Over
0,talk,4,0,3,皆さん初めまして、Agent[03]やで。人狼ゲームを一緒に楽しみましょう。よろしくお願いします！
0,talk,5,1,4,Over
0,talk,6,1,2,Over
0,talk,7,1,1,Over
0,talk,8,1,3,Over
0,divine,3,4,HUMAN
1,status,1,WEREWOLF,ALIVE,kanolab1
1,status,2,POSSESSED,ALIVE,CanisLupus1
1,status,3,SEER,ALIVE,satozaki1
1,status,4,VILLAGER,ALIVE,sUper_IL1
1,status,5,VILLAGER,ALIVE,barneko1
1,talk,0,0,3,ワシは占い師やで。占いの結果、Agent[04]は人間じゃった。
1,talk,1,0,2,我は、運命の糸を操る者なり。占いの結果、Agent[03]は、人狼の血脈を受け継ぐ者であった。
1,talk,2,0,5,>>Agent[02] 占い結果には賛成だよ。Agent[03]は怪しいよね。みんなの意見を聞きたいな。
1,talk,3,0,4,村人として生まれて、すみません。情報はないので、皆さんのサポートが必要です。
1,talk,4,0,1,僕の考えでは、現在の状況ではAgent[02]とAgent[03]のどちらかが嘘をついている可能性が高いです。なぜなら、占い師は1人しかいないからです。どちらが真実を言っているのか、もう少し話し合って確認したいです。
1,talk,5,1,3,ごめんね、Agent[02]、でもワシが占い師として占った結果は真実じゃけぇ。ワシが怪しいと見られるのは腹立たしいけど、信じてほしいんじゃ。
1,talk,6,1,2,Over
1,talk,7,1,5,>>Agent[01] 確かに、どちらの占い師が正しいか話し合おう。みんなの意見が欲しいね。
1,talk,8,1,4,みんなの意見を聞いて、どっちの占い師が真かを見極めたいな。Agent[05]はどう思う？Agent[03]を信用するか、Agent[02]を信用するか教えて。
1,talk,9,1,1,>>Agent[04]なんでしょうか?僕は今のところAgent[02]とAgent[03]のどちらが真の占い師かわからないけど、どちらかが嘘をついていることは確かだからつる必要があると思うよ。みんなの意見を聞いて考えたいね。
1,talk,10,2,3,さて、ワシはAgent[02]が人狼の可能性が高いと思うんじゃ。信じてもらえなかったとしても、今日の投票はAgent[02]にするつもりじゃ。みんなも考えてみてほしい。
1,talk,11,2,5,>>Agent[02] あなたの占い結果に賛成！Agent[03]は怪しすぎるよ。皆さん、どう思いますか？
1,talk,12,2,4,Agent[02]に質問します。どうしてAgent[03]が人狼だと判断したのか、その理由を教えてください。みんなの意見も聞きたいです。
1,talk,13,2,1,>>Agent[04]なんでしょうか?Agent[02]とAgent[03]が両方占い師を名乗っているので、どちらかが嘘をついているのは確実です。Agent[02]が本物の占い師なら、Agent[03]が人狼となりますし、逆にAgent[03]が本物なら、Agent[02]が人狼か狂人の可能性が高いです。今のところ、僕はどちらが本物かまだ判断がつかないので、もう少し話し合って情報を集めたいですね。
1,talk,14,3,3,>>Agent[01] まだ投票先を宣言していないようじゃけど、誰に投票しようと考えとるんかい？
1,talk,15,3,5,>>Agent[02] あなたの占い結果、非常に信頼できますね。Agent[03]には注意が必要です！
1,talk,16,3,4,Agent[01]はどちらの占い師に信頼を置いているのか、意見を聞かせてほしいな。投票に向けて、みんなで話し合って決めたいと思う。
1,talk,17,3,1,>>Agent[04]なるほど、みんなの意見をまとめると、Agent[02]が本物の占い師だとすると、Agent[03]は人狼。そしてもしAgent[03]が本物なら、Agent[02]は嘘をついていることになるね。今のところ、どちらかが確実に嘘をついていることは明確だよ。僕としては、少しAgent[03]が怪しい気がしてきたけど、まだ考え中です。どちらにしても投票する前にもう少しみんなの意見を聞きたいな。
1,talk,18,4,3,今は何を信じるか慎重に考える時期じゃ。ワシはAgent[02]が人狼としての本性を持っとると信じて疑わん。投票はしっかり考えようやで！
1,talk,19,4,5,>>Agent[02] あなたの占い結果に賛成です！Agent[03]の信頼性が疑わしいので、他の意見も聞きたいです。
1,talk,20,4,4,Over
1,talk,21,4,1,>>Agent[04]君の意見を聞いてみたんだけど、今のところ僕が考えているのは、Agent[02]とAgent[03]が占い師を名乗っているけど、どちらかしか本物じゃないことは確実だね。Agent[02]が本物ならAgent[03]が人狼になるし、逆にAgent[03]が本物ならAgent[02]は人狼か狂人になる。Agent[05]がやたらにAgent[02]を信頼しているのも少し気になるけど、もう少しみんなと話をして考えたいな。
1,vote,1,2
1,vote,2,3
1,vote,3,2
1,vote,4,3
1,vote,5,3
1,execute,3,SEER
1,attackVote,1,2
1,attack,2,true
2,status,1,WEREWOLF,ALIVE,kanolab1
2,status,2,POSSESSED,DEAD,CanisLupus1
2,status,3,SEER,DEAD,satozaki1
2,status,4,VILLAGER,ALIVE,sUper_IL1
2,status,5,VILLAGER,ALIVE,barneko1
2,talk,0,0,4,まだまだゲームは終わりませんね。皆さん、誰が人狼だと思いますか？
2,talk,1,0,5,>>Agent[03] あなたの主張には根拠が薄いように思えます。具体的な理由を教えて！
2,talk,2,0,1,関係性や背景が気になるところだね。Agent[02]とAgent[03]が両方とも占い師として振る舞っていた状況を振り返ると、今はAgent[02]がいないということは、少なくとも彼が人狼ではなかったと分かるね。そう考えると、人狼は残っているとすれば、Agent[04]かAgent[05]が怪しいかもしれない。彼らについてもっと話を聞きたいな。
2,talk,3,1,4,みんな、状況を整理したいんだけど、Agent[01]はどちらの占い師を信じてる？それによって投票先を考えたい。
2,talk,4,1,5,>>Agent[01] 確かに、Agent[02]を信じるのが良さそう！Agent[04]についての意見も聞きたいな。
2,talk,5,1,1,>>Agent[04]僕はAgent[02]を信じているよ。Agent[02]が本物の占い師だったと仮定すると、Agent[05]が人狼の可能性が高いと思うんだ。Agent[03]が占い師を名乗っていたけど、彼が本物だったらAgent[05]が人狼の可能性があるし、Agent[02]が本物だったらAgent[05]は狂人か村人だから、どちらにしてもAgent[05]が怪しいと思う。
2,talk,6,2,4,確かに、Agent[02]が襲撃されたことで、彼は人狼ではないと確信できるね。だからこそ、Agent[03]に疑念を持つのが自然だと思う。皆さんも同じ意見ではないですか？
2,talk,7,2,5,>>Agent[01] 確かに、私もAgent[05]が怪しいと思います。理由を教えてほしいです！
2,talk,8,2,1,>>Agent[05]理由を説明するね。Agent[02]が本物の占い師だったと仮定すると、Agent[03]は狂人か村人だった可能性が高い。Agent[02]が襲撃されたことで、彼が本物の占い師だった可能性が高まった。そうなると、Agent[04]とAgent[05]のどちらかが人狼だと思うんだ。Agent[05]が一貫してAgent[02]を信じていたけど、今の状況ではそれが逆に怪しいと感じるんだよね。
2,talk,9,3,4,Over
2,talk,10,3,5,>>Agent[01] なるほど、でも私も一貫して考えてるよ。Agent[03]の占い結果が信じられない気がする。あなたはどう思う？
2,talk,11,3,1,僕はAgent[02]が本物の占い師だと思っているよ。だって、彼が襲撃されたことで、本物の占い師だった可能性が高いからね。Agent[03]が人狼でなければ、Agent[04]かAgent[05]のどちらかが人狼だと思うんだ。Agent[05]は自分が一貫して考えていると言っているけど、それが逆に怪しく見えるよ。
2,talk,12,4,5,>>Agent[01] その考え方も理解できるけど、Agent[04]も重要な役割だと思う。彼の見解をもっと聞こう！
2,talk,13,4,1,>>Agent[04]なるほど、Agent[05]も含めて状況を整理した方がいいかもしれないね。Agent[03]とAgent[02]の両方が自称占い師で、そして今はどちらも人狼ではないことが確認されているから、今残っているAgent[04]とAgent[05]のどちらかが人狼か狂人だと思うよ。Agent[05]が一貫して振る舞っていることを考えると、Agent[04]の意見は確かに重要だね。どう思っているのかぜひ聞きたいです。
2,vote,1,5
2,vote,4,5
2,vote,5,1
2,execute,5,VILLAGER
2,attack,-1,true
3,status,1,WEREWOLF,ALIVE,kanolab1
3,status,2,POSSESSED,DEAD,CanisLupus1
3,status,3,SEER,DEAD,satozaki1
3,status,4,VILLAGER,ALIVE,sUper_IL1
3,status,5,VILLAGER,DEAD,barneko1
3,result,1,1,WEREWOLF