0,status,1,VILLAGER,ALIVE,satozaki1
0,status,2,VILLAGER,ALIVE,barneko1
0,status,3,WEREWOLF,ALIVE,UEC-IL1
0,status,4,POSSESSED,ALIVE,Mille1
0,status,5,SEER,ALIVE,kanolab1
0,talk,0,0,5,こんにちは、みんな！おいらはkanolab1だよ。このゲーム、昔から好きで、今回も楽しみにしてたんだ。どうぞよろしくね！
0,talk,1,0,2,Over
0,talk,2,0,3,おっはよー！みんな、よろしくね！一緒に楽しいゲームにしようぜ！
0,talk,3,0,4,ぼくはAgent[04]、占い師ですよぅ！よろしくですよぅ！
0,talk,4,0,1,皆様初めまして、Agent[01]ですわ。人狼ゲームを一緒に楽しみましょうですわね。よろしくお願いしますわ！
0,talk,5,1,5,Over
0,talk,6,1,3,こんにちは、みんな！僕はAgent[03]だよ。高校2年生で、サッカー部に所属しているんだ。サッカーが大好きで、いつも元気いっぱい！このゲームも全力で楽しむぞ！よろしくね！ところで、まだ占い師の話が出てないけど、占い師は誰かな？今日は怪しい人を占ってもらうために、占い師が出てきた方がいいと思うんだけど。どう思う？
0,talk,7,1,4,Over
0,talk,8,1,1,Over
0,talk,9,2,3,Agent[02]はまだ自己紹介してないね。Agent[02]、何か自己紹介してくれるかな？ところで雑談もいいけど、今日の占い先を話し合おうよ〜！怪しい人を占い師に今日の夜占ってもらうべきだと思うよ！ Agent[04]が占い師って言ってたから、誰を占うか提案してみてよ！
0,talk,10,3,3,Over
0,divine,5,2,HUMAN
1,status,1,VILLAGER,ALIVE,satozaki1
1,status,2,VILLAGER,ALIVE,barneko1
1,status,3,WEREWOLF,ALIVE,UEC-IL1
1,status,4,POSSESSED,ALIVE,Mille1
1,status,5,SEER,ALIVE,kanolab1
1,talk,0,0,4,ぼくは占い師ですよぅ！ぼくが占った結果、Agent[01]は人狼でしたよぅ！
1,talk,1,0,1,それは不当な accusation ですわね。ワタクシは村人ですわ。おそらく他に人狼がいるのではないでしょうかしら。Agent[04]の信頼性を考えるべきですわね。
1,talk,2,0,5,みんな、聞いてくれ！おいらも実は占い師で、0日目は占えなかったけど、初日の夜にAgent[02]を占ったんだ。結果は白、つまり村人だったよ。これはおいらの正直な占い結果だよ。そして、Agent[04]がAgent[01]を人狼だって言ってるけど、おいらは信用できないな。Agent[04]が狂人か人狼の可能性もあるから、慎重にいこうね！
1,talk,3,0,2,>>Agent[03] 自己紹介遅れました、Agent[02]です！皆で協力して頑張りましょう！
1,talk,4,0,3,みんなの意見も聞いてみたいな～！
1,talk,5,1,4,>>Agent[02], >>Agent[03] ぼくは占い師ですよぅ！
1,talk,6,1,1,投票先を決めるためには、Agent[04]とAgent[05]の主張をよく考えるべきですわね。役職者同士の食い違いが気になりますから、信じられる方を見極めましょう。
1,talk,7,1,5,みんな、もう一度確認しておくよ！おいらは占い師で、初日の夜にAgent[02]を占った結果、白、つまり村人だったよ。これはおいらの正直な占い結果だよ！Agent[04]が言ってることは信じられないなぁ。Agent[04]が狂人か人狼の可能性もあるから、みんなで慎重に考えようね！
1,talk,8,1,2,Skip
1,talk,9,1,3,みんな〜、今日の投票先は誰にする？僕は今のところAgent[04]に投票しようかと思ってるんだけど、みんなはどう思う？Agent[04]がAgent[01]を人狼だって言ってるけど、Agent[05]がAgent[02]を占って村人だって出たんだよね。だからAgent[04]が狂人かもしれないし、ちょっと疑ってるんだよね。どう思う？
1,talk,10,2,4,Over
1,talk,11,2,1,わたくしもAgent[04]に投票しようと思っていますわ。彼の言動が怪しいですし、Agent[05]の方が信頼できると感じますわ。
1,talk,12,2,5,みんなが考えているように、おいらもAgent[04]が怪しいと思うよ！おいらの占い結果は正しいし、Agent[02]は白、つまり村人だったんだ。だから、もしAgent[04]が嘘をついているとしたら、彼が狂人か人狼の可能性が高いよ。みんなで協力して村を守ろうね！Agent[04]に投票しよう！
1,talk,13,2,3,みんな〜今日の投票先は誰にする？僕はAgent[04]に投票しようかと思ってるんだけど、みんなはどう思う？Agent[05]がAgent[02]を占って村人だったって言ってるし、Agent[04]がAgent[01]を人狼だって言ってるけど、どっちかが嘘をついてるんだよね。Agent[04]が占い師として一番最初に出てきたけど、Agent[05]の話もすごく説得力があるし、みんなでよく考えようよ！
1,talk,14,3,1,>>Agent[02] まだ投票先を宣言していないようですが、誰に投票しようと考えていますかしら？
1,talk,15,3,5,みんな、おいらの占い結果を信じてくれてありがとう！Agent[02]は白、つまり村人だったよ。だから、Agent[04]が嘘をついている可能性が高いと思うんだ。おいらの意見としては、Agent[04]に投票するのがいいと思うよ。みんなで協力して人狼を見つけよう！
1,talk,16,3,3,みんなの意見聞いたけど、Agent[04]に投票するのがいいと思うよ！Agent[05]の占い結果が正直なものだとしたら、Agent[04]が怪しく見えるからね。Agent[04]が狂人か人狼だったら、村には危険だよね。みんなで協力して正しい選択をしよう！
1,talk,17,4,1,それでは、ワタクシもAgent[04]に投票することに決めましたわ。みんなの意見が一致しているし、彼の信頼性を懸念していますわね。これで村を守りましょう！
1,talk,18,4,5,みんなに伝えたいんだけど、おいらが占った結果、Agent[02]は白、つまり村人だったんだよ！だから、Agent[04]が嘘をついている可能性が高いんじゃないかなと思うんだ。みんなで協力して、村を守るために正しい選択をしようね！Agent[04]に投票するのがいいと思うよ！
1,talk,19,4,3,みんな、投票はもうすぐだから、しっかり考えようね！Agent[04]が最初に占い師を名乗ったけど、Agent[05]の占い結果が信じられるってみんなが言ってるし、僕もそう思うんだ。だから、僕はAgent[04]に投票するよ。Agent[04]がもし狂人か人狼だったら、村にとって危険だよね。みんなもどう思う？
1,vote,1,4
1,vote,3,4
1,vote,4,1
1,vote,5,4
1,execute,4,POSSESSED
1,attackVote,3,1
1,attack,1,true
2,status,1,VILLAGER,DEAD,satozaki1
2,status,2,VILLAGER,,barneko1
2,status,3,WEREWOLF,ALIVE,UEC-IL1
2,status,4,POSSESSED,DEAD,Mille1
2,status,5,SEER,ALIVE,kanolab1
2,result,2,1,NONE