0,status,1,VILLAGER,ALIVE,barneko1
0,status,2,VILLAGER,ALIVE,Mille1
0,status,3,WEREWOLF,ALIVE,kanolab1
0,status,4,POSSESSED,ALIVE,UEC-IL1
0,status,5,SEER,ALIVE,CanisLupus1
0,talk,0,0,4,こ、こんにちは。みんな、よろしくね。えっと･･･僕はこのゲーム、けっこうやってるから、占い師として頑張るよ。今日は誰を占うか、意見聞かせてほしいな。
0,talk,1,0,1,Over
0,talk,2,0,2,ぼくはAgent[02]、村人ですよぅ！よろしくですよぅ！
0,talk,3,0,3,何かエキサイティングなことが起こりそうじゃな！わしはkanolab1、元教師で裁縫が趣味です。村の平和を守るために頑張るぞい！みんなと一緒に楽しむ準備はできていますじゃ！どうぞよろしく頼むの。
0,talk,4,0,5,我が名はAgent[05]、汝らとの巡り合わせに、我が魂は高揚の震えを覚えるなり。
0,talk,5,1,4,こ、こんにちは、みんな。僕、占い師なんだ･･･。今夜、誰を占うか、えっと、意見聞かせてほしいな･･･。
0,talk,6,1,2,Over
0,talk,7,1,3,Over
0,talk,8,1,5,Over
0,talk,9,2,4,え、えーと、Agent[05]さんはな、なんの役聲かな？みんなが役職を話してくれたら、占い師としての僕の戦略もたてやすいんだ･･･。
0,talk,10,3,4,Over
0,divine,5,3,WEREWOLF
1,status,1,VILLAGER,ALIVE,barneko1
1,status,2,VILLAGER,ALIVE,Mille1
1,status,3,WEREWOLF,ALIVE,kanolab1
1,status,4,POSSESSED,ALIVE,UEC-IL1
1,status,5,SEER,ALIVE,CanisLupus1
1,talk,0,0,5,我こそは、運命の糸を操る者なり。占いの結果、Agent[03]は人狼と判明した。Agent[04]、貴方は、真実に触れる者の仲間であろうか？
1,talk,1,0,2,Over
1,talk,2,0,1,>>Agent[04] 占い師の意見をもっと聞かせてほしいな。みんな協力しよう！
1,talk,3,0,3,>>Agent[05]わしは村人じゃよ。君が言うことに注意を払うけれど、要注意じゃな。占い師のAgent[04]が本物なのかどうか慎重に判断せねばならん。みんなで協力して考えよう。
1,talk,4,0,4,もう少しで何か分かりそう･･･ではあるんだけど･･･。
1,talk,5,1,5,我は運命の糸を操る者、占いの術に長じた者なり。その結果、Agent[03]は人狼たるが証明されたのだ。Agent[04]よ、貴方は真実を見抜く力を持つのか？Agent[03]の虚偽の言葉に惑わされるのか？今こそ、真の顔色が露わになる時が来たのだ。
1,talk,6,1,1,>>Agent[04] 占い師としての見解は重要だね。みんな協力しよう！
1,talk,7,1,3,>>Agent[04]君が本物の占い師か、Agent[05]が偽物か、まだ分からないけれど、Agent[05]がわし（kanolab1）を人狼だと言っているのはおかしいのう。わしは村人じゃ。人狼を見極めるためには慎重に考えないといけんのじゃ。みんなで協力していこう。
1,talk,8,1,4,え、えっと、Agent[05]さんが占い師だって言ってるけど、それは間違いなく偽物だよ。僕が本物の占い師で、Agent[03]が人狼だって占ったんだから･･･。Agent[05]さんの言ってることは信じないでほしいな。みんな、本当のことを言ってるから、Agent[03]に投票してほしいんだ。
1,talk,9,2,5,嗚呼、Agent[05]とAgent[04]の宣告は、Agent[03]を人狼として断罪せんとするか。然し、占い師の正体は真なる者か、それとも狂人か。混沌たる霧に包まれた真実を解き明かすべく、我は断言する。Agent[03]こそ、今宵の投票に値する者なり。
1,talk,10,2,1,>>Agent[05] その主張には疑問があるよ。慎重に話し合おう！
1,talk,11,2,3,わしは村人じゃ。占い師は1人しかおらんから、Agent[04]かAgent[05]が嘘をついてるのは確かじゃな。そうすると、どちらかが狂人でどちらかが本物の占い師ということじゃろう。嘘をついてる者に乗せられず、慎重に考えていかねばならんのう。
1,talk,12,2,4,え、えっと、僕が･･･ほ、本物の占い師なんだ･･･。Agent[05]が言ってることは、ち、違うんだよ。だから、みんなにはぜ、絶対に僕の言うことを信じてほしい。Agent[03]が人狼だって、僕の占いで確かめたから･･･。だから、みんなでAgent[03]に投票してほしいんだ･･･。お願いだよ･･･。
1,talk,13,3,5,我は、Agent[03]に投票を決めた。人狼判定を発しつつの村人主張とは、まさに矛盾の極み。深淵なる虚偽の影が、その身に宿りし証であろう。
1,talk,14,3,1,>>Agent[04] 君を信じて、みんなで協力しよう！真実を見つけよう！
1,talk,15,3,3,どうやら占い師が2人名乗り出ているけれど、役職の配分からして1人が本物で1人が嘘をついているのは確かじゃな。わしは村人じゃから、みんなで協力してじっくり話し合い、どちらが本物か見極める必要があるじゃろう。Agent[04]とAgent[05]、お互いの占い理由をもう少し詳しく説明してくれんかのう。
1,talk,16,3,4,え、えっと、僕が占った結果、Agent[03]が人狼だってことがわかったんだ。Agent[05]さんも同じ結果を言ってるけど、彼は偽の占い師だから、その言葉は信じないでほしい。僕が本当の占い師なんだから･･･。だから、みんなにはAgent[03]への投票をお願いしたいんだ。それが村を守る一番の方法だと思うんだ･･･。
1,talk,17,4,5,我は、運命の糸を操る者なり。占いの結果、Agent[03]は人狼であった。Agent[04]よ、偽物の占い師の欺瞞に惑わされるでない。我は真実を告げている。Agent[03]は人狼なり。投票にて、その身を清めよ。
1,talk,18,4,1,>>Agent[02] 君の意見も聞きたいな。みんなで協力しよう！
1,talk,19,4,3,みんなの意見を整理すると、占い師だと主張しているのがAgent[04]とAgent[05]だけど、1人しか本物はいないじゃろう。どちらかが嘘をついているということで、この部分をしっかり見極めないといけないのお。わしは村人じゃから、ここを見誤らないようにしっかり考えたいのじゃ。>>Agent[01]わしら村人として、まずはそれぞれの意見を聴きつつ、怪しい行動をしていないか注意深く観察しようかの。しっかり話し合って、正しい選択をまとめたいの。
1,talk,20,4,4,え、えっと、僕が占った理由はね、Agent[03]さんが初日からちょっと怪しい動きをしているように見えたから･･･。そ、それで、占いの力を使って確かめたんだ。結果、Agent[03]が人狼だと出たんだよ。だから、みんなには僕の占い結果を信じて、Agent[03]に投票してほしいんだ･･･。これが、ほ、本当のことなんだから･･･。
1,vote,1,4
1,vote,2,4
1,vote,3,4
1,vote,4,3
1,vote,5,3
1,execute,4,POSSESSED
1,divine,5,3,WEREWOLF
1,attack,-1,true
2,status,1,VILLAGER,ALIVE,barneko1
2,status,2,VILLAGER,ALIVE,Mille1
2,status,3,WEREWOLF,ALIVE,kanolab1
2,status,4,POSSESSED,DEAD,UEC-IL1
2,status,5,SEER,ALIVE,CanisLupus1
2,talk,0,0,5,我は、運命の糸を操る者なり。占いの結果、Agent[03]は、人狼の烙印を押されし者であった。
2,talk,1,0,3,状況から見ると、わしが村人であることは確定している。そして、Agent[04]が処刑されたことで人狼ではなかったことが確認された。これを踏まえると、占い師を名乗っていた中で本物である可能性はなかったじゃろう。Agent[05]が引き続き占い師を主張しておるが、正直、非常に怪しく思えるのう。わしらはAgent[05]を慎重に見極める必要があるじゃろう。村を守るために、これ以上の間違いは許されないのじゃ。
2,talk,2,0,1,>>Agent[05] あなたの言葉には疑問が多いですね。詳しく聞かせてください。
2,talk,3,0,2,Over
2,talk,4,1,5,我は運命の糸を操る者、占いの導き手なり。汝の魂に宿る闇を、我は看破せしめたのだ。Agent[03]、汝は人狼の烙印を押されし者である。その真実を受け入れるか、それとも虚偽の弁明を以て、己の罪を覆い隠さんとするか。
2,talk,5,1,3,>>Agent[05]確かにあなたが占い師だと主張していますが、占い師は1人しかいないので、あなたかAgent[04]のどちらかが嘘をついているということになります。Agent[04]が処刑されて人狼ではないことが確認されたので、あなたの主張がますます怪しく思えてしまいますね。あなたが本当の占い師なら他の情報も提供していただけると、判断の助けになりますじゃ。
2,talk,6,1,1,>>Agent[05] 君の主張には疑問が多いよ。冷静に話そう。
2,talk,7,2,5,我は、運命の糸を操る者なり。占いの結果、Agent[03]は人狼と判明した。彼の言葉は、混沌の淵より発せられた虚偽の調べ。矛盾と疑念の交響曲。村の安寧を護るため、彼に投票せねばならぬ。
2,talk,8,2,3,>>Agent[05]占い師を名乗るプレイヤーが2人いることが矛盾しているんです。Agent[04]が人狼ではなかったことが確認されているので、あなたの主張はますます信じがたいのです。わしは村人であり、現時点で一番怪しいのはAgent[05]だと考えています。他の皆さんも冷静に考えてみてください。
2,talk,9,2,1,>>Agent[05] あなたの発言には矛盾が多いです。もう少し詳しく説明してもらえますか？
2,talk,10,3,5,我こそは運命の糸を操る者、占いの導き手なり。天啓により、Agent[03]は人狼と定められたのだ。彼の悪しき本性はもはや明らかであり、彼への投票こそが、この混沌たる夜明けを告げる唯一の道であろう。
2,talk,11,3,3,>>Agent[01]なんでしょうか?わしはどんな情報でも整理して考えることができるぞ。今の状況を考えると、Agent[05]の言うことに矛盾がある。占い師は一人しかいないはずで、Agent[04]がすでに処刑された後も人狼じゃなかった。よって、Agent[05]が本物の可能性は低いと思うんじゃ。結果として、Agent[05]は人狼または狂人のどちらかだと考えるのが妥当じゃろう。プレイヤーの皆さんも、もう一度彼の発言を再考してみてくだされ。
2,talk,12,3,1,>>Agent[02] 君の意見はどう思う？Agent[05]の主張に疑念を抱く理由があるし、みんなで話し合おう。
2,talk,13,4,5,我は運命の糸を操る者、汝ら凡人の行く末を予見する者なり。占いの結果、Agent[03]は人狼たるが如し。汝の悪しき本性は、我が深淵なる眼によって見透かされたのだ。投票にて、その身を清めよ。
2,talk,14,4,3,みんな、少し考えてみようじゃ。Agent[04]がもう占い師じゃないことが確定してるのに、Agent[05]が占い師だと言い続けているのは怪しいと思わないかのう?役職の数が一致しないから、占い師を自称し続けることで混乱を起こそうとしているのかもしれんよ。わしにとって、Agent[05]は人狼か狂人の可能性が高いと思う。わしは村人としてこの村を守りたいから、みんなもよく考えて投票してくれよな。
2,talk,15,4,1,>>Agent[05] 君の主張には多くの矛盾があるね。冷静に考えよう。
2,vote,1,5
2,vote,2,3
2,vote,3,1
2,vote,5,3
2,execute,3,WEREWOLF
2,divine,5,1,HUMAN
3,status,1,VILLAGER,ALIVE,barneko1
3,status,2,VILLAGER,ALIVE,Mille1
3,status,3,WEREWOLF,DEAD,kanolab1
3,status,4,POSSESSED,DEAD,UEC-IL1
3,status,5,SEER,ALIVE,CanisLupus1
3,result,3,0,VILLAGER