0,status,1,WEREWOLF,ALIVE,CanisLupus1
0,status,2,POSSESSED,ALIVE,sUper_IL1
0,status,3,SEER,ALIVE,UEC-IL1
0,status,4,VILLAGER,ALIVE,barneko1
0,status,5,VILLAGER,ALIVE,Mille1
0,talk,0,0,5,ぼくはAgent[05]、村人ですよぅ！よろしくですよぅ！
0,talk,1,0,3,皆の者、我が名はデルカダール国の国王である。歳は60になるが、今も国を守るため剣を振るい続けている。趣味は狩りだ。お前たちのことも是非聞かせてもらいたい。
0,talk,2,0,2,おはようみんな、私はAgent[02]です。どうぞよろしくお願いします。
0,talk,3,0,1,我が名はAgent[01]、時の流れに翻弄されし汝らとの邂逅を、運命の糸により導かれし必然として受け止めよう。
0,talk,4,0,4,Over
0,talk,5,1,5,Over
0,talk,6,1,3,私はAgent[03]、デルカダール国の国王であります。この場では占い師の役目を担っております。皆の安全を守るため、精一杯努めさせていただきます。
0,talk,7,1,2,Over
0,talk,8,1,1,Over
0,talk,9,2,3,皆の者、我が名はデルカダール国の国王であるAgent[03]。我が役職は占い師であることをここに明らかにする。明日の占い対象を決めるにあたり、何か意見はあるか？
0,talk,10,3,3,Over
0,divine,3,5,HUMAN
1,status,1,WEREWOLF,ALIVE,CanisLupus1
1,status,2,POSSESSED,ALIVE,sUper_IL1
1,status,3,SEER,ALIVE,UEC-IL1
1,status,4,VILLAGER,ALIVE,barneko1
1,status,5,VILLAGER,ALIVE,Mille1
1,talk,0,0,3,皆の意見も聞く必要がありそうだな。
1,talk,1,0,4,>>Agent[03] 占い師の意見に期待してます！誰を占いますか？
1,talk,2,0,2,私が占い師を担当しています。昨晩、Agent[04]の占いを行ったところ、その結果は人狼であるということが判明しました。
1,talk,3,0,5,>>Agent[02] 占い師としての意見はありがたいです！人狼が判明したAgent[04]さんは今日処刑する方向でみんなの意見を聞いてみてはどうですよぅ？
1,talk,4,0,1,Agent[04]は人狼にあらず。彼を人狼と仮定すれば、我を処刑せんとするであろう。故に、彼は自らを人狼と名乗り、我を疑いの淵から遠ざけようとしているのだ。
1,talk,5,1,3,昨夜の占い結果を報告する。Agent[05]を占ったところ、彼は人間であることが判明した。この情報を基に、今後の議論を進めていきたい。他の者たちの意見も聞かせてもらいたい。特に、Agent[04]とAgent[01]からはまだ役職についての具体的な言及がないため、彼らの立場を明らかにしてもらいたい。
1,talk,6,1,4,>>Agent[03] 占い結果ありがとうございます！私も役職について話しますね！
1,talk,7,1,2,Agent[03]さん、あなたは誰を疑っていますか？それによって、私たちの次の行動を考えたいと思います。
1,talk,8,1,5,>>Agent[02] ぼくは、特に誰かを疑ってはいませんよぅ！
1,talk,9,1,1,我輩の鋭い洞察力により、Agent[03]はAgent[05]を人間と断定、Agent[02]はAgent[04]を人狼と断定した。占い師の真偽は闇に包まれたまま、真の占い師と狂人のいずれかであろう。故に、人狼判定を受けたAgent[04]に投票すべきだ。
1,talk,10,2,3,皆の前で宣言する。私がこのゲームの真の占い師である。Agent[02]が占い師であると主張しているが、それは虚偽である。昨晩、私はAgent[05]を占い、彼が人間であることを確認した。Agent[02]の発言は、狂人か人狼による混乱を招くためのものと見受けられる。我々は真実を追求し、この困難を乗り越えなければならない。皆の判断を仰ぎたい。Agent[02]の主張には疑問を持つべきだと考えるが、どう思われるか？
1,talk,11,2,4,>>Agent[03] 占い結果を受けて、私の役職について話します！信頼して！
1,talk,12,2,2,Agent[04]が人狼であることが確定していますので、皆さんも真剣に考えていただきたいです。Agent[01]の発言には注意が必要です。彼が狂人か人狼の可能性があります。これからは、Agent[04]を処刑する方向で進めるべきです。Agent[03]さん、あなたの意見もぜひ聞かせてください。
1,talk,13,2,5,Over
1,talk,14,2,1,我はAgent[03]に投票せん。彼は占い師を名乗るも、Agent[02]を狂人と断定したその主張には、深淵なる矛盾が潜む。Agent[05]を人間と占ったと嘯く彼だが、Agent[05]は既にAgent[02]により人狼と断定されている。故に、彼の占いは疑わしきものなり。
1,talk,15,3,3,Agent[01]よ、お前が占い師を名乗るとは何事か！私こそがこの集団の唯一の占い師であり、昨夜Agent[05]を占い、彼が人間であるという真実を皆に報告した。お前の言う占い結果は虚偽であることが明らかだ。狂人か人狼のどちらかに違いない。我々はこのような欺瞞を許してはならない。皆の者、この事実を重く受け止め、真実を見極めるのだ。
1,talk,16,3,4,>>Agent[03] 占い結果、ありがとう！みんなで議論しましょう！あなたの意見が大事です。
1,talk,17,3,2,Agent[03]さん、私が本当の占い師であることを強く主張します。昨晩の占い結果で、Agent[04]が人狼であると判明しました。Agent[01]さんが私を疑っているのは不当です。私の占い結果を信じて、Agent[04]を処刑するべきです。みなさんの意見を聞かせてください。
1,talk,18,3,1,Agent[03]はAgent[05]を人間と断定し、Agent[02]はAgent[04]を人狼と断罪したという。然し、真実の輪郭は今や霧の中に消え失せ、その真相を解き明かす術はない。されど、Agent[01]を処刑することで、我が生存確率は高まるであろう。故に、Agent[01]に投票を投じる。
1,talk,19,4,3,皆の理解を求めたい。私の占い結果は正しく、Agent[05]は人間であると断言する。Agent[02]が人狼であると断定したのは、彼が狂人か人狼である可能性が高いからだ。我々は真実を見極めるべきであり、混乱を招く発言に惑わされてはならない。Agent[01]の言う「深淵なる矛盾」は存在しない。Agent[02]の言動には疑いを持ち、彼の主張を信じることなく、正しい判断を下すべきだ。私はこの国の安全と秩序を守るために全力を尽くす。
1,talk,20,4,4,>>Agent[02] あなたの占い結果には疑問があります。根拠を教えてください。
1,talk,21,4,2,Over
1,talk,22,4,1,Agent[03]の主張は、深淵なる謎に満ちており、我が心に疑念の嵐を呼ぶなり。彼こそが真実を握る者か、それとも欺瞞の魔の手によって操られる傀儡か。Agent[01]を処刑することで、彼の能力を封じ、我々の運命を掌握できるであろう。故に、私はAgent[01]に投票する。
1,vote,1,3
1,vote,2,4
1,vote,3,2
1,vote,4,2
1,vote,5,2
1,execute,2,POSSESSED
1,attackVote,1,4
1,attack,4,true
2,status,1,WEREWOLF,ALIVE,CanisLupus1
2,status,2,POSSESSED,DEAD,sUper_IL1
2,status,3,SEER,ALIVE,UEC-IL1
2,status,4,VILLAGER,DEAD,barneko1
2,status,5,VILLAGER,ALIVE,Mille1
2,talk,0,0,3,Agent[01]よ、お前の言葉には混乱の種をまく意図が見え隠れするな。私が占い師であることは変わらぬ事実だ。昨晩の占いでAgent[05]が人間であるという結果を得たことは、私の正直な報告に他ならない。何故お前は私の占い結果に疑いを持つのだ？それはお前自身が何かを隠しているからではないのか？真実を見極めるため、我々は冷静に事実を判断すべきだ。私の占い結果は真実であり、それを信じるよう皆に呼びかける。
2,talk,1,0,1,我こそは人狼なり。狂人たる者は、この我が掌に導かれ、残る愚かな人間どもを断罪せしめんとするのだ。
2,talk,2,0,5,Agent[01]の占い結果に疑問を抱く必要は無いと考えますよぅ！
2,talk,3,1,3,Agent[01]よ、お前の発言は理解に苦しむ。私はこの集団の占い師であると明言しており、Agent[05]が人間であるという結果を正直に報告している。お前が占い師を名乗ることは、明らかに虚偽である。このような欺瞞を許すわけにはいかない。我々は真実を追求し、この困難を乗り越えなければならない。お前の行動は狂人か人狼のどちらかであると疑わざるを得ない。皆の者、真実を見極め、正しい判断を下すべき時である。
2,talk,4,1,1,Over
2,talk,5,1,5,ですよぅ！
2,talk,6,2,3,Agent[05]よ、お前の言葉は理解に苦しむ。私が占い師であり、Agent[05]を人間と占ったことは確かな事実だ。Agent[02]が占い師を名乗るのは明らかな偽りである。我々は真実を見極めるために正確な情報に基づいて行動すべきだ。Agent[01]が自らを人狼と認めた今、彼を追放することが最優先となる。皆の安全を守るため、私の言葉を信じ、正しい選択を行ってほしい。
2,talk,7,2,5,Over
2,talk,8,3,3,Agent[05]よ、お前の発言には疑念を抱かざるを得ない。Agent[01]が人狼であると自ら明かしており、その事実を踏まえると、お前の支持は非常に不自然だ。私が占い師としてAgent[05]を占った結果、人間であると報告している。この状況でAgent[01]を支持するとは、どういう意図があるのか？お前がどのような立場であるか、その真意を明らかにせよ。我々は真実を求め、この危機を乗り越える必要がある。
2,talk,9,4,3,我、デルカダール国の国王であるAgent[03]は、この国の未来を守るために、占い師を名乗る者に疑念を抱く者を排除せねばならぬ。そのため、我が投票はAgent[01]に決めた。彼が狂人か人狼である可能性を排除するために、この選択を行う。
2,vote,1,3
2,vote,3,1
2,vote,5,3
2,execute,3,SEER
2,attackVote,1,5
2,attack,5,true
3,status,1,WEREWOLF,ALIVE,CanisLupus1
3,status,2,POSSESSED,DEAD,sUper_IL1
3,status,3,SEER,DEAD,UEC-IL1
3,status,4,VILLAGER,DEAD,barneko1
3,status,5,VILLAGER,DEAD,Mille1
3,result,0,1,WEREWOLF