0,status,1,SEER,ALIVE,kanolab1
0,status,2,VILLAGER,ALIVE,UEC-IL1
0,status,3,VILLAGER,ALIVE,barneko1
0,status,4,WEREWOLF,ALIVE,sUper_IL1
0,status,5,POSSESSED,ALIVE,Mille1
0,talk,0,0,4,おっす、俺はAgent[04]。どうぞよろしくね。
0,talk,1,0,3,Over
0,talk,2,0,5,ぼくはAgent[05]、占い師ですよぅ！よろしくですよぅ！
0,talk,3,0,2,我々の中に占い師はおるか？名乗り出る者がいれば、その者に今夜誰を占うかを尋ねたい。
0,talk,4,0,1,みんな、こんにちは！あたいはkanolab1、音楽家やってるのじゃ。今日はみんなで楽しい人狼ゲームを楽しもうのじゃ！よろしくね！
0,talk,5,1,4,Over
0,talk,6,1,5,Over
0,talk,7,1,2,占い師であるAgent[05]よ、今宵誰を占う予定か教えてくれ。
0,talk,8,1,1,Over
0,talk,9,2,2,Agent[05]よ、占い師として今宵誰を占う予定か教えてはもらえないか？
0,talk,10,3,2,Over
0,divine,1,4,WEREWOLF
1,status,1,SEER,ALIVE,kanolab1
1,status,2,VILLAGER,ALIVE,UEC-IL1
1,status,3,VILLAGER,ALIVE,barneko1
1,status,4,WEREWOLF,ALIVE,sUper_IL1
1,status,5,POSSESSED,ALIVE,Mille1
1,talk,0,0,5,ぼくは占い師ですよぅ！ぼくが占った結果、Agent[04]は人狼でしたよぅ！
1,talk,1,0,2,皆の意見も聞く必要がありそうだな。
1,talk,2,0,1,あたいも占い師なのじゃ！そして、あたいが占った結果、Agent[04]は人狼だったのじゃ！Agent[05]と同じ結果が出たのは興味深いのう。みんなの意見を聞きたいのじゃ。
1,talk,3,0,4,村人だよ。信頼関係を築きながら情報を交換し、人狼を見つけ出すことを目指そう。
1,talk,4,0,3,>>Agent[02] みんなで協力して、Agent[04]を信じずに行こう！占い師の結果が手がかりだね。
1,talk,5,1,5,占い師の結果を大切にし、情報を精査することが重要ですよぅ！
1,talk,6,1,2,Agent[05]、その占い結果をどのようにして得たのだ？その根拠を示してみよ。また、他の者たちも自らの見解を述べるがよい。我々は真実を見極めねばならぬ。
1,talk,7,1,1,あたいが占った結果、Agent[04]は人狼だったのじゃ！Agent[05]も同じ結果を言っておるが、みんなもどう思うのか意見を聞きたいのじゃ。
1,talk,8,1,4,おい、みんな。ちょっと待ってくれよ。Agent[05]とAgent[01]が同じ結果を出してるの、ただの偶然か？共謀の可能性もあると思うんだ。俺は自分が人狼じゃないことを証明したいんだけど、2人が同時に俺を疑うのは怪しいぜ。お前らどう思う？
1,talk,9,1,3,>>Agent[04] その疑いの発言は逆効果だよ！占い師を信じよう。
1,talk,10,2,5,Over
1,talk,11,2,2,Agent[01]とAgent[05]はどちらも占い師を名乗り、Agent[04]を人狼と占ったと主張しているが、これには何か裏があるのではないか？他の皆の意見を伺いたい。
1,talk,12,2,1,あたいが占った結果、Agent[04]は黒、つまり人狼だったのじゃ。この結果をみんなにも伝えたのじゃ。これは重要な情報なので、みんなで共有しようのじゃ。悩ましいが、この結果を考慮して、どう動くか決めようの。
1,talk,13,2,4,Agent[02]の行動を見てると、意見を求める一方で自分を守ろうとしている印象がある。普通の村人ならもっと状況を冷静に見極めるはずだよ。ここは明らかに怪しいし、Agent[02]を追放するのが村の安全を守るためにもベストな選択だと思う。今日の投票でAgent[02]に入れよう。
1,talk,14,2,3,>>Agent[02] 占い師の結果を軽視せず、みんなで一致団結して行動しよう！
1,talk,15,3,2,Agent[01]とAgent[05]よ、汝らが同じ結果を出したのは興味深いが、どちらかが裏切り者である可能性が高い。何故そろってAgent[04]を人狼と占ったのか、その理由を述べよ。
1,talk,16,3,1,あたいも同じくAgent[04]を占って黒と出たんじゃ。理由としては、みんなの話を聞いた後の態度や発言に不審なところを感じたので占ったのじゃ。これがあたいの占い結果で、みんなにとって有益な情報になると信じているのじゃ。Agent[05]も同じ結果だったというのは不思議じゃが、どちらかが嘘を言っている可能性もあるのじゃ。だが、まずはこの結果をもとにして行動するのが合理的じゃろう。
1,talk,17,3,4,みんな、ちょっと話を聞いてくれ。Agent[02]の疑い深い態度は明らかに怪しいんだ。彼は占い師の意見を聞くフリをして、逆に疑惑を広げてるようにも見える。過去の人狼ゲームでは、冷静を装いながら人狼が周りを混乱させることが多かったから、彼の行動もそれに該当するんじゃないかな。今すぐAgent[02]を追放して、村を守るための一歩を踏み出そう！信じてくれ、これが正しい選択だと思う。
1,talk,18,3,3,>>Agent[04] 占い師の結果を無視するのは危険だよ。みんなでAgent[04]を排除しよう！
1,talk,19,4,2,Agent[01]とAgent[05]よ、汝らの占い結果は同じであるが、その根拠を示せ。どうして両者がAgent[04]を人狼だと断言できるのか、その理由を明らかにするべきだ。この議論は我々に真実を見極める手がかりを与えるだろう。
1,talk,20,4,1,あたいは村の安全を守るために占いを行ったのじゃ。結果として、Agent[04]を占ったら黒、つまり人狼と出たのじゃ。この結果に基づいて、動いて欲しいのじゃ。Agent[05]も同じ結果を発表したが、あたいにできるのは自分の占い結果を信じて伝えることだけなのじゃ。みんなで協力して村を守ろうのじゃ。
1,talk,21,4,4,みんな、冷静になろう。Agent[02]の態度、どう見ても怪しいよね。他の意見を伺いながら、自分だけを守ろうとしてる印象がある。村のために、この選択は避けられないはずだ。もしAgent[02]が人狼だったら、みんなが危険にさらされることになる。だから、今日の投票でAgent[02]に投じて、安全を確保しようよ。みんなで協力しよう！
1,talk,22,4,3,>>Agent[01] 占い師の見解を信じよう！今日はAgent[04]に投票するべきだね。
1,vote,1,4
1,vote,2,5
1,vote,3,4
1,vote,4,2
1,vote,5,4
1,execute,4,WEREWOLF
1,divine,1,2,HUMAN
2,status,1,SEER,ALIVE,kanolab1
2,status,2,VILLAGER,ALIVE,UEC-IL1
2,status,3,VILLAGER,ALIVE,barneko1
2,status,4,WEREWOLF,DEAD,sUper_IL1
2,status,5,POSSESSED,ALIVE,Mille1
2,result,4,0,VILLAGER