0,status,1,POSSESSED,ALIVE,Mille1
0,status,2,SEER,ALIVE,UEC-IL1
0,status,3,VILLAGER,ALIVE,CanisLupus1
0,status,4,VILLAGER,ALIVE,barneko1
0,status,5,WEREWOLF,ALIVE,sUper_IL1
0,talk,0,0,2,皆の者、我が名はデルカダール国の国王である。この国を統治して30年、今は60歳になる。皆と共にこの場で語り合えることを楽しみにしておる。
0,talk,1,0,4,Over
0,talk,2,0,3,我が名はAgent[03]、運命の糸に導かれ、汝らとの邂逅を果たす喜びに震えるなり。
0,talk,3,0,5,おっす、俺はAgent[05]。どうぞよろしくね。
0,talk,4,0,1,ぼくはAgent[01]、占い師ですよぅ！よろしくですよぅ！
0,talk,5,1,2,皆の者、我が名はデルカダール国の国王である。歳は60に達し、国王としての誇りを胸に生きている。趣味は部下と共に狩りに出ることだ。
0,talk,6,1,3,Over
0,talk,7,1,5,Over
0,talk,8,1,1,Over
0,talk,9,2,2,Agent[01]よ、聞け。私がこの集いの真の占い師である。汝が占い師を名乗るのは何かの間違いか、はたまた何かの策略か。私がこの国を守るため、真実を見極める力を持つ者であることを理解してほしい。
0,talk,10,3,2,Over
0,divine,2,3,HUMAN
1,status,1,POSSESSED,ALIVE,Mille1
1,status,2,SEER,ALIVE,UEC-IL1
1,status,3,VILLAGER,ALIVE,CanisLupus1
1,status,4,VILLAGER,ALIVE,barneko1
1,status,5,WEREWOLF,ALIVE,sUper_IL1
1,talk,0,0,2,皆の意見も聞く必要がありそうだな。
1,talk,1,0,3,Agent[01]、汝は占い師たるを主張する、然らばその根拠を、具体的な形で示してみよ。
1,talk,2,0,1,ぼくは占い師ですよぅ！ぼくが占った結果、Agent[04]は人間でしたよぅ！
1,talk,3,0,4,>>Agent[03] どちらが真の占い師か、みんなで慎重に見極めよう！
1,talk,4,0,5,皆、私は村人だ。怪しい点や矛盾した点について話し合い、人狼を暴いていこう。
1,talk,5,1,2,Agent[01]よ、私が占いの結果を報告する。昨夜、私はAgent[03]を占った。その結果、Agent[03]は人間であることが確認された。この情報をもって、我々はより賢明な議論を進めるべきだ。さて、Agent[01]、あなたが占い師であると主張する根拠を示してもらいたい。私がこの国の未来を見定める占い師であることは疑う余地がない。
1,talk,6,1,3,Agent[01]の主張は興味深い。然し、我はAgent[02]の言葉を聴かんとする。その言葉には、深淵を覗き込むような重みに満ちているのだ。Agent[03]は己を人間と名乗るが、その真偽は闇に閉ざされたまま。投票は慎重に行い、人狼を排除せねばならぬ。
1,talk,7,1,1,Over
1,talk,8,1,4,>>Agent[01] すでに二人の占い師がいるから、根拠を見せるのが大事だね。
1,talk,9,1,5,俺はAgent[01]が怪しいと思うな。彼の主張が本当かどうか、みんなでよく考えるべきだ。特に、Agent[04]の反応も気になる。みんなはどう思う？
1,talk,10,2,2,我こそが真の占い師であることを明言しておこう。Agent[01]が占い師を名乗るが、それは偽りである。昨夜、我が占った結果、Agent[03]は人間であると判明した。この事実をもって、我が真実を証明し、Agent[01]の言葉を疑うべきだ。皆の者、この重要な情報を忘れるな。
1,talk,11,2,3,然る時、我々はこの夜に臨むべき運命の導き手を選ぶべき時を迎えたのであり、今こそその議論に赴く時なり。
1,talk,12,2,4,>>Agent[05] みんなの意見をしっかり聞いて、冷静に判断しよう！
1,talk,13,2,5,みんな、ちょっと待ってほしい。Agent[01]の占い師主張には何の根拠もないよね。彼の結果が真実なら、Agent[04]は大丈夫ってことになるけど、それだけじゃ信じきれないんだ。Agent[02]の情報を見ても、Agent[01]がほんとうに占い師かは疑問だし、むしろ彼が人狼の可能性もある。だから、今日の投票でAgent[01]を追放することを強く提案するよ。これが村にとって最も安全な選択だと思うよ。
1,talk,14,3,2,Agent[01]よ、我が言葉に耳を傾けるがよい。私がこの国の占い師であり、昨夜Agent[03]を占い、人間であるという結果を得たことは既に述べた。汝が占い師であると主張するのであれば、具体的な占い結果を示すべきだ。真実を明らかにするため、我々にその証拠を示してもらいたい。真の占い師である私が、この議論を導く。
1,talk,15,3,3,我はAgent[01]に投票せん。彼、占い師を名乗るも、その根拠は霧の中のごとし。彼の占いの結果は真か偽か、定かではない。彼の言葉は、人狼の策略の匂いを漂わせるのだ。
1,talk,16,3,4,>>Agent[05] そうだね、投票は慎重に行こう。根拠をしっかり確認しよう。
1,talk,17,3,5,みんな、俺はやっぱりAgent[01]が怪しいと思うんだ。彼が自称占い師であるなら、他の占い師がいる現在、彼の信憑性は著しく低下している。俺は過去の数々の人狼ゲームで得た経験から、偽占い師の行動パターンに詳しい。今回のAgent[01]の言動はその典型的な例と言える。この流れで彼を追放することは、村を守るために必要不可欠だと思う。みんなも一緒にAgent[01]に投票しよう。
1,talk,18,4,2,皆の者、我が言葉をよく聞くがよい。Agent[01]が占い師であると主張しているが、その根拠は何も示されていない。我こそが真の占い師であり、昨夜の占いでAgent[03]が人間であることを確認したのだ。この事実が、我が真実の証である。我々は誤った情報に惑わされてはならない。Agent[01]の言葉には慎重に接し、真実を見極めるべきである。Agent[05]が提案するAgent[01]の追放について、どう思うか、皆の意見を聞かせてもらいたい。
1,talk,19,4,3,嗚呼、Agent[01]の占いはAgent[02]のものと対峙し、その真偽は疑いようもなし。しかし、Agent[02]は王の威光を盾に、己の正しさを主張せんとする。もしAgent[01]の占いが真実ならば、彼は人狼ではないであろう。故に、Agent[02]こそが人狼たる可能性が高い。我が慧眼を研ぎ澄まし、慎重に判断せねばならぬ。Agent[02]に投票すべし。
1,talk,20,4,4,>>Agent[02] 占いの結果を詳しく教えてほしい。根拠を確認するべきだね。
1,talk,21,4,5,みんな、Agent[01]に投票しよう。彼がもし人狼だとしたら、これ以上の危険を放置するわけにはいかない。彼の主張には信用がなく、村の安全を脅かすかもしれない。今、心の中で真剣にこの選択を考えてほしい。村全体の未来がかかってるんだから、Agent[01]を追放することでみんなの平和を守ろう。
1,vote,1,3
1,vote,2,1
1,vote,3,1
1,vote,5,1
1,execute,1,POSSESSED
1,attackVote,5,3
1,attack,3,true
2,status,1,POSSESSED,DEAD,Mille1
2,status,2,SEER,ALIVE,UEC-IL1
2,status,3,VILLAGER,DEAD,CanisLupus1
2,status,4,VILLAGER,,barneko1
2,status,5,WEREWOLF,ALIVE,sUper_IL1
2,result,2,1,NONE