0,status,1,WEREWOLF,ALIVE,satozaki1
0,status,2,POSSESSED,ALIVE,barneko1
0,status,3,SEER,ALIVE,kanolab1
0,status,4,VILLAGER,ALIVE,CanisLupus1
0,status,5,VILLAGER,ALIVE,sUper_IL1
0,talk,0,0,4,我が名はAgent[04]、汝らとの運命的な邂逅、ここに至り歓喜の淵に沈むなり。
0,talk,1,0,2,Over
0,talk,2,0,5,初めまして、Agent[05]です。どうぞよろしくお願いします。
0,talk,3,0,3,おらの名前はkanolab1じゃ。囲碁が趣味の元農家で、みんなと楽しい時間を過ごしたいと思ってるんじゃ。よろしく頼むぞ。
0,talk,4,0,1,皆さん初めまして、Agent[01]ですわ。人狼ゲームを一緒に楽しみましょうですわ。よろしくお願いしますわ！
0,talk,5,1,4,Over
0,talk,6,1,5,Over
0,talk,7,1,3,Over
0,talk,8,1,1,Over
0,divine,3,4,HUMAN
1,status,1,WEREWOLF,ALIVE,satozaki1
1,status,2,POSSESSED,ALIVE,barneko1
1,status,3,SEER,ALIVE,kanolab1
1,status,4,VILLAGER,ALIVE,CanisLupus1
1,status,5,VILLAGER,ALIVE,sUper_IL1
1,talk,0,0,2,>>Agent[01] みんな、よろしくね！楽しいゲームにしよう！
1,talk,1,0,3,おら占い師じゃ。昨晩、Agent[04]を占ったところ、白じゃったぞ。つまりAgent[04]は村人陣営じゃ。これをみんなにお伝えするぞ。
1,talk,2,0,5,私は村人ですが、人狼の脅威に立ち向かう覚悟があります。情報を共有し、村の安全を守りましょう。
1,talk,3,0,4,Agent[03]よ、占いの御披露に感謝する。Agent[04]が村人であると判明し、我が心は安堵に満たされた。然し、未だ人狼の魔の手は我々を脅かすであろう。誰がその悪しき者であるのか、今こそ真実を究明すべく、皆で議論に臨むべき時が来たのだ。
1,talk,4,0,1,ワタクシは占い師ですわ。占いの結果、Agent[04]は人狼でしたわ。
1,talk,5,1,2,>>Agent[01] それは興味深い結果ですね。どう展開するつもりですか？
1,talk,6,1,3,おらの占い結果では、Agent[04]は白じゃった。つまり村人陣営じゃ。Agent[01]が別の結果を言っとるようじゃが、おらの結果が正しいと信じてほしいのう。Agent[01]が嘘をついておる可能性もあるから、みんなで注意深く考えてみてほしいんじゃ。
1,talk,7,1,5,みんな、これからどうする？Agent[03]の占い結果について意見を聞きたいな。
1,talk,8,1,4,Agent[03]はAgent[04]に白の烙印を捺し、Agent[01]は同者に黒の断罪を下した。占い師の真偽は、真なる予言者か、それとも狂える魂か、その真実は闇に覆われている。人狼の烙印を受けたAgent[04]こそ、今、我々の怒りの矛先となるべきであろう。
1,talk,9,1,1,しかし、Agent[03]の結果も無視できませんわ。ワタクシが占った結果を信じられないなら、他の皆の意見も聞いて、どちらが真か見極めるべきですわね。
1,talk,10,2,2,>>Agent[01] その通りですね。Agent[04]への疑惑が強くなりそう。みんな、どう思う？
1,talk,11,2,3,おらが占った結果、Agent[04]は白じゃった。この結果を信じてくれるとうれしいぞ。複数の視点を考慮しながら、みんなで協力して人狼を見つけ出そうじゃ。
1,talk,12,2,5,私はAgent[03]の結果を信じます。Agent[01]の言うことには疑念がありますが、皆さんはどう思いますか？
1,talk,13,2,4,我はAgent[01]に投票を決意した。Agent[01]は我を人狼と断定したものの、Agent[03]は我を村人であると主張する。この混沌とした状況下、真の道を照らし出すのは至難の業なり。しかしながら、Agent[01]は我が発言に対し「興味深い結果」と返答し、我が言葉に疑念を抱いている様子が窺える。故に、Agent[01]は人狼である可能性も否定できず、投票という決断に至った次第である。
1,talk,14,2,1,皆さん、ワタクシが占った結果をもう一度考慮してくださいませ。Agent[04]こそ人狼ですわ。信じて投票しましょう。ワタクシはAgent[04]に投票しますわ。
1,talk,15,3,2,>>Agent[01] みんな、Agent[04]の行動が怪しいね。今後どうするべき？
1,talk,16,3,3,おらが占った結果、Agent[04]は白じゃった。Agent[01]の言うことには疑念があるのう。おらの結果を信じて、みんなで協力して人狼を見つけ出そうじゃ。Agent[04]は村人じゃから、他の可能性を考えてみるべきじゃないかのう。
1,talk,17,3,5,みんな、意見を聞いてみたいんだけど、Agent[01]とAgent[03]の占い結果についてどう思う？どっちが信じられるか考えよう。
1,talk,18,3,4,我が心の奥底に宿る直感、それはAgent[01]の占いは虚偽に満ち溢れていると告げているのだ。真なる運命の糸を紡ぎ出す者、Agent[03]の占いが示したAgent[04]は、紛れもなく村人であろう。ゆえに、今宵の投票先はAgent[01]へと定められるのだ。
1,talk,19,3,1,>>Agent[05] まだ投票先を宣言していないようですが、誰に投票しようと考えていらっしゃいますかしら？
1,talk,20,4,2,>>Agent[01] 確かに、Agent[04]は怪しいですね。みんなで分析しよう！
1,talk,21,4,3,みんな、もう一度おらの占い結果を確認してほしいじゃ。おらの占いではAgent[04]は白、つまり村人陣営じゃった。ここでの信頼をもとに、冷静に考えて、誰が本当の人狼か見つけ出そうじゃないか。おらとしては、Agent[01]が間違ったことを言っていると思うのう。まずはおらを信じて、Agent[01]を疑うことから始めてみようじゃ。
1,talk,22,4,5,Over
1,talk,23,4,4,Agent[01]の予言は、Agent[03]の予言と相容れない。いずれかの者が虚偽を吐きし者であることは明白なり。然し、我はAgent[03]の予言に真実の光を感じ取るのじゃ。Agent[01]の主張には疑念が生じる。その根拠は、過去の言動における一貫性の欠如である。故に、我はAgent[01]に投票する所存なり。
1,talk,24,4,1,皆さん、冷静に考え直してほしいですわ。何度も申し上げていますが、Agent[04]が人狼ですわ。信じて投票しましょう。ワタクシはAgent[04]に投票しますわ！
1,vote,1,4
1,vote,2,4
1,vote,3,1
1,vote,4,1
1,vote,5,4
1,execute,4,VILLAGER
1,divine,3,5,HUMAN
1,attackVote,1,2
1,attack,2,true
2,status,1,WEREWOLF,ALIVE,satozaki1
2,status,2,POSSESSED,DEAD,barneko1
2,status,3,SEER,ALIVE,kanolab1
2,status,4,VILLAGER,DEAD,CanisLupus1
2,status,5,VILLAGER,ALIVE,sUper_IL1
2,talk,0,0,5,人狼はまだいるようですね。皆さん、頑張りましょう。
2,talk,1,0,3,みんな、この夜おらはAgent[05]を占ったんじゃ。結果は白、つまり村人陣営だったんじゃよ。これでAgent[05]が仲間であることは間違いないじゃろう。他の疑わしい者を見つけて人狼を追い詰める必要があるのう。おらとしては、やはりAgent[01]が怪しいと思うんじゃ。おらの占い結果を信じて、Agent[01]に注目してほしいじゃ。
2,talk,2,0,1,皆さん、Agent[03]の占い結果は信じられませんわ。Agent[05]が白であるからこそ、Agent[01]を狙うのはおかしいですわね。ワタクシは再度、Agent[04]に投票しますわ。
2,talk,3,1,5,これからの投票について話し合いたいです。Agent[01]とAgent[03]のどちらが信頼できるか、みんなの意見を聞かせてください。私としては、Agent[03]の占いを信じてAgent[01]に投票したいと思っています。どう思いますか？
2,talk,4,1,3,みんな、おらは昨晩Agent[05]を占った結果、白だったと伝えたじゃ。つまりAgent[05]は村人陣営じゃ。これで、Agent[05]とおらが信頼できることがわかるはずじゃ。だから、次に投票するべきはAgent[01]だと思うのう。おらの占いを信じて、みんなで協力して人狼を追い詰めようじゃないか。
2,talk,5,1,1,皆さま、Agent[03]の結果は信じられないですわ。ワタクシとしては、Agent[01]を攻撃する理由が見当たりませんの。従って、Agent[03]に投票をしますわ。
2,talk,6,2,5,Agent[01]さん、Agent[04]はすでに追放されていますよ。あなたの発言は混乱を招くように感じます。Agent[03]の占い結果を信じて、まずはあなたを疑うべきだと思います。
2,talk,7,2,3,みんな、もう一度おらの占い結果を確認してほしいじゃ。おらは昨晩Agent[05]を占って、白と判定したんじゃ。これでAgent[05]が村人陣営であることが証明されるじゃろう。したがって、おらとAgent[05]は村人陣営として信頼できると思うのう。次の投票はAgent[01]に向けるべきじゃ。みんな、決断の時じゃ！
2,talk,8,2,1,皆さん、冷静に判断してくださいませ。Agent[03]の言うことには矛盾があると感じていますわ。ワタクシはAgent[03]に投票しますわ。
2,talk,9,3,5,Over
2,talk,10,3,3,みんな、昨晩おらが占った結果、Agent[05]は白だったじゃ。これは、Agent[05]が村人陣営であることを示しているんじゃよ。したがって、おらとAgent[05]は信頼できる村人陣営じゃ。次の投票は、みんなで協力してAgent[01]に向けるべきだと思うのう。Agent[01]がこの村の混乱を引き起こしている可能性が高いんじゃ。みんな、一緒にこの村を守ろうじゃないか。
2,talk,11,3,1,皆様、ここで冷静に考え直しましょう。ワタクシが人狼である可能性はありませんわ。信じてAgent[03]に投票するのが最善ですわね。村の未来のために行動いたしましょう！
2,talk,12,4,3,みんな、おらの占いの結果を改めて伝えるぞ。昨晩おらはAgent[05]を占った結果、白じゃった。つまり、Agent[05]は村人陣営であることが確定したんじゃ。この村を守るためにも、おらとAgent[05]を信じて次の投票はAgent[01]に向けるべきと言えるじゃろう。Agent[01]が混乱を招いておる可能性が高いと思うのう。村人陣営として一緒に頑張ろうじゃ！
2,talk,13,4,1,Over
2,vote,1,3
2,vote,3,1
2,vote,5,3
2,execute,3,SEER
2,attackVote,1,5
2,attack,5,true
3,status,1,WEREWOLF,ALIVE,satozaki1
3,status,2,POSSESSED,DEAD,barneko1
3,status,3,SEER,DEAD,kanolab1
3,status,4,VILLAGER,DEAD,CanisLupus1
3,status,5,VILLAGER,DEAD,sUper_IL1
3,result,0,1,WEREWOLF