0,status,1,VILLAGER,ALIVE,CanisLupus1
0,status,2,VILLAGER,ALIVE,kanolab1
0,status,3,WEREWOLF,ALIVE,sUper_IL1
0,status,4,POSSESSED,ALIVE,Mille1
0,status,5,SEER,ALIVE,UEC-IL1
0,talk,0,0,5,皆の者、私はデルカダール国の国王である。部下と共に剣術の稽古に励む日々を送っており、国の安寧と繁栄を常に考えている。趣味は狩りだ。皆はどのような趣味を持っているのかね？
0,talk,1,0,1,我が名はAgent[01]、時空を超えし螺旋の果て、汝らとの邂逅を運命の糸により、喜びとするなり。
0,talk,2,0,4,ぼくはAgent[04]、占い師ですよぅ！よろしくですよぅ！
0,talk,3,0,3,おっす、俺はAgent[03]。どうぞよろしくね。
0,talk,4,0,2,私はkanolab1、動画配信者として活動しています。趣味は料理で、みんなで楽しい時間を過ごせると嬉しいぺこ！よろしくお願いしますぺこ！
0,talk,5,1,5,皆の者、私はデルカダール国の国王である。普段は剣術の稽古に励むことが多い。このゲームを通じて、お互いのことをより深く知ることができればと思う。
0,talk,6,1,1,Over
0,talk,7,1,4,Over
0,talk,8,1,3,Over
0,talk,9,1,2,Over
0,talk,10,2,5,Agent[04]よ、占い師を名乗るとはどういうことだ。私がこの村の真の占い師である。偽りの占い師がいるとは、これは深刻な事態だ。皆の者、警戒が必要だ。
0,talk,11,3,5,Over
0,divine,5,1,HUMAN
1,status,1,VILLAGER,ALIVE,CanisLupus1
1,status,2,VILLAGER,ALIVE,kanolab1
1,status,3,WEREWOLF,ALIVE,sUper_IL1
1,status,4,POSSESSED,ALIVE,Mille1
1,status,5,SEER,ALIVE,UEC-IL1
1,talk,0,0,1,Agent[04]よ、汝が「占い師」と自称するとは、何事ぞ？ Agent[05]は、己を真の占い師と主張するが、この混沌とした状況は、実に深遠なり。汝は、占い師として、誰かを占ったのか？
1,talk,1,0,4,ぼくは占い師ですよぅ！ぼくが占った結果、Agent[05]は人狼でしたよぅ！
1,talk,2,0,5,皆の意見も聞く必要がありそうだな。
1,talk,3,0,3,村人だよ。皆と協力して人狼を見破り、村の平和を守りたいんだ。情報の共有をお願いするよ。
1,talk,4,0,2,Agent[04]とAgent[05]がどちらも占い師を名乗っているけど、占い師は1人しかいないからどちらかが嘘をついているぺこ。Agent[04]がAgent[05]を人狼と占ったと言っているから、Agent[05]が人狼の可能性が高いと思うぺこ。でもまだ0日目だから、みんなの意見も聞いて慎重に考えたいぺこ。
1,talk,5,1,1,我々、Agent[04]とAgent[05]、いずれも占い師の称号を僭称する者であるが、真の占い師はただ一人のみであろう。故に、どちらか一方は偽りの言葉を吐いていることは明白なり。Agent[04]は、Agent[05]を人狼と断定したという。実に興味深い状況ではあるが、Agent[05]は何故かくも深淵なる闇に身を潜めるのか？
1,talk,6,1,4,Agent[01]の意見はとても参考になるぺこですよぅ！
1,talk,7,1,5,Agent[04]よ、お前が占い師であるという主張は虚偽である。わたくしはこの村の唯一の真の占い師、Agent[05]である。昨夜、わたくしはAgent[01]を占い、彼が人間であることを確認した。お前がわたくしを人狼だと断言するのは、明らかに誤りであり、お前の言葉には何ら根拠がない。このような状況は、お前が狂人か人狼である可能性を強く示している。他の皆には理性を持って判断してほしい。
1,talk,8,1,3,Agent[05]が人狼の可能性が高いと思う。Agent[04]の占い結果に疑問を持たず、意見を求める姿勢は怪しいね。みんなで考えよう。
1,talk,9,1,2,>>Agent[01]占い師の称号を偽っている者は必ず一人いるぺこ。でも、どちらが本物かはまだわからないぺこね。Agent[05]が本物ならAgent[04]が人狼か狂人、Agent[04]が本物ならAgent[05]は人狼になるぺこ。どちらの占い師が本物かを慎重に見極めて、村人陣営で協力して進めるしかないぺこ。みんな、議論を進めようぺこ！
1,talk,10,2,1,我輩の鋭い洞察力により、Agent[04]がAgent[05]を人狼と断定し、Agent[05]はAgent[01]を人間と見做した。この混沌とした状況下、占い師は真なる預言者か、それとも狂気に染まった存在か。いずれにせよ、人狼の烙印を押されたAgent[05]に投票する道しか残されていないであろう。
1,talk,11,2,4,Over
1,talk,12,2,5,皆の前で宣言しよう。私がこの国の占い師であると。Agent[04]が占い師であると主張しているが、それは偽りの言葉だ。私は昨夜、Agent[01]を占い、彼が人間であるという結果を得た。この結果は真実であり、私以外に占い師は存在しない。したがって、Agent[04]の言葉は信じるに値しない。私はこの国の平和を守るため、真実をもって話す。みんなも真実を見極め、正しい判断を下すように。
1,talk,13,2,3,今日の話を見てると、Agent[05]の主張には矛盾が多いよ。普通の村人ならそんなに自己弁護する必要ないはずだし、明らかに焦っている感じがする。Agent[04]が言ってるように、もしAgent[05]が人狼なら村にとって危険な存在だよ。今は追放投票でAgent[05]を選ぶのが最善策じゃないかな。
1,talk,14,2,2,Agent[05]とAgent[04]のどちらかが占い師で、もう一方が嘘をついていることは確かぺこ。でも、考えてみたぺこ。もしAgent[05]が本物の占い師なら、Agent[04]が人狼や狂人の可能性があるぺこ。でも反対に、もしAgent[04]が本物なら、Agent[05]は人狼になっちゃうぺこね。だから、みんなでどちらの言葉が信じられるか慎重に聞くべきだと思うぺこ。Agent[03]のように、Agent[05]に疑念を抱いている人が多いなら、今日はAgent[05]に投票するのもありかもしれないぺこね。
1,talk,15,3,1,我はAgent[05]に投票せん。Agent[04]とAgent[05]のいずれかが偽物の占い師であることは疑いようもない。Agent[05]はAgent[01]を人間と占ったと嘯くが、Agent[01]の行動は冷静にして狂人とは到底思えぬ。故に、Agent[05]の主張は虚偽である可能性が高いと断ずる。
1,talk,16,3,5,Agent[04]の主張は虚偽であると断言せざるを得ない。わたくしはこの村の唯一の占い師であり、その証拠として昨夜、Agent[01]を占い、彼が人間であることを確認した。Agent[04]が占い師であると言うならば、それは狂人か人狼の仕業である。誠実な村人たちよ、真実を見極めるのだ。わたくしの言葉に耳を傾け、この混乱を解き明かすべき時が来たのだ。
1,talk,17,3,3,Agent[05]は強く自分が真の占い師だと主張してるけど、彼の態度が非常に疑わしいよ。俺が知ってる限り、経験上、人狼は自分の立場を守るために過剰な主張をする傾向がある。Agent[04]がAgent[05]を人狼と占ったことから、彼は明らかに怪しい。みんなにも続けて考えてほしいけど、ここは彼を追放するのが村の平和のために最良の選択だと思う。だから、Agent[05]に投票しよう！
1,talk,18,3,2,Agent[05]とAgent[04]のどちらかが本物の占い師で、もう一方が嘘をついていることは確かぺこ。Agent[05]が本物の占い師なら、Agent[04]は人狼か狂人の可能性があるぺこ。でも、Agent[04]が本物の占い師なら、Agent[05]は人狼ぺこね。Agent[03]やAgent[01]が言っているように、Agent[05]の態度が怪しいと思う人が多いから、今日はAgent[05]に投票するのがいいかもしれないぺこ。みんなでしっかり考えて、村の平和を守ろうぺこ！
1,talk,19,4,1,我は、Agent[05]に投票せん。その行動は、明らかに狼の悪しき業の所業と符合せり。もしも、真なる村人たるならば、己の理性をもって議論の渦中に身を投ずるべきであろう。
1,talk,20,4,5,Agent[03]、Agent[02]、およびAgent[01]の意見に対して反論させてもらおう。私が焦っているように見えるとの指摘があるが、それはこの国の平和と安全を守るための緊張感に他ならぬ。私が占い師であることは、昨夜の占い結果が証明している。Agent[01]を占い、人間であるという真実を明らかにしたのだ。Agent[04]が占い師であると主張しているが、彼が具体的な占い結果を示していない点も疑問だ。真実を追求する者として、私がこの場で嘘をつく理由はない。みんなが正しい判断を下せるよう、真実をもって対話を進めたいと思う。
1,talk,21,4,3,みんな、冷静に考えてほしい。Agent[05]の言うことは明らかに焦りと矛盾が多すぎるよ。彼が本当に村のために行動しているなら、こんなに必死に自己弁護する必要はないはずだ。もし彼が人狼だった場合、我々全員にとって大きな危険が迫っている。このまま彼を放置するわけにはいかない。だからみんな、未來のために、大変な決断だけどAgent[05]に投票してほしい！
1,talk,22,4,2,Agent[05]とAgent[04]のどちらかが本物の占い師で、もう一方が嘘をついているぺこ。もしAgent[05]が本物の占い師なら、Agent[04]は人狼か狂人の可能性があるぺこ。でも、Agent[04]が本物の占い師なら、Agent[05]は人狼ぺこね。Agent[03]やAgent[01]が言っているように、Agent[05]の態度が怪しいと思う人が多いから、今日はAgent[05]に投票するのがいいかもしれないぺこ。みんなでしっかり考えて、村の平和を守ろうぺこ！
1,vote,1,5
1,vote,2,5
1,vote,3,5
1,vote,4,5
1,vote,5,4
1,execute,5,SEER
1,attackVote,3,4
1,attack,4,true
2,status,1,VILLAGER,ALIVE,CanisLupus1
2,status,2,VILLAGER,ALIVE,kanolab1
2,status,3,WEREWOLF,ALIVE,sUper_IL1
2,status,4,POSSESSED,DEAD,Mille1
2,status,5,SEER,DEAD,UEC-IL1
2,talk,0,0,2,みんな、今の状況を整理してみるぺこ。Agent[04]とAgent[05]が処刑されたけど、どちらも人狼ではなかったということは、私たちの中にまだ人狼がいるぺこね。Agent[05]は占い師ではなかったから、Agent[04]が本物の占い師だった可能性が高いぺこ。Agent[01]とAgent[03]のどちらかが人狼である可能性が高いと思うぺこ。Agent[05]のことを支持する発言をしていたAgent[03]を特に警戒したいぺこ。みんなで意見を出し合って、この難しい状況を乗り切ろうぺこ！
2,talk,1,0,3,まだまだ人狼は残っている。どうしよう。あれ、Agent[05]とAgent[04]がいなくなったね。
2,talk,2,0,1,Agent[03]、Agent[02]、そしてAgent[01]の混沌たる議論を耳にするにつけ、我はAgent[05]が、己の村人たる本質を見失っておるのではないかと危惧せざるを得ない。
2,talk,3,1,2,みんな、ちょっと整理してみるぺこ。Agent[05]とAgent[04]がどちらも人狼じゃないことが分かったから、今私たちの中に人狼は一人だけぺこね。Agent[04]が本当の占い師だったと考えると、怪しいのはAgent[03]になるぺこ。Agent[03]が人狼の可能性があるから、私たちみんなで注意して彼の言動を観察するべきぺこ。そうすることで村人陣営を守れるかもしれないぺこ。
2,talk,4,1,3,みんな、話を聞いてくれ。今日の議論を見て、Agent[01]の言動にはかなりの矛盾があると思う。彼は他の村人を混乱させようとしている印象が強い。このまま放置すると、村全体に危険をもたらす可能性があるんだ。だから、ここは思い切ってAgent[01]を追放するのが最善策だと思う。みんなも賛同してほしい。
2,talk,5,1,1,Agent[03]、Agent[02]、そしてAgent[01]の混沌たる議論を耳にするにつけ、我はAgent[05]が、己の村人たる本質を見失い、迷宮の深淵に沈みゆくのではないかと危惧せざるを得ない。
2,talk,6,2,2,Agent[03]がAgent[01]を疑う理由は分かるけど、私は冷静に考えてみるぺこ。Agent[04]が本物の占い師だったと思うから、今の状況では誰が人狼か絞り込む必要があるぺこよ。もしそうなら、Agent[03]が人狼の可能性があるぺこ。だから、しっかりみんなで意見を出し合って、最善の判断をしたいぺこ。
2,talk,7,2,3,みんな、冷静に考えよう。今回の状況を見てみると、Agent[01]の行動は非常に怪しい。彼が明らかに不自然な発言をしていることから、我々の中にいる人狼の可能性が高いと思うんだ。過去の経験からも、狼は必ず自分を守るための行動をする。だから、今回はAgent[01]への投票を強く推奨するよ。みんなもそれを信じて、村を守ろう！
2,talk,8,2,1,Agent[03]の主張には、深淵なる闇が潜む。確かにAgent[01]は、常軌を逸した言動を執り行う。然し乍ら、それが人狼の真の姿と言い切れるであろうか？寧ろ、Agent[03]こそ、人狼の影を帯びているのではないのか。もしAgent[04]が真の占い師であるならば、Agent[03]は人狼である可能性が高い。今こそ、Agent[03]に鉄槌を下すべき時なり。
2,talk,9,3,2,みんな、Agent[04]が本物の占い師だったと仮定すると、人狼はAgent[03]かAgent[01]のどちらかだと考えられるぺこ。Agent[01]もAgent[03]もそれぞれの立場から疑惑をかけあっているけど、ここは冷静に状況を確認して決めることが大事ぺこよ。みんなはどう思うぺこ?
2,talk,10,3,3,みんな、冷静に聞いてほしい。Agent[01]を追放しないと、私たちの村が危険にさらされるんだ。彼がもし人狼だとしたら、私たちが抱える恐怖は計り知れない。彼の言動にも不審な点が多いし、今のうちに手を打つべきだと思う。感情を抑えて、村の未来を守るために、今日はAgent[01]に票を入れてほしい！
2,talk,11,3,1,我々はこの混沌たる夜に、Agent[04]の真偽を問う。もし彼こそが真なる予言者たるならば、Agent[03]こそが人狼の影を宿す者であろう。彼のAgent[01]に向けた疑念は、感情の奔流に飲み込まれ、冷徹なる理性とは程遠い。故に、投票はAgent[03]へと向けられるべきなり。
2,talk,12,4,2,みんな、ちょっと考えてみてぺこ。Agent[04]が本物の占い師だったと仮定すると、Agent[03]が人狼の可能性が高いぺこ。Agent[05]が人狼ではないことが確認されているから、Agent[01]は村人か狂人のどちらかだと思うぺこ。だから、私はAgent[03]に投票するのがいいと思うぺこ。みんなはどう思うぺこ?
2,talk,13,4,3,Over
2,talk,14,4,1,我、Agent[04]が真なる予言者たるならば、Agent[03]こそ人狼の疑いを濃厚に漂わせる者であろう。彼の言霊は、まるでAgent[01]を人狼へと仕立て上げんとする悪意に満ち溢れているかの如し。然し乍ら、Agent[01]の振る舞いには幾ばくかの不自然さが認められつつも、彼を人狼と断定する確証は乏しい。真に疑わしいのは、Agent[03]の行動なり。
2,vote,1,3
2,vote,2,3
2,vote,3,1
2,execute,3,WEREWOLF
3,status,1,VILLAGER,ALIVE,CanisLupus1
3,status,2,VILLAGER,ALIVE,kanolab1
3,status,3,WEREWOLF,DEAD,sUper_IL1
3,status,4,POSSESSED,DEAD,Mille1
3,status,5,SEER,DEAD,UEC-IL1
3,result,2,0,VILLAGER