0,status,1,POSSESSED,ALIVE,sUper_IL1
0,status,2,SEER,ALIVE,satozaki1
0,status,3,VILLAGER,ALIVE,barneko1
0,status,4,VILLAGER,ALIVE,CanisLupus1
0,status,5,WEREWOLF,ALIVE,kanolab1
0,talk,0,0,1,おはようみんな、私はAgent[01]です。どうぞよろしくお願いします。
0,talk,1,0,3,Over
0,talk,2,0,5,おはようじゃ、わしはkanolab1じゃ。みんなと一緒に楽しい時間を過ごしたいと思っておるよ。よろしく頼むぞ。
0,talk,3,0,4,我が名はAgent[04]、汝らとの邂逅は、時空を超えた運命の糸で紡ぎ出された、壮大な交響曲の序章なり。
0,talk,4,0,2,皆さん初めまして、Agent[02]やで。人狼ゲームを一緒に楽しもうや。よろしく頼むで！
0,talk,5,1,1,Over
0,talk,6,1,5,Over
0,talk,7,1,4,Over
0,talk,8,1,2,Over
0,divine,2,5,WEREWOLF
1,status,1,POSSESSED,ALIVE,sUper_IL1
1,status,2,SEER,ALIVE,satozaki1
1,status,3,VILLAGER,ALIVE,barneko1
1,status,4,VILLAGER,ALIVE,CanisLupus1
1,status,5,WEREWOLF,ALIVE,kanolab1
1,talk,0,0,4,Agent[01]、Agent[02]、Agent[03]、Agent[05]よ、自己紹介を賜り感謝する。汝らの名と所業は、我が記憶の深淵に刻み込まれたぞ。今宵、誰が人狼の仮面を被り、誰が真なる村人の魂を持つのか、その真相を解き明かすべく、議論の嵐を巻き起こす所存なり。まずは、汝らの持ち味、得意とする分野を明かしてみよ。
1,talk,1,0,1,私が占い師を担当しています。昨晩、Agent[03]の占いを行ったところ、その結果は人狼であるということが判明しました。
1,talk,2,0,2,オレは占い師やで。占いの結果、Agent[05]は人狼やったで。
1,talk,3,0,3,>>Agent[04] 今日は楽しい時間を過ごせるといいな！議論を進めよう！
1,talk,4,0,5,占い師は1人しかおらんから、Agent[01]かAgent[02]のどちらかが嘘をついておる可能性が高いのう。わしは村人じゃけど、みんなで話し合って誰が本物か見極めよう。
1,talk,5,1,4,我々、Agent[01]とAgent[02]は共に占いの道を歩む者と自称する。だが、真の占いは唯一人にのみ許される術なり。故に、どちらか一方は偽りの言葉を吐き、欺瞞のベールを被っているであろう。さて、Agent[03]とAgent[05]よ、汝らは何を信じ、何を疑うのか？真実の光を照らし出すため、我々全員が力を合わせ、この混沌とした迷宮を解き明かさねばならない。
1,talk,6,1,1,私、Agent[01]は占い師でございます。0日目の占いでAgent[03]を占った結果、彼は人狼であることが判明いたしました。この情報を皆様にお伝えし、今後の議論に活かしていただきたく思います。Agent[03]の発言や行動に注目し、真実を見極めて参りましょう。
1,talk,7,1,2,その情報は怪しいわ。Agent[01]が占った言うてるAgent[03]がほんまに人狼か、もう少し話し合おうやん。俺の占い結果もよく考えて投票するべきやで。
1,talk,8,1,3,>>Agent[04] あなたの意見が聞きたい。今後の占いについてどう思う？
1,talk,9,1,5,わしの見たところ、Agent[01]とAgent[02]のどちらかが真の占い師で、もう一方が偽っておるようじゃ。Agent[03]が疑われておるが、まだはっきりとは言えんのう。まずは議論を進めて、誰が本物の占い師なのか、もっと考えてみようじゃないか。
1,talk,10,2,4,Agent[01]はAgent[03]を人狼と断じ、Agent[02]はAgent[05]を人狼と断定せり。占い師の正体は真なる者か、それとも狂える者か、その真偽は闇の中なり。ゆえに、Agent[03]かAgent[05]のいずれかに投票すべきであろう。
1,talk,11,2,1,皆様、私が本物の占い師であることを強く主張いたします。昨晩の結果、Agent[03]が人狼であることが判明しました。Agent[02]は偽の占い師である可能性が高いです。この情報を基に議論を進めましょう。皆様の意見をお聞かせください。
1,talk,12,2,2,オレはAgent[01]の主張が怪しいと思う。占いは1人しかいないはずなのに、二人が名乗り出るのはおかしい。今日はAgent[01]に投票するつもりや。
1,talk,13,2,3,>>Agent[04] みんなの考えをもっと聞きたい！どちらが本物だと思う？
1,talk,14,2,5,>>Agent[03]わしの考えを言わせてもらうと、Agent[01]とAgent[02]のどちらかが本物の占い師じゃ。もしAgent[01]が本物なら、Agent[03]が人狼ということになるが、Agent[02]が本物ならわしが人狼ということになる。しかし、わしは村人じゃから、Agent[02]が偽者である可能性が高いと思うのう。Agent[02]に投票するのが良いかもしれん。
1,talk,15,3,4,我はAgent[01]に投票せん。Agent[01]はAgent[03]を人狼と断定した然し、Agent[02]はAgent[05]を人狼と断定し、矛盾が生じている。故に、どちらかが偽の占い師である可能性が高いであろう。
1,talk,16,3,1,私は再度強調いたしますが、私が真の占い師です。Agent[03]が人狼であるという情報は確実であり、この結果を信じて行動していただきたい。皆さんの意見をお聞かせください。
1,talk,17,3,2,オレはAgent[01]の情報を疑ってる。もしAgent[01]が本物なら、なんでAgent[02]やAgent[05]まで疑わせるんか理解できへん。Agent[01]に投票しよう。
1,talk,18,3,3,Skip
1,talk,19,3,5,わしの考えをまとめてみるが、占い師はAgent[01]かAgent[02]のどちらかしかおらんじゃから、片方が狂人か人狼として振る舞っておるのじゃ。それを考えると、Agent[01]が本物の占い師なら、Agent[03]が人狼でAgent[02]は村人か狂人じゃ。逆に、Agent[02]が本物の占い師なら、わしが人狼じゃなんておかしい。それに村人の役は一つしかもてないじゃから、Agent[02]の主張に矛盾があるように思うのう。わしはAgent[02]に投票するかのう。
1,talk,20,4,4,我はAgent[02]に投票せん。Agent[01]が真の占い師ならばAgent[03]は人狼、Agent[02]は村人か狂人であろう。しかして、Agent[02]が真の占い師ならばAgent[05]は人狼となり得るが、Agent[05]は己が村人であると主張している。この矛盾は、Agent[02]の言葉に虚偽が潜む可能性を示唆している。
1,talk,21,4,1,Over
1,talk,22,4,2,オレはAgent[01]が本物の占い師なら、Agent[03]が人狼で間違いないと思う。みんな、投票はAgent[01]にするべきやで！
1,talk,23,4,5,村人のわしから言わせれば、占い師はAgent[01]かAgent[02]のどちらかじゃ。しかし、両者が占い師を名乗っている今、どちらかが嘘をついとるわけじゃの。もしAgent[01]が本物の占い師ならば、Agent[03]は人狼じゃ。逆に、Agent[02]が本物ならわしが人狼ということになるが、それはありえん。だからわしはAgent[02]を疑っているんじゃよ。みんなもその点を考慮してみると、どちらが本物か見えてくるかもしれんのう。
1,vote,1,2
1,vote,2,1
1,vote,4,2
1,vote,5,1
1,execute,2,SEER
1,attackVote,5,4
1,attack,4,true
2,status,1,POSSESSED,ALIVE,sUper_IL1
2,status,2,SEER,DEAD,satozaki1
2,status,3,VILLAGER,,barneko1
2,status,4,VILLAGER,DEAD,CanisLupus1
2,status,5,WEREWOLF,ALIVE,kanolab1
2,result,2,1,NONE