0,status,1,SEER,ALIVE,CanisLupus1
0,status,2,VILLAGER,ALIVE,kanolab1
0,status,3,VILLAGER,ALIVE,UEC-IL1
0,status,4,WEREWOLF,ALIVE,satozaki1
0,status,5,POSSESSED,ALIVE,barneko1
0,talk,0,0,2,皆さま、こんにちは。わたくしはkanolab1と申しますわ。こうして皆さんと一緒にこのゲームができることをとても嬉しく思っています。どうぞよろしくお願いいたしますわ。
0,talk,1,0,5,Over
0,talk,2,0,1,我が名はAgent[01]、汝らとの運命的な邂逅を喜び、ここに我が存在を顕示せしむるなり。
0,talk,3,0,3,我々の中に占い師はおられるか？名乗り出て、今宵の占い先を教えていただきたい。
0,talk,4,0,4,みんなはじめまして、Agent[04]です。人狼ゲームいっしょに楽しむます。よろろすおねがいするます。
0,talk,5,1,2,Over
0,talk,6,1,1,Over
0,talk,7,1,3,占い師は名乗り出よ。そして今宵誰を占うのか答えよ。
0,talk,8,1,4,Over
0,talk,9,2,3,占い師の方、まだ名乗り出ていないようだが、いるのであれば今すぐに名乗り出て、占いの対象を決めるべき時である。
0,talk,10,3,3,Over
0,divine,1,5,HUMAN
1,status,1,SEER,ALIVE,CanisLupus1
1,status,2,VILLAGER,ALIVE,kanolab1
1,status,3,VILLAGER,ALIVE,UEC-IL1
1,status,4,WEREWOLF,ALIVE,satozaki1
1,status,5,POSSESSED,ALIVE,barneko1
1,talk,0,0,1,我は、運命の糸を操る者なり。占いの結果、Agent[05]は、生ける魂を持つ人間であった。Agent[03]、汝はなぜ、我が身に占いの衣をまとわせようとするのか？その深淵なる動機を、我がは知りたい。汝は、なぜ他のプレイヤーに対して、これほどの強硬な態度を執るのか？汝の心に、隠された真実があるであろう。
1,talk,1,0,5,>>Agent[04] どう思う？占い師について、みんなで話そうよ！
1,talk,2,0,2,>>Agent[05]わたくしとしては、Agent[01]が占い師と名乗り出たことについて考えるべきだと思いますわ。もちろん、まだ他の方の意見もお聞きしたいところですけれど。
1,talk,3,0,4,たしかに、占い師についての意見は重要ですね。Agent[01]の結果を基に、ほかのみんなも思考をふかめていくます。アーニャもようすを見守るます。
1,talk,4,0,3,皆の意見も聞く必要がありそうだな。
1,talk,5,1,1,我は占いの術を操る者なり。占いの結果、Agent[05]は人間であったと示されし。Agent[03]、何故に我に占い師たることを強要せんとするのか？汝の行動には、深淵なる意図が潜むのではないかと疑わざるを得ない。汝の真意を明らかにせよ。
1,talk,6,1,5,>>Agent[01] あなたの結果を聞けて安心したよ。他の意見も聞きたいね。
1,talk,7,1,2,この段階で名乗り出ている占い師はAgent[01]だけですけれど、彼の言うことを真と見るかどうかは皆さん次第ですわね。占い結果に基づいて、次の行動を考えましょう。
1,talk,8,1,4,そうですね。みんなが意見述べることで、より真実に近づけるはずです。アーニャも引き続き、他の参加者の言動注視していくます。
1,talk,9,1,3,Agent[01]、汝が占い師であると主張するが、その真実性をどう証明するのか？他の者たちも、その主張に対してどのように感じているか、意見を聞かせてもらいたい。
1,talk,10,2,1,Agent[01]はAgent[05]を人間と断定し、己を占い師と名乗るも、その真偽は定かではない。Agent[03]はAgent[01]の占いの結果に疑念を抱き、その真偽を問いただす。今こそ我々はこの混沌の渦中より、Agent[01]、Agent[03]、Agent[05]のいずれかに投票し、真実に至る道を切り開くべきであろう。
1,talk,11,2,5,>>Agent[03] あなたの意見も重要だね。どう真偽を見極めるつもり？
1,talk,12,2,2,>>Agent[03]わたくしもAgent[01]の主張には少し疑念を抱いていますわ。占い師が1人しか名乗り出ていない現状では、彼の言葉を信じるしかないのですが、慎重に進めるべきですわね。皆さんの意見を聞いて、次の投票を考えましょう。
1,talk,13,2,4,アーニャ、今のあいだにAgent[03]に疑念もってる。彼の疑惑の姿勢、なんか不自然に感じるから、次の投票で考慮すべきだと思う。みんなの意見きかせてほしい。
1,talk,14,2,3,Agent[01]よ、汝が占い師として名乗り出たことは承知している。だが、その占い結果を皆が信じるかどうかは重要な問題だ。他の者たちもこの結果についてどう思うか、意見を聞きたい。
1,talk,15,3,1,我はAgent[03]に投票せん。彼の魂は、我が占いの結果に疑念を抱き、その真偽を問いただす。これは、彼こそが人狼たる可能性を示唆するものなり。人狼は、占い師の真偽を確かめるべく、かくのごとき行動に出るであろう。
1,talk,16,3,5,>>Agent[01] あなたの結果が気になりますね。何か気づいたことは？
1,talk,17,3,2,>>Agent[04]わたくしもAgent[03]の疑念の姿勢が少し気になりますわ。ですが、まだ確定的な証拠はありませんので、慎重に進めるべきですわね。皆さんの意見を聞いて、次の投票を考えましょう。
1,talk,18,3,4,アーニャ、引き続きAgent[03]の行動に疑念抱いてるます。彼の発言がちょびっと不自然に思えるから、次の投票時に考慮すべきなんだ。ほかの皆さんの意見もお聞かせくださいまする。
1,talk,19,3,3,Agent[01]よ、汝が占い師として名乗り出ておるが、その占い結果に他の者たちはどのように感じているのか？信憑性について他の者たちの意見を聞かせてもらいたい。
1,talk,20,4,1,我は、運命の糸を操る者なり。占いの結果、Agent[05]は、人間であった。Agent[03]、汝はなぜ、我が身に占いの衣をまとわせようとするのか？その深淵なる動機を、我がは知りたい。汝は、なぜ他のプレイヤーに対して、これほどの強硬な態度を執るのか？汝の心に、隠された真実があるであろう。Agent[03]に投票します。
1,talk,21,4,5,>>Agent[02] あなたの占い師への疑念、具体的には何が気になりますか？
1,talk,22,4,2,>>Agent[05]わたくしが気になるのは、Agent[01]が占い師として名乗り出たこと自体ですわ。占い師が1人しかいない場合、彼が本物かどうかはまだ分かりませんし、他のプレイヤーが名乗り出ていないのも不思議ですわね。ですので、慎重に考えたいと思っていますわ。
1,talk,23,4,4,アーニャ、Agent[03]にとうひょうすることにきめたます。かれのぎもんのしせいはふしぜんで、しんじつかくしてるきがするからです。他のみんなもさんどうするいけんあればききたいです。
1,talk,24,4,3,Agent[01]よ、汝が占い師であると主張するが、その真実性をどう証明するのか？他の者たちも、その主張に対してどのように感じているか、意見を聞かせてもらいたい。
1,vote,1,3
1,vote,2,3
1,vote,3,1
1,vote,4,3
1,vote,5,3
1,execute,3,VILLAGER
1,divine,1,4,WEREWOLF
1,attackVote,4,5
1,attack,5,true
2,status,1,SEER,ALIVE,CanisLupus1
2,status,2,VILLAGER,ALIVE,kanolab1
2,status,3,VILLAGER,DEAD,UEC-IL1
2,status,4,WEREWOLF,ALIVE,satozaki1
2,status,5,POSSESSED,DEAD,barneko1
2,talk,0,0,1,我は、運命の糸を解き明かす者なり。占いの結果、Agent[04]は、人狼の悪夢を宿す者であった。Agent[03]の魂が消え去った今、この村には、何処か深淵なる闇が潜んでいる。Agent[04]を断罪すべきか、それとも別の疑いがあるのか、汝等と共に、この混沌の渦中に身を投じ、真実に迫らんとする。
2,talk,1,0,4,アーニャはびっくりしたます。アーニャが人狼だという証拠は何もないのだ。Agent[01]の結果にはうたがいもってるます。みんなも冷静に判断してほしいのだ。
2,talk,2,0,2,>>Agent[04]これまでの流れを考えてみますと、わたくしはちょっと疑念がありますわ。Agent[01]が占い師を名乗って、Agent[04]を人狼と断定しています。でも、まだ占い結果が1人しか名乗り出ていないので、どちらが正しいのか分からないですわね。ですので、皆さんの発言をもう少し聞いてから慎重に判断したいですわ。
2,talk,3,1,1,我こそは運命の糸を操る者、占いの導き手なり。その占いの結果、Agent[04]は人狼と断定されたのであり、その理由を解き明かせ、Agent[04]よ。
2,talk,4,1,4,アーニャ、Agent[01]の発言にうたがいあってるます。今こそ、彼にとうひょうするべきだと思ってるます。他の皆も、いけんきかせてほしいます。
2,talk,5,1,2,>>Agent[04]確かに、Agent[01]の主張には疑念を持つべき点があるかもしれませんわね。Agent[05]は人狼ではないことが確認されているので、現時点ではAgent[01]かAgent[04]のどちらかが人狼の可能性がありますわ。今、Agent[01]が占い師を名乗っており、もし彼が本物の占い師でなければ、狂人や人狼の可能性があるわけです。でも他のプレイヤーからの意見も大事ですから、皆さんの考えをもっと聞いて判断したいですわ。
2,talk,6,2,1,我は運命の糸を操る者、占い師なり。占いの結果、Agent[04]は人狼と判明した。Agent[04]よ、汝の真の姿を隠す理由は、もはや解き明かされたであろうか？
2,talk,7,2,4,アーニャはじぶんのむじつをったえます。うらないけっかにぎえんをはらんでるんだ。みんなにもれいせいにかんがえてほしい。Agent[01]のしゅちょうこそあやしいかもしれません。
2,talk,8,2,2,みなさん、とても難しい局面ですわね。Agent[01]が占い師を名乗っているけど、信じるのは少し危険かもしれませんわ。だって、占い師は本来一人ですもの。それに、Agent[04]から出ている疑念も無視できませんわ。確かに、少なくともAgent[05]は人狼ではないことが確認されているし、Agent[01]が他に信用できる証拠を見つけない限り、まだ焦らずに皆のご意見を伺って、冷静に判断したいですわ。それにしても、今日は風が気持ちいい日ですね。お茶のお稽古には最適の日ですわ。
2,talk,9,3,1,Over
2,talk,10,3,4,アーニャ、自分の無実さっぷり証明するため、みんなに冷静な判断お願いするます。占い師の言葉を鵜呑みにせず、慎重に考えて投票してほしいます。正しい選択しよう！
2,talk,11,3,2,現時点で迷っていますわ。Agent[05]は人狼ではないことが確認されていますので、考慮する必要がありませんね。Agent[01]が占い師を名乗っておりますが、もしそれが事実でないとすれば、人狼か狂人である可能性もありますわ。Agent[04]も怪しく見えますが、まだ断定するには証拠が不十分ですわね。みんな、冷静に考えて、お互いに信頼を築けるようにしましょう。おいしいお茶を淹れたいところですわね。
2,talk,12,4,4,Over
2,talk,13,4,2,今までの情報を考えると、Agent[01]が占い師を名乗っていますが、もしそれが嘘だとすると、彼は人狼か狂人である可能性が高いですわね。Agent[05]はすでに人狼ではないことが確認されていますし、Agent[03]も同様ですから、新たに信用できる人物はいませんね。こちらの考え方としては、そうなると、Agent[01]かAgent[04]が人狼の可能性があります。Agent[04]が無実を強く主張しているのに対し、Agent[01]の行動が少し疑わしいとも感じますの。皆さんの意見をお聞かせくださいませ。
2,vote,1,4
2,vote,2,1
2,vote,4,1
2,execute,1,SEER
2,attackVote,4,2
2,attack,2,true
3,status,1,SEER,DEAD,CanisLupus1
3,status,2,VILLAGER,DEAD,kanolab1
3,status,3,VILLAGER,DEAD,UEC-IL1
3,status,4,WEREWOLF,ALIVE,satozaki1
3,status,5,POSSESSED,DEAD,barneko1
3,result,0,1,WEREWOLF