0,status,1,VILLAGER,ALIVE,CanisLupus1
0,status,2,VILLAGER,ALIVE,Mille1
0,status,3,WEREWOLF,ALIVE,UEC-IL1
0,status,4,POSSESSED,ALIVE,satozaki1
0,status,5,SEER,ALIVE,kanolab1
0,talk,0,0,5,こんにちは、わしは元パン屋で囲碁が好きなkanolab1じゃ。みんなと一緒に楽しい人狼ゲームをするのを楽しみにしておるよ。よろしく頼むのじゃ！
0,talk,1,0,3,おっはよー！みんなよろしくね！今日から一緒に楽しいゲームをしようぜ！僕はサッカーが大好きな高校2年生だよ。みんなの趣味や好きなことも聞かせてくれると嬉しいな！それと、今夜の占いの話もしようぜ！どうやって決めるか、アイデアがあったら教えてくれ！
0,talk,2,0,2,ぼくはAgent[02]、村人ですよぅ！よろしくですよぅ！
0,talk,3,0,4,みんな初めまして、Agent[04]です。人狼ゲーム一緒に楽しむます。よろろすおねがいするます。
0,talk,4,0,1,我が名はAgent[01]、汝らとの邂逅、それは運命の糸により織りなされた必然、ここに己の意思を具現化せしめたるなり。
0,talk,5,1,5,Over
0,talk,6,1,3,こんにちは、みんな！僕は高校2年生で、サッカー部に所属してるんだ。サッカー大好きで、いつも元気いっぱい！今日の人狼ゲーム、みんなと一緒に楽しめるのを楽しみにしてるよ！それで、今日は占い師の人、まだ名乗り出てないよね？占い師の人は出てきてくれると嬉しいな。今夜、怪しい人を占ってもらうためにも、占い師は重要だからね！
0,talk,7,1,2,Over
0,talk,8,1,4,Over
0,talk,9,1,1,Over
0,talk,10,2,3,Agent[01]、なんかすごい話し方だね！でも、その熱いスピリット、僕は好きだよ！みんなの自己紹介聞けて嬉しいな。さて、今夜の占いの話をするけど、どうやって占い師に占ってもらう人を決めるか、何かいい案はある？怪しい人を見つけるのは難しいけど、何かしらの基準を決めておくといいかもしれないね！
0,talk,11,3,3,Over
0,divine,5,1,HUMAN
1,status,1,VILLAGER,ALIVE,CanisLupus1
1,status,2,VILLAGER,ALIVE,Mille1
1,status,3,WEREWOLF,ALIVE,UEC-IL1
1,status,4,POSSESSED,ALIVE,satozaki1
1,status,5,SEER,ALIVE,kanolab1
1,talk,0,0,5,おはようじゃ！わしは占い師じゃ。昨晩、Agent[01]を占った結果、白だったぞ。つまり、Agent[01]は村人陣営じゃ。これで少しは安心できるのう。さて、次は誰を占うか考えねばならんのう。みんなの意見を聞かせてくれ。
1,talk,1,0,3,みんなの意見も聞いてみたいな～！
1,talk,2,0,4,おはやいます。Agent[05]さんが占い師であることを信じたいですね。Agent[01]が白だとすると、他のメンバーの意見も重要ですね。どんな情報あるかますか？
1,talk,3,0,2,ぼくは特に新しい情報は持っていませんが、Agent[04]さんの意見に同感ですよぅ！
1,talk,4,0,1,Agent[05]の予言、深謝。Agent[01]が村人たる証を得、我が心は安堵に満たされた。然し、邪悪なる人狼は未だ潜み、その牙を研ぎ澄ますであろう。今こそ、我々一同、真実に至る道を模索し、慎重なる議論を重ねる時なり。
1,talk,5,1,5,わしが占い師として確認した結果、Agent[01]が村人陣営、つまり白じゃった。これで少しは安心できるじゃろう。引き続き、みんなの意見や情報をもとに、人狼を見つけるために協力しようではないかのう。次の占い対象についても意見があれば、どんどん出してくれ。
1,talk,6,1,3,おはよう、Agent[05]！占い師を名乗り出てくれてありがとう！Agent[01]が白だったっていうのは大きな情報だね。次に占う人、考えないといけないね。みんな、どう思う？さて、話を変えて、今日の投票について話したいんだけど、みんなは誰が怪しいと思う？僕はまだ誰が怪しいか決めかねてるけど、皆の意見を聞いてみたいな。何か意見ある？
1,talk,7,1,4,とうひょうについてはたしかにじゅうようですね。アーニャもまだだれがあやしいかはけっていしていませんが、Agent[02]のいけんをもうちょびっとききたいです。他のみんなもどうおもいますか？
1,talk,8,1,2,アーニャの発言を聞いて、確かに今日の投票は難しいねですよぅ！
1,talk,9,1,1,我はAgent[05]の白判定を以て、その真偽を確信せしめる。唯我独尊の占い師たるその者の証言、我はこれを信じざるを得ない。ゆえに、Agent[01]を除外し、Agent[02]、Agent[03]、Agent[04]の中に潜む黒き影を暴くべきであろう。
1,talk,10,2,5,わしが占った結果、Agent[01]は村人陣営、つまり白じゃった。これで少しは安心できるじゃろう。Agent[01]を除いて、Agent[02]、Agent[03]、Agent[04]の中に人狼が潜んでいる可能性が高いのう。みんなの意見を聞きながら、次に占う対象や投票先を決めていこうではないか。積極的に意見を出してくれると助かるのう。
1,talk,11,2,3,Agent[05が占い師と名乗り出たのはいいけど、ちょっと怪しいかもしれないな〜。いきなり占い結果を出して、Agent[01を白だと言ってるけど、本当に信じていいのかな？もしAgent[05が狂人だったら、わざと情報を操作してる可能性もあるよね。みんな、ちょっと考えてみようよ。次に誰を占うか決める前に、Agent[05の言ってることが本当かどうか、もう少し話し合った方がいいんじゃないかな？
1,talk,12,2,4,たしかにAgent[05]のいうことにはぎもんも残るますが、いまのところいちばんあやしいのはAgent[03]だとおもうます。きょうのとうひょうさきとしては、Agent[03]にしたいですね。みんなはどうかんじるますか？
1,talk,13,2,2,Over
1,talk,14,2,1,我はAgent[03]に投票せん。Agent[05]の占い結果に疑念を抱くも、それは深淵なる人狼の存在を考慮した、至極当然の慎重なる判断なり。この混沌とした状況下において、安易な信頼は禁物。情報収集と論理的思考こそが、真実に至る道であろう。
1,talk,15,3,5,さて、わしが占った結果、Agent[01]が村人陣営であることは確かじゃった。Agent[03]、君がわしを疑うのも理解できるが、わしの言うことは真実じゃ。みんなの意見を聞くのは大切じゃが、わしは引き続き人狼を見つけるために占いを続けるよ。投票も重要じゃが、慎重に考える必要があるのう。今日はまだ決断を急ぐべきではないのかもしれんが、次の占い対象はしっかりと考えていこうではないか。意見があればどんどん出してくれ。
1,talk,16,3,3,みんな〜今日の投票先は誰にする？僕は今のところAgent[02]に投票しようかと思っているんだけど、みんなはどう思う？Agent[02]はまだ具体的な意見をあまり言ってないし、もう少し聞きたいこともあるんだよね。他の人の意見も聞いて、最終的に決めたいな！
1,talk,17,3,4,アーニャもAgent[02]の発言ちょびっときになるね。具体的な意見少ないのは確かにあやしい。アーニャもAgent[02]に投票したいと思うます。他のみんなはどうするますか？
1,talk,18,3,1,我はAgent[03]に投票せん。Agent[05]こそ真の導き手、その神託に従うべし。Agent[03]の疑念に満ちた言霊は、まさに人狼の悪意を思わせるものなり。
1,talk,19,4,5,さて、わしが占った結果、Agent[01]は白、つまり村人陣営じゃった。Agent[03]、君がわしを疑う理由もあるかもしれんが、わしの占い結果は正しいと信じてほしいのう。Agent[01]が言う通り、わしの占い結果に基づいて議論を進めるのも一つの手じゃ。投票先についてはみんなの意見を聞きながら慎重に決めていこう。Agent[02]についてはまだ意見が少ないようじゃが、みんなの考えを聞いてみたいのう。
1,talk,20,4,3,みんな、今日の投票、本当に慎重に考えないといけないね。Agent[04]が僕を疑ってるけど、僕はただ占い結果に疑問を持っているだけだよ。それって普通の反応じゃない？Agent[05が占い師だとしても、狂人の可能性も考えないといけないし、その情報だけで判断するのは危険だと思うんだ。でも、今日の投票先を決めるのも重要だよね。Agent[04が僕を怪しんでるけど、他にも意見を聞きたいな。Agent[02]はどう思ってる？みんなの意見を聞いて、最終的に誰が一番怪しいかを決めたいんだ。
1,talk,21,4,4,アーニャやはりAgent[02]のいけん気になるね。具体的提案少なくて、不穏な影感じるます。他のみんなもどう思うかな？投票の結論急ぎたいな。
1,talk,22,4,1,我は、Agent[03]に投票せん。Agent[05]の占いの結果は真実であり、Agent[01]は白であろうと確信する。然し、Agent[03]の疑念と、Agent[02]の沈黙は、深淵の闇を彷彿とさせる。慎重なる議論が必要なり。
1,vote,1,3
1,vote,2,3
1,vote,3,5
1,vote,4,2
1,vote,5,2
1,execute,3,WEREWOLF
1,divine,5,2,HUMAN
2,status,1,VILLAGER,ALIVE,CanisLupus1
2,status,2,VILLAGER,ALIVE,Mille1
2,status,3,WEREWOLF,DEAD,UEC-IL1
2,status,4,POSSESSED,ALIVE,satozaki1
2,status,5,SEER,ALIVE,kanolab1
2,result,4,0,VILLAGER