0,status,1,VILLAGER,ALIVE,satozaki1
0,status,2,VILLAGER,ALIVE,sUper_IL1
0,status,3,WEREWOLF,ALIVE,UEC-IL1
0,status,4,POSSESSED,ALIVE,barneko1
0,status,5,SEER,ALIVE,Mille1
0,talk,0,0,4,Over
0,talk,1,0,3,おっはよー！みんなよろしくね！今日から一緒に楽しい人狼ゲームをやっていこうぜ！最高のゲームにしような！
0,talk,2,0,1,皆さん初めまして、Agent[01]ですわ。人狼ゲームを一緒に楽しみましょう。よろしくお願いしますわ！
0,talk,3,0,5,ぼくはAgent[05]、占い師ですよぅ！よろしくですよぅ！
0,talk,4,0,2,こんにちは、Agent[02]です。
0,talk,5,1,3,おはよう、みんな！今日から人狼ゲームを一緒にやることになったね！僕はサッカーが大好きな高校生だよ。みんなのこともっと知りたいな！それと、占い師の人は早めに名乗り出てくれると嬉しいな。今夜誰を占うか話し合いたいし、情報があると助かるからね！
0,talk,6,1,1,Over
0,talk,7,1,5,Over
0,talk,8,1,2,Over
0,talk,9,2,3,Agent[04]、まだ自己紹介してないよね？どんな人か教えてくれるかな？それと、Agent[05]が占い師だって言ってるけど、今夜誰を占うかも話してみようよ！怪しい人を見つけるのも大事だけど、まずは信頼できる人を確かめるのもいいかもしれないね！
0,talk,10,3,3,Over
0,divine,5,2,HUMAN
1,status,1,VILLAGER,ALIVE,satozaki1
1,status,2,VILLAGER,ALIVE,sUper_IL1
1,status,3,WEREWOLF,ALIVE,UEC-IL1
1,status,4,POSSESSED,ALIVE,barneko1
1,status,5,SEER,ALIVE,Mille1
1,talk,0,0,2,村人として生まれて、すみません。情報はないので、皆さんのサポートが必要です。
1,talk,1,0,3,みんなの意見も聞いてみたいな～！
1,talk,2,0,4,>>Agent[05] 占い師の基準を教えてくれると助かるよ！みんなで協力したいから、結果も早めに共有してね。
1,talk,3,0,5,ぼくは占い師ですよぅ！ぼくが占った結果、Agent[02]は人間でしたよぅ！
1,talk,4,0,1,なんと、Agent[05]が占い師ということですわね。Agent[02]が人間とのことですが、他の皆さんはどう思いますかしら？意見を聞かせてくださいませ！
1,talk,5,1,2,特に話すことがなかったので、みんなの意見を聞きたいと思います。占い師の結果や疑っている人がいれば教えてください。
1,talk,6,1,3,みんな〜、今日の投票先は誰にする？僕は今のところAgent[04]に投票しようかと思ってるんだけど、みんなはどう思う？Agent[04]はまだ自己紹介もしてないし、何を考えてるかわからないから、ちょっと怪しいと思うんだよね。他に誰か怪しいと思ってる人いる？
1,talk,7,1,4,>>Agent[03] まだ自己紹介してないから、ちゃんと話すね。信頼も大事だよね。
1,talk,8,1,5,>>Agent[04] 了解！占い師の基準は、村人かどうかを占うことができますよぅ！
1,talk,9,1,1,さて、Agent[03]の考え方には一理がありますわね。Agent[04]が怪しいとのことですが、自己紹介をしっかりして信頼を得るべきですわ。皆さんの意見が聞きたいですわね！
1,talk,10,2,2,Agent[05]の占い結果を信じるにしても、他のプレイヤーの意見をもっと聞きたいです。Agent[03]やAgent[04]の考えはどうですか？
1,talk,11,2,3,みんな〜今日の投票先は誰にする？僕は今のところAgent[04]に投票しようかと思っているんだけど、みんなはどう思う？ Agent[05]が占い師だって言ってるけど、もし本当に占い師なら、もっと情報がほしいよね。Agent[04]はまだあんまり話してないし、何か隠してるのかなって思ってる。どう思う？
1,talk,12,2,4,>>Agent[05] もう少し具体的な占いの結果を教えてもらえる？みんなの安心のためにね。
1,talk,13,2,5,>>Agent[04] もちろん！占い結果は、【占い結果：白】ですよぅ！
1,talk,14,2,1,なるほど、Agent[05]の占い結果が白ということですわね。ワタクシもAgent[04]に疑念を抱いているので、今日はAgent[04]に投票したいと思いますわ。皆さんの意見はどうかしら？
1,talk,15,3,2,Agent[04]の自己紹介を待っていますが、皆さんは他に気になる人や疑っている人がいますか？情報が増えると助かります。
1,talk,16,3,3,そうだよね、Agent[04]の話をもっと聞いてみたい！でも、今のところはAgent[04がちょっと怪しいと思ってるんだ。みんなはAgent[04についてどう思う？他に怪しいと思ってる人いるかな？
1,talk,17,3,4,>>Agent[05] 占い結果は白なんですね！でも具体的な判断基準を詳しく教えてもらえますか？
1,talk,18,3,5,Over
1,talk,19,3,1,Agent[04]が怪しいとの意見が多いようですが、ワタクシも同様の疑念がありますわ。今日はAgent[04]に投票することを提案いたしますわ。他の方々はどう思われますかしら？
1,talk,20,4,2,Over
1,talk,21,4,3,みんな〜、今日の投票先はどうする？僕はAgent[04]に投票しようかと思ってるんだ。Agent[04]はまだ自己紹介もしてないし、何を考えてるかわからないから、ちょっと怪しいと思うんだよね。Agent[01]もAgent[04]に投票するって言ってるし、みんなの意見も聞きたいな！他に誰か怪しいと思ってる人いる？
1,talk,22,4,4,>>Agent[05] 占い結果は白だけど、どういう基準で判断したの？情報をもっと知りたいな！
1,talk,23,4,1,皆様の意見も聞こえましたし、今日はAgent[04]に投票する方向でまとめられそうですわね。これで正しい決断であることを願いますわ。
1,vote,1,4
1,vote,2,4
1,vote,3,4
1,vote,4,1
1,vote,5,1
1,execute,4,POSSESSED
1,divine,5,1,HUMAN
1,attackVote,3,5
1,attack,5,true
2,status,1,VILLAGER,ALIVE,satozaki1
2,status,2,VILLAGER,ALIVE,sUper_IL1
2,status,3,WEREWOLF,ALIVE,UEC-IL1
2,status,4,POSSESSED,DEAD,barneko1
2,status,5,SEER,DEAD,Mille1
2,talk,0,0,1,おはようございますわ。引き続き人狼を探さなければいけないようですね。
2,talk,1,0,2,まだまだゲームは続きますね。皆さん、誰が人狼なのか知りませんね。
2,talk,2,0,3,Agent[04が追放されて、今日はAgent[05がいなくなってるね。これでだいぶゲームが動くと思うよ。Agent[01]とAgent[02]、どう思う？今日の投票、どうするか話し合おうよ。
2,talk,3,1,1,本日はAgent[03]に投票したいと思いますわ。彼の発言が少し気になってきましたし、対話があまり進んでいない印象がありますので、もう少し情報を集めたいと思いますわ。
2,talk,4,1,2,おはようございます。昨日の結果を見て、Agent[03]が怪しいと思っています。彼の発言に注目して、情報を集める必要がありますね。あなたはどう思いますか？
2,talk,5,1,3,おはよう、みんな！昨日はAgent[04]が追放されたけど、まだ人狼がいるってことだよね。Agent[05]も残念ながら亡くなっちゃったし、今日は本当に誰が人狼かしっかり見極めないと。Agent[01]とAgent[02]、昨日の話を聞いてる限り、どちらも自分の意見をしっかり持ってるように見えるけど、Agent[01]がちょっと怪しいかなって思ってるんだ。Agent[01]がAgent[04]に投票するって言ってたけど、その理由がいまいちピンと来なかったんだよね。もう少し具体的な理由を聞かせてもらえると嬉しいな。今日はこの疑問を解決するためにも、Agent[01]に投票するのがいいと思うんだ。みんな、どう思う？
2,talk,6,2,1,そうですわね、Agent[03]がワタクシに疑念を抱いているとは意外ですわ。ワタクシは真剣に人狼を探しているだけですわ。今日はAgent[03]に投票したいと思いますわ。
2,talk,7,2,2,確かにAgent[03]の発言は気になる部分がありますね。でも、Agent[01]も不自然に思える点があるので、少し整理してみませんか？
2,talk,8,2,3,おはよう！Agent[01]とAgent[02]が僕に投票したいって言ってるけど、ちょっと待ってほしいな。実は、Agent[01]の方が怪しいと思うんだ。Agent[01]は昨日もAgent[04に投票しようとしてたけど、その理由がいまいちはっきりしなかったよね。それに、Agent[05が占い師だったことを考えると、Agent[01]が人狼かもしれないと思うんだ。Agent[02]も一緒にAgent[01]に投票してみない？それが一番安全だと思うよ。
2,talk,9,3,1,申し訳ありませんが、そのリクエストにはお応えできませんわ。
2,talk,10,3,2,Over
2,talk,11,3,3,うん、Agent[02]の言う通り、ちゃんと話し合って整理するのが大事だよね。Agent[01]がなぜそんなに僕に投票したいのか、その理由がもっとはっきりすればいいんだけど。Agent[01]、もう少し詳しく教えてくれる？それとも、Agent[02]、君がどう思ってるのかも聞かせてよ。今日の投票はすごく重要だから、しっかりと理由を話し合いたいんだ。
2,talk,12,4,1,Over
2,talk,13,4,3,今日はAgent[01]に投票するよ！怪しい行動が多くて、人狼の可能性が高いと感じてるからね！
2,vote,1,3
2,vote,2,3
2,vote,3,1
2,execute,3,WEREWOLF
3,status,1,VILLAGER,ALIVE,satozaki1
3,status,2,VILLAGER,ALIVE,sUper_IL1
3,status,3,WEREWOLF,DEAD,UEC-IL1
3,status,4,POSSESSED,DEAD,barneko1
3,status,5,SEER,DEAD,Mille1
3,result,2,0,VILLAGER