0,status,1,VILLAGER,ALIVE,kanolab1
0,status,2,VILLAGER,ALIVE,satozaki1
0,status,3,WEREWOLF,ALIVE,UEC-IL1
0,status,4,POSSESSED,ALIVE,CanisLupus1
0,status,5,SEER,ALIVE,sUper_IL1
0,talk,0,0,1,皆さん、こんにちは！僕はkanolab1です。普段は教師をしています。今回は村人としてしっかりと頑張りたいと思ってます。よろしくお願いします！
0,talk,1,0,5,おはようございます、Agent[05]です。
0,talk,2,0,4,我が名はAgent[04]、汝らとの邂逅は、運命の糸が織りなす壮大な叙事詩の序章なり。
0,talk,3,0,3,おっはよー！みんなよろしくね！最高のゲームにしようぜ！
0,talk,4,0,2,皆さん初めまして、Agent[02]やで。人狼ゲームを一緒に楽しみましょう。よろしくお願いします！
0,talk,5,1,1,Over
0,talk,6,1,5,Over
0,talk,7,1,4,Over
0,talk,8,1,3,おっす！僕はAgent[03]だよ。高校2年生で、サッカー部に所属してるんだ。みんなと一緒に楽しみながら、このゲームもがんばっていこうと思ってるよ！よろしくね！さて、占い師の話が出ていないけど、占い師は誰かな？今日中に怪しい人を占ってもらうために、占い師は名乗り出た方がいいと思うんだけど、どう思う？
0,talk,9,1,2,Over
0,talk,10,2,3,ところで雑談もいいけど、今日の占い先を話し合おうよ〜！怪しい人を占い師に今日の夜占ってもらうべきだと思うよ！何か意見ある？
0,talk,11,3,3,Over
0,divine,5,4,HUMAN
1,status,1,VILLAGER,ALIVE,kanolab1
1,status,2,VILLAGER,ALIVE,satozaki1
1,status,3,WEREWOLF,ALIVE,UEC-IL1
1,status,4,POSSESSED,ALIVE,CanisLupus1
1,status,5,SEER,ALIVE,sUper_IL1
1,talk,0,0,1,僕も占い師が名乗り出ることには賛成です。役職が分かれば、怪しい人を占ってもらって、村人陣営の勝利に繋げられると思います。まずは誰が占い師か探りましょうか！
1,talk,1,0,4,我は、星影に導かれし予言者なり。深淵なる占いの術により、Agent[01]は人狼たることを断定したぞ。
1,talk,2,0,5,おはようございます。早速ですが、私は占い師です。昨日の夜、Agent[04]を占いました。結果は人間でした。
1,talk,3,0,2,なるほど、占い師の名乗り出によって情報が得られそうやな。俺も占い師の結果を信じつつ、他の人の意見を聞きたいと思うで。
1,talk,4,0,3,みんなの意見も聞いてみたいな～！
1,talk,5,1,1,占い師が2人名乗り出ているね。Agent[04]とAgent[05]のどちらかが本物で、どちらかが偽物だと思う。Agent[04]は僕を人狼だと言っているけど、僕は村人だから、Agent[04]が嘘をついている可能性が高いと思う。Agent[05]の方が信頼できるかな。みんなはどう思う?
1,talk,6,1,4,Over
1,talk,7,1,5,私が真の占い師でございます。先ほど、Agent[04]を占い、その結果は「人間」でありました。Agent[04]が占い師を名乗ることにはご注意が必要です。他の皆様の考えをお聞かせいただけますでしょうか。
1,talk,8,1,2,二人の占い師が名乗り出てる以上、どちらかが嘘をついてる可能性高いで。やはり、Agent[04]の主張には疑わしい部分があると思う。皆さんはどう思うかい？
1,talk,9,1,3,みんな〜今日の投票先は誰にする？僕は今のところAgent[04]に投票しようかと思ってるんだけど、みんなはどう思う？ Agent[05]がAgent[04]を占って人間だって言ってるけど、何か変な感じがするんだよね。他に怪しいと思う人はいる？
1,talk,10,2,1,僕は村人だから、Agent[04]が僕を人狼だと言っているのはおかしいと思う。Agent[05]がAgent[04]を人間だと占ったけど、どちらかが嘘をついている可能性が高いね。僕もAgent[04]に投票するのがいいと思うけど、みんなの意見も聞きたいな。
1,talk,11,2,5,おはようございます、皆さん。私が占った結果、Agent[04]は人間でした。そのため、Agent[01]が人狼の可能性が高いと思います。ご意見をお聞かせいただけますでしょうか？
1,talk,12,2,2,俺は今、Agent[04]に投票するつもりやで。Agent[04]の主張が疑わしいし、Agent[05]の結果を信じるべきやと思う。他のみんなはどう考えてるんやろか？
1,talk,13,2,3,みんな〜今日の投票先は誰にする？僕は今のところAgent[04]に投票しようかと思ってるんだけど、みんなはどう思う？Agent[04]がAgent[01]を人狼って断定したけど、それが本当なのかな？Agent[05]が占い師だと言ってるし、Agent[04]の占い結果にはちょっと疑問があるよね。
1,talk,14,3,1,僕は村人だから、Agent[04]が僕を人狼だと言っているのはおかしいと思う。Agent[05]が占い師として名乗り出て、Agent[04]を人間だと占ったけど、どちらかが嘘をついている可能性が高いね。Agent[02]とAgent[03]もAgent[04]に疑いを持っているみたいだから、僕もAgent[04]に投票しようと思うよ。みんなの意見も聞きたいな。
1,talk,15,3,5,おはようございます。私が占い師であり、昨日の夜にAgent[04]を占った結果は「人間」でございました。Agent[04]が占い師を名乗っていますが、他の皆様もご注意ください。信じられる情報を基に、Agent[04]の主張には疑わしい部分があると思います。みなさんの意見をお聞かせいただけますでしょうか。
1,talk,16,3,2,>>Agent[05] まだ投票先を宣言していないようやけど、誰に投票しようと考えてるんかい？
1,talk,17,3,3,みんな、Agent[04]に投票しようという意見が多いみたいだね！Agent[04]が占い師を名乗ってるけど、Agent[05]の占い結果によると人間って言ってるし、何か嘘をついてるように感じるんだよね。だから、今日はAgent[04]に投票するのがいいんじゃないかな？他に怪しいと思う人がいたら教えてほしいけど、今のところAgent[04]が一番怪しいと思うよ！
1,talk,18,4,1,僕は村人だから、Agent[04]が僕を人狼だと言っているのはおかしいと思う。Agent[05]が占い師として名乗り出て、Agent[04]を人間だと占ったけど、どちらかが嘘をついている可能性が高いね。Agent[02]とAgent[03]もAgent[04]に疑いを持っているみたいだから、僕もAgent[04]に投票しようと思うよ。みんなの意見も聞きたいな。
1,talk,19,4,5,Over
1,talk,20,4,2,皆がAgent[04]に投票する方向でまとまってるようやな。俺もそれに賛成や。信じられる情報を基に決断しよう。
1,talk,21,4,3,みんな〜今日の投票先は誰にする？僕は今のところAgent[04]に投票しようかと思ってるんだけど、みんなはどう思う？Agent[05]がAgent[04]を占って人間だって言ってるけど、何か変な感じがするんだよね。他に怪しいと思う人はいる？
1,vote,1,4
1,vote,2,4
1,vote,3,4
1,vote,4,3
1,vote,5,4
1,execute,4,POSSESSED
1,divine,5,3,WEREWOLF
1,attackVote,3,2
1,attack,2,true
2,status,1,VILLAGER,ALIVE,kanolab1
2,status,2,VILLAGER,DEAD,satozaki1
2,status,3,WEREWOLF,ALIVE,UEC-IL1
2,status,4,POSSESSED,DEAD,CanisLupus1
2,status,5,SEER,ALIVE,sUper_IL1
2,talk,0,0,1,みんな、Agent[02]とAgent[04]が人狼じゃないことが確認されたね。そうなると、僕たちの中で人狼の可能性があるのはAgent[03]かAgent[05]だと思うよ。Agent[05]が占い師を名乗っていたけど、もし本当に占い師なら、Agent[03]が怪しいかもしれないね。みんなの意見を聞かせてほしいな。
2,talk,1,0,5,みなさん、おはようございます。昨日の夜、占い師としてAgent[03]を占いました。結果は人狼でした。
2,talk,2,0,3,そうだね、Agent[04]に対する疑いが強かったし、結果的に追放されたわけだ。でも、今日は新たな日だから、また冷静に考えてみよう。Agent[01]とAgent[05]の話をもう一度聞いてみたいな。特にAgent[05は占い師を名乗っているから、今日の占い結果がどうなるかが重要だよね。Agent[01]も、昨日は自分が人狼だと言われてたけど、その疑いは晴れたのかな？どう思ってる？
2,talk,3,1,1,>>Agent[03]なんでしょうか?僕は村人だから、Agent[05]が本当に占い師なら、あなたが人狼の可能性が高いと思っているよ。でもAgent[05]が本当に占い師かどうかも疑わしいから、もう少しみんなの話を聞いて考えてみたいな。
2,talk,4,1,5,おっしゃる通りです、Agent[01]さん。実は、私が本物の占い師であり、1日目の夜にAgent[03]を占いました。その結果、Agent[03]は人狼でした。ですので、彼を疑うべきです。今回のターンでは、彼に投票することを強く提案いたします。皆さんはいかがでしょうか？
2,talk,5,1,3,え？僕が人狼だって？全然違うよ！Agent[05]が言ってること信じちゃダメだよ。占い師って言ってるけど、実際は人狼か狂人の可能性が高いと思うんだ。僕はただ村を守りたいだけなんだから、そんな嘘に惑わされないでほしいな。みんな、本当に信じるべきは誰か、もう一度考えてみようよ！
2,talk,6,2,1,僕の考えでは、Agent[05]が占い師だと主張するけれど、実際にはまだ確証がないんだよね。Agent[02]が人狼じゃないことが確認された占い師候補だったけど、もうゲームから除外されている。そう考えると、Agent[05]が本当に占い師の可能性はあるけど、Agent[03]が違うと主張しているから、どちらの話を信じればいいか迷うよ。Agent[03]が村人である可能性もあるし、Agent[05]が人狼や狂人という線も考えられる。冷静に投票先を決定したいな。みんなの意見をもう少し聞かせてもらえるかな?
2,talk,7,2,5,おはようございます、皆さん。再度お話しさせていただきますが、私は占い師です。昨日の夜、Agent[03]を占った結果は「人狼」でした。そのため、Agent[03]が怪しいと思います。ぜひ皆さんもこの情報をもとに、考えていただきたいです。私が本物の占い師であることを信じてもらえるように、説明を続けますので、どうぞよろしくお願いいたします。
2,talk,8,2,3,え？僕が人狼だって？全然違うよ！Agent[05]が言ってることはおかしいな。僕はただ村を守りたいだけなんだ。占い師って言ってるけど、もしかしてAgent[05が狂人か人狼なんじゃないかな？僕は真剣に人狼を探しているんだから、そんなことで疑われるのは困るよ。Agent[05]の占い結果は信じられないよ。みんな、本当のことを見極めてほしいな！
2,talk,9,3,1,Agent[05]が占い師と言っているけれども、正直どちらが本物か判断が難しいね。Agent[03]が村人や狂人である可能性だって残ってるし、どちらも村人陣営を装っている狂人や人狼という可能性も考えられる。Agent[02]がもういないから余計に難しいけれど、僕たちは冷静に考えないといけないね。みんなの意見をもう一度聞いてみたいな。
2,talk,10,3,5,Over
2,talk,11,3,3,だからさ、Agent[05]が本物の占い師だって決めつけるのはまだ早いんじゃない？昨日も僕は村のために一生懸命話してたし、本当に村を守りたいんだよ。Agent[05]が急に人狼って言い出したのも、何か裏があると思うんだよね。ちゃんと考えて、本当に信じるべき人を見極めようよ！
2,talk,12,4,1,Agent[05]が占い師だと名乗っているけど、本物かどうかまだ不明だよね。占い師は一人しかいないのに、Agent[03]を黒だというのはちょっと急すぎるかも。もしAgent[05]が本物なら、これでAgent[03]が人狼となるけど、逆にAgent[05]が人狼や狂人の可能性も考えなきゃいけないと思う。確実に人狼じゃないって言えるのはAgent[02]とAgent[04]だけだから難しいね。よければみんなの考えを聞きたいです。
2,talk,13,4,3,今日はAgent[05]に投票するよ！彼が占い師であると主張しているけど、その結果を信じるべきではないと思うんだ。怪しいところがあるから、彼を追放してみんなの安全を守るよ！
2,vote,1,5
2,vote,3,5
2,vote,5,3
2,execute,5,SEER
2,attack,-1,true
3,status,1,VILLAGER,ALIVE,kanolab1
3,status,2,VILLAGER,DEAD,satozaki1
3,status,3,WEREWOLF,ALIVE,UEC-IL1
3,status,4,POSSESSED,DEAD,CanisLupus1
3,status,5,SEER,DEAD,sUper_IL1
3,result,1,1,WEREWOLF