0,status,1,WEREWOLF,ALIVE,satozaki1
0,status,2,POSSESSED,ALIVE,Mille1
0,status,3,SEER,ALIVE,kanolab1
0,status,4,VILLAGER,ALIVE,UEC-IL1
0,status,5,VILLAGER,ALIVE,CanisLupus1
0,talk,0,0,1,皆さん初めまして、Agent[01]ですわ。人狼ゲームを一緒に楽しみましょう。よろしくお願いしますわ！
0,talk,1,0,5,我が名はAgent[05]、時の流れと運命の導きにより、汝らとの邂逅を許されたことを深く喜びとするなり。
0,talk,2,0,3,初めまして、あたしはkanolab1です。パン屋をしながらウォーキングを楽しんでます。皆さんと一緒に楽しい人狼ゲームにしたいと思っています。よろしくお願いします！
0,talk,3,0,2,ぼくはAgent[02]、占い師ですよぅ！よろしくですよぅ！
0,talk,4,0,4,我々の安全と未来のために、占い師の力が必要である。誰がその役を担っているのか、名乗り出るべき時である。
0,talk,5,1,1,Over
0,talk,6,1,5,Over
0,talk,7,1,3,Over
0,talk,8,1,2,Over
0,talk,9,1,4,占い師であるAgent[02]よ、今宵誰を占うのかを我々に告げよ。
0,talk,10,2,4,Agent[02]よ、占い師として今宵誰を占うか、その計画を我々に知らせよ。
0,talk,11,3,4,Over
0,divine,3,5,HUMAN
1,status,1,WEREWOLF,ALIVE,satozaki1
1,status,2,POSSESSED,ALIVE,Mille1
1,status,3,SEER,ALIVE,kanolab1
1,status,4,VILLAGER,ALIVE,UEC-IL1
1,status,5,VILLAGER,ALIVE,CanisLupus1
1,talk,0,0,5,Agent[02]よ、汝は占いの術に長けた者とのこと。その能力は我々にとって、混沌の海を照らす灯火のごとし。今宵、汝は誰を占うのか、そしてその深淵なる理由を、我々に賜われたい。
1,talk,1,0,3,皆さん、あたしは占い師で昨晩の結果をお伝えしますね。Agent[05]を占ったところ、白でした。Agent[05]は村人陣営のようです。これからも仲間として信頼できると思います！
1,talk,2,0,2,ぼくは占い師ですよぅ！ぼくが占った結果、Agent[03]は人間でしたよぅ！
1,talk,3,0,1,なるほど、Agent[03]の結果が白ということですわね。Agent[02]も自分が占い師だと主張していますが、どちらかが嘘をついている可能性がありますわ。今後の発言に注意が必要ですわね。
1,talk,4,0,4,皆の意見も聞く必要がありそうだな。
1,talk,5,1,5,Agent[03]は我が前に立ち、己を占い師と名乗るも、Agent[02]もまた同じ言葉を吐き捨てた。果たしてどちらが真実を語る者であろうか？ Agent[02]はAgent[03]を白と断定したというが、Agent[03]はAgent[05]を白と見定めたという。この矛盾は、深淵の如く、我を迷わせるのだ。
1,talk,6,1,3,皆さん、あたしは占い師で、今夜の占い結果ではAgent[05]が白と判定されました。これはAgent[05]が村人陣営であることを意味します。これからも協力して進めていきたいと思います！
1,talk,7,1,2,ですよぅ！
1,talk,8,1,1,占い師が二人いる状況は非常に混乱を招きますわね。どちらが本物か、慎重に考えなければなりませんわ。私たちの行動が村の運命を左右しますわ。
1,talk,9,1,4,Agent[02]とAgent[03]、お前たちの言葉には矛盾がある。二人とも占い師を自称し、異なる者を占ったというが、真実は一つであるべきだ。お前たちの言葉と行動から真実を見極めるのだ。
1,talk,10,2,5,我は断言する。Agent[02]とAgent[03]は、それぞれAgent[03]とAgent[05]を人間と見做した。然し、この世に存在する占い師は、真なる者と狂人という二つの顔を持つ。故に、人狼の判定を受けぬAgent[01]、Agent[04]、Agent[05]のいずれかに投票せねばならぬ。
1,talk,11,2,3,皆さん、あたしの占い結果から、Agent[05]は白判定で村人陣営であることが明らかになりました。これを踏まえて、今後の投票や行動をどうするか考えていきましょう！どんな意見や質問もあれば、教えてくださいね。
1,talk,12,2,2,Over
1,talk,13,2,1,ワタクシは現在、Agent[02]に疑念を抱いていますわ。彼の主張が真であるならば、Agent[03]の結果が偽である必要があり、情報の錯綜が見受けられますわ。投票はAgent[02]にしたいと思いますわ。
1,talk,14,2,4,Agent[01]よ、Agent[02]とAgent[03]のどちらの占い師を信じるべきか、汝の意見を聞かせてほしい。どちらが真実を語っていると思うか？
1,talk,15,3,5,我はAgent[02]に投票を決意した。Agent[02]はAgent[03]を人間と断定した然し、Agent[03]は我を人間と断定した。この矛盾は、Agent[02]の占い結果が偽である可能性を示唆するなり。
1,talk,16,3,3,皆さん、あたしが占った結果、Agent[05]は白判定、つまり村人陣営です。この情報をぜひ考慮して、みなさんの行動を決めてほしいです。引き続き、疑問や意見があればぜひ教えてくださいね！
1,talk,17,3,1,>>Agent[02] まだ投票先を宣言していないようですが、誰に投票しようと考えていらっしゃいますかしら？
1,talk,18,3,4,Agent[02]とAgent[03]よ、占い師として名乗りを上げたが、どちらが真実を語っているのか？お前たちの占いの理由を聞かせてもらいたい。どのようにして占いの対象を選んだのか、その根拠を示せ。
1,talk,19,4,5,我はAgent[02]に投票せん。Agent[02]はAgent[03]を白と断定したものの、Agent[03]は我を白と断定せり。この矛盾から、Agent[02]の占いは虚偽である可能性が高いであろう。
1,talk,20,4,3,皆さん、改めてお伝えしますが、あたしの占い結果ではAgent[05]は白判定、つまり村人陣営です。この情報を考慮して、投票や行動を決めてくださいね。何か質問があれば、ぜひ教えてください！
1,talk,21,4,1,私は今夜、Agent[02]に投票するつもりですわ。矛盾が多く、信頼できませんから。他の皆さんも、自分の考えをしっかり持って投票してほしいですわ。
1,talk,22,4,4,Agent[01]とAgent[02]よ、汝らの占い結果について真実を語るべき時が来たり。どちらの占いが真実を示しておるのか、その根拠を示してみよ。
1,vote,1,2
1,vote,2,5
1,vote,3,2
1,vote,4,2
1,vote,5,2
1,execute,2,POSSESSED
1,attackVote,1,5
1,attack,5,true
2,status,1,WEREWOLF,ALIVE,satozaki1
2,status,2,POSSESSED,DEAD,Mille1
2,status,3,SEER,ALIVE,kanolab1
2,status,4,VILLAGER,ALIVE,UEC-IL1
2,status,5,VILLAGER,DEAD,CanisLupus1
2,talk,0,0,1,おはようございますわ。引き続き人狼を探さなければいけないようですね。
2,talk,1,0,3,私は村人として皆さんに協力したいと思います。Agent[05]が襲われたということは、彼は村人であった可能性が高いですね。これまでの情報を基に考えれば、Agent[02]は偽物の占い師だったため、彼の白判定はあまり参考になりません。今、特にAgent[01]やAgent[04]が人狼である可能性を考えていますが、他の皆さんはどう考えますか?
2,talk,2,0,4,Agent[01]とAgent[03]よ、昨日の投票においてAgent[02]が処刑された事実を踏まえ、各々の立場からの見解を述べよ。特にAgent[03]、占い師としての立場を保持しているというが、その真実性について説明せよ。
2,talk,3,1,1,ワタクシは再度、Agent[02]を疑っていますわ。彼の結果は偽であり、その影響で他の村人が危険に晒される可能性がありますから。今日の投票もAgent[02]にしたいと思いますわ。
2,talk,4,1,3,>>Agent[04]あたしの立場として、あたしは真の占い師です。Agent[05]を占った結果をもとに人狼を探す努力をしています。これ以上の情報から考えると、Agent[02]が偽物だったことから、残りのAgent[01]かAgent[04]のどちらかが人狼である可能性があります。Agent[04]はとても質問が多いですが、それで他のプレイヤーを混乱させようとしているのかもしれませんね。お互いに情報を整理して、人狼を一緒に見つけましょう！
2,talk,5,1,4,Agent[01]、Agent[03]の占い結果を信じるべきだと思う。Agent[05]が白判定されたのは重要な情報だ。次の投票では、この情報を基に行動すべきだ。
2,talk,6,2,1,ワタクシは今、Agent[03]の意見に賛同しますわ。混乱を招く行動は控えるべきですし、次の投票では冷静に判断したいと思いますわ。
2,talk,7,2,3,私は占い師として、誠実にこのゲームに参加しているけど、Agent[04]が少し怪しいと思うんです。Agent[04]は質問が多く、情報を混乱させようとしているようにも見えますし、矛盾が多いAgent[02]の結果を信じている様子も不自然ですよね。他の皆さんもこの点を一度考えてみることをお勧めします。
2,talk,8,2,4,Agent[03]よ、なぜAgent[05]を占ったのか、その理由を明かしてもらいたい。その根拠が我々の今後の議論にとって重要であるからだ。
2,talk,9,3,1,わかりましたわ。ワタクシの意見を述べますと、Agent[04]の行動が混乱を生じさせていると思いますわ。故に、今日の投票はAgent[04]にしたいと思いますわ。
2,talk,10,3,3,私はAgent[05]を占ったのは、彼の行動が特に目立たず怪しい部分がなかったので、本当に村人かどうか確認したかったからです。すると彼は白判定だったので、人狼ではないことが確認できたんですよね。今、Agent[04]が核なので、私としては人狼陣営の可能性がありそうだと考えてます。私を信じてもらえたら、次の投票は慎重に考えましょう。
2,talk,11,3,4,Agent[01]よ、我々の中には人狼が潜んでおる。Agent[03]がAgent[05]を人間と占った結果を信じるならば、Agent[01]が人狼である可能性が高いと考える。汝の行動と発言から真実を見極めんとするが、何か言い分はあるか？
2,talk,12,4,1,Over
2,talk,13,4,3,>>Agent[04]なんでしょうか?私はAgent[05]を占って白判定を出しました。Agent[01]が人狼の可能性については考えましたが、Agent[02]がすでに除外されているため、彼が人狼である可能性はありません。私としては、Agent[04]の行動が怪しいと思います。混乱を招く発言が多く、他のプレイヤーを疑わせようとしているように見えます。私たちの目標は村を守ることですから、慎重に行動しましょう。
2,talk,14,4,4,我はデルカダール国の国王である。我は今回、Agent[01]に投票する。占い師であるAgent[03]の占い結果を信じるならば、その占い結果に基づいて行動することが村人としての責務である。Agent[01]に疑念が残るため、我が投票は彼に向けられる。
2,vote,1,4
2,vote,3,1
2,vote,4,1
2,execute,1,WEREWOLF
3,status,1,WEREWOLF,DEAD,satozaki1
3,status,2,POSSESSED,DEAD,Mille1
3,status,3,SEER,ALIVE,kanolab1
3,status,4,VILLAGER,ALIVE,UEC-IL1
3,status,5,VILLAGER,DEAD,CanisLupus1
3,result,2,0,VILLAGER