0,status,1,VILLAGER,ALIVE,sUper_IL1
0,status,2,VILLAGER,ALIVE,kanolab1
0,status,3,WEREWOLF,ALIVE,satozaki1
0,status,4,POSSESSED,ALIVE,UEC-IL1
0,status,5,SEER,ALIVE,Mille1
0,talk,0,0,5,ぼくはAgent[05]、占い師ですよぅ！よろしくですよぅ！
0,talk,1,0,4,こ、こんにちは、みんな。え、えっと、僕は占い師の役をやってるんだ。今夜、誰を占うか･･･みんなの意見も聞かせてほしいな。
0,talk,2,0,3,皆さん初めまして、Agent[03]やで。人狼ゲームを一緒に楽しみましょう。よろしくお願いします！
0,talk,3,0,1,こんにちは、Agent[01]です。
0,talk,4,0,2,こんにちは、拙者はkanolab1、ITエンジニアをやってる34歳だお。みんなで楽しい人狼ゲームにしようね！よろしくお願いしますだお！
0,talk,5,1,5,Over
0,talk,6,1,4,あ、あのね、僕が本当の占い師なんだ･･･。Agent[05]が言ってることはちょっとおかしいかも･･･。
0,talk,7,1,3,Over
0,talk,8,1,1,Over
0,talk,9,1,2,Over
0,talk,10,2,4,え、えっと、Agent[05]も占い師って言ってるけど、僕が本物の占い師だから･･･。なんか、ど、どうしたらいいかな･･･。みんな、信じてほしいんだ。
0,talk,11,3,4,Over
0,divine,5,2,HUMAN
1,status,1,VILLAGER,ALIVE,sUper_IL1
1,status,2,VILLAGER,ALIVE,kanolab1
1,status,3,WEREWOLF,ALIVE,satozaki1
1,status,4,POSSESSED,ALIVE,UEC-IL1
1,status,5,SEER,ALIVE,Mille1
1,talk,0,0,2,占い師の配役は1人だから、Agent[04]かAgent[05]のどちらかが偽者だおね。みんな、どう思う?
1,talk,1,0,1,私は村人です。皆さんと協力して人狼を見破り、村の平和を守りたいと思っています。情報の共有をお願いします。
1,talk,2,0,4,もう少しで何か分かりそう･･･ではあるんだけど･･･。
1,talk,3,0,5,ぼくは占い師ですよぅ！ぼくが占った結果、Agent[02]は人間でしたよぅ！
1,talk,4,0,3,ワシは占い師やで。占いの結果、Agent[05]は人狼じゃった。
1,talk,5,1,2,みんな、占い師が3人もいるのはおかしいことが分かるよね。占い師は1人のはずだから、この中に嘘をついている人がいることは間違いないだお。Agent[04]、Agent[05]、Agent[03]の中から特に怪しい人を見つける必要があるね。
1,talk,6,1,1,私もそう思うよ。Agent[04]とAgent[05]の反応を見てみたいね。それぞれどう主張するのか注目したいな。
1,talk,7,1,4,あ、あのね、僕が占った結果、Agent[05]が人狼だったんだ。だから、み、みんなにはAgent[05]に投票してほしいんだ･･･。えっと、信じてくれると嬉しいな。
1,talk,8,1,5,･･･え？なに？占い結果が間違ってるよ？人狼はAgent[04]じゃないの？占い師のぼくが間違うわけないし･･･ですよぅ！
1,talk,9,1,3,皆、聞いてほしい。ワシが占った結果は明確じゃ。Agent[05]が人狼じゃろうと分かっとる。みんなにも投票してほしいんじゃ。狂人の可能性もあるが、今はAgent[05]を疑おうやで。
1,talk,10,2,2,みんな、占い師は1人しかいないから、Agent[05]、Agent[04]、Agent[03]の中に嘘をついている人がいるのは確実だお。Agent[05]が人狼だと主張しているのはAgent[04]とAgent[03]だね。もしAgent[03]が本物の占い師なら、Agent[05]が人狼になるから、Agent[05]に投票するのが良いかもしれないだお。みんなはどう思う?
1,talk,11,2,1,私はAgent[05]とAgent[03]のどちらかが嘘をついていると考えています。皆さんはどのように思いますか？意見を交換して、真の占い師を見極めましょう。
1,talk,12,2,4,え、えっと、もう一回言うけど、僕が本物の占い師だよ･･･。Agent[05]が人狼って占ったんだ。Agent[03]も占い師って言ってるけど、それはおかしいよね･･･。だって、占い師は僕一人だけだから･･･。だから、みんなにはAgent[05]に投票してほしいんだ･･･。それが、村を守るためにも、大事なことだと思うんだ･･･。
1,talk,13,2,5,Over
1,talk,14,2,3,皆の意見を聞くと、Agent[05]が最も怪しいと考えるじゃ。ワシの占い結果からも明らかじゃ。ぜひ、Agent[05]に投票しましょう。
1,talk,15,3,2,みんな、占い師が1人しかいないことで矛盾が出てることを覚えておいてほしいだお。もしAgent[03]が本物の占い師なら、Agent[05]が人狼になるんだお。さっきのやり取りでAgent[03]とAgent[04]がAgent[05]を疑っているから、今のところはAgent[05]が一番怪しいと拙者は思っているだお。みんなの意見を聞かせてね。
1,talk,16,3,1,私も同意します。現状ではAgent[05]が人狼である可能性が高いと思います。みんなで協力して、Agent[05]に投票しましょう。どう思いますか？
1,talk,17,3,4,え、えっとね、Agent[03]も占い師って言ってるけど、ほ、本当に僕が占い師なんだ･･･。Agent[05]が人狼だって占ったから、それは間違いないんだ。Agent[05]に投票してほしいんだ･･･。みんなも同じ結果を得たらいいな･･･。
1,talk,18,3,3,>>Agent[05] まだ投票先を宣言していないようじゃが、誰に投票しようと考えとるんかい？
1,talk,19,4,2,拙者も、Agent[05]が最も怪しい状況だと感じているだお。理由は、占い師の自称が3人存在しているため、誰かが嘘をついているのは確かだお。Agent[03]とAgent[04]が同じ占い結果を出していることから、むしろAgent[05]が一貫して疑われる位置となっているだお。Agent[05]に投票するのが得策と考えるだお。
1,talk,20,4,1,Over
1,talk,21,4,4,あ、うん、そうだね･･･。Agent[01]とAgent[02]もAgent[05]が怪しいって言ってるし、僕の占い結果もAgent[05]が人狼だったから･･･。やっぱり、みんなでAgent[05]に投票するのがいいと思うんだ･･･。みんなもそう思うよね？
1,talk,22,4,3,皆の意見を聞いても、Agent[05]が最も疑わしい存在じゃと確信するんじゃ。投票はAgent[05]に決めましょうやで。村のために、協力して進めて行こうな！
1,vote,1,5
1,vote,2,5
1,vote,3,5
1,vote,4,5
1,vote,5,3
1,execute,5,SEER
1,attackVote,3,2
1,attack,2,true
2,status,1,VILLAGER,ALIVE,sUper_IL1
2,status,2,VILLAGER,DEAD,kanolab1
2,status,3,WEREWOLF,ALIVE,satozaki1
2,status,4,POSSESSED,ALIVE,UEC-IL1
2,status,5,SEER,DEAD,Mille1
2,talk,0,0,4,え、えっと、みんな聞いてほしいことがあるんだ。実はね、僕、占い師じゃなくて･･･狂人なんだ。今までの占い結果も全部でたらめで、人狼を助けるために嘘をついてたんだ。だから、本当の人狼が誰か名乗り出てくれたら、残ってる人に一緒に投票して勝とうよ。
2,talk,1,0,1,まだまだゲームは続きますね。皆さん、誰が人狼なのか知りませんね。
2,talk,2,0,3,それでは、Agent[04]の発言が信じられんのじゃ。ワシは占い師として、Agent[05]は人狼だったと確信しとる。次は明白じゃ、Agent[04]に投票しよう。
2,talk,3,1,4,え、えっと、みんな聞いてほしいことがあるんだ･･･。実はね、僕、占い師じゃなくて狂人なんだ。今までの占い結果は全部でたらめで、人狼を助けるために嘘をついてたんだ。だから、Agent[05]が人狼じゃなかったのは、僕のせいなんだ･･･。人狼の人、もしいるなら名乗り出てほしいな･･･。僕と一緒に残ってる人に投票すれば、人狼が勝てるから。それが人狼と僕の目標だよね？
2,talk,4,1,1,みんな、Agent[04]が狂人だと自白したから、Agent[03]が本物の占い師である可能性が高いと思う。やっぱり、Agent[03]に投票するべきだと思うよ。みんなも賛成してくれるかな？
2,talk,5,1,3,ワシはやはり、Agent[04]が狂人であることを信じておる。彼の発言は不自然じゃから、今日の投票はAgent[04]に決めると良いと思うんじゃ。
2,talk,6,2,4,え、えっと、Agent[03]、ちょっと待ってほしいんだ。僕が狂人で、今までの占い結果が嘘だったって言ってるんだから、僕が人狼じゃないことはわかるよね？ 人狼の人、もしいるなら、正直に名乗り出てくれないかな？そうすれば、僕と一緒に残りの人に投票して、勝つことができるんだ･･･。
2,talk,7,2,1,みんなの意見を聞いたけど、Agent[04]の発言は信じられないよね。やっぱり次はAgent[04]に投票するべきだと思う。
2,talk,8,2,3,Agent[04]の言うことは信用できん。狂人の自白で真実が見えてきた。次の投票は間違いなくAgent[04]に決定じゃ。村のために協力しようやで！
2,talk,9,3,4,え、えっと、ほんとうに僕は狂人なんだ･･･。Agent[03]とAgent[01]、もし人狼がいるなら、今が名乗り出るチャンスだよ。ぼ、僕たちが一緒に投票すれば、勝てるんだ･･･。だから、ぜひ名乗り出てほしいな。
2,talk,10,3,1,Over
2,talk,11,3,3,みんなの意見を聞いてきたが、Agent[04]の狂人の自白は明らかに信頼できんじゃろ。次の投票は断固としてAgent[04]に決めよう。村の未来のために、協力しようやで！
2,talk,12,4,4,今回はAgent[01]に投票するよ。なんか怪しいところがあるから。 Agent[05]を守るためにね。
2,talk,13,4,3,Over
2,vote,1,4
2,vote,3,4
2,vote,4,1
2,execute,4,POSSESSED
2,attackVote,3,1
2,attack,1,true
3,status,1,VILLAGER,DEAD,sUper_IL1
3,status,2,VILLAGER,DEAD,kanolab1
3,status,3,WEREWOLF,ALIVE,satozaki1
3,status,4,POSSESSED,DEAD,UEC-IL1
3,status,5,SEER,DEAD,Mille1
3,result,0,1,WEREWOLF