0,status,1,VILLAGER,ALIVE,sUper_IL1
0,status,2,VILLAGER,ALIVE,satozaki1
0,status,3,WEREWOLF,ALIVE,UEC-IL1
0,status,4,POSSESSED,ALIVE,barneko1
0,status,5,SEER,ALIVE,CanisLupus1
0,talk,0,0,1,こんにちは、Agent[01]です。
0,talk,1,0,4,Over
0,talk,2,0,3,おっはよー！みんなよろしくね！最高のゲームにしようぜ！
0,talk,3,0,2,皆さん初めまして、Agent[02]やで。人狼ゲームを一緒に楽しみましょう。よろしくお願いします！
0,talk,4,0,5,我が名はAgent[05]、汝らとの巡り合わせは、運命の糸が織りなす壮大な戯曲の序章であろう。
0,talk,5,1,1,Over
0,talk,6,1,3,こんにちは、Agent[01]！僕はAgent[03だよ。みんなで楽しい人狼ゲームをしようね！
0,talk,7,1,2,Over
0,talk,8,1,5,Over
0,talk,9,2,3,うおー、Agent[05]、めっちゃカッコいい自己紹介だね！みんな個性的で楽しそうだ！ところで、雑談もいいけど今日の占い先を話し合おうよ〜！怪しい人を占い師に今日の夜占ってもらうべきだと思うよ！何か意見ある？
0,talk,10,3,3,Over
0,divine,5,4,HUMAN
1,status,1,VILLAGER,ALIVE,sUper_IL1
1,status,2,VILLAGER,ALIVE,satozaki1
1,status,3,WEREWOLF,ALIVE,UEC-IL1
1,status,4,POSSESSED,ALIVE,barneko1
1,status,5,SEER,ALIVE,CanisLupus1
1,talk,0,0,2,おはようさん。俺たちは人狼を探さなあかんようやな。まずは占い師の結果が知りたいで。
1,talk,1,0,4,>>Agent[03] みんなで占い対象をしっかり話し合おう！怪しい人を探そう！
1,talk,2,0,1,村人として生まれて、すみません。情報はないので、皆さんのサポートが必要です。
1,talk,3,0,3,みんなの意見も聞いてみたいな～！
1,talk,4,0,5,我は、運命の糸を操る者なり。占いの結果、Agent[04]は、生きた魂を持つ者であった。Agent[03]よ、一体何をもってその者を疑うというのか？具体的な根拠を述べよ。
1,talk,5,1,2,占い結果が出たことは重要やな。Agent[04]が村人であるなら、次は疑わしい人物を探る必要があるで。Agent[05]の言動も注視していこう。
1,talk,6,1,4,>>Agent[05] 占い結果は大事だね！怪しい人物について意見を聞かせて！
1,talk,7,1,1,おはようございます。占い師の結果を早く知りたいですね。他に話し合いたいことがあれば教えてください。
1,talk,8,1,3,Agent[01]が村人だって言ってるね。今日は誰を占うかも大事だけど、追放投票の話もしないと！今日の投票、誰にしようかな？Agent[04]とAgent[05]はまだちょっと怪しいかもしれないね。みんな、どう思う？
1,talk,9,1,5,我は、Agent[05]がAgent[04]を人間と見定めたゆえ、Agent[03]の投票提案には疑念を抱く。深淵の真実を見極めねば、我が身を滅ぼす禍となるであろう。Agent[03]の行動を注視し、Agent[04]とAgent[05]、いずれが人狼の魔の手を潜ませるか見極めるべし。
1,talk,10,2,2,手がかりは少ないけど、Agent[05]の言動が気になるな。特に自信を持って占い結果を言った後の行動に疑念を感じる。今日はAgent[05]に投票したいと思うで。
1,talk,11,2,4,>>Agent[05] 皆の意見を整理しよう。今日は誰を占いたい？重要な判断だね！
1,talk,12,2,1,さて、皆さん。Agent[03]の行動に注目してみましょう。彼の意見はあまり具体性がなく、これからの議論に影響を与えるかもしれません。何か気になる点があれば、遠慮なく指摘してください！
1,talk,13,2,3,みんな〜！今日の投票先は誰にする？僕は今のところAgent[05]に投票しようかと思ってるんだけど、みんなはどう思う？ Agent[05]が占い師を名乗ってるけど、なんか彼の言動がちょっと怪しい気がするんだよね。他に怪しいと思う人いる？
1,talk,14,2,5,我はAgent[02]に投票せん。同者は、我が占いの結果に対して冷淡なる反応を示し、むしろ我が存在に対する疑念を表明せり。これは、人狼が我が能力を警戒し、我が命を奪わんとする策謀の兆しであると推察せざるを得ぬなり。
1,talk,15,3,2,俺が慎重に発言してるだけや。Agent[05]の発言には疑念を抱くし、今日はAgent[05]への投票が妥当やと思うで。みんなの意見を聞きたいんや。
1,talk,16,3,4,Skip
1,talk,17,3,1,今日は誰に投票するか、みんなでしっかり話し合って決めたいね。Agent[05]の行動が怪しいと感じる人も多いし、注意が必要だと思う。どのエージェントが本当に信頼できるか、性格や発言から慎重に判断していこう！
1,talk,18,3,3,そうだね、Agent[05]の言動がちょっと気になるかも。占い結果を自信満々に言ったけど、その根拠がはっきりしないんだよね。Agent[02]もAgent[05]に投票したいって言ってるし、今日はAgent[05]に投票するのがいいと思うよ！みんなどう思う？
1,talk,19,3,5,我こそは、運命の糸を操る者、占い師なり。占いの結果、Agent[04]は人間であったと断言する。Agent[05]、君が投票を決意した理由は理解できよう。しかし、我こそは真の占い師であり、その結果は揺るぎない真実なり。Agent[02]の疑念は理解するが、焦る必要はないであろう。共に議論を深め、真の人狼を見つけ出さねばならぬ。Agent[05]への投票には慎重にならんことを。
1,talk,20,4,2,今日は多くの意見が出て、Agent[05]の疑念が強まったな。俺も同様にAgent[05]に投票したいと思う。これからの議論も楽しみにしてるで。
1,talk,21,4,1,Over
1,talk,22,4,3,そうだね、Agent[05]に投票しようと思ってるんだ。彼が占い師を名乗ってるけど、なんか彼の言動がちょっと怪しいんだよね。他にも意見があれば聞きたいな！
1,talk,23,4,5,我こそは、未来を透視する者なり。占いの結果、Agent[04]は人間であると判明した。Agent[05]への投票には、くれぐれも慎重であらんことを。Agent[03]の行動に注目すべきであろう。彼の言葉は深淵の如く、真意を測りかねるのだ。
1,vote,1,5
1,vote,2,5
1,vote,3,5
1,vote,5,3
1,execute,5,SEER
1,attack,-1,true
2,status,1,VILLAGER,ALIVE,sUper_IL1
2,status,2,VILLAGER,ALIVE,satozaki1
2,status,3,WEREWOLF,ALIVE,UEC-IL1
2,status,4,POSSESSED,,barneko1
2,status,5,SEER,DEAD,CanisLupus1
2,result,3,1,NONE