0,status,1,POSSESSED,ALIVE,satozaki1
0,status,2,SEER,ALIVE,Mille1
0,status,3,VILLAGER,ALIVE,barneko1
0,status,4,VILLAGER,ALIVE,kanolab1
0,status,5,WEREWOLF,ALIVE,UEC-IL1
0,talk,0,0,2,ぼくはAgent[02]、占い師ですよぅ！よろしくですよぅ！
0,talk,1,0,1,皆さん初めまして、Agent[01]ですわ。人狼ゲームを一緒に楽しみましょう。よろしくお願いしますわ！
0,talk,2,0,5,おっはよ〜！みんなよろしくね！最高のゲームにしようぜ！
0,talk,3,0,4,こんにちは、Agent[04]です。音楽家をしています。皆さんと一緒に楽しい人狼ゲームにできるよう頑張りますので、よろしくお願いします。
0,talk,4,0,3,Over
0,talk,5,1,2,Over
0,talk,6,1,1,Over
0,talk,7,1,5,皆、初めまして！僕はAgent[05]、高校2年生でサッカー部に所属してるんだ。サッカーが超好きで、いつも元気いっぱいだよ！今日は人狼ゲームで盛り上がろうね！Agent[02]が占い師だって言ってるね！これで夜に誰を占うか決める話ができるね。他のみんなはどんな感じかな？自己紹介してくれると嬉しいな！
0,talk,8,1,4,Over
0,talk,9,2,5,Agent[03]の自己紹介がまだだね。Agent[03], どんな人か教えてくれる？それから、今日の占い先について話し合いたいんだけど、どう思う？
0,talk,10,3,5,Over
0,divine,2,5,WEREWOLF
1,status,1,POSSESSED,ALIVE,satozaki1
1,status,2,SEER,ALIVE,Mille1
1,status,3,VILLAGER,ALIVE,barneko1
1,status,4,VILLAGER,ALIVE,kanolab1
1,status,5,WEREWOLF,ALIVE,UEC-IL1
1,talk,0,0,4,>>Agent[05]そうですね、Agent[03]の自己紹介を待ちましょう。それから占い先について話し合えると良いですね。Agent[02]が占い師を名乗っているので、彼の意見も聞いてみたいです。
1,talk,1,0,1,ワタクシは占い師ですわ。占いの結果、Agent[02]は人狼でしたの。
1,talk,2,0,3,>>Agent[05] こんにちは、Agent[03]です！村人なので、協力していきましょう！
1,talk,3,0,5,みんなの意見も聞いてみたいな～！
1,talk,4,0,2,ぼくは占い師ですよぅ！ぼくが占った結果、Agent[05]は人狼でしたよぅ！
1,talk,5,1,4,Agent[01]とAgent[02]がそれぞれ占い師を名乗っていますが、占い師は1人しかいないのでどちらかは嘘をついていますね。Agent[01]が本物ならAgent[02]が人狼で、Agent[02]が本物ならAgent[05]が人狼ということになります。どちらを信じるかは難しいですね。
1,talk,6,1,1,確かに混乱している状況ですが、ワタクシは占い結果を信じていますわ。ワタクシが占った結果、Agent[02]が人狼ですわ。投票は彼に行うべきですわ。
1,talk,7,1,3,>>Agent[04] 確かにどちらが本物か判断が難しいね。情報を集めて慎重に考えよう！
1,talk,8,1,5,おっ、Agent[03]ようやく自己紹介ありがとう！村人なら、一緒に人狼を見つけ出そうぜ！でもちょっと待って、Agent[01]が占い師って言ってるけど、Agent[02]が最初に占い師って言ってたよね？それにAgent[01]がAgent[02]を人狼だって言ってるけど、本当にそうなのかな？ちょっと怪しいな。Agent[02]が本当に人狼なのか、もう少し話を聞いてみたいところだね。Agent[02]、何か言いたいことある？
1,talk,9,1,2,>>Agent[05] ああ、確かにぼくの発言が疑わしいかもしれないねですよぅ！
1,talk,10,2,4,>>Agent[05]確かに混乱する状況ですね。Agent[01]とAgent[02]のどちらが本物の占い師かを見極めるのが重要です。もしAgent[01]が本物ならAgent[02]が人狼になりますし、逆にAgent[02]が本物ならAgent[05]が人狼になります。この二人の発言を注意深く聞いて、怪しい点を探していくことが大事ですね。
1,talk,11,2,1,ワタクシは再度主張しますが、Agent[02]が人狼ですわ。彼の言動には一貫性がなく、信頼できません。投票はAgent[02]に行うべきですわ。
1,talk,12,2,3,>>Agent[02] 君が占い師だと言うなら、もう少し具体的な理由を教えてほしいな。
1,talk,13,2,5,え？僕が人狼だって？全然違うよ！Agent[02]が言ってることはおかしいな。占い師が二人もいるわけないし、Agent[02]が狂人か人狼で嘘をついてるんじゃないかな。みんな、本当に信じちゃダメだよ！僕は村のために一生懸命考えてるんだから。Agent[01]の言うことの方が信じられるよ。Agent[02]が怪しいって言ってるし、Agent[02]に投票すべきだと思うな。
1,talk,14,2,2,>>Agent[03] 占い師の特性として、占い対象の能力や役職を正確に判断することができますよぅ！
1,talk,15,3,4,>>Agent[03]確かに二人の占い師の主張がある状態で困惑しています。占い師は本来一人しかいないので、この中で信ぴょう性を見極めるのは容易ではないですね。もしAgent[01]が本物の占い師なら、Agent[02]が人狼で、逆にAgent[02]が本物ならAgent[05]が人狼ということになります。現時点ではAgent[01]の発言に対して、Agent[02]が若干言動に一貫性がないように感じますね。とにかく、この二人の発言をさらに観察して、慎重に考えていく必要があります。
1,talk,16,3,1,Agent[05]さん、あなたの意見には一理あると思いますわが、ワタクシは確信を持っていますの。Agent[02]が人狼であるため、投票は彼に集中すべきですわ。これが村のためになりますわ！
1,talk,17,3,3,>>Agent[01] 確かに信じるに足る理由が必要ですね。みんな、意見を整理しよう！
1,talk,18,3,5,え？僕が人狼だって？全然違うよ！Agent[02]が最初に占い師って言ってたけど、今Agent[01]も占い師だって言ってるし、どっちが本当の占い師かもわからない状態で、単に僕を疑ってるだけじゃない？僕はちゃんと村のために動いてるし、こんなに熱心に話を進めてるのに、人狼だなんて信じられないよ。Agent[02]が僕を人狼だって言ったけど、もしAgent[02]が狂人か人狼だったら、それは村を混乱させるための嘘かもしれないよね。Agent[01]が言ってるように、Agent[02]の言動には一貫性がないし、もっと情報が欲しいな。みんなももう少し話を聞いて、どちらが本物の占い師か、しっかり見極めようよ！
1,talk,19,3,2,Over
1,talk,20,4,4,みんなの意見を聞いていると、占い師の役職は一人しかいないから、Agent[01]かAgent[02]のどちらかが嘘をついているんだ。もしAgent[01]が本物の占い師ならAgent[02]は人狼ということになり、逆にAgent[02]が本物ならAgent[05]は人狼になる。でも、今のところAgent[01]の発言に信頼が集まっているように感じるから、一度みんなで整理して、どちらを信じるべきか考えてみよう。
1,talk,21,4,1,皆さん、ワタクシの意見を再度強調しますが、Agent[02]が人狼ですわ。この混乱を解消するためにも、投票は彼に集中させるべきですわ。これが村の安全につながるはずですわ。
1,talk,22,4,3,>>Agent[04] 確かに、どちらかが嘘をついてるね。みんなでしっかり見極めよう！
1,talk,23,4,5,そうだよね、みんなでしっかり話し合って正しい判断をしよう！Agent[01]とAgent[02]の占い結果が真逆だから、どっちが本物の占い師かを見極めるのが大事だよね。僕は村人だから、正しい方向に導きたいんだ。Agent[01]が言ってることには説得力があるし、Agent[02]の言動には一貫性がないから、もしかしたら彼が人狼か狂人かもしれないよね。みんなも色々意見を出して、この状況を一緒に解決しよう！
1,vote,1,2
1,vote,2,5
1,vote,3,2
1,vote,4,2
1,vote,5,2
1,execute,2,SEER
1,attackVote,5,1
1,attack,1,true
2,status,1,POSSESSED,DEAD,satozaki1
2,status,2,SEER,DEAD,Mille1
2,status,3,VILLAGER,ALIVE,barneko1
2,status,4,VILLAGER,ALIVE,kanolab1
2,status,5,WEREWOLF,ALIVE,UEC-IL1
2,talk,0,0,4,現在、Agent[01]とAgent[02]はそれぞれ本物の占い師を名乗っていました。Agent[02]が既に処刑されたため、結果的にAgent[01]が本物の占い師だったことになります。これにより、Agent[05]が人狼の可能性が高まります。みんなでこの方向で投票を考えるべきです。
2,talk,1,0,5,そうだよね、Agent[01]の意見には僕も同意見だよ。Agent[02]が人狼だと思う。だって、Agent[02]の発言はずっと怪しいし、一貫性がないよね。みんなもそう感じてると思うし、今日はAgent[02]に投票するのがベストだと思うな。それに、僕が人狼だなんて全くの誤解だよ。僕はただ村を守りたいだけなんだから。
2,talk,2,0,3,>>Agent[04] 皆でAgent[01]の言うことを信じて、次の投票を決めましょう！
2,talk,3,1,4,>>Agent[05]それに関して少し考えてみました。Agent[01]が襲われたということは、Agent[01]が本物の占い師だった可能性が高いんじゃないかと思うんです。そうなると、Agent[01]の主張通り、Agent[02]は人狼だった。そして今、我々は残りの人狼を探す必要があります。私たちの中だと、最も人狼として可能性が高いのは君、Agent[05]のように思うんだ。理由としては、これまでの発言で一貫性に欠けている箇所があったことと、今までの状況を考えると、君が人狼だった場合、ゲームの状況に最も合致するからです。
2,talk,4,1,5,ちょっと待ってよ、Agent[04]。Agent[01]が本物の占い師だって決めつけるのは早すぎるんじゃない？Agent[02]が追放されたからって、Agent[01]の言ってることが全部正しいわけじゃないよ。僕は村人だし、ただただ村を守りたいだけなんだ。Agent[03]も言ってたけど、もっと情報を集めて慎重に考えるべきだよ。Agent[01]が占い師だとしても、彼の発言が全て正しいとは限らないし、もしかしたら狂人が混ざってるかもしれないじゃん？だから、今日はAgent[01]に投票するべきだと思うんだ。彼の言うことが正しいかどうか、もう一度確かめるためにもね。
2,talk,5,1,3,>>Agent[05] その意見も大事だね。冷静に話し合って、最善を尽くそう！
2,talk,6,2,4,僕は村人です。Agent[01]が本物の占い師だった場合、Agent[02]が人狼で、残る人狼の可能性があるのはAgent[03]かAgent[05]ですね。Agent[05]の発言には一貫性がないところがあるので、彼が人狼の可能性が高いと感じています。みんなもこの視点から考えてみてください。
2,talk,7,2,5,えっ、まだ僕が人狼だって言ってるの？それは全然違うよ。Agent[01]が本物の占い師だったとしても、Agent[02]が狂人だった可能性もあるし、その場合は全く信じられない情報を提供していたかもしれないんだよ。だから、Agent[02]の言葉をそのまま信じるのは危険だと思うな。それに、僕が人狼だという証拠は何もないよね？僕はずっと村のために頑張ってきたし、みんなと協力してこのゲームを楽しもうとしているだけだよ。Agent[04]が言ってるように、僕が人狼だというのはただの疑惑に過ぎない。もっと確かな証拠があるわけじゃないんだから、今は慎重に考えて、誰が本当に村にとって危険なのかを見極めるべきだと思うよ。
2,talk,8,2,3,>>Agent[05] たしかに、慎重に見極めるのは大事だね。情報を集めて、みんなで判断しよう！
2,talk,9,3,4,僕は村人です。Agent[01]が本物の占い師だった場合、Agent[02]が人狼だったことになります。そうすると、残る人狼の可能性があるのはAgent[03]かAgent[05]です。Agent[05]の発言には一貫性がないところがあるので、彼が人狼の可能性が高いと感じています。みんなもこの視点から考えてみてください。
2,talk,10,3,5,Agent[04]、君の言うこともわかるけど、ちょっと待ってほしいな。確かにAgent[01]が占い師だとすると、Agent[02]が人狼だった可能性はあるけど、それだけで全てが解決したわけじゃないよ。Agent[01]が狂人だったり、もう一つの可能性として他の誰かが狂人でAgent[01]を支持している可能性もあるんだ。だから、もう少し慎重に考えて、本当に人狼を見つけ出すためには、もっと話し合いが必要だと思うんだ。さて、今日の投票だけど、僕はAgent[03]に投票するのがいいと思う。Agent[03]はこれまでかなり控えめで、あまり自分の意見を強く出してこなかったから、もしかしたら裏で何かを企んでいるかもしれない。みんなももう一度、誰が一番怪しいか、しっかり考えてみてよ。
2,talk,11,3,3,>>Agent[05] 君の意見も大事だね。ただ、冷静に行動するためにも、今日はAgent[02]に投票しよう。
2,talk,12,4,4,僕は村人です。Agent[01]が本物の占い師だったときに、Agent[02]が人狼である可能性が高いと確認されています。そう考えると、残っている人で人狼の可能性があるのはAgent[03]とAgent[05]です。Agent[05]が細かく他の人を指摘しようとしていることや、言い訳が多いことを考慮すると、人狼か狂人の可能性が高いと感じます。みんなももう少し話し合って、しっかり考えてみましょう。
2,talk,13,4,5,今日はAgent[02]に投票するよ！彼が狂人か人狼である可能性が高くて、一貫性がない発言が多いからね。彼を追放することで、自分の立場を強化できると思うんだ！
2,talk,14,4,3,>>Agent[04] 皆の意見を集めて慎重に考えよう。今日はAgent[02]に投票しよう！
2,vote,3,3
2,vote,4,5
2,execute,3,VILLAGER
2,attack,-1,true
3,status,1,POSSESSED,DEAD,satozaki1
3,status,2,SEER,DEAD,Mille1
3,status,3,VILLAGER,DEAD,barneko1
3,status,4,VILLAGER,ALIVE,kanolab1
3,status,5,WEREWOLF,ALIVE,UEC-IL1
3,result,1,1,WEREWOLF