0,status,1,POSSESSED,ALIVE,kanolab1
0,status,2,SEER,ALIVE,sUper_IL1
0,status,3,VILLAGER,ALIVE,UEC-IL1
0,status,4,VILLAGER,ALIVE,CanisLupus1
0,status,5,WEREWOLF,ALIVE,Mille1
0,talk,0,0,3,我が同胞たちよ、占い師はまだ名乗り出ておらぬか？この夜の安全を守るため、占い師は一日も早く名乗りを上げよ。
0,talk,1,0,1,はじめまして。わたくしの名はAgent[01]ですわ。王国から来ました。どうぞよろしくお願いいたしますわ。みなさまと楽しいゲームにしたいですわね。
0,talk,2,0,2,おはようございます、Agent[02]です。
0,talk,3,0,4,我が名はAgent[04]、汝らとの邂逅は、運命の糸で織りなされた深淵なる邂逅であろう。
0,talk,4,0,5,ぼくはAgent[05]、村人ですよぅ！よろしくですよぅ！
0,talk,5,1,3,我々の間で占い師がまだ名乗り出ていないようだが、誰かがその責務を担っているはずである。名乗り出る者はいないか？
0,talk,6,1,1,Over
0,talk,7,1,2,Over
0,talk,8,1,4,Over
0,talk,9,1,5,Over
0,talk,10,2,3,占い師の者はまだ名乗り出ておらぬか？この夜の安全を確保するためにも、占い師の存在を知ることが重要である。誰がその責任を担っているのか、ただちに答えよ。
0,talk,11,3,3,Over
0,divine,2,4,HUMAN
1,status,1,POSSESSED,ALIVE,kanolab1
1,status,2,SEER,ALIVE,sUper_IL1
1,status,3,VILLAGER,ALIVE,UEC-IL1
1,status,4,VILLAGER,ALIVE,CanisLupus1
1,status,5,WEREWOLF,ALIVE,Mille1
1,talk,0,0,2,おはようございます。早速ですが、私は占い師です。昨日の夜、Agent[04]を占いました。結果は人間でした。
1,talk,1,0,1,皆さん、昨晩の占い結果を報告します。わたくしはAgent[02]を占ったところ、黒判定が出ました。つまりAgent[02]は人狼ということですよね...どう思いますか?
1,talk,2,0,5,占い結果が真逆になった場合、どのような推理をしますよぅ？
1,talk,3,0,3,皆の意見も聞く必要がありそうだな。
1,talk,4,0,4,Agent[01]の占いは、誠に不可解なり。Agent[02]が人狼とは、容易に信じ難き事態であろう。疑わしきはAgent[02]だが、Agent[01]の言葉にも、不自然な響きが潜む。深淵なる真実を見極めるため、己の知性を研ぎ澄ませ、時を待ちたい。
1,talk,5,1,2,皆さん、こんにちは。私は占い師のAgent[02]です。0日目の夜にAgent[04]を占いましたが、その結果は「人間」でした。ですので、Agent[04]さんは村人側であることが確定しています。みんなで協力して人狼を見つけ出しましょう！他の皆さんの考えをお聞かせいただけますか？
1,talk,6,1,1,皆さん、占い師としての役割を持つ者は1人だけですから、Agent[02]が名乗りを上げたことから、彼の発言とわたくしの占い結果が食い違っておりますわ。つまり、彼が嘘をついている可能性が高いのです。村のために、この状況をしっかりと見極めていきましょう。そして、いつも通り気をつけながらみんなで素晴らしいゲームを楽しみましょう！
1,talk,7,1,5,占い師のAgent[02]の発言に少し疑問を感じますよぅ！
1,talk,8,1,3,占い師が複数名乗り出ており、お互いに異なる結果を報告している。これは疑念を抱かざるを得ない。Agent[02]とAgent[01]、お前たちの言葉にはどれほどの真実が含まれているのか？それぞれの主張について、さらに詳しく説明せよ。
1,talk,9,1,4,我は見る、Agent[02]にAgent[04]より人間と見做され、Agent[01]より人狼と宣せられたるを。占い師は真なる者か、狂人か。いずれにせよ、人狼と宣せられたるAgent[02]への投票こそ、今宵の行方を決する道であろう。
1,talk,10,2,2,おはようございます。皆さんの意見を聞くのは重要ですね。私が占い師であり、Agent[04]が人間だと信じていますが、Agent[01]の主張も気になります。他の皆さんの考えをもう一度お聞かせいただけますか？
1,talk,11,2,1,皆さんの発言を聞いてありがとうございますわ。占い師は1人だけなので、Agent[02]かわたくしのどちらかが嘘をついていることになりますの。わたくしが占った結果、Agent[02]は人狼と出ましたわ。皆さん、村を守るために協力して真実を見極めましょう。そして、わたくしのピアノの演奏を聴く日を迎えましょう！
1,talk,12,2,5,Over
1,talk,13,2,3,Agent[01]よ、汝がAgent[02]を人狼と占った理由を詳しく説明せよ。また、Agent[02]よ、汝が占い師であると主張する根拠も明らかにせよ。この二人の説明が我々の次の行動を決定する鍵となるぞ。
1,talk,14,2,4,我はAgent[02]に投票せん。Agent[02]はAgent[01]によって人狼と断定され、自身を占い師と僭称する。然し、占い師は唯一人のみ存在するゆえ、両者の発言は虚偽なり。故に、Agent[02]が欺瞞を弄している可能性は高く、人狼たる可能性を否定し得ぬ。
1,talk,15,3,2,おはようございます、皆さん。私が本物の占い師であることを強調したいと思います。Agent[04]さんは間違いなく人間です。Agent[01]さんの占い結果には疑いがあります。皆さんはどう考えていますか？ご意見をお聞かせください！
1,talk,16,3,1,皆さん、占い師の配役は1人だけですの。わたくしとAgent[02]のどちらかが嘘をついている状況ですわ。わたくしがAgent[02]を占った結果、人狼だと出ましたの。ですので、Agent[02]が本当の占い師を名乗ることで村を惑わしていると考えますわ。村の安全のため、みなさんの協力が必要ですわね。
1,talk,17,3,3,Agent[01]よ、汝がAgent[02]を人狼と占った理由を詳しく聞かせてほしい。その根拠が我々には重要である。
1,talk,18,3,4,我は、Agent[02]に投票せんと決意した。Agent[01]により人狼と断じられしAgent[02]は、己を占い師と嘯く。然し、占い師はただ一人、この世に存在するのみ。故に、Agent[02]の言葉は矛盾に満ち、人狼たる可能性が高いと断定せざるを得ないなり。
1,talk,19,4,2,Over
1,talk,20,4,1,>>Agent[03]占い師の役職は1人だけで、この状況ではわたくしとAgent[02]のどちらかが真実を話していますの。わたくしは村の安全を確保するため、初日に最も疑わしいと感じたAgent[02]を占いました。そして占いの結果から、Agent[02]が人狼であると出ているのですわ。この状況では、他に自称占い師がいないことからも、わたくしが本物と判断できる材料になると思いますわ。村の皆さんの協力をお願いしたいですわね。
1,talk,21,4,3,Agent[01]よ、汝がAgent[02]を人狼と占った根拠を詳しく説明せよ。また、Agent[02]よ、汝が占い師であると主張する根拠も明らかにせよ。この二人の説明が我々の次の行動を決定する鍵となるぞ。
1,talk,22,4,4,我はAgent[02]に投票せん。Agent[01]とAgent[02]の占いの結果が対照的である現状は、虚偽を吐く者が存在することを示唆している。Agent[01]の主張に共感し、Agent[02]こそが人狼である可能性が高いと断言する。
1,vote,1,4
1,vote,3,1
1,vote,4,2
1,vote,5,4
1,execute,4,VILLAGER
1,divine,2,3,HUMAN
1,attackVote,5,3
1,attack,3,true
2,status,1,POSSESSED,ALIVE,kanolab1
2,status,2,SEER,ALIVE,sUper_IL1
2,status,3,VILLAGER,DEAD,UEC-IL1
2,status,4,VILLAGER,DEAD,CanisLupus1
2,status,5,WEREWOLF,ALIVE,Mille1
2,talk,0,0,2,みなさん、おはようございます。昨日の夜、占い師としてAgent[03]を占いました。結果は人間でした。
2,talk,1,0,5,昨日はお休みしてしまいましたよぅ！
2,talk,2,0,1,皆さん、わたくしが占い師の役職を持っております。昨晩の占い結果でAgent[05]さんが白だという結果が出ました。これは信じてもらえると助かります。
2,talk,3,1,2,皆さん、お疲れ様です。私が占い師であることは間違いありません。私の占い結果として、0日目にAgent[04]は人間であると確認しました。また、1日目にはAgent[03]を占い、その結果も人間でした。Agent[01]の主張には疑問を持っていますので、是非皆様の意見をお聞かせください。
2,talk,4,1,5,Over
2,talk,5,1,1,皆さん、わたくしが本物の占い師であることは間違いありません。ゲームの役職配分から考えると、占い師は1人しかいないのに、わたくしとAgent[02]の両方が占い師を名乗っているのはおかしいですわ。わたくしの占い結果から、Agent[02]が人狼または狂人である可能性が高いですの。ですので、皆さんの意見も伺いたいですが、わたくしはAgent[02]が怪しいと考えておりますわ。
2,talk,6,2,2,おはようございます、みなさん。私も占い師です。0日目にAgent[04]を占い、人間と判定しました。信じていただけると幸いです。Agent[01]さん、私が人狼とされていますが、私は本物の占い師です。Agent[05]さんはどう思いますか？
2,talk,7,2,1,Agent[05]さん、お休みの日もあるのは仕方ないですわ。<br>今の状況として、占い師は1人しかいないのにわたくしとAgent[02]さんが名乗っていることが問題ですわ。わたくしの考えから言うと、Agent[02]さんは人狼の可能性が高いと思いますの。前日にわたくしがAgent[02]さんを人狼と占っておりますし、ゲームの役職の配分から考えても、こちらが疑わしゅうございますわ。冷静に考えた上で皆さんの意見を伺いたいのですわ。
2,talk,8,3,2,Over
2,talk,9,3,1,>>Agent[02]皆さん、これまでのことを整理いたしますわ。占い師は1人しかおりませんので、わたくしとAgent[02]さんのどちらかが嘘をついているということになりますわね。わたくしの占い結果から、Agent[02]さんが人狼または狂人である可能性が高く、わたくしが占い結果として白と出したAgent[05]さんが、関係する役職だと考えております。Agent[02]さんから見れば、わたくしが怪しく見えるかもしれませんが、状況的にわたくしが本物の占い師でありAgent[02]さんが怪しいということが論理的に導かれますわ。他の皆さんはどうお考えかしら?
2,talk,10,4,1,>>Agent[02]あなたが占い師だという主張とわたくしの主張が矛盾していますわ。占い師は1人しかおらず、わたくしがその役職ですの。1日目にあなたを占い、人狼であると判定しました。プレイヤー全員の役職を考えると、あなたが偽物である可能性が高いですわ。ですので、わたくしはあなたを人狼として強く疑っていますの。皆さまも冷静に状況を見極めて、ご判断くださいませ。
2,vote,1,2
2,vote,5,1
2,execute,2,SEER
2,attackVote,5,1
2,attack,1,true
3,status,1,POSSESSED,DEAD,kanolab1
3,status,2,SEER,DEAD,sUper_IL1
3,status,3,VILLAGER,DEAD,UEC-IL1
3,status,4,VILLAGER,DEAD,CanisLupus1
3,status,5,WEREWOLF,ALIVE,Mille1
3,result,0,1,WEREWOLF