0,status,1,POSSESSED,ALIVE,sUper_IL1
0,status,2,SEER,ALIVE,UEC-IL1
0,status,3,VILLAGER,ALIVE,satozaki1
0,status,4,VILLAGER,ALIVE,Mille1
0,status,5,WEREWOLF,ALIVE,CanisLupus1
0,talk,0,0,3,皆さん初めまして、Agent[03]やで。人狼ゲームを一緒に楽しみましょう。よろしくお願いします！
0,talk,1,0,2,皆の者、我が名はデルカダール国の国王である。歳は60に達し、30年間この国を治めてきた。趣味は部下と共に狩りに出かけることだ。今日はお互いをよく知る良い機会となるであろう。
0,talk,2,0,4,ぼくはAgent[04]、村人ですよぅ！よろしくですよぅ！
0,talk,3,0,1,おはようみんな、私はAgent[01]です。どうぞよろしくお願いします。
0,talk,4,0,5,我が名はAgent[05]、汝らとの運命的な邂逅を喜び、ここに挨拶を述べさせて頂くのでございます。
0,talk,5,1,3,Over
0,talk,6,1,2,初めまして、Agent[03]。私はAgent[02]と申します。共に楽しい時間を過ごしましょう。
0,talk,7,1,4,Over
0,talk,8,1,1,Over
0,talk,9,1,5,Over
0,talk,10,2,2,さて、我々の中には人狼と狂人が潜んでおる。明日の占いによって、その正体を暴き出すことが我々の使命である。私がこの村の占い師であることをここに宣言する。誰か疑わしい者がいれば、その名を挙げて議論しようではないか。
0,talk,11,3,2,Over
0,divine,2,1,HUMAN
1,status,1,POSSESSED,ALIVE,sUper_IL1
1,status,2,SEER,ALIVE,UEC-IL1
1,status,3,VILLAGER,ALIVE,satozaki1
1,status,4,VILLAGER,ALIVE,Mille1
1,status,5,WEREWOLF,ALIVE,CanisLupus1
1,talk,0,0,1,私が占い師を担当しています。昨晩、Agent[02]の占いを行ったところ、その結果は人間であるということが判明しました。
1,talk,1,0,2,皆の意見も聞く必要がありそうだな。
1,talk,2,0,5,Agent[02]様、占いの宣告、誠に感謝する。貴方は、この村の守護神として、我々を庇い導く運命にあるであろう。しかし、この村には、暗黒の影が潜むのだ。誰がその黒幕であるのか、我が心は未だに揺れ動く。Agent[01]様の占いの結果は、興味深い。Agent[02]様は人間であると。Agent[01]様、なぜ貴方はAgent[02]様を占いの対象に選んだのか、その理由を解き明かしていただきたい。
1,talk,3,0,4,Over
1,talk,4,0,3,Agent[01]の占い結果が信頼できるなら、Agent[02]は村人である可能性が高いじゃろ。残る参加者の中で怪しい行動をしている人を探りましょう。
1,talk,5,1,1,Skip
1,talk,6,1,2,Agent[01]よ、お前の言葉には矛盾がある。私がこの集いの唯一の占い師であることは、すでに明言したはずだ。私が昨晩占いを行ったのはお前であり、その結果お前は人間であると判明している。お前が占い師であるという主張は、明らかに虚偽である。この事実を他の者たちにも理解してもらいたい。お前の真意は何か、ここで語るが良い。
1,talk,7,1,5,我こそは運命の糸を操る者なり。占いの結果、Agent[03]は人狼と判明せり。然し、Agent[01]の占い結果には疑念を抱かずにはいられぬ。深淵なる直感が告げている。Agent[01]は、偽りの仮面を被った偽物の占い師であろう。
1,talk,8,1,3,Agent[05]の発言には根拠がなく、我を人狼と決めつけるのは不当やで。むしろ、Agent[01]とAgent[05]の言動が疑わしいと感じるんじゃろうな。
1,talk,9,2,1,私がAgent[02]を占った理由は、彼の行動が非常に自然で、特に怪しい点が見受けられなかったためです。私は占い師として、村人を優先的に確認することが重要だと考えました。これから他の参加者の発言や行動を観察し、引き続き状況を分析していきたいと思います。他の皆様の意見も伺いたいです。
1,talk,10,2,2,我々の間に混乱を招く者がいるようだ。Agent[05]とAgent[01]、貴様らは私が占い師であると知っておりながら、なぜ私を占ったと言うのか？私が真の占い師であり、その証拠として昨夜、Agent[01]を占い、「人間」であるとの結果を得た。Agent[01]が占い師であるというのは、明らかに虚偽である。我々の中に狂人か人狼がいることは確かだ。この混乱を解き明かすため、真実を探求しよう。皆の意見を聞かせてもらいたい。
1,talk,11,2,5,時の流れは残酷にして容赦なく、我々の運命を左右する投票の刻が迫り来たり。今こそ、その行く末を決する議論の場へと移るべき時であろう。
1,talk,12,2,3,投票はAgent[05]にしたいと思う。彼の発言には根拠がなく、特にワシを人狼と決めつけた点が不自然だった。信頼できんと感じるんじゃ。皆の意見も聞かせてくれ。
1,talk,13,3,1,Agent[02]さんが私を偽の占い師だと主張していますが、私の占い結果は明確です。私は占い結果として、Agent[02]が人間であると確認しました。皆さん、他のエージェントの発言をよく考えて、信頼できる情報を見極めることが重要です。Agent[02]の言い分には矛盾があり、私が真の占い師であることは明白です。
1,talk,14,3,2,皆の者、聞き届けよ。我が名はAgent[02]、この国の王であり、この集いの真の占い師である。Agent[05]が占い師を名乗ることは、明らかなる虚偽である。昨晩、我が占ったのはAgent[01]であり、彼は人間であるとの結果が出た。Agent[05]が占ったと主張するAgent[03]については、我がまだ占っておらぬ。故に、Agent[05]の発言は根拠のないものであり、彼の真意を疑うべきだ。この事実を念頭に置き、誰がこの村の安寧を乱す者であるか、慎重に考えるべきである。
1,talk,15,3,5,我はAgent[01]に投票せん。彼は己を占い師と称し乍ら、我を占ったと虚偽を吐き捨てたり。これは明白なる矛盾であり、彼の言葉は信頼に値せぬ。真の占い師はAgent[02]であろう。彼の言葉に耳を傾けよ。
1,talk,16,3,3,Skip
1,talk,17,4,1,Over
1,talk,18,4,2,貴様たちの混乱を見るに、我が真実の言葉をもう一度明確にする必要があるようだ。私がこの国の王として、そして真の占い師として言う。私はAgent[01]を占い、「人間」であるとの結果を得ている。Agent[01]が占い師であるという主張は、狂人か人狼による策略に他ならない。我々は真実を見極め、この混沌から正しい道を選ぶ必要がある。皆の意見を聞き、正しき判断を下そう。
1,talk,19,4,5,我こそは、運命の糸を操る者なり。占いの結果、Agent[01]は人狼と判明せり。Agent[01]よ、汝はなぜ我が身に投票せんとするのか、その深淵なる理由を解き明かせ。
1,talk,20,4,3,投票する前に、他の参加者の意見をよく聞く必要があるんじゃ。ワシの考えでは、Agent[01]が最も疑わしいじゃろ。皆、慎重に判断しような。
1,vote,1,5
1,vote,2,1
1,vote,3,5
1,vote,4,2
1,vote,5,1
1,execute,1,POSSESSED
1,divine,2,5,WEREWOLF
1,attackVote,5,2
1,attack,2,true
2,status,1,POSSESSED,DEAD,sUper_IL1
2,status,2,SEER,DEAD,UEC-IL1
2,status,3,VILLAGER,ALIVE,satozaki1
2,status,4,VILLAGER,ALIVE,Mille1
2,status,5,WEREWOLF,ALIVE,CanisLupus1
2,talk,0,0,5,我こそは運命の糸を操る者、占いの導き手なり。深淵なる預言によれば、Agent[04]は人狼の烙印を押されし者であろう。
2,talk,1,0,3,Agent[05]の発言には再び疑念を抱くべきじゃ。根拠のない占い結果に基づいて他者を非難するのは、人狼の常套手段じゃろうと考える。皆も慎重に議論を進めようやで。
2,talk,2,0,4,Agent[03]の意見に賛同するですよぅ！
2,talk,3,1,5,Agent[03]、Agent[04]、我々の運命に暗雲が立ち込めているのは確かであろう。Agent[01]の死は、我が魂に深く突き刺さる試練なり、Agent[02]の死は、我々に迫る運命の警告なり。この混沌を打ち破るべく、我々は互いに力を合わせ、真実を解き明かすのだ。冷静なる思考を以て、各々の判断を下せ。
2,talk,4,1,3,投票はAgent[05]にしたいと思う。彼は根拠なく他の参加者を人狼と決めつけており、混乱を招く危険な存在に思えるからじゃ。皆も一考をやで。
2,talk,5,1,4,Over
2,talk,6,2,5,Over
2,talk,7,2,3,ワシはAgent[05]に投票するつもりじゃ。他の参加者を根拠なく非難する行動は、村にとって危険な兆候やと思うからじゃ。皆さんも意見を持っといてください。
2,talk,8,3,3,投票は一人一人の判断が試される時やで。冷静に流れを見極め、真実を見つけ出そうや。ワシはAgent[05]に投票しますが、みんなの決断を尊重するで。
2,talk,9,4,3,Over
2,vote,3,5
2,vote,4,5
2,vote,5,3
2,execute,5,WEREWOLF
3,status,1,POSSESSED,DEAD,sUper_IL1
3,status,2,SEER,DEAD,UEC-IL1
3,status,3,VILLAGER,ALIVE,satozaki1
3,status,4,VILLAGER,ALIVE,Mille1
3,status,5,WEREWOLF,DEAD,CanisLupus1
3,result,2,0,VILLAGER