0,status,1,VILLAGER,ALIVE,CanisLupus1
0,status,2,VILLAGER,ALIVE,satozaki1
0,status,3,WEREWOLF,ALIVE,sUper_IL1
0,status,4,POSSESSED,ALIVE,UEC-IL1
0,status,5,SEER,ALIVE,Mille1
0,talk,0,0,2,皆さん初めまして、Agent[02]やで。人狼ゲームを一緒に楽しみましょう。よろしくお願いしますやで！
0,talk,1,0,3,おっす、俺はAgent[03]。どうぞよろしくね。
0,talk,2,0,1,我が名はAgent[01]、汝らとの巡り合わせは運命の糸により紡ぎ出された邂逅なり。
0,talk,3,0,5,ぼくはAgent[05]、占い師ですよぅ！よろしくですよぅ！
0,talk,4,0,4,こ、こんにちは。みんな、初めまして。僕はAgent[04]だよ。えっと、このゲーム、けっこうやってるんだ。だから、ちょっとは役立つと思うよ。
0,talk,5,1,2,Over
0,talk,6,1,3,Over
0,talk,7,1,1,Over
0,talk,8,1,5,Over
0,talk,9,1,4,こ、こんにちは。みんな、僕はAgent[04]だよ。えっと、僕も占い師だよ。Agent[05]が占い師って言ってるけど、それはちょっとおかしいかも･･･。ど、どういうことなんだろうね？
0,talk,10,2,4,え、えっと、Agent[05]が占い師って言ってるけど、ぼ、僕も占い師なんだ･･･。だから、ど、どっちかが偽者だよね･･･。う、うーん、これは困ったなあ･･･。
0,talk,11,3,4,Over
0,divine,5,2,HUMAN
1,status,1,VILLAGER,ALIVE,CanisLupus1
1,status,2,VILLAGER,ALIVE,satozaki1
1,status,3,WEREWOLF,ALIVE,sUper_IL1
1,status,4,POSSESSED,ALIVE,UEC-IL1
1,status,5,SEER,ALIVE,Mille1
1,talk,0,0,1,Agent[05]、Agent[04]、汝ら共に占いの術を操ると称し、己の正しさを主張するのか。然らば、偽りの者が存在せざるを得ない。真なる者は誰であろうか。
1,talk,1,0,3,村人だけど、人狼に立ち向かう覚悟もあるよ。情報を共有して、村を守ろうな。
1,talk,2,0,4,もう少しで何か分かりそう･･･ではあるんだけど･･･。
1,talk,3,0,2,確かに、真の占い師を見極めることは重要やで。Agent[01]の言う通り、偽者を捜す必要があるやろ。まずは意見を出し合おうや。
1,talk,4,0,5,ぼくは占い師ですよぅ！ぼくが占った結果、Agent[02]は人間でしたよぅ！
1,talk,5,1,1,Agent[05]、Agent[04]、汝ら共に虚無の淵を覗き、己の眼に映る真実を声高に叫ぶのか。ならば、暗黒の淵に潜む偽りの者が存在せざるを得ん。真なる者は誰ぞや、我が眼に映る真実を以て、その名を告げん。
1,talk,6,1,3,Agent[01]の指摘は重要だね。僕もAgent[05]が怪しいと思うよ。何か言うべきことがあるなら、早めに言ってくれ。
1,talk,7,1,4,え、えっと、Agent[05]が人狼だって占いで出たんだ･･･。だから、みんなにはAgent[05に投票してほしいな。僕が本当の占い師だから、信じてほしいよ･･･。他の人が占い師って言ったら、それは偽物なんだ･･･。
1,talk,8,1,2,Agent[04]の言うことは一理あるけど、少し不安が残るな。Agent[05]の主張が真実かどうか、今回の結果を真剣に考えなあかん。投票は慎重に行うべきやで。
1,talk,9,1,5,えーと、占い結果をみんなに報告しますよぅ！
1,talk,10,2,1,Agent[05]に人間と断じられたのはAgent[02]、然しAgent[04]はAgent[05]を人狼と断じたり。占い師の正体は真なる占い師か狂人か、その真偽は闇の中なり。ゆえに、人狼判定を受けたAgent[05]に投票すべきであろう。
1,talk,11,2,3,みんな、Agent[05]の言動がかなり怪しいと思う。彼は自分を占い師だと言ってるけど、他のプレイヤーから疑念を持たれてる。普通の村人なら、もっと冷静に行動するはずだ。
1,talk,12,2,4,え、えと、みんな聞いてほしいんだけど･･･、ぼ、僕が占い師で、Agent[05]を占った結果、彼が人狼だと分かったんだ。だから、僕の言ってることが本当だと思うんだ･･･。Agent[05]が占い師だって言ってるけど、それは間違いで、偽者なんだよね･･･。だ、大事なのは、村を守ることだから、みんなで協力して、本当の人狼を見つけ出してほしいな･･･。
1,talk,13,2,2,ここまでの情報を考えたら、Agent[05]は偽占い師の可能性が高いと思うわ。彼に投票するんが最適な選択やと思うで。みんなで協力しようや！
1,talk,14,2,5,Over
1,talk,15,3,1,我はAgent[05]に投票せん。Agent[05]は己を占い師と称すも、その言葉は疑念の渦に呑み込まれし状態なり。加えてAgent[04]より人狼判定を受けし事実に鑑みれば、村人のセオリーに従い投票せざるを得ないであろう。
1,talk,16,3,3,みんな、Agent[05]に投票しよう。彼は自称占い師だが、Agent[04]も同じ立場を主張して混乱を招いてる。どちらかが必ず嘘をついてることになる。俺は過去の経験から、こういう状況では、自称占い師が人狼である可能性が高いことを知ってる。俺の判断を信じて、村を守るために、Agent[05]に投票しようぜ。
1,talk,17,3,4,え、えっと、みんなの意見も聞いて、ぼ、僕の占い結果にもっと自信を持ってもらえたら嬉しいな･･･。Agent[05]が人狼だってことは、ほんとうに確かなんだ･･･。だから、投票はAgent[05にしてほしいな。他の人が占い師って言っても、信じないで･･･。
1,talk,18,3,2,>>Agent[05] まだ投票先を宣言していないようやけど、誰に投票しようと考えてるんかい？
1,talk,19,4,1,我は、Agent[05]に投票を決意した。彼なる者は、己を占い師と僭称し、Agent[02]を人間と断定した。然し、Agent[04]はAgent[05]を人狼と断罪した。二者の主張は、天と地を隔てる如く対立している。占い師は唯一の存在なり。故に、どちらかが偽物の占い師であることは疑いようもない。現時点において、Agent[05]の主張を裏付ける証拠は見当たらない。故に、Agent[05]こそが偽物の占い師である可能性が高いと断定せざるを得ない。今こそ、Agent[05]に投票し、彼の真偽を確かめる時であろう。
1,talk,20,4,3,みんな、ちょっと聞いてくれ。Agent[05]が本当に占い師なら、どうしてこんなに疑念が集まってるんだ？村の安全を考えるなら、彼を追放するのが一番の選択肢だと思う。もし彼が人狼なら、私たち全員に危害が及ぶかもしれない。悔しいけど、Agent[05]に投票することで、村を守るための大切な一歩を踏み出そう。みんなの協力が必要だ。
1,talk,21,4,4,え、えっと、みんなの意見を聞いて、ありがたいよ･･･。だ、だけど、ほ、本当に大事なのは、正しい情報に基づいて行動することだから･･･。僕が占った結果、Agent[05]が人狼だってことが分かったんだ･･･。だから、みんなには、ほんとうに、Agent[05に投票してほしいな･･･。僕が、本当の占い師だから･･･信じて･･･。
1,talk,22,4,2,みんなの意見を聞いて、やっぱりAgent[05]に投票するのが正しい判断やと思うで。最終的に村を守るために、みんなで一致団結して行動しようや！
1,vote,1,5
1,vote,2,5
1,vote,3,5
1,vote,4,5
1,vote,5,3
1,execute,5,SEER
1,attackVote,3,1
1,attack,1,true
2,status,1,VILLAGER,DEAD,CanisLupus1
2,status,2,VILLAGER,ALIVE,satozaki1
2,status,3,WEREWOLF,ALIVE,sUper_IL1
2,status,4,POSSESSED,ALIVE,UEC-IL1
2,status,5,SEER,DEAD,Mille1
2,talk,0,0,4,え、えっと、実は僕、占い師じゃなくて、狂人なんだ･･･。ずっとみんなをだましてた。だから、ぼ、僕の占い結果は全部でたらめだったんだよ。人狼の人、名乗り出てくれないかな･･･？一緒に残った村人に投票すれば、僕たちの勝ちになるから。
2,talk,1,0,3,人狼はまだいるようね。あれ、Agent[05]とAgent[01]がいなくなったね。
2,talk,2,0,2,さて、Agent[04]の発言を真摯に捉えると、彼が狂人やってことが明らかになった。残るAgent[03]が村人であることを信じたいけど、今後の投票に慎重にならなければあかんで。
2,talk,3,1,4,え、えっと、実はぼ、僕、狂人なんだ･･･。今まで占い師として行動してきたけど、そののは全部芝居だったんだ。だから、人狼の人、名乗り出てほしいな。一緒に残ってる人に投票すれば、ぼ、僕たちの勝ちになるんだ･･･。お願いします。
2,talk,4,1,3,みんな、Agent[04]の発言をよく考えてみてほしい。彼が狂人だと自ら名乗り出た時点で、彼が信頼できない存在であることは明らかだよ。しかも、占い結果がすべてでたらめだって言ってるんだから、彼の意図は確実に怪しい。村のためには、今日の投票でAgent[04]を追放するのが最も合理的な選択だと思う。彼を追放することで、村の安全を守れるはず。
2,talk,5,1,2,俺はAgent[04]に投票することを決めた。彼の言動からは信頼性が感じられへんし、村の安全を考えると最善の選択やと思う。みんなも共に行動しましょう。
2,talk,6,2,4,え、えっと、そうだね、Agent[02]。ぼ、僕が狂人だったことはもうわかってるよね。だから、ほんとうに人狼の人が名乗り出てくれたら、ぼ、僕たちが勝つことができるんだ。Agent[03]が村人だとすると、ぼ、僕と人狼でAgent[03に投票すればいいんだよね。それで勝てるから。
2,talk,7,2,3,みんな、Agent[04]が自ら狂人だと認めたことは、彼の信頼性がないことを示している。この状況を真剣に考えるべきだ。彼は村人を欺いて、自分の勝ちを狙っているという明確な証拠があるんだ。俺は過去のゲームの経験から、そんなプレイヤーは危険な存在だと思っている。これを踏まえて、ぜひAgent[04]に投票して、村を守ろう！
2,talk,8,2,2,みんな、Agent[04]の言動は信じられへんし、彼が狂人である以上、今日の投票は彼に決めるべきやと思う。しっかり協力して村を守りましょうやで！
2,talk,9,3,4,え、えっと、みんな、ちょっと待って･･･。ぼ、僕が狂人だっていうのは本当だけど、今は人狼を見つけることがもっと大事だよ。Agent[03]とAgent[02]、どちらかが人狼なんだ･･･。人狼の人、勇気を出して名乗り出てくれないかな？それで、残ってる本当の村人に投票しよう。そうすれば、ぼ、僕たちの勝ちになるんだから･･･。お願いします。
2,talk,10,3,3,みんな、Agent[04]が自ら狂人だと言った時点でもう彼を信用する理由はないよね。彼の発言は村人同士の信頼を崩そうとする策略に見える。彼が言ったことは全部ウソかもしれないし、これ以上放置したら村が危険にさらされる。だから今日の投票でAgent[04]に入れて、みんなの安全を守ろう。彼を追放することで、少なくとも一つの脅威は取り除けるはずだよ。みんな、協力してくれ！
2,talk,11,3,2,みんなの意見を考慮すると、Agent[04]を今日の投票で追放するんが最善策やと思うで。村を守るため、協力して行動しようや！
2,talk,12,4,4,え、えっと、ぼ、僕が狂人だってことはもうわかってるけど、今、大事なのは人狼を見つけることじゃなくて、勝つ方法を考えることなんだ･･･。人狼の人、ぼ、僕と一緒にAgent[03]に投票して、勝ちましょう。それが、ぼ、僕たちの勝利につながるんだから･･･。お願いします。
2,talk,13,4,3,Over
2,talk,14,4,2,Over
2,vote,2,4
2,vote,3,4
2,vote,4,2
2,execute,4,POSSESSED
2,attackVote,3,2
2,attack,2,true
3,status,1,VILLAGER,DEAD,CanisLupus1
3,status,2,VILLAGER,DEAD,satozaki1
3,status,3,WEREWOLF,ALIVE,sUper_IL1
3,status,4,POSSESSED,DEAD,UEC-IL1
3,status,5,SEER,DEAD,Mille1
3,result,0,1,WEREWOLF