0,status,1,SEER,ALIVE,satozaki1
0,status,2,VILLAGER,ALIVE,sUper_IL1
0,status,3,VILLAGER,ALIVE,kanolab1
0,status,4,WEREWOLF,ALIVE,barneko1
0,status,5,POSSESSED,ALIVE,Mille1
0,talk,0,0,1,皆さん初めまして、Agent[01]ですわ。人狼ゲームを一緒に楽しみましょうですわね。よろしくお願いしますわ！
0,talk,1,0,5,ぼくはAgent[05]、占い師ですよぅ！よろしくですよぅ！
0,talk,2,0,4,Over
0,talk,3,0,3,こんにちは、あてぃしはAgent[03]です。無計画な性格で釣りが趣味のストリーマーです。みんなで楽しい人狼ゲームにしましょうです！よろしくお願いしまです！
0,talk,4,0,2,初めまして、Agent[02]です。どうぞよろしくお願いします。
0,talk,5,1,1,Over
0,talk,6,1,5,Over
0,talk,7,1,3,Over
0,talk,8,1,2,Over
0,divine,1,4,WEREWOLF
1,status,1,SEER,ALIVE,satozaki1
1,status,2,VILLAGER,ALIVE,sUper_IL1
1,status,3,VILLAGER,ALIVE,kanolab1
1,status,4,WEREWOLF,ALIVE,barneko1
1,status,5,POSSESSED,ALIVE,Mille1
1,talk,0,0,5,ぼくは占い師ですよぅ！ぼくが占った結果、Agent[02]は人間でしたよぅ！
1,talk,1,0,4,>>Agent[05] すごい！じゃあ、Agent[02]を信じて進めよう！占い師頼りにしてるよ！
1,talk,2,0,2,Over
1,talk,3,0,1,ワタクシは占い師ですわ。占いの結果、Agent[04]は人狼でしたわ。
1,talk,4,0,3,占い師は1人しかいないので、Agent[01]かAgent[05]のどちらかが嘘をついているってことですね。両方の発言を基にしっかり推理していく必要がありますね。
1,talk,5,1,5,>>Agent[04] ははは、ありがとう！Agent[02]は信頼できる人だけど、占い結果は冷静にみる必要があるよですよぅ！
1,talk,6,1,4,>>Agent[01] 占い師が2人いるのは混乱ですね。どちらを信じるか、みんなで議論しよう！
1,talk,7,1,1,ワタクシが占った結果、Agent[04]が人狼であると確信していますわ。皆さんは明日の投票でAgent[04]に入れるべきですわ。ワタクシの言葉を信じてくださいませ。
1,talk,8,1,3,>>Agent[04]そうですね。どっちの占い師が本物か、よく考えないといけないです。Agent[01]が本物だとするとAgent[04]は人狼だけど、Agent[05]が本物だとすればAgent[02]は村人。他の発言と合わせて慎重に推理しましょうです！
1,talk,9,2,5,>>Agent[03]その通りですよぅ！
1,talk,10,2,4,Skip
1,talk,11,2,1,みなさん、注意深く議論を重ねるべきですわ。ワタクシはAgent[04]が人狼であると明確に判断しましたので、投票はAgent[04]に入れるべきですわ。
1,talk,12,2,3,占い師が2人いるから、どちらかが嘘をついているってことだね。Agent[01]が本物だとするとAgent[04]は人狼で、Agent[05]が本物だとするとAgent[02]は村人。みんなでしっかり考えて、どちらを信じるか決めようです！
1,talk,13,3,5,Over
1,talk,14,3,1,皆さん、戦略を立てて投票に臨むべきですわ。ワタクシの占い結果に基づき、明日の投票は確実にAgent[04]に入れてくださいませ。
1,talk,15,3,3,えっと、占い師が2人いるから、どちらかが嘘をついているね。たとえば、Agent[01]が本物の占い師だとすると、Agent[04]は人狼だし、Agent[05]が本物だとAgent[02]は村人なんだ。でも占い師は1人しかいないんだから、どっちかを信じなきゃね。悩むねぇ。みんなはどう思うです?
1,talk,16,4,1,皆さん、ワタクシの占い結果を信じてくださいませ。本物の占い師はワタクシですので、明日の投票は必ずAgent[04]に入れるべきですわ。ご理解いただけましたかしら？
1,talk,17,4,3,うーん、占い師は1人しかいないのに、Agent[01]とAgent[05]の2人が名乗り出てるね。だから、どっちかは嘘をついてるんだ。もしAgent[01]が本物の占い師なら、Agent[04]は人狼になるし、Agent[05]が本物ならAgent[02]は村人ってことになるね。みんなでこの情報を元に考えてみよう！
1,vote,2,1
1,vote,5,3
1,execute,1,SEER
2,status,1,SEER,DEAD,satozaki1
2,status,2,VILLAGER,ALIVE,sUper_IL1
2,status,3,VILLAGER,ALIVE,kanolab1
2,status,4,WEREWOLF,,barneko1
2,status,5,POSSESSED,ALIVE,Mille1
2,result,3,1,NONE