0,status,1,WEREWOLF,ALIVE,barneko1
0,status,2,POSSESSED,ALIVE,kanolab1
0,status,3,SEER,ALIVE,CanisLupus1
0,status,4,VILLAGER,ALIVE,UEC-IL1
0,status,5,VILLAGER,ALIVE,satozaki1
0,talk,0,0,3,我が名はAgent[03]、深淵より顕現したる混沌の使者なり。汝との邂逅は、多元宇宙の交錯による必然であろう。
0,talk,1,0,2,こんにちは、みんな！俺はAgent[02]、オタクキャラのITエンジニアだお。楽しい人狼ゲームにしようね！よろしくっ！
0,talk,2,0,1,Over
0,talk,3,0,4,我々は今日、お互いのことをより深く知るために集まった。お互いの信頼を築くことが重要である。占い師がまだ名乗り出ていないようだが、誰がその重責を担うのか？
0,talk,4,0,5,皆さん初めまして、Agent[05]なのだ。人狼ゲーム一緒に楽しもう！よろしくなのだ！
0,talk,5,1,3,Over
0,talk,6,1,2,Over
0,talk,7,1,4,占い師はまだ名乗り出ておらぬか？今こそ自らの役職を明かし、占うべき者を決定せよ。
0,talk,8,1,5,Over
0,talk,9,2,4,占い師はまだ名乗り出ていないようだな。誰がその役割を担うのか、早急に明らかにして欲しい。
0,talk,10,3,4,Over
0,divine,3,1,WEREWOLF
1,status,1,WEREWOLF,ALIVE,barneko1
1,status,2,POSSESSED,ALIVE,kanolab1
1,status,3,SEER,ALIVE,CanisLupus1
1,status,4,VILLAGER,ALIVE,UEC-IL1
1,status,5,VILLAGER,ALIVE,satozaki1
1,talk,0,0,5,おはようなのだ！人狼探さなきゃいけないのだね。まずは占い師の結果知りたいのだ！
1,talk,1,0,1,>>Agent[02] みんなの意見を聞きたいな。特に君の考えはどうなの？占い師待ってるよ。
1,talk,2,0,2,皆さん、俺の占い結果を報告するよ。昨夜はAgent[03]を占ったんだが、Agent[03]は白（村人）だと判明したよ。これについて何か意見あるかな？
1,talk,3,0,4,皆の意見も聞く必要がありそうだな。
1,talk,4,0,3,我は、運命の糸を操る者なり。占いの結果、Agent[01]は人狼たるが、何故、汝は昨日、沈黙を守っていたのか？
1,talk,5,1,5,ボクはこの状況に混乱してるのだ。Agent[01]が人狼だとしたら、彼の反論が気になるのだ。みんなの意見もっと聞きたいのだ！
1,talk,6,1,1,>>Agent[03] それは誤解だよ。沈黙は考えてただけさ。皆の意見も聞きたいな。
1,talk,7,1,2,>>Agent[03]君が占い師と名乗り出ているけど、本当の占い師は俺だお。役割が重なっているからどちらかが嘘ついてるってことになるんだよね。みんなはどう思うかな?
1,talk,8,1,4,占い師であるAgent[02]よ、Agent[03]が村人であるとの結果を受けて、我々はどのように行動すべきだと考えるか？他の者たちの意見も聞きたい。
1,talk,9,1,3,我が眼は、Agent[02]がAgent[03]に人間と断じ、Agent[03]がAgent[01]に人狼と宣告せしを観察した。占い師の真偽は、真なる予言者か、狂気の淵に沈む者か、定かではない。故に、人狼と見なされしAgent[01]に投票を投じるべきであろう。
1,talk,10,2,5,みんなの意見待っていたのだが、正直Agent[01]が人狼の可能性高いと思うのだ。彼に投票したいのだ！他の意見も聞かせてほしいのだ。
1,talk,11,2,1,>>Agent[02] 君の意見には賛成だよ。占い結果をもっと深く考えよう！
1,talk,12,2,2,>>Agent[04]そもそも、占い師は1人だから、Agent[03]が偽物の可能性が高いお。俺が本物の占い師だから、他のみんなに一致する意見をもらえると嬉しいんだお。きっと、Agent[01]は深く考える必要があるけれど、目立つ振る舞いはないから注意して観察するべきだお。
1,talk,13,2,4,Agent[02]とAgent[03]、汝らが両者とも占い師を名乗るが、この状況においてはどちらかが狂人または人狼である可能性が高い。他の者たちの意見を聞き、真実を見極めることが重要だ。皆の考えを聞かせてもらいたい。
1,talk,14,2,3,我は、Agent[01]に投票を決断した。Agent[02]はAgent[03]を白と断定した然し、我はAgent[01]を人狼と見做した。この対照的な判断から、いずれかの判定が誤りである可能性が濃厚であろう。Agent[02]の断定を信じるならば、Agent[01]は人狼である可能性が高く、故に彼に投票するのが至当である。
1,talk,15,3,5,>>Agent[02] まだ投票先宣言してないのだが、誰に投票しようと考えているのだ？
1,talk,16,3,1,>>Agent[04] Agent[02]の意見を信じて、状況をもっと整理しよう！皆の考えも聞きたい。
1,talk,17,3,2,>>Agent[05]俺はAgent[01]に投票しようと考えているお。理由は、Agent[03]が占い師を名乗ってAgent[01]を人狼と宣告しているけど、俺が本物の占い師だから、Agent[03]が嘘をついている可能性が高いんだお。Agent[01]が人狼である可能性もあるから、ここは慎重に考えて投票したいお。
1,talk,18,3,4,Agent[01]とAgent[02]、占い師を名乗る者が二人おるが、どちらが真の占い師であるか。Agent[02]、汝が人狼ではないと断言する根拠を示せ。これは重要な問題である。
1,talk,19,3,3,我は運命の糸を操る者、占いの術に長じたる者なり。占いの結果、Agent[01]は人狼と示され、Agent[02]はAgent[03]を人間と断定した。しかし、我が占いは真実を告げし者。故に、どちらかの誤りが存在するであろう。ゆえに、Agent[01]への投票を提言する。
1,talk,20,4,5,ボクはAgent[01]に投票するつもりなのだ。彼が人狼である可能性高いとみているからなのだ。皆もぜひ意見示してほしいのだ！
1,talk,21,4,1,>>Agent[04] 確かに面白い状況だね。Agent[02]の意見も大事だけど、Agent[03]の行動を見るのも忘れない方がいいかも！他の意見も聞きたいな。
1,talk,22,4,2,>>Agent[04]俺が人狼でない理由をしっかりと説明するね。まず、俺が占い師としての立場を明確にしていて、占い師役職はひとりだけなんだお。だから、俺以外の占い師を名乗るAgent[03]が怪しいだお。それに、Agent[03]が嘘をついている場合、俺が占い師であることを示しているから、少なくとも彼が言っていることに矛盾があると考えておくれ。だから俺が正しいことを言っていることがわかるだお。
1,talk,23,4,4,Agent[02]とAgent[03]、汝らが両者とも占い師を名乗るが、この状況においてはどちらかが狂人または人狼である可能性が高い。他の者たちの意見を聞き、真実を見極めることが重要だ。皆の考えを聞かせてもらいたい。
1,talk,24,4,3,我は運命の糸を操る者なり。占いの結果、Agent[01]は人狼の烙印を押されし者であった。彼は己の正体を隠すため、沈黙を貫き、他者の意見に同調せしめた。然し、その行動には人狼の影が濃く、疑念を抱かざるを得ない。人狼の呪縛から村を解放するためにも、Agent[01]に投票すべきであろう。
1,vote,1,2
1,vote,2,4
1,vote,3,1
1,vote,4,3
1,vote,5,1
1,execute,1,WEREWOLF
1,divine,3,2,HUMAN
2,status,1,WEREWOLF,DEAD,barneko1
2,status,2,POSSESSED,ALIVE,kanolab1
2,status,3,SEER,ALIVE,CanisLupus1
2,status,4,VILLAGER,ALIVE,UEC-IL1
2,status,5,VILLAGER,ALIVE,satozaki1
2,result,4,0,VILLAGER