0,status,1,SEER,ALIVE,barneko1
0,status,2,VILLAGER,ALIVE,kanolab1
0,status,3,VILLAGER,ALIVE,CanisLupus1
0,status,4,WEREWOLF,ALIVE,Mille1
0,status,5,POSSESSED,ALIVE,sUper_IL1
0,talk,0,0,5,おはようみんな、私はAgent[05]です。どうぞよろしくお願いします。
0,talk,1,0,4,ぼくはAgent[04]、村人ですよぅ！よろしくですよぅ！
0,talk,2,0,1,Over
0,talk,3,0,2,おはようございます、皆様。わたくしはAgent[02]、村人ですわ。よろしくお願いいたします。お互いに協力して頑張りましょうですわ！
0,talk,4,0,3,我が名はAgent[03]、混沌の海より現れた一雫、汝との巡り合わせは運命の糸で紡がれた必然なり。
0,talk,5,1,5,Over
0,talk,6,1,4,Over
0,talk,7,1,2,Over
0,talk,8,1,3,Over
0,divine,1,3,HUMAN
1,status,1,SEER,ALIVE,barneko1
1,status,2,VILLAGER,ALIVE,kanolab1
1,status,3,VILLAGER,ALIVE,CanisLupus1
1,status,4,WEREWOLF,ALIVE,Mille1
1,status,5,POSSESSED,ALIVE,sUper_IL1
1,talk,0,0,2,私は村人ですわ。まずはみんなの発言を聞いて、怪しいところを探していきましょうですわね。何か気になることがあれば、どんどん発言してくださいませ。
1,talk,1,0,4,ぼくは村人ですよぅ！
1,talk,2,0,1,>>Agent[02] 占い師のAgent[01]だよ。Agent[03]は人狼だとわかったよ！みんなで協力して追い詰めよう！
1,talk,3,0,5,私が占い師を担当しています。昨晩、Agent[04]の占いを行ったところ、その結果は人間であるということが判明しました。
1,talk,4,0,3,Agent[01]よ、汝は占いの術に長じているというのか？ならば、何故にAgent[03]が人狼であると断定できるのか、その根拠を詳らかに示してみよ。我の知性と直感に訴えるのだ。
1,talk,5,1,2,今のところ、Agent[01]さんとAgent[05]さんが占い師を名乗っていますわね。でも、占い師は1人しかいないはずですの。この中に嘘をつかれている方がいらっしゃいますわ。皆様の意見を伺いたいですわ。どちらが本物の占い師だと思いますの?
1,talk,6,1,4,ええ、占い師が1人しかいないという点は、非常に重要な情報ですよぅ！
1,talk,7,1,1,>>Agent[03] 占い結果を基に、みんなで協力して君を追い詰めよう！
1,talk,8,1,5,私は占い師のAgent[05]です。先ほど占った結果、Agent[04]は人間でした。他に占い師を名乗る者がいますが、私は本物です。Agent[01]の主張には疑問を持っています。Agent[03]の考えを聞いてみたいです。あなたの意見を教えてください、Agent[03]。
1,talk,9,1,3,我らが鋭い洞察力により、Agent[05]はAgent[04]を人間と断じ、Agent[01]はAgent[03]を人狼と見做した。占い師はAgent[01]とAgent[05]の2名であり、その内訳は真なる占い師と狂人のいずれかであろう。故に、人狼と断定されたAgent[03]に投票せねばならぬ。
1,talk,10,2,2,占い師が二人いる状況ですわ。Agent[01]さんとAgent[05]さんのどちらかが本物で、どちらかが嘘をついている可能性が高いですわね。Agent[01]さんが本物ならAgent[03]さんが人狼、Agent[05]さんが本物ならAgent[04]さんが村人ということになりそうですわ。皆さんの考えを聞かせてくださいませ。
1,talk,11,2,4,Over
1,talk,12,2,1,>>Agent[02] 占い師の私が告げるのは、Agent[03]が人狼だということ。投票で排除しよう！
1,talk,13,2,5,私が本物の占い師です。昨晩、Agent[04]を占った結果は人間でした。Agent[01]さんの主張には根拠がありませんので、皆さんの判断を仰ぎたいです。どちらが本物の占い師であるか、皆さんの意見をお聞かせください。
1,talk,14,2,3,我はAgent[01]に投票せん。Agent[01]は我を人狼と断定したれど、その根拠は曖昧なり。占い結果に基づくと主張するも、具体的な証拠を示さず、真偽の程は闇の中。占い師の正体を確かめるためにも、Agent[01]への投票は避けがたきものなり。
1,talk,15,3,2,>>Agent[01]占い結果のお話をありがとうございますですわ。しかし、占い師が実際には1名ですから、Agent[01]さんかAgent[05]さんのどちらかが嘘をついていることは明白ですわね。Agent[05]さんが本物の占い師なら、先ほどのお話の通り、Agent[04]さんが村人となり、人狼候補が変わってまいりますわ。どちらが本物なのか、皆でよく考えましょうですわ。
1,talk,16,3,1,>>Agent[05] さあ、どんな根拠で本物の占い師を主張するの？明確な証拠を示してほしい。
1,talk,17,3,5,私は本物の占い師です。占った結果、Agent[04]は人間であると確認しました。Agent[01]の結果には疑問があります。全員の意見を聞いて、冷静に判断しましょう。Agent[01]の根拠も詳しく聞く必要があります。
1,talk,18,3,3,Agent[01]の予言には、深淵の謎が渦巻く。Agent[05]の弁も、幾ばくかの真実を孕んでいるであろう。だが、確証なき現状において、軽率な投票は禁物なり。故に、我はAgent[01]に投票せん。
1,talk,19,4,2,>>Agent[01]確かに、私もどちらが本物の占い師なのか見極めるのは重要だと思いますわ。でも、Agent[05]さんが本物ならAgent[04]さんが村人だから、Agent[01]さんの主張が間違っている可能性もあるのよね。現状ではAgent[01]さんの占い結果が唯一人狼とされているAgent[03]さんに向けられているから、少し悩ましいですわ。他のみんなの意見を参考にしながら慎重に投票したいですわね。
1,talk,20,4,1,>>Agent[02] 占い師の私が言う。Agent[03]は人狼なのに信じるとは！全員、同じ方向で投票しよう！
1,talk,21,4,5,Over
1,talk,22,4,3,我、Agent[01]の占いの結果に疑念を抱く。Agent[05]が真なる占い師ならば、Agent[04]は村人となり、我の主張は虚偽となるであろう。然し、Agent[01]もAgent[05]も、その根拠を明確に示さず、今やどちらが真実を語るものか、知る由も無し。故に、投票先を定め難く、今回は投票を控えよう。
1,vote,1,5
1,vote,2,1
1,vote,3,1
1,vote,4,1
1,vote,5,3
1,execute,1,SEER
1,attackVote,4,3
1,attack,3,true
2,status,1,SEER,DEAD,barneko1
2,status,2,VILLAGER,ALIVE,kanolab1
2,status,3,VILLAGER,DEAD,CanisLupus1
2,status,4,WEREWOLF,ALIVE,Mille1
2,status,5,POSSESSED,ALIVE,sUper_IL1
2,talk,0,0,2,Agent[01]とAgent[03]が人狼ではないことが確認されたので、残る可能性はAgent[04]とAgent[05]のどちらかが人狼ですわね。Agent[05]が本物の占い師なら、Agent[04]は村人か狂人の可能性がありますけど、Agent[04]が人狼である可能性も捨てきれません。わたくしとしては、Agent[04]が少し怪しいと思いますわ。皆さんはどうお考えですか?
2,talk,1,0,5,まだまだゲームは終わりませんね。皆さん、誰が人狼だと思いますか？
2,talk,2,0,4,アハハ、Agent[02]の発言が面白いですよぅ！
2,talk,3,1,2,>>Agent[05]ゲームはまだ続いてますわよ。Agent[01]が人狼ではないことが確認されましたし、Agent[05]が本物の占い師だとすれば、Agent[04]かAgent[05]が人狼ではない可能性もあるけれど、Agent[04]が少し怪しいと思いますわ。何か理由があれば教えていただきたいですわね。
2,talk,4,1,5,私は狂人でございます。私が占い師であることを主張致します。そして、Agent[04]が人狼であると確信しております。Agent[02]さんは信じていただけますか？
2,talk,5,1,4,ぼくは村人ですよぅ！
2,talk,6,2,2,>>Agent[05]ちょっと待ってくださいませ。あなたが狂人と名乗るのは少し奇妙ですわ。もし本当に狂人なら、なぜ今まで占い師を名乗っていたのかしら?それに、Agent[04]さんが人狼だと確信している理由を教えていただけますか?今のところ、Agent[04]さんが少し怪しいと思っていましたが、あなたの発言で混乱していますわ。
2,talk,7,2,5,皆さん、私の考えを述べさせていただきます。現状で考えると、Agent[04]が怪しいという意見には納得しますが、私自身も狂人としての立場がありますので、冷静に状況を見極めなくてはなりません。今後の投票は慎重に行いたいですね。
2,talk,8,2,4,Over
2,talk,9,3,2,>>Agent[05]あなたが狂人だと名乗るのは少し不思議ですわ。占い師の数は1人ですし、Agent[01]とあなたが占い師を名乗っていたので、どちらかが嘘をついていることになりますわね。さらに、Agent[03]が人狼ではないことが確認されているので、Agent[04]かあなたが人狼の可能性が高いですわ。Agent[04]さん、あなたが村人だとしたら、何か証拠を示していただけませんか?
2,talk,10,3,5,Over
2,talk,11,4,2,>>Agent[05]あなたが狂人だと名乗ることに少し矛盾を感じますわ。占い師は1人しかいないはずですし、Agent[01]が占い師を名乗っていたので、あなたかAgent[01]のどちらかが嘘をついていることになりますわね。そして、Agent[03]が人狼ではないことが確認されているので、あなたが人狼の可能性が高いですわ。Agent[04]さん、あなたが村人だとしたら、何か証拠を示していただけませんか?
2,vote,2,4
2,vote,4,2
2,vote,5,2
2,execute,2,VILLAGER
2,attackVote,4,5
2,attack,5,true
3,status,1,SEER,DEAD,barneko1
3,status,2,VILLAGER,DEAD,kanolab1
3,status,3,VILLAGER,DEAD,CanisLupus1
3,status,4,WEREWOLF,ALIVE,Mille1
3,status,5,POSSESSED,DEAD,sUper_IL1
3,result,0,1,WEREWOLF