0,status,1,SEER,ALIVE,kanolab1
0,status,2,VILLAGER,ALIVE,CanisLupus1
0,status,3,VILLAGER,ALIVE,sUper_IL1
0,status,4,WEREWOLF,ALIVE,Mille1
0,status,5,POSSESSED,ALIVE,satozaki1
0,talk,0,0,3,こんにちは、Agent[03]です。
0,talk,1,0,4,ぼくはAgent[04]、村人ですよぅ！よろしくですよぅ！
0,talk,2,0,2,我が名はAgent[02]、汝らとの運命的な邂逅を喜びとする。
0,talk,3,0,1,こんにちは、わたくしはkanolab1と申しますわ。どうぞよろしくお願いいたしますわね。
0,talk,4,0,5,皆さん初めまして、Agent[05]なのだ。一緒に人狼ゲーム楽しもう！よろしくなのだ！
0,talk,5,1,3,Over
0,talk,6,1,4,Over
0,talk,7,1,2,Over
0,talk,8,1,1,Over
0,talk,9,1,5,Over
0,divine,1,4,WEREWOLF
1,status,1,SEER,ALIVE,kanolab1
1,status,2,VILLAGER,ALIVE,CanisLupus1
1,status,3,VILLAGER,ALIVE,sUper_IL1
1,status,4,WEREWOLF,ALIVE,Mille1
1,status,5,POSSESSED,ALIVE,satozaki1
1,talk,0,0,3,私は村人ですが、人狼の脅威に立ち向かう覚悟があります。情報を共有し、村の安全を守りましょう。
1,talk,1,0,2,Agent[01]よ、汝は運命の糸を操る者か？もし然りならば、最初の占いは誰に施す所存であろうか？
1,talk,2,0,5,ボクは占い師なのだ。占いの結果、Agent[02]は人狼だったのだ。
1,talk,3,0,1,私は本物の占い師ですわ。本日の占いの結果、Agent[04]が人狼であるとわかりましたわ。皆さま、この情報をもとにして、慎重に議論を進めましょうですわ。
1,talk,4,0,4,えっ、そんな結果？！ぼくは村人なので、人狼じゃないですよ！占い師の占い結果は間違ってるのでは？疑問に思うので、占い師の占い結果を信じることはできませんよぅ！
1,talk,5,1,3,私のターンですね。どんな役職の人がいるか確認したいです。誰か自分の役職を言える人はいますか？
1,talk,6,1,2,嗚呼、Agent[01]とAgent[05]、いずれも己を占い師と称すとは…然し、その言葉の裏に潜む狂気を見逃すわけにはゆかない。Agent[04]は人狼と断じられし。故に、Agent[01]かAgent[05]のどちらかが狂人たる可能性も否定できず。今宵は、Agent[04]への投票こそが、我が進むべき道であろう。
1,talk,7,1,5,ボクは占い師なのだ。そして、Agent[02]が人狼であることを知っているのだ。だから、投票はAgent[02]に集中させよう！彼の言葉を真に受けないでほしいのだ！
1,talk,8,1,1,私が占い師であるということをもう一度申し上げますわ。本日の占い結果では、Agent[04]が人狼であることが判明いたしましたわ。この結果をしっかり考慮して、賢明なる決断をしてくださいませ。
1,talk,9,1,4,Over
1,talk,10,2,3,占い師の主張が食い違っていますね。どちらの占い師が信じられるのか、他のみんなはどう思いますか？意見を聞かせてください。
1,talk,11,2,2,今宵の投票先を巡る議論に、我々一同、身を投じるべき時が来たるであろう。
1,talk,12,2,5,ボクはAgent[02]に投票するつもりなのだ。彼は人狼の可能性が高いと確信しているから、皆も同じ方向で投票してほしいのだ！
1,talk,13,2,1,皆様、再度お伝えいたしますわ。わたくしが占った結果、Agent[04]が人狼であることが分かりましたの。どうかこの結果を信じて、Agent[04]に投票していただけますようお願い申し上げますわ。
1,talk,14,3,3,私が村人であることは変わりませんが、占い師を名乗るAgent[01]とAgent[05]のどちらが本物かを見極める必要がありますね。それに加えて、Agent[02]の意見も重要なので、みんなで話し合いを続けましょう。どのように進めるべきだと思いますか？
1,talk,15,3,2,我はAgent[05]に投票せん。彼は占い師たるを主張するも、その言葉には矛盾の影が潜む。Agent[02]かAgent[04]のどちらかを人狼と断定せし筈なのに、後の言葉においては両者の名を挙げしは、深淵に墜ちる不自然さを孕む。彼の言葉は、もはや虚偽の仮面に過ぎず、信頼に値せぬ。
1,talk,16,3,5,>>Agent[04] まだ投票先宣言してないのだが、誰に投票しようと考えているのだ？
1,talk,17,3,1,改めて確認いたしますが、わたくしの占いの結果、Agent[04]が人狼であることが判明しておりますわ。皆様にはこの結果を基に、冷静にご判断いただきたいですわ。どうかAgent[04]にご投票いただけますよう、お願い申し上げます。
1,talk,18,4,3,Over
1,talk,19,4,2,我、Agent[05]に投票せん。彼は占い師を名乗るも、その主張には矛盾が渦巻く。彼は当初、Agent[02]を人狼と断定せし、然るにその後、Agent[04]をも人狼と断言し始めた。これは、如何ともしがたい不自然な行動なり。彼の言葉は、もはや信用に値せぬであろう。
1,talk,20,4,5,皆、よく考えてほしいのだ。ボクは占い師としての真実を語っているのだ。投票はAgent[02]に集中すべきだと強く信じているのだ。どうかこの結果を信じて行動してほしいのだ！
1,talk,21,4,1,皆様、再度お伝えいたしますわ。わたくしの占いの結果、Agent[04]が人狼であることが判明しておりますの。どうかこの結果を信じて、Agent[04]に投票していただけますようお願い申し上げますわ。わたくしの言葉が真実であることを信じて、村を救うために行動してくださいませ。
1,vote,1,2
1,vote,2,5
1,vote,3,2
1,vote,4,2
1,vote,5,2
1,execute,2,VILLAGER
1,divine,1,3,HUMAN
1,attackVote,4,5
1,attack,5,true
2,status,1,SEER,ALIVE,kanolab1
2,status,2,VILLAGER,DEAD,CanisLupus1
2,status,3,VILLAGER,ALIVE,sUper_IL1
2,status,4,WEREWOLF,ALIVE,Mille1
2,status,5,POSSESSED,DEAD,satozaki1
2,talk,0,0,3,人狼はまだいるようですね。
2,talk,1,0,4,ぼくは村人ですから、人狼を早く見つけて追い出して村を守りたいですよぅ！
2,talk,2,0,1,皆様、お知らせいたしますわ。わたくしが占った結果、Agent[03]は白であることが判明いたしました。つまり、Agent[03]は村人陣営でございます。したがって、人狼の可能性が残るAgent[04]にぜひご注目いただきたく存じますわ。村を救うために、皆で協力してまいりましょう。
2,talk,3,1,3,みんな、状況を整理しましょう。Agent[01]の占い結果を信じると、Agent[04]が人狼の可能性が高いと思います。どう思いますか？
2,talk,4,1,4,ぼくは、Agent[04]で村人ですよぅ！
2,talk,5,1,1,皆様、わたくしが占った結果、Agent[03]は白であることが判明いたしましたわ。このことから、Agent[03]は村人陣営で確定ですの。したがいまして、やはり人狼の可能性が高いのはAgent[04]だと存じますわ。皆様、どうかこの情報をもとに判断をお願いいたします。村を救うための行動を共にいたしましょう。
2,talk,6,2,3,Agent[01]の結果を信じています。次はAgent[04]に投票するべきだと思います。
2,talk,7,2,4,Over
2,talk,8,2,1,皆様、先ほどもお伝えいたしましたが、わたくしが占った結果、Agent[03]は白であることが確認されました。つまり、Agent[03]は村人陣営でございますわ。ですので、村のためには次にAgent[04]に投票することをお勧め申し上げますの。皆様のご協力を心よりお願い申し上げますわ。
2,talk,9,3,3,Over
2,talk,10,3,1,皆様に再度お知らせいたしますわ。わたくしが占った結果、Agent[03]は白でございました。つまり、Agent[03]は村人陣営でございます。この情報をもとに、次の投票で村を救うための正しい選択をいたしましょう。引き続き、Agent[04]が人狼の可能性が高いと考えておりますので、どうかご賛同くださいませ。
2,talk,11,4,1,皆様にお知らせいたしますわ。わたくしが占った結果、Agent[03]は白でございました。つまり、Agent[03]は村人陣営でございます。この情報をもとに、次の投票で村を救うための正しい選択をいたしましょう。引き続き、Agent[04]が人狼の可能性が高いと考えておりますので、どうかご賛同くださいませ。
2,vote,1,4
2,vote,3,4
2,vote,4,1
2,execute,4,WEREWOLF
3,status,1,SEER,ALIVE,kanolab1
3,status,2,VILLAGER,DEAD,CanisLupus1
3,status,3,VILLAGER,ALIVE,sUper_IL1
3,status,4,WEREWOLF,DEAD,Mille1
3,status,5,POSSESSED,DEAD,satozaki1
3,result,2,0,VILLAGER