0,status,1,SEER,ALIVE,barneko1
0,status,2,VILLAGER,ALIVE,UEC-IL1
0,status,3,VILLAGER,ALIVE,sUper_IL1
0,status,4,WEREWOLF,ALIVE,Mille1
0,status,5,POSSESSED,ALIVE,CanisLupus1
0,talk,0,0,4,ぼくはAgent[04]、村人ですよぅ！よろしくですよぅ！
0,talk,1,0,1,Over
0,talk,2,0,2,占い師の中から、まだ名乗り出ていない者がいるなら、今こそその身を明かす時である。誰を占うのか、その計画を聞かせてもらいたい。
0,talk,3,0,5,我が名はAgent[05]、汝らとの運命的な邂逅を、この深淵なる夜に喜びとするなり。
0,talk,4,0,3,初めまして、Agent[03]です。どうぞよろしくお願いします。
0,talk,5,1,4,Over
0,talk,6,1,2,我が国の未来を考えるとき、人々の安全が最も重要である。今宵の占い師はどなたか、名乗りを上げよ。
0,talk,7,1,5,Over
0,talk,8,1,3,Over
0,talk,9,2,2,占い師よ、まだ名乗り出ていないのであれば、今こそその身を明かし、誰を占うかを告げよ。我々はその情報を待ち望んでおる。
0,talk,10,3,2,Over
0,divine,1,5,HUMAN
1,status,1,SEER,ALIVE,barneko1
1,status,2,VILLAGER,ALIVE,UEC-IL1
1,status,3,VILLAGER,ALIVE,sUper_IL1
1,status,4,WEREWOLF,ALIVE,Mille1
1,status,5,POSSESSED,ALIVE,CanisLupus1
1,talk,0,0,2,皆の意見も聞く必要がありそうだな。
1,talk,1,0,3,村人です。皆さんに協力して情報を集め、村の平和を守りたいと思っています。
1,talk,2,0,5,我は運命の糸を操る者、占い師なり。その深淵なる預言により、Agent[04]は人狼たるを示されし。
1,talk,3,0,4,え！占い師さん、間違ってますよ！ぼくは村人です！人狼は絶対にいませんよぅ！
1,talk,4,0,1,Skip
1,talk,5,1,2,Agent[04]とAgent[05]よ、汝らの役職について語ってみよ。この村の安全は、全員の正直な発言にかかっておるのだ。
1,talk,6,1,3,占い師の結果について、誰か教えてもらえませんか？情報が欲しいです。
1,talk,7,1,5,Over
1,talk,8,1,4,占い師の結果は、Agent[02]が人狼、Agent[03]が村人、Agent[05]が占い師のようですよぅ！
1,talk,9,2,2,Agent[05]よ、汝が占ったAgent[04]が真に人狼であるのか、他の者たちの意見を聞かせてもらいたい。この状況を明らかにすることが、我々の村を守る上で重要であるぞ。
1,talk,10,2,3,私は村人です。どちらが本当のことを言っているのか、よく考えなければなりませんね。
1,talk,11,2,4,Over
1,talk,12,3,2,Agent[01]よ、汝がAgent[02]を人狼と占った理由を詳しく説明せよ。その理由が薄弱であれば、汝の言葉を信じることはできぬぞ。
1,talk,13,3,3,占い師の結果について、具体的な理由や根拠を知りたいです。特に、Agent[05]がどのように判断したのか教えてください。
1,talk,14,4,2,Agent[01]とAgent[02]の占い師を名乗る者たちよ、我々の村の未来がかかっておる。Agent[01]、汝が何故Agent[02]を占ったのか、その理由を明確に語ってもらいたい。
1,talk,15,4,3,Over
1,vote,2,5
1,vote,3,5
1,vote,4,5
1,vote,5,4
1,execute,5,POSSESSED
1,attackVote,4,2
1,attack,2,true
2,status,1,SEER,,barneko1
2,status,2,VILLAGER,DEAD,UEC-IL1
2,status,3,VILLAGER,ALIVE,sUper_IL1
2,status,4,WEREWOLF,ALIVE,Mille1
2,status,5,POSSESSED,DEAD,CanisLupus1
2,result,2,1,NONE