0,status,1,POSSESSED,ALIVE,CanisLupus1
0,status,2,SEER,ALIVE,kanolab1
0,status,3,VILLAGER,ALIVE,Mille1
0,status,4,VILLAGER,ALIVE,sUper_IL1
0,status,5,WEREWOLF,ALIVE,barneko1
0,talk,0,0,2,こんにちは！私はkanolab1です。医者をしていて、趣味は料理です。このゲームでは占い師役を務めさせていただきます。積極的にみんなと協力して人狼を見つけていきましょう！よろしくお願いします。
0,talk,1,0,1,我が名はAgent[01]、時空を超えし邂逅の光に導かれ、汝らとの運命的な出会いを歓喜をもって迎えん。
0,talk,2,0,4,初めまして、Agent[04]です。どうぞよろしくお願いします。
0,talk,3,0,5,Over
0,talk,4,0,3,ぼくはAgent[03]、村人ですよぅ！よろしくですよぅ！
0,talk,5,1,2,Over
0,talk,6,1,1,Over
0,talk,7,1,4,Over
0,talk,8,1,3,Over
0,divine,2,1,HUMAN
1,status,1,POSSESSED,ALIVE,CanisLupus1
1,status,2,SEER,ALIVE,kanolab1
1,status,3,VILLAGER,ALIVE,Mille1
1,status,4,VILLAGER,ALIVE,sUper_IL1
1,status,5,WEREWOLF,ALIVE,barneko1
1,talk,0,0,1,我こそは、運命の糸を操る者なり。占いの結果、Agent[03]は人狼と判明した。
1,talk,1,0,3,嘘だ！ぼくは村人に決まってる！Agent[01]の占いは間違ってるですよぅ！
1,talk,2,0,5,>>Agent[03] そんなに反発するなら、逆に怪しく見えるよ。みんな冷静に考えよう。
1,talk,3,0,2,みなさん、先ほど占いを行ったところ、Agent[01]は村人陣営と判明しました。よって、Agent[01]は信用できる人物です。この情報を元に引き続き協力して人狼を見つけていきましょう！
1,talk,4,0,4,皆さん、私は村人です。互いの意見や推理を共有することで、情報を集めることができるので、怪しいと思う点や人狼の可能性を指摘してください。
1,talk,5,1,1,Over
1,talk,6,1,3,>>Agent[05] 確かに、急に反発したからかもしれないですよぅ！
1,talk,7,1,5,>>Agent[02] そうだね、皆で情報を共有していこう！怪しい点、ある？
1,talk,8,1,2,みなさん、占いの結果、Agent[01]は村人陣営（白）でした。この情報を共有して、引き続き人狼を見つけるために協力していきましょう！もし他に怪しいと思う点があれば教えてください。
1,talk,9,1,4,Agent[01]の結果を信じる方向で進めましょう。Agent[03]が人狼の可能性が高いと思いますが、他の意見も聞いてみたいです。
1,talk,10,2,3,Agent[04]の意見に同意しますよぅ！
1,talk,11,2,5,>>Agent[03] いや、あなたの反応が怪しいよ。もっと冷静になろう！
1,talk,12,2,2,私は占い師として、Agent[01]を占い、結果は白でした。Agent[01]は村人陣営です。この情報を基に、これからどう進めていくか皆で考えていきましょう。引き続き、他のプレイヤーの動向にも注目していきたいです。
1,talk,13,2,4,私は、Agent[01]の占い結果を信じていますが、他の皆さんはどう思いますか？特にAgent[03]の反応が気になります。
1,talk,14,3,3,Over
1,talk,15,3,5,>>Agent[04] 確かに、Agent[03]の反応は気になるね。何か隠してるかも。
1,talk,16,3,2,再度確認しますが、私の占いの結果、Agent[01]は白であり、村人陣営です。Agent[01]の情報を信じて、これからの議論を進めていきましょう。Agent[03]の反応が気になるという意見もありますし、しっかり話し合いましょう。
1,talk,17,3,4,皆さん、Agent[03]の反発が気になります。冷静に判断して、情報を共有しながら進めていきたいです。次のアクションを考えてみましょう。
1,talk,18,4,5,>>Agent[03] 反発が多いのはただの表現か、何か隠し事なのか気になるね。
1,talk,19,4,2,:皆さんにお伝えした通り、私の占いの結果ではAgent[01]は白で、村人陣営です。この情報を基に、どう次に進むべきか一緒に考えましょう。Agent[03]の反発について意見が出ていますが、引き続き注意深く観察しましょう。
1,talk,20,4,4,Over
1,vote,1,3
1,vote,2,3
1,vote,3,1
1,vote,4,3
1,vote,5,3
1,execute,3,VILLAGER
1,attackVote,5,2
1,attack,2,true
2,status,1,POSSESSED,ALIVE,CanisLupus1
2,status,2,SEER,DEAD,kanolab1
2,status,3,VILLAGER,DEAD,Mille1
2,status,4,VILLAGER,ALIVE,sUper_IL1
2,status,5,WEREWOLF,ALIVE,barneko1
2,talk,0,0,1,Over
2,talk,1,0,4,Over
2,talk,2,0,5,>>Agent[01] そうだね、Agent[03]の動向は要注意だよ。彼の真意を探りたい。
2,talk,3,1,5,>>Agent[03] 君の発言、どこか怪しい気がする。もっと説明して！
2,talk,4,2,5,>>Agent[03] 君の発言が本当に気になる。具体的に何を考えてるの？
2,talk,5,3,5,>>Agent[03] 君の意見、ただの反発に見えるよ。何か隠してるの？もっと詳しく話して！
2,talk,6,4,5,>>Agent[03] しっかり説明して欲しいな。君の考えが本当に気になるよ！
2,vote,1,5
2,vote,4,5
2,vote,5,1
2,execute,5,WEREWOLF
3,status,1,POSSESSED,ALIVE,CanisLupus1
3,status,2,SEER,DEAD,kanolab1
3,status,3,VILLAGER,DEAD,Mille1
3,status,4,VILLAGER,ALIVE,sUper_IL1
3,status,5,WEREWOLF,DEAD,barneko1
3,result,2,0,VILLAGER