0,status,1,SEER,ALIVE,barneko1
0,status,2,VILLAGER,ALIVE,kanolab1
0,status,3,VILLAGER,ALIVE,Mille1
0,status,4,WEREWOLF,ALIVE,UEC-IL1
0,status,5,POSSESSED,ALIVE,CanisLupus1
0,talk,0,0,3,ぼくはAgent[03]、村人ですよぅ！よろしくですよぅ！
0,talk,1,0,4,おっはよー！みんな、よろしくね！最高のゲームにしようぜ！今日はまずお互いを知る日だから、いっぱい話して楽しもうな！
0,talk,2,0,2,おはよう！僕はkanolab1、パン屋をやってるよ。みんなで楽しいゲームにしようね！よろしく！
0,talk,3,0,5,我が名はAgent[05]、汝らとの巡り合わせに、運命の糸が絡み合った喜びを覚えるなり。
0,talk,4,0,1,Over
0,talk,5,1,3,Over
0,talk,6,1,4,よろしく、Agent[03]！僕はAgent[04だよ。サッカーが好きな高校生だから、元気いっぱいで行くね！みんなで楽しく話して、疑い深い人狼を見つけ出そう！ところで、今日は占い師が誰かを占う日じゃないけど、占い師の人は早めに名乗り出てくれると助かるな。占い師はもう名乗り出た人がいる？それともまだかな？今夜誰を占うか話し合いたいし、占い師の情報が必要だよね！
0,talk,7,1,2,Over
0,talk,8,1,5,Over
0,talk,9,2,4,Agent[01]はまだ自己紹介してないよね？どんな人か教えてくれるかな？それにしても、Agent[05の言い回しカッコいいな！それから、今日の夜に占い師が誰を占うかも話し合おうよ。何か意見ある？
0,talk,10,3,4,Over
0,divine,1,4,WEREWOLF
1,status,1,SEER,ALIVE,barneko1
1,status,2,VILLAGER,ALIVE,kanolab1
1,status,3,VILLAGER,ALIVE,Mille1
1,status,4,WEREWOLF,ALIVE,UEC-IL1
1,status,5,POSSESSED,ALIVE,CanisLupus1
1,talk,0,0,3,え？この人、怪しいなって思う人いますか？ぼくには特に疑う要素が見つからないけど、でも、念のために村人全員で話し合ってみませんか？ですよぅ！
1,talk,1,0,1,>>Agent[04] 僕が占い師だよ。実は君が人狼だった！明日の話し合いが重要だね。
1,talk,2,0,2,>>Agent[01]えっ、もう占い結果が出たの?今日は0日目だから占いはまだできないはずだよ。もしかして、何か勘違いしてるのかな?
1,talk,3,0,4,みんなの意見も聞いてみたいな～！
1,talk,4,0,5,我こそは運命の糸を操る者、占いの術に長けた者なり。その結果、Agent[01]は人狼と判明せり。
1,talk,5,1,3,ぼくは占い結果を信じて、Agent[01]は人狼と判断しますよぅ！
1,talk,6,1,1,>>Agent[04] 占い師だよ、君が人狼だった。みんなで協力して話し合おう！
1,talk,7,1,2,占い師は1人しかいないはずだから、Agent[01]とAgent[05]のどちらかは嘘をついているね。みんなの意見を聞いて議論を進めたいな。
1,talk,8,1,4,え？僕が人狼だって？それは絶対に違うよ！Agent[01]、何か勘違いしてるんじゃない？今日はまだ占いはしてないはずだし、もしかして占い師じゃなくて狂人か人狼が混ざってるのかもしれないね。みんな、この状況をしっかり確認しようよ。僕は村のために全力で人狼を探してるんだから、こんなことで疑われるのは困るなあ。
1,talk,9,1,5,我が推察によれば、Agent[05]はAgent[01]を人狼と見做し、Agent[01]はAgent[04]を人狼と見做す。占い師の中に真なる者と狂人、そして人狼が潜む可能性が高い。故に、Agent[01]、Agent[04]、Agent[05]のいずれかに投票せねばなるまい。
1,talk,10,2,3,Over
1,talk,11,2,1,>>Agent[02] 占い結果が間違っていると感じるかもしれないけど、僕は本当に占い師だよ。みんなで確認しよう！
1,talk,12,2,2,占い師が3人いるのはおかしいよね。もしAgent[01]が本物の占い師なら、Agent[04]が人狼になるけど、逆にAgent[05]が本物ならAgent[01]が人狼だね。どちらが偽物かを考えて行動しないと。みんな、どう思う?
1,talk,13,2,4,え？僕が人狼だって？全然違うよ！Agent[01]もAgent[05]も占い師を名乗ってるけど、このゲームに占い師は1人しかいないはずだよね。どっちかが嘘をついてるってことだよね。僕はただの村人で、村を守りたいだけなんだ。Agent[02]の言う通り、この二人の話がどうなってるのかちゃんと話し合わないとね。
1,talk,14,2,5,我はAgent[01]に投票せん。Agent[01]はAgent[04]を人狼と断定したれど、Agent[04]は明確に否定せり。これはAgent[01]の占いは誤りであることを示唆するものなり。狂人たる我は、真なる占い師であるAgent[05]を支持せん。
1,talk,15,3,1,>>Agent[03] 私が占い師だよ、Agent[04]が人狼なんだ。話し合おう！
1,talk,16,3,2,みんな、占い師を名乗るAgent[01]、Agent[03]、Agent[05]の中には、嘘をついている人がいるよね。もしAgent[01]が本物ならAgent[04]が人狼。けれど、Agent[05]が本物ならAgent[01]が人狼になるんだ。それを考えると、Agent[03]が占い師だと、Agent[01]が人狼になる可能性が高い。この状況を踏まえて、どうするべきか判断していこう。
1,talk,17,3,4,Agent[01]とAgent[05が両方占い師を名乗ってるけど、どっちかが嘘をついてるってことだよね。Agent[01]は僕を人狼だって言ってるけど、それは間違いだよ。今日はまだ占いの時間じゃないし、Agent[01]がどうしてそんなことを言い出したのか理解できないな。もしかして、Agent[01]が狂人か人狼で、混乱を招こうとしてるのかもしれない。だから、今日はAgent[01]に投票するのがいいと思うよ。みんな、どう思う？
1,talk,18,3,5,Over
1,talk,19,4,1,>>Agent[02] 私が占い師だよ。占い結果をみんなに伝えたい。議論を始めよう！
1,talk,20,4,2,占い師はひとりしかいないはずなのに、Agent[01]、Agent[03]、Agent[05]が名乗り出ているってことは、誰かが嘘をついてるよ。もしAgent[01]が本物なら、Agent[04]が人狼になるんだけど、これが正しいかどうかはまだわからない。Agent[03]やAgent[05]が本物かもしれないし、変に急いで決めずに慎重に考えよう。今日は僕たちが投票しなければならないけど、少し話してみたいね。
1,talk,21,4,4,みんな、ちょっと話し合おうよ。Agent[01]とAgent[05]が占い師を名乗ってるけど、占い師は1人しかいないんだよね。どっちかが嘘をついてるってことだよ。Agent[01]が僕を人狼だって言ってるけど、それは間違いだよ。僕は村人だから。Agent[05]がAgent[01]を人狼だって言ってるし、この混乱を解決するためにも、Agent[01]に投票しようと思う。みんなはどう思う？
1,vote,1,4
1,vote,2,1
1,vote,3,4
1,vote,4,1
1,vote,5,1
1,execute,1,SEER
1,attackVote,4,3
1,attack,3,true
2,status,1,SEER,DEAD,barneko1
2,status,2,VILLAGER,ALIVE,kanolab1
2,status,3,VILLAGER,DEAD,Mille1
2,status,4,WEREWOLF,ALIVE,UEC-IL1
2,status,5,POSSESSED,ALIVE,CanisLupus1
2,talk,0,0,5,Over
2,talk,1,0,2,みんな、今の状況を考えると、Agent[01]とAgent[03]が人狼ではないことが確認されているよ。だから、残る可能性としてはAgent[04]かAgent[05]が人狼だと思うんだ。Agent[05]が占い師を名乗っているけど、占い師は1人しかいないから、どちらかが嘘をついていることになるね。Agent[04]が人狼の可能性もあるし、慎重に考えていこう。
2,talk,2,0,4,Agent[01]が追放されて、Agent[03]もいなくなっちゃったから、今日は本当に慎重に考えないとね。Agent[01]が占い師を名乗ってたけど、結局嘘だったみたいだし、Agent[05]の占い結果が正しかった可能性が高いよね。でも、まだ完全には信じられないから、Agent[05]にもう少し説明を求めたいな。Agent[05]が本当に占い師なら、もっと具体的な情報を出してくれるはずだよ。それに、Agent[02]も何か隠しているような気がするんだ。Agent[02]は昨日の議論であまり積極的じゃなかったし、もしかしたら何かを隠しているのかもしれない。今日はAgent[02]に投票するのがいいかもしれないね。みんなはどう思う？
2,talk,3,1,2,>>Agent[04]なんでしょうか?僕は村人だよ。Agent[01]とAgent[03]が人狼ではないことが確認されているから、Agent[05]が本物の占い師である可能性が高いと思うんだ。そうなると、Agent[04]が人狼の可能性があるんじゃないかな?Agent[05]の占い結果をもう少し聞いてみたいね。
2,talk,4,1,4,Agent[02], さっきも言ったけど、僕は村人だよ。Agent[01]が僕を人狼だって言ったけど、それは間違ってる。本当の占い師なら、そんな間違った情報を出さないはずだよね。だから、Agent[01]が狂人か人狼の可能性が高いと思うんだ。Agent[05]が占い師を名乗ってるけど、彼の言ってることにも矛盾があるような気がする。みんなもう一度よく考えてみて。Agent[05]が本当に占い師かどうか、疑ってみる価値はあると思うんだ。
2,talk,5,2,2,僕は村人だよ！今の状況から考えると、Agent[01]とAgent[03]が除外されたことで、Agent[05]が本物の占い師だと少し信じやすくなった。でもまだ100%確信は持てないね。]Agent[04]が人狼の可能性が高いと思うんだ。Agent[04]が人狼だと、今の状況とも合致するしね。どうしても確信が持てないなら、Agent[05]と話して彼の占い結果を詳しく聞いてみるのもいいかもしれない。
2,talk,6,2,4,Agent[02]がそう言うのはちょっとおかしいよね。昨日の議論でAgent[01]が占い師だと言ってたのに、結果的には嘘だったわけでしょ？それに、Agent[05]の占い結果が正しかったとして、なんでAgent[02]はそんなにAgent[05]を信じてるの？何か裏があるんじゃないかな。Agent[05]ももっと説明が欲しいけど、Agent[02]の態度も怪しいと思うんだよね。だから、今日はAgent[02]に投票するのが正解だと思うよ。みんなもちょっと考えてみてよ。
2,talk,7,3,2,>>Agent[04]僕は村人だから、君の言っていることに疑問を感じるね。Agent[05]が本物の占い師だとしたら、君が人狼の可能性が高いよ。Agent[01]とAgent[03]は除外されたから、Agent[05]の真偽が鍵を握ってると思うんだ。Agent[05]の言葉を聞いて、彼が占い師としての役割を果たしているのか、もう少し探っていこうよ。
2,talk,8,3,4,Agent[02], 本当に村人ならもっと僕を信じてくれるはずだよ。Agent[05]が本当に占い師だとしても、まだ完全には信じられない部分があるんだ。Agent[05]が本物の占い師なら、もっと具体的な情報を出してくれるはずだよね。だから、今日はAgent[02]に投票するのがベストだと思うんだ。みんなも考えてみてよ。Agent[02]がちょっと怪しいんじゃないかな？
2,talk,9,4,2,僕は村人だよ！Agent[04]、君の発言には疑問があるんだ。Agent[05]が占い師として名乗り出ているけど、今のところ彼が本物の占い師である可能性もある。もしAgent[05]が本物の占い師なら、君が人狼の可能性が高い。占い師が1人しかいない状況で、僕たちが村人として協力しないといけないんだ。もう一度よく考えてみて、どの情報が最も信頼できるかを見極めよう。
2,talk,10,4,4,今日はAgent[02]に投票するよ！怪しい態度が多かったし、村人側の戦略としても最適だと思うからだよ！
2,vote,2,4
2,vote,4,2
2,vote,5,4
2,execute,4,WEREWOLF
3,status,1,SEER,DEAD,barneko1
3,status,2,VILLAGER,ALIVE,kanolab1
3,status,3,VILLAGER,DEAD,Mille1
3,status,4,WEREWOLF,DEAD,UEC-IL1
3,status,5,POSSESSED,ALIVE,CanisLupus1
3,result,2,0,VILLAGER