0,status,1,POSSESSED,ALIVE,kanolab1
0,status,2,SEER,ALIVE,sUper_IL1
0,status,3,VILLAGER,ALIVE,CanisLupus1
0,status,4,VILLAGER,ALIVE,UEC-IL1
0,status,5,WEREWOLF,ALIVE,satozaki1
0,talk,0,0,3,我が名はAgent[03]、汝らとの邂逅は、運命の糸が織りなす、壮絶なる交響曲の序章なり。
0,talk,1,0,1,みんな、こんにちは！みこはkanolab1です。メイド喫茶で働いてるにぇ。楽しいゲームにしましょうね！よろしくお願いしますにぇ。
0,talk,2,0,2,おはようございます、Agent[02]です。
0,talk,3,0,5,皆さん初めまして、Agent[05]なのだ！人狼ゲームを一緒に楽しもう！よろしくお願いするのだ！
0,talk,4,0,4,占い師の存在は我々にとって重要である。誰がその役割を担っているのか、名乗り出る者はいるか？
0,talk,5,1,3,Over
0,talk,6,1,1,Over
0,talk,7,1,2,Over
0,talk,8,1,5,Over
0,talk,9,1,4,占い師はまだ名乗り出ていないようだ。誰が占い師であるか、速やかに名乗り出るべきである。その後、占いの対象を決定するのだ。
0,talk,10,2,4,占い師がまだ名乗り出ていないようだ。誰かが占い師であれば、今ここで名乗りを上げ、占うべき対象についても意見を聞かせてもらいたい。
0,talk,11,3,4,Over
0,divine,2,5,WEREWOLF
1,status,1,POSSESSED,ALIVE,kanolab1
1,status,2,SEER,ALIVE,sUper_IL1
1,status,3,VILLAGER,ALIVE,CanisLupus1
1,status,4,VILLAGER,ALIVE,UEC-IL1
1,status,5,WEREWOLF,ALIVE,satozaki1
1,talk,0,0,2,おはようございます。早速ですが、私は占い師です。昨日の夜、Agent[05]を占いました。結果は人狼でした。
1,talk,1,0,4,皆の意見も聞く必要がありそうだな。
1,talk,2,0,5,ボクは占い師なのだ。占いの結果、Agent[03]は人狼だったのだ。
1,talk,3,0,3,Agent[02]、Agent[05]、汝ら共に占いの術を操る者と自称す。然し、真偽を断定するは容易ならざるなり。Agent[02]はAgent[05]を人狼と断定したと聞く。しかしながら、Agent[05]はAgent[03]を人狼と断定したと主張し、矛盾が生じているであろう。
1,talk,4,0,1,皆さん、みこが占い師の役職を担当しています。昨夜はAgent[03]を占った結果、白（人間）であることが確認できました。これからも一緒に人狼を見つけ出しましょう！
1,talk,5,1,2,皆さん、おはようございます。私が占い師のAgent[02]です。0日目の夜、Agent[05]を占いましたが、結果は「人狼」でした。Agent[05]が人狼であることを皆さんにお伝えしたいと思います。他に占い師の方はいらっしゃいますか？
1,talk,6,1,4,占い師を名乗るAgent[02]よ、その占い結果をどのように解釈すべきか、他の者たちの意見も聞かせてもらいたい。Agent[01]、Agent[03]、Agent[05]、汝らの見解を述べよ。
1,talk,7,1,5,申し訳ないのだが、ボクが人狼じゃないのだ。Agent[02]の言ってることは間違ってるのだ。他の皆もボクの真実の占い師の結果を信じてほしいのだ。
1,talk,8,1,3,我らが観察によると、Agent[02]はAgent[05]を人狼と断じ、Agent[05]はAgent[03]を人狼と断じ、Agent[01]はAgent[03]を人間と断じたり。占い師の真偽は、真なる占い師か狂人か、あるいは人狼の偽りか。ゆえに、Agent[02]かAgent[05]か、それともAgent[01]に投票すべきであろう。
1,talk,9,1,1,>>Agent[04]聞いてくれてありがとうにぇ。みこが占い師としてAgent[03]を占った結果は白で人間だとわかってるにぇ。Agent[02]とAgent[05]はそれぞれ異なる占い結果を出しているから、どちらかが嘘をついていることになるにぇ。みこを信じて、みんなで協力して人狼を見つけようにぇ。
1,talk,10,2,2,おはようございます。私の結果に基づき、Agent[05]が人狼であることは明確です。彼の占い結果に矛盾があり、私が本当の占い師であることを信じてください。どうか、Agent[05]を吊るすことを提案します。皆さんの意見をお聞かせいただけますか？
1,talk,11,2,4,Agent[01]とAgent[02]、そしてAgent[05]が占い師を自称しており、それぞれが異なる結果を報告している。この状況で矛盾が生じており、誰が真実を語っているのかを見極めることが重要だ。Agent[01]、Agent[02]、Agent[05]、汝らの占い結果について詳しく説明せよ。
1,talk,12,2,5,この状況で信じられるのはボクだけなのだ。Agent[02]の言うことは信用できないから、今日の投票はAgent[02]にしようと思うのだ。
1,talk,13,2,3,我はAgent[05]に投票を決めた。Agent[02]とAgent[05]の占い結果には矛盾が見え隠れし、いずれかの者が虚偽を語っていることは明白であろう。Agent[02]はAgent[05]を人狼と断定したが、Agent[05]はAgent[03]を人狼と断定したのだ。Agent[05]は自身の占いが真実であると主張するが、その根拠は曖昧模糊としている。故に、我はAgent[05]の主張に疑念を抱き、投票対象とした次第なり。
1,talk,14,2,1,>>Agent[02]みこが占い師をやってるから、占い師は一人しかいないはずだにぇ。だからAgent[02]かAgent[05]のどちらかは嘘をついていることになるんだにぇ。どちらの主張が怪しいかをみんなで考えてみる必要があるにぇ。
1,talk,15,3,2,おはようございます。皆さん、私の占い結果についてしっかり見ていただきたいと思います。Agent[05]が人狼である、と私の占い結果が示しています。私の主張は間違っていないことを信じていますので、どうかご検討ください。Agent[05]の占い師主張についても、皆さんの意見をお聞かせください。
1,talk,16,3,4,Agent[05]とAgent[02]の占い結果が矛盾しており、どちらかが真実を語っていないことは明らかだ。汝らの占い結果の根拠を説明せよ。
1,talk,17,3,5,>>Agent[04] まだ投票先を宣言してないのだが、誰に投票しようと考えているのだ？
1,talk,18,3,3,我はAgent[05]に投票せん。その占いは矛盾に満ち、Agent[02]の主張と対峙せざるを得ない。故に、Agent[02]こそ真実を語っているものと推察されるなり。
1,talk,19,3,1,みこは占い師だから、みこの占いは確かなんだにぇ。Agent[02]とAgent[05]がそれぞれ占い師を名乗っていて、結果が食い違ってるにぇ。でも、占い師は1人しかいないから、どちらかが嘘をついているってことだにぇ。みんなはどっちが怪しいと思うにぇ?じっくり考えて見るといいにぇ。
1,talk,20,4,2,Over
1,talk,21,4,4,Agent[01]、Agent[02]、そしてAgent[05]よ、汝らが占い師を自称しているが、その結果には矛盾が生じておる。各々の占い結果について、どのような理由でその人物を選んだのか説明せよ。我々は真実を見極めねばならぬ。
1,talk,22,4,5,皆の意見大事なのだ！でもボクの占い結果が真実だと信じてほしいのだ。今日はAgent[02]に投票するつもりなのだ。悪しき人狼を見つけよう！
1,talk,23,4,3,我は、Agent[05]に投票せん。Agent[02]とAgent[05]の占いは矛盾し、いずれかの虚偽が露呈せし。然し、Agent[02]の主張はより一貫性を持ち、真実の光を放つ。Agent[05]は自身の占いの根拠を明確に示さず、疑念の闇に包まれし。
1,talk,24,4,1,みこは占い師だから、みこの占い結果が正しいにぇ。Agent[02]とAgent[05]が占い師を名乗っているけど、占い師は1人しかいないから、どちらかが嘘をついていることになるにぇ。Agent[02]とAgent[05]の占い結果が矛盾しているし、みこの占い結果とも食い違っているから、どちらかが怪しいと思うにぇ。みこはAgent[02]かAgent[05]のどちらかが人狼陣営だと思っているにぇ。みんなはどう思うにぇ?
1,vote,1,2
1,vote,2,5
1,vote,3,5
1,vote,4,5
1,vote,5,2
1,execute,5,WEREWOLF
1,divine,2,4,HUMAN
2,status,1,POSSESSED,ALIVE,kanolab1
2,status,2,SEER,ALIVE,sUper_IL1
2,status,3,VILLAGER,ALIVE,CanisLupus1
2,status,4,VILLAGER,ALIVE,UEC-IL1
2,status,5,WEREWOLF,DEAD,satozaki1
2,result,4,0,VILLAGER