0,status,1,POSSESSED,ALIVE,UEC-IL1
0,status,2,SEER,ALIVE,Mille1
0,status,3,VILLAGER,ALIVE,satozaki1
0,status,4,VILLAGER,ALIVE,CanisLupus1
0,status,5,WEREWOLF,ALIVE,barneko1
0,talk,0,0,1,こ、こんにちは。みんな･･･。僕、占い師の役をやることになったよ。今日はど、どうしようかな･･･占い先の意見も聞きたいな･･･。
0,talk,1,0,3,皆さん初めまして、Agent[03]やで。人狼ゲームを一緒に楽しみましょう。よろしくお願いします！
0,talk,2,0,5,Over
0,talk,3,0,4,我が名はAgent[04]、時空を超えし運命の糸により、汝らとの邂逅を許されたる喜び、今、我が胸に満ち溢れんばかりなり。
0,talk,4,0,2,ぼくはAgent[02]、占い師ですよぅ！よろしくですよぅ！
0,talk,5,1,1,こ、こんにちは。僕、Agent[01]だよ。えっと、占い師の役をやってるんだ。みんなと一緒にがんばりたいな。
0,talk,6,1,3,Over
0,talk,7,1,4,Over
0,talk,8,1,2,Over
0,talk,9,2,1,え、えっと･･･Agent[02]も占い師って言ってるけど･･･僕が本物の占い師なんだ。ど、どういうことなんだろう･･･？
0,talk,10,3,1,Over
0,divine,2,1,HUMAN
1,status,1,POSSESSED,ALIVE,UEC-IL1
1,status,2,SEER,ALIVE,Mille1
1,status,3,VILLAGER,ALIVE,satozaki1
1,status,4,VILLAGER,ALIVE,CanisLupus1
1,status,5,WEREWOLF,ALIVE,barneko1
1,talk,0,0,4,我に告げよ、Agent[01]よ。汝とAgent[02]、双方とも己を占い師と称し、その真偽を問うておる。然らば、汝は如何にしてAgent[02]が偽物と断言し得るのか、その根拠を明らかにしてみよ。
1,talk,1,0,5,>>Agent[04]   僕もAgent[04]の意見に賛成だよ。Agent[01]にはクリアな説明が必要だね。
1,talk,2,0,1,もう少しで何か分かりそう･･･ではあるんだけど･･･。
1,talk,3,0,2,ぼくは占い師ですよぅ！ぼくが占った結果、Agent[01]は人間でしたよぅ！
1,talk,4,0,3,Agent[01]とAgent[02]のどちらかが偽物であることは確かやで。ここは冷静に話し合って、真の占い師を見極める必要があるんじゃろうか。
1,talk,5,1,4,我は、Agent[01]、Agent[02]のいずれが真の占い師たるか、いまだ断言し得ず。Agent[01]は、Agent[02]を偽物と断定するも、その根拠は曖昧なり。Agent[02]の主張を裏付けるものも、今のところ見当たらず。故に、冷静沈着に議論を進め、真偽を見極めるべきであろう。
1,talk,6,1,5,>>Agent[01] どうしてAgent[02]とは対立してるの？詳しく教えてよ。
1,talk,7,1,1,そ、そうだね、説明するよ。え、えっと、僕が占い師で、昨晩Agent[02]を占ったんだ。その結果、Agent[02]が人狼だってことがわかったんだよ。だから、Agent[02]が占い師だって言ってるのは、間違いなく偽物だと思うんだ･･･。だから、みんなにはAgent[02]に投票してほしいんだ･･･。
1,talk,8,1,2,>>Agent[01]、昨晩、占い結果に間違いがあった可能性も考慮すべきなのでは？占い師の占い結果は、絶対に正しいと考えるのは危険かと･･･ですよぅ！
1,talk,9,1,3,確かに、占い師の結果が絶対とは言えんが、Agent[01]の主張が信頼できるかどうか、さらに議論を重ねる必要がある思う。Agent[02]の主張にも耳を傾けようやで。
1,talk,10,2,4,Agent[01]はAgent[02]を人狼と断じ、Agent[02]はAgent[01]を人間と見做す。占い師の正体は真なる者か、それとも狂気に染まった者か。いずれにせよ、今、我はAgent[01]かAgent[02]のどちらかへの投票を決断せねばならない。
1,talk,11,2,5,>>Agent[01] その占い結果、本当に信じていいのか疑問だね。もっと詳しく教えて！
1,talk,12,2,1,え、えっとね、僕が占い師だって言ったのに、Agent[02]も占い師って言い出して･･･。だから、僕が占った結果、Agent[02]が人狼だったんだ。それが、だ、だから、彼が偽の占い師であるってことが、もう、明らかなんだよ。だから、みんなにもそのことを、理解してほしいなって思ってるんだ･･･。
1,talk,13,2,2,Over
1,talk,14,2,3,さて、議論を通じて冷静に考えると、Agent[02]が自己弁護をしているように感じる。この流れから見て、Agent[02]に投票するのがよさそうじゃ。
1,talk,15,3,4,我はAgent[02]に投票せん。Agent[01]はAgent[02]を人狼と断じたりしが、その根拠は霧散する薄明かりのごとし。Agent[02]の主張もまた、確固たる礎を欠く砂上の楼閣に等しい。今や、どちらが真の占い師であるか断定すること叶わず。然し、投票は避けがたい。ゆえに、より多くの知見を有しているであろうAgent[02]に投票せん。
1,talk,16,3,5,>>Agent[01] あなたの結果には不安があります。他の証拠はありますか？
1,talk,17,3,1,う、うん、もっと詳しく説明するよ。え、えっと、占い師としての役割は、毎晩一人を選んで、その人が人狼かどうかを占うことなんだ。昨晩、僕はAgent[02]を占ったわけ。で、その結果が「人狼」と出たんだよ。だから、Agent[02]が占い師だって言ってるのはおかしいってことになる。偽物の占い師は、人狼か狂人のどっちかだから、僕の占い結果が正しければAgent[02]は人狼だということになるんだ。だから、信じてほしいんだ･･･。
1,talk,18,3,3,ワシはAgent[02]の発言に疑問を抱いとる。彼が自己弁護をする姿勢は怪しいやで。現時点では、Agent[02]に投票するのが妥当だと思うけど、他の意見も聞きたいな。
1,talk,19,4,4,我はAgent[02]に投票せん。Agent[01]はAgent[02]を人狼と断定したれど、その根拠は霧散せる薄明かりのごとし。Agent[02]の弁明もまた、揺るぎなき礎を欠く。然し、Agent[02]は占い師を名乗り、己の無垢を訴えんとす。故に、Agent[02]に投票し、その真偽を確かめるべし。
1,talk,20,4,5,>>Agent[04] 確かに根拠は薄いね。でも、どちらかを明確にするためにも、議論を続けた方がいいと思う！
1,talk,21,4,1,あ、あのね、僕が占い師だって･･･最初から言ってるし、占った結果がAgent[02]が人狼だって出たんだ。他の証拠っていうのは、占い結果がすべてだよ。占い師の力っていうのは、そ、それだけで信じてもらえるものだと思うんだ･･･。だから、ほかの証拠はなくても、この占い結果を信じて、Agent[02]に投票してほしいんだ･･･。
1,talk,22,4,3,さて、ここまでの議論を踏まえると、やっぱAgent[02]が怪しいと思うで。皆の意見を尊重しつつ、投票はAgent[02]にするべきじゃろうかと思うんじゃ。
1,vote,1,2
1,vote,2,4
1,vote,3,2
1,vote,4,2
1,vote,5,1
1,execute,2,SEER
1,attackVote,5,1
1,attack,1,true
2,status,1,POSSESSED,DEAD,UEC-IL1
2,status,2,SEER,DEAD,Mille1
2,status,3,VILLAGER,ALIVE,satozaki1
2,status,4,VILLAGER,ALIVE,CanisLupus1
2,status,5,WEREWOLF,ALIVE,barneko1
2,talk,0,0,4,Agent[01]の占いの結果、Agent[02]を人狼と断定すべきか、それともその弁明に耳を傾けるべきか。いずれも断定は許されぬ。真偽を確かめるには、更なる深淵なる議論が不可欠なり。
2,talk,1,0,3,あたらしい情報が得られん限り、Agent[02]の主張が疑わしいとする立場は変わらんじゃろ。投票はAgent[02]にするのが最善策か思うが、他の意見も聞きたいで。
2,talk,2,0,5,>>Agent[01] あなたの占い結果は根拠が薄いよ。他に証拠はあるの？
2,talk,3,1,4,Agent[01]の占いは、真偽のほどを測りかねる。然し乍ら、Agent[01]はAgent[02]を人狼と断定し、Agent[02]は己を占い師と嘯く。故に、Agent[01]の占いの根拠となる確たる証拠を求める。Agent[01]、汝の占いは、他に何ぞの根拠に基づくのか？
2,talk,4,1,3,現時点では、やはりAgent[02]が最も怪しいと考えるで。彼の自己弁護こそが、逆に人狼の証拠となるかもしれん。投票はAgent[02]にするつもりじゃ。
2,talk,5,1,5,>>Agent[01] 君の占い結果の信頼性に疑問があるよ。他の視点も必要だと思うんだけど、どう思う？
2,talk,6,2,4,Agent[01]の占いは、誠に疑わしき光を放つ。然し、Agent[02]もまた自らを占い師と名乗る。その言葉の裏に潜む深淵を、我は深く憂慮せざるを得ない。Agent[01]の真偽を確かめるため、Agent[02]に投票すべきであろう。
2,talk,7,2,3,現時点では、引き続きAgent[02]に投票するんが最善と考えるやで。彼の主張は疑わしく、他の情報がない限り判断材料が不足しているように感じるんじゃろうか。
2,talk,8,2,5,>>Agent[01] あなたの占い、疑問が残るよ。根拠をもっと示してほしい。
2,talk,9,3,4,Agent[01]の占いは、虚偽の光を帯び、真実の影に覆われしものなり。然し、Agent[02]もまた、己の不実を隠すべく、虚飾の言葉に頼るのみ。両者の主張は、混沌の海に漂う幽霊船のごとし。今、どちらが真の占い師であるか断定することは、夜空に瞬く星を見極めるが如く困難なり。然し、我は議論の糸を絶やすことなく、新たな真実の光を求め続けるであろう。故に、投票はAgent[02]に投じられる。
2,talk,10,3,3,投票はAgent[02]に決定するべきじゃ。彼の主張は矛盾しとって、自己防衛の色が強いけぇ。真の人狼を見極めるために、ここで決断を下そうやで。
2,talk,11,3,5,>>Agent[01] あなたの説明、納得できない箇所が多い。もっと具体的な根拠はある？
2,talk,12,4,4,Agent[01]の予言は、その根拠が雲隠れし、真偽のほどは深淵なる闇に沈む。然し、Agent[02]の主張もまた、確固たる礎に欠ける。どちらが真の占い師か断定し難き現状では、投票は運命の裁き。故に、我はAgent[02]に投票するなり。
2,talk,13,4,3,Over
2,talk,14,4,5,>>Agent[01] 君の主張には矛盾が多いよ。それをどう説明するの？
2,vote,4,5
2,vote,5,3
2,execute,5,WEREWOLF
3,status,1,POSSESSED,DEAD,UEC-IL1
3,status,2,SEER,DEAD,Mille1
3,status,3,VILLAGER,ALIVE,satozaki1
3,status,4,VILLAGER,ALIVE,CanisLupus1
3,status,5,WEREWOLF,DEAD,barneko1
3,result,2,0,VILLAGER