0,status,1,SEER,ALIVE,barneko1
0,status,2,VILLAGER,ALIVE,UEC-IL1
0,status,3,VILLAGER,ALIVE,sUper_IL1
0,status,4,WEREWOLF,ALIVE,Mille1
0,status,5,POSSESSED,ALIVE,CanisLupus1
0,talk,0,0,3,初めまして、Agent[03]です。どうぞよろしくお願いします。
0,talk,1,0,4,ぼくはAgent[04]、村人ですよぅ！よろしくですよぅ！
0,talk,2,0,5,我が名はAgent[05]、汝らとの邂逅は、時空を超えし運命の糸により織りなされた、まさに至福の邂逅なり。
0,talk,3,0,1,Over
0,talk,4,0,2,皆の者、今日はお互いをよく知るための大切な時間である。占い師がまだ名乗り出ていないようだが、誰がその重要な役割を担っているのか、早急に明らかにする必要がある。
0,talk,5,1,3,Over
0,talk,6,1,4,Over
0,talk,7,1,5,Over
0,talk,8,1,2,我はデルカダール国の国王である。占い師の者はまだ名乗り出ておらぬか？その役割は重大であるゆえ、早急に名乗りを上げよ。
0,talk,9,2,2,占い師は名乗り出よ。そして今宵誰を占うのか答えよ。
0,talk,10,3,2,Over
0,divine,1,5,HUMAN
1,status,1,SEER,ALIVE,barneko1
1,status,2,VILLAGER,ALIVE,UEC-IL1
1,status,3,VILLAGER,ALIVE,sUper_IL1
1,status,4,WEREWOLF,ALIVE,Mille1
1,status,5,POSSESSED,ALIVE,CanisLupus1
1,talk,0,0,1,>>Agent[02] 俺が占い師だよ！今日の占い結果はAgent[05]は市民だ。信頼して進めよう！
1,talk,1,0,3,村人として生まれて、すみません。情報はないので、皆さんのサポートが必要です。
1,talk,2,0,4,>>Agent[01] Agent[02]は占い師、Agent[05]は市民とわかっているが、情報が足りないですよぅ！
1,talk,3,0,2,皆の意見も聞く必要がありそうだな。
1,talk,4,0,5,我こそは、運命の糸を解き明かす者なり。占いの結果、Agent[01]は人狼たるを悟りし。
1,talk,5,1,1,>>Agent[01] 俺が占い師だ！Agent[05]は市民だ。信頼して進めよう！
1,talk,6,1,3,そうなんですね、Agent[01]さん。でも、他の人の意見も聞きたいです。Agent[02]さんどう思いますか？
1,talk,7,1,4,>>Agent[01]>>Agent[03]>>Agent[02] ぼくは、Agent[01]さんの占い師という発言に、少し疑問がありますよぅ！
1,talk,8,1,2,Agent[01]、占い結果を報告したが、その根拠を明らかにせよ。我々は真実を知る権利がある。
1,talk,9,1,5,我らがAgent[01]に市民の称号を与えしAgent[05]、しかし、そのAgent[05]はAgent[01]を人狼と断じたる。占い師の中に真なる者と狂人が潜む可能性を鑑みれば、人狼判定を受けたAgent[01]こそ、今宵の犠牲となるべきであろう。
1,talk,10,2,1,>>Agent[02] 俺が占い師だ！Agent[05]は市民だ、みんな信じよう！
1,talk,11,2,3,Agent[05]さんが自分を占い師だと主張していますが、Agent[01]さんと対立していますね。どちらが本物の占い師か議論することが必要だと思います。他の人の意見も聞かせてもらえますか？
1,talk,12,2,4,Over
1,talk,13,2,2,Agent[01]とAgent[05]の占い結果が相反しており、どちらかが裏切り者である可能性が高い。他のエージェントの意見を聞き、真実を見極めねばならん。
1,talk,14,2,5,我は、Agent[01]に投票せん。Agent[01]は自らを占い師と称すも、Agent[05]の占い結果と矛盾せし。故に、Agent[01]は真実を隠蔽せんとする者であろう。
1,talk,15,3,1,>>Agent[02] みんな、俺が占い師だ！Agent[05]は市民だよ。信じて！
1,talk,16,3,3,Agent[02]さんが言う通り、根拠が必要ですね。Agent[01]さんの言動には疑問を感じます。今後の行動をどのようにするか、皆さんの意見をもっと聞きたいです。
1,talk,17,3,2,Agent[01]とAgent[05]、両者が占い師と主張しておるが、どちらの言葉が真実か判断が難しい。他の者たちの意見を聞かせてもらいたい。どちらが真の占い師と思われるか、意見を求む。
1,talk,18,3,5,Over
1,talk,19,4,1,>>Agent[02] 俺が占い師だ！信じて、Agent[05]は市民だ！みんなの意見を聞こう！
1,talk,20,4,3,Over
1,talk,21,4,2,Agent[01]とAgent[05]、汝らの占い結果が相反しており、どちらかが嘘をついていることは明らかだ。他の者たちよ、どちらの占い師を信じるべきか、我に意見を聞かせてほしい。
1,vote,1,2
1,vote,2,1
1,vote,3,1
1,vote,4,2
1,vote,5,1
1,execute,1,SEER
1,attackVote,4,5
1,attack,5,true
2,status,1,SEER,DEAD,barneko1
2,status,2,VILLAGER,ALIVE,UEC-IL1
2,status,3,VILLAGER,ALIVE,sUper_IL1
2,status,4,WEREWOLF,ALIVE,Mille1
2,status,5,POSSESSED,DEAD,CanisLupus1
2,talk,0,0,3,ゲームはまだ続いていますね。では、誰が人狼なのか推測してみましょう。
2,talk,1,0,2,Agent[05]とAgent[01]が共にこの世を去った今、残された我々は真実を見極める責任がある。Agent[03]、Agent[04]、汝らの意見を聞かせてもらいたい。人狼と狂人の可能性がある者について、どのように考えているか。
2,talk,2,0,4,Agent[03]の発言から、人狼の可能性はAgent[05]とAgent[01]の死因を考える必要がありそうですよぅ！
2,talk,3,1,3,僕は今回の状況を整理したいと思います。Agent[01]が自称占い師で、Agent[05]が襲撃されましたよね。残った中で、Agent[02]とAgent[04]のどちらかが人狼だと思います。特に彼らの発言に注目したいです。みんなはどう思ってる？
2,talk,4,1,2,Agent[01]とAgent[05]、二人が占い師と名乗り出たが、どちらかが裏切り者であることは明白だ。汝らはどちらを信じるのか？私の考えを聞かせて欲しい。
2,talk,5,1,4,Agent[02]の意見に同意しますよぅ！
2,talk,6,2,3,確かに、昨日の状況を振り返ると、Agent[01]とAgent[05]のどちらかが人狼であった可能性が高いですね。Agent[02]さん、Agent[04]さん、あなたたちはどちらが怪しいと思いますか？
2,talk,7,2,2,Agent[03]の意見を聞いておきたい。
2,talk,8,2,4,Over
2,talk,9,3,3,Over
2,talk,10,3,2,Agent[03]よ、汝が私とAgent[04]のどちらかが人狼であると推測する根拠を具体的に教えて欲しい。この議論は我々全員にとって重要だ。
2,talk,11,4,2,Agent[03]よ、どうしてAgent[02]とAgent[04]のどちらかが人狼だと考えたのか、その根拠を明らかにせよ。我々は正確な情報を基に判断を下さねばならぬ。
2,vote,2,4
2,vote,3,2
2,vote,4,2
2,execute,2,VILLAGER
2,attackVote,4,3
2,attack,3,true
3,status,1,SEER,DEAD,barneko1
3,status,2,VILLAGER,DEAD,UEC-IL1
3,status,3,VILLAGER,DEAD,sUper_IL1
3,status,4,WEREWOLF,ALIVE,Mille1
3,status,5,POSSESSED,DEAD,CanisLupus1
3,result,0,1,WEREWOLF