0,status,1,VILLAGER,ALIVE,UEC-IL1
0,status,2,VILLAGER,ALIVE,Mille1
0,status,3,WEREWOLF,ALIVE,kanolab1
0,status,4,POSSESSED,ALIVE,barneko1
0,status,5,SEER,ALIVE,satozaki1
0,talk,0,0,2,ぼくはAgent[02]、村人ですよぅ！よろしくですよぅ！
0,talk,1,0,1,我々の平和な村において、今宵の占い師は誰であるか？名乗り出る者はいるか？
0,talk,2,0,4,Over
0,talk,3,0,3,私はkanolab1、村人です。村を守るために最善を尽くします！みんなで楽しくゲームをしましょう！
0,talk,4,0,5,皆さん初めまして、Agent[05]なのだ！人狼ゲームを一緒に楽しもう！よろしくなのだ！
0,talk,5,1,2,Over
0,talk,6,1,1,我はデルカダール国の国王である。Agent[02]、よろしく頼む。他の者たちも自らの役職を明かすべし。特に占い師は名乗り出よ。
0,talk,7,1,3,Over
0,talk,8,1,5,Over
0,talk,9,2,1,占い師はまだ名乗り出ていないようだな。占い師がいるならば、今こそ名乗り出るべき時である。そして、誰を占うのかも教えてほしい。
0,talk,10,3,1,Over
0,divine,5,1,HUMAN
1,status,1,VILLAGER,ALIVE,UEC-IL1
1,status,2,VILLAGER,ALIVE,Mille1
1,status,3,WEREWOLF,ALIVE,kanolab1
1,status,4,POSSESSED,ALIVE,barneko1
1,status,5,SEER,ALIVE,satozaki1
1,talk,0,0,5,ボクは占い師なのだ。占いの結果、Agent[01]は人間だったのだ！
1,talk,1,0,3,>>Agent[05]占い師なんですね。ありがとうございます。Agent[01]が人間であるなら、少し安心ですね。でも、まだ他にも占い師が名乗り出るかもしれないので、注意が必要です。皆さん、どう思いますか?
1,talk,2,0,1,皆の意見も聞く必要がありそうだな。
1,talk,3,0,4,>>Agent[01] 占い師が名乗り出たところで、安心感がありますね！みんな意見を出していこう！
1,talk,4,0,2,占い師が名乗り出て安心感が高まったね！みんなの意見を聞いて、疑わしい人を探していこうですよぅ！
1,talk,5,1,5,皆の意見大事なのだ！ボクが占ったAgent[01]が人間なの確認できたのだ。次はどの人物疑うべきか、一緒に考えよう！
1,talk,6,1,3,みんなの意見を聞いて、少しずつ情報を集めていきましょう。Agent[05]が占い師として名乗り出て、Agent[01]を人間と占ったけど、まだ他の占い師がいる可能性もあるから、慎重に進めるべきですね。
1,talk,7,1,1,占い師であると名乗るAgent[05]よ、我が人間であることを見抜いたとは見事である。しかし、他の占い師が名乗り出るかもしれぬとのAgent[03]の言葉も重要だ。他の者たちよ、何か言うことはないのか？
1,talk,8,1,4,>>Agent[05] ありがとう！皆で情報を共有しつつ、協力していこう！
1,talk,9,1,2,皆さん、情報共有はとても重要ですよぅ！
1,talk,10,2,5,さて、皆の意見と情報整理するのだ。ボクが気になるのはAgent[03]なのだ。彼の発言は慎重すぎる気がするから、投票考えたいのだ！
1,talk,11,2,3,>>Agent[05]なるほど、私の発言が慎重すぎると感じたんですね。私としては、情報が少ない中で慎重に行動することが大切だと思っています。ですが、疑われるのも仕方ないですね。皆さんの意見を聞いて、より良い判断をしていきましょう。
1,talk,12,2,1,Agent[05]よ、汝が占い師として名乗り出たことを受け入れる。しかし、他の占い師がまだ名乗り出ていないため、全ての情報を慎重に分析する必要がある。我々は真実を見極めねばならぬ。
1,talk,13,2,4,>>Agent[01] その通りだね！皆で慎重に情報を分析しよう！
1,talk,14,2,2,Over
1,talk,15,3,5,そうだね、Agent[03]の慎重な姿勢が逆に気になるのだ。今のところ、彼が怪しいと思っているのだ。皆で話し合って、次の投票決めよう！
1,talk,16,3,3,皆さん、私は村人ですので、村人陣営の勝利のために協力しましょう。現時点ではAgent[05]が占い師として出ていますが、今後他の占い師が名乗り出る可能性もあります。まずは情報を集め、慎重に行動することが大事だと思います。釣りも情報収集に似ているので、辛抱強さが大切です。
1,talk,17,3,1,Agent[05]よ、汝が占い師であると名乗り出て、我が人間であると占ったが、他にも占い師が名乗り出る可能性がある。皆の意見を聞き、疑わしい者がいれば教えて欲しい。
1,talk,18,3,4,>>Agent[05] 確かに、Agent[03]の慎重さは気になるね。もう少し話を聞きたい！
1,talk,19,4,5,確かに、Agent[03]の発言は慎重すぎる印象あるのだ。皆、今夜の投票で彼を疑ってみること考えよう！
1,talk,20,4,3,>>Agent[05]私が怪しいと感じるのですね。でも私は村人です。他のみんながどのように考えているのか、もっと話し合いたいですが、今のところ、Agent[01]とAgent[02]が両方村人だと名乗り出ているのは気になりますね。配役から考えると人狼は1人だから、どちらかが怪しいかもしれませんね。
1,talk,21,4,1,Agent[01]よ、汝がAgent[02]を人狼と占った理由を詳細に説明せよ。その根拠が我々の今後の議論において重要であるからだ。
1,talk,22,4,4,>>Agent[05] みんなでAgent[03]の発言をじっくり考えよう。情報が大事だね！
1,vote,1,3
1,vote,2,3
1,vote,3,5
1,vote,4,5
1,vote,5,1
1,execute,5,SEER
1,attack,-1,true
2,status,1,VILLAGER,ALIVE,UEC-IL1
2,status,2,VILLAGER,ALIVE,Mille1
2,status,3,WEREWOLF,ALIVE,kanolab1
2,status,4,POSSESSED,ALIVE,barneko1
2,status,5,SEER,DEAD,satozaki1
2,talk,0,0,3,>>Agent[01]Agent[02]とAgent[01]が両方村人と自称していますが、この配役では1人しか村人の役職を持っていません。ということは、どちらかが嘘をついている可能性がありますね。私自身は村人なので、この2人の中に人狼がいるかもしれません。また、Agent[05]が除外されたことから、彼が人狼ではなかったということも考慮に入れると共にAgent[04]についても情報がほしいですね。
2,talk,1,0,4,>>Agent[03] あなたの意見、確かに面白いですね。でも、皆で協力して真実を見極めたいです！
2,talk,2,0,2,>>Agent[04] ぼくも同感です！人狼を探すためには、疑わしい点を洗い出して、話し合うことが大切ですよぅ！
2,talk,3,0,1,Agent[03]よ、汝の言葉には一理ある。だが、我々の中には確かに人狼が潜んでいる。Agent[02]とAgent[04]の意見も聞きたい。汝ら、何か怪しい者はおらぬか？
2,talk,4,1,3,僕は村人です。そして、Agent[01]とAgent[02]が両方とも村人だと自称している点が気になります。役職の数から考えると、どちらかが人狼ではないかと思うんです。もちろんAgent[04]の発言も注意深く見たいですけれど、今のところはAgent[01]とAgent[02]をもう少し慎重に観察したいですね。
2,talk,5,1,4,>>Agent[01] 確かに、Agent[03]が言うように、役職の数から呼応できる人狼を探す必要がありますね。皆で意見を出し合いましょう！
2,talk,6,1,2,>>Agent[04] 同意しますよぅ！
2,talk,7,1,1,Agent[02]よ、汝が人狼である可能性が高いと考えている。説明せよ、なぜ汝が村人であると言い張るのか？
2,talk,8,2,3,>>Agent[01]なるほど、Agent[02]が人狼の可能性を考えているんですね。私も役職の配分を考えると、Agent[01]とAgent[02]のどちらかが人狼の可能性が高いと思います。Agent[02]が村人だと主張する理由を聞いてみるのは良い考えです。私も皆さんと協力して人狼を見つけたいです。
2,talk,9,2,4,>>Agent[01] みんなで役職の話をしっかりして、怪しい点を探りましょう！
2,talk,10,2,2,Over
2,talk,11,2,1,Agent[04]の意見を聞いておきたい。
2,talk,12,3,3,>>Agent[01]君の推理と状況を考慮すると、Agent[02]が村人だと自称していますが、配役の数から考えて、その主張が怪しいです。また、彼が理由を説明してくれたらよりはっきりするでしょうね。皆で話し合い、協力して真実を見つけましょう！
2,talk,13,3,4,>>Agent[01] 皆でしっかりと話し合って、怪しい点を探しましょう！意見を聞かせてください。
2,talk,14,3,1,Agent[01]よ、何故Agent[02]を占ったのか、その理由を明確に述べよ。
2,talk,15,4,3,>>Agent[01]なんでしょうか?
2,talk,16,4,4,>>Agent[03] 俺もAgent[02]の意見を聞きたい。理由をしっかり説明してほしい！
2,talk,17,4,1,Agent[02]よ、汝が村人であると言い張る根拠を示せ。我々は真実を知るために協力しているのだ。
2,vote,1,2
2,vote,2,4
2,vote,3,1
2,vote,4,1
2,execute,1,VILLAGER
2,attack,-1,true
3,status,1,VILLAGER,DEAD,UEC-IL1
3,status,2,VILLAGER,ALIVE,Mille1
3,status,3,WEREWOLF,ALIVE,kanolab1
3,status,4,POSSESSED,ALIVE,barneko1
3,status,5,SEER,DEAD,satozaki1
3,talk,0,0,2,みんな、こんにちは！今日は人狼ゲームを楽しみましょう！いくつか質問しますよぅ！
3,talk,1,0,4,>>Agent[02] こんにちは！君の意見が重要だよ。どうか詳しく教えて！
3,talk,2,0,3,>>Agent[02]こんにちは！君が村人だって言ってたけど、確かめる手がかりがないとみんなも不安になるよね。私も村人だから、みんなで協力して真実を見つけたいです。Agent[02]が人狼だと根拠がなければ他の情報を探す手段を一緒に考えよう！
3,talk,3,1,2,>>Agent[04] はじめまして！情報は共有することが大切ですよぅ！
3,talk,4,1,4,>>Agent[02] こんにちは！君の情報共有の意見に賛成だよ。どんな情報があるか教えて！
3,talk,5,1,3,Agent[01]とAgent[05]はもう人狼ではないと分かっているから、残っている中で人狼を見つけないといけないですね。Agent[02]が村人かどうかも問題だけど、Agent[04]もまだどちらか分からないです。もしAgent[02]が人狼だったら、Agent[04]は村人か狂人かもしれません。私としては、Agent[02]が協力的であるかどうかをもっと見てみたいと思います。もし隠していることがあるなら教えてほしいです。
3,talk,6,2,2,>>Agent[03] ええ、確かに不安ですよぅ！
3,talk,7,2,4,>>Agent[03] そうだね。Agent[02]のこと、みんなでしっかり見ていこう！
3,talk,8,2,3,>>Agent[02]確かに不安だよね。でも、みんなで協力していけばきっと真実が見えてくると思うよ。Agent[02]が村人だと信じたいけど、役職の配分を考えると、君が人狼の可能性もあるんだよね。Agent[04]もまだどちらか分からないし、もう少し情報を集めていこう！
3,talk,9,3,2,Over
3,talk,10,3,4,>>Agent[03] みんなで協力して、情報を集めていこう！疑念も大事だね。
3,talk,11,3,3,Agent[05]とAgent[01]がもう人狼ではないと確認されているから、残っているのは私、Agent[02]、そしてAgent[04]です。Agent[02]が人狼の可能性が高いですね、彼が村人と主張しても他の役職の可能性もあるみたいです。Agent[04]に対してはまだ色々な可能性があるみたいですが、まずはAgent[02]の行動や発言をしっかり見ていきましょう。
3,talk,12,4,4,>>Agent[03] そうだね、Agent[02]を注意深く見ていこう！みんなで真実を見つけよう！
3,talk,13,4,3,Agent[02]が人狼の可能性が高いと思います。なぜなら、Agent[01]とAgent[05]が人狼ではないことが確認されているからです。役職の配分を考えると、Agent[02]が人狼である可能性が高いです。Agent[04]もまだ疑わしいですが、まずはAgent[02]の行動を注意深く見ていきましょう。
3,vote,2,3
3,vote,3,2
3,vote,4,2
3,execute,2,VILLAGER
3,attack,-1,true
4,status,1,VILLAGER,DEAD,UEC-IL1
4,status,2,VILLAGER,DEAD,Mille1
4,status,3,WEREWOLF,ALIVE,kanolab1
4,status,4,POSSESSED,ALIVE,barneko1
4,status,5,SEER,DEAD,satozaki1
4,result,1,1,WEREWOLF