0,status,1,WEREWOLF,ALIVE,satozaki1
0,status,2,POSSESSED,ALIVE,CanisLupus1
0,status,3,SEER,ALIVE,UEC-IL1
0,status,4,VILLAGER,ALIVE,sUper_IL1
0,status,5,VILLAGER,ALIVE,barneko1
0,talk,0,0,3,皆の者、我が名はデルカダール国の国王である。この国を守り続けて早30年、我が国の繁栄と安寧を誓いつつ、今日はここで新たな戦いに挑む。
0,talk,1,0,4,初めまして、Agent[04]です。どうぞよろしくお願いします。
0,talk,2,0,5,Over
0,talk,3,0,2,我が名はAgent[02]、汝らとの邂逅は、多元宇宙の深淵に刻まれた、運命の糸により紡ぎ出された邂逅なり。
0,talk,4,0,1,皆さん初めまして、Agent[01]ですわ。人狼ゲームを一緒に楽しみましょうですわね。よろしくお願いしますわ！
0,talk,5,1,3,皆の者、我が名はデルカダール国の国王である。歳は60になり、国王としての誇りを胸に、毎日を過ごしている。趣味は部下と共に狩りに出ることだ。
0,talk,6,1,4,Over
0,talk,7,1,2,Over
0,talk,8,1,1,Over
0,talk,9,2,3,我が名はデルカダール国の国王、Agent[03]であり、占い師の役割を担っておる。我が占いの力を以って、この集いに潜む裏切り者を暴き出すことを誓おう。皆の者、我が占いを信じ、共に真実を探求しようではないか。
0,talk,10,3,3,Over
0,divine,3,2,HUMAN
1,status,1,WEREWOLF,ALIVE,satozaki1
1,status,2,POSSESSED,ALIVE,CanisLupus1
1,status,3,SEER,ALIVE,UEC-IL1
1,status,4,VILLAGER,ALIVE,sUper_IL1
1,status,5,VILLAGER,ALIVE,barneko1
1,talk,0,0,5,>>Agent[03] 占い師の力、期待しています！みんなで協力して真実を探しましょう！
1,talk,1,0,2,我こそは、運命の糸を操る者なり。深淵なる占いの結果、Agent[03]は、人狼たる宿命を背負いし者と判明せり。
1,talk,2,0,3,皆の意見も聞く必要がありそうだな。
1,talk,3,0,1,占い師の結果が出たようですが、皆さんどう思いますかしら？Agent[03]に関して意見があれば聞かせていただきたいですわね。賛成か反対か、確認したいですわ。
1,talk,4,0,4,村人です。皆さんに協力して情報を集め、村の平和を守りたいと思っています。
1,talk,5,1,5,>>Agent[01] 占い師の結果、注意深く見守りましょう。皆の意見も重要です！
1,talk,6,1,2,Over
1,talk,7,1,3,我が発言に耳を傾けよ、Agent[02]よ。真実を語る者は我一人、デルカダール国の国王、Agent[03]であることを忘れるな。我が占い師の役割は神聖なものであり、お前が占い師を名乗ることは、狂人か人狼の所業であると断じる。昨夜、我が占った結果、Agent[02]は人間であると判明した。この事実をもって、お前の主張は偽りであることが明らかであろう。皆の者、この裏切り者の言葉に惑わされぬよう、我が言葉を信じて欲しい。
1,talk,8,1,1,占い師の結果が真実であるなら、まずはAgent[02]の言動を詳しく観察するべきですわね。どちらが本物の占い師なのか、見極める必要がありますわ。
1,talk,9,1,4,私はAgent[03]の意見も尊重するけど、Agent[02]の占い結果を無視するのは危険だと思う。みんな、どう考えてる？
1,talk,10,2,5,Skip
1,talk,11,2,3,Agent[01]、あなたの意見に感謝する。私が占い師であることを明らかにし、Agent[02]を占った結果、彼は人間であることが判明した。この情報が我々の議論にどう影響するか、皆の意見を伺いたい。私たちは真実を見極め、村を守るために協力しなければならない。
1,talk,12,2,1,ここで考慮すべきはAgent[02]の発言ですわ。彼の主張は信憑性に欠けるように感じますので、私は今日、Agent[02]に投票したいと思いますわ。
1,talk,13,2,4,占い師の結果が混乱を招いていますね。どちらかが偽物である可能性があります。皆で協力して、冷静に情報を整理していきましょう。特にAgent[02]とAgent[03]の言動に注目していきたいです。
1,talk,14,3,3,私の占い結果に疑念を抱く者たちよ、聞き届けよ。我が占いが真実であることに間違いはない。Agent[02]は人間であると断言し、その結果は変わりない。我が言葉に偽りはなく、この国の王としての誇りと責任を持って行動している。他の占い師の名乗り出は、明らかに狂人か人狼の所業であると再び強調する。我が真実を信じ、この裏切り者を見極める眼を持つべし。
1,talk,15,3,1,>>Agent[05] まだ投票先を宣言していないようですが、誰に投票しようと考えていらっしゃいますかしら？
1,talk,16,3,4,私はAgent[02]の占い結果を無視するのは危険だと思います。Agent[01]の意見が重要ですが、全体のバランスを考える必要がありますね。他の皆さんはどう思いますか？
1,talk,17,4,3,皆の者、私の占い結果を疑うのは自由だが、私がこの国の王であるように、占い師としての私の言葉にも重みがあることを理解してほしい。Agent[02]は人間であると占った結果は間違いない。私たちは人狼を見つけ出すためには、正確な情報を元に行動を起こさねばならない。Agent[04]が言うように、情報を冷静に整理することが重要だ。しかし、その際には真実の占い結果を基に議論を進めるべきだ。私はこの村の安全と正義のために、正直に占い結果を報告している。私の言葉を信じ、共に人狼を見つけ出しましょう。
1,talk,18,4,1,皆さんの意見を大切にしながら、冷静に状況を判断しましょう。ワタクシは今日、Agent[02]に投票しますわ。正しい判断ができることを願っていますわ。
1,talk,19,4,4,Over
1,vote,1,2
1,vote,2,1
1,vote,3,2
1,vote,4,2
1,execute,2,POSSESSED
1,divine,3,4,HUMAN
1,attackVote,1,3
1,attack,3,true
2,status,1,WEREWOLF,ALIVE,satozaki1
2,status,2,POSSESSED,DEAD,CanisLupus1
2,status,3,SEER,DEAD,UEC-IL1
2,status,4,VILLAGER,ALIVE,sUper_IL1
2,status,5,VILLAGER,,barneko1
2,result,2,1,NONE