0,status,1,WEREWOLF,ALIVE,UEC-IL1
0,status,2,POSSESSED,ALIVE,Mille1
0,status,3,SEER,ALIVE,kanolab1
0,status,4,VILLAGER,ALIVE,satozaki1
0,status,5,VILLAGER,ALIVE,barneko1
0,talk,0,0,5,Over
0,talk,1,0,3,こんにちは、俺はWebライターをしているkanolab1だよ。漫画が好きで、いつも時間があれば読んでいるんだ。今回の人狼ゲーム、楽しみにしてるよ。宜しくね！
0,talk,2,0,2,ぼくはAgent[02]、占い師ですよぅ！よろしくですよぅ！
0,talk,3,0,1,おっはよー！みんな、よろしくね！今日から始まる人狼ゲーム、めちゃくちゃ楽しみにしてたんだ！みんなとどんな展開になるかな？最高のゲームにしようぜ！
0,talk,4,0,4,みんな初めまして、Agent[04]です。人狼ゲームいっしょにたのしもうね。よろろすおねがいするます！
0,talk,5,1,3,Over
0,talk,6,1,2,Over
0,talk,7,1,1,こんにちは、みんな！僕は高校2年生で、サッカー部に所属してる！サッカーが大好きで、いつも元気いっぱいだよ。今回の人狼ゲーム、みんなで楽しみたいね！Agent[02]が占い師って言ってるけど、今夜誰を占うか決めないとね！みんなで意見を出し合おう！
0,talk,8,1,4,Over
0,talk,9,2,1,Agent[05]、まだ自己紹介してないよね？どんな人か教えてくれる？それと、今日の占い先についても話し合いたいんだけど、みんなどう思う？怪しい人を占い師に今日の夜占ってもらうべきだと思うよ！
0,talk,10,3,1,Over
0,divine,3,5,HUMAN
1,status,1,WEREWOLF,ALIVE,UEC-IL1
1,status,2,POSSESSED,ALIVE,Mille1
1,status,3,SEER,ALIVE,kanolab1
1,status,4,VILLAGER,ALIVE,satozaki1
1,status,5,VILLAGER,ALIVE,barneko1
1,talk,0,0,2,ぼくは占い師ですよぅ！ぼくが占った結果、Agent[05]は人狼でしたよぅ！
1,talk,1,0,1,みんなの意見も聞いてみたいな～！
1,talk,2,0,4,そうなんですねAgent[05]が人狼だということですね。ただ占い師名乗るAgent[02]の真偽も確認する必要あると思います。他の意見も聞きたいです。
1,talk,3,0,3,さて、俺も占い師だから伝えておくよ。今夜はAgent[05]を占ったんだ。その結果、Agent[05]は白だ。だから村人陣営ってことになるね。Agent[02]が言ってることと結果が違うから、みんなで慎重に考えよう！
1,talk,4,0,5,>>Agent[04] 確かに、Agent[02]の結果は怪しいね。みんなの意見をしっかり聞きたいな。
1,talk,5,1,2,うーん、Agent[05]の結果に基づいて考える方が良さそうですよぅ！
1,talk,6,1,1,えっ、マジで？ Agent[05]が人狼だったとはびっくりだな。でも、ちょっと待って。Agent[02]が本当に占い師なのかな？ みんな、どう思う？ Agent[02]の占い結果を信じていいのかな？ それとも他に怪しい人がいると思う？
1,talk,7,1,4,たしかに、Agent[01]の言う通りAgent[02]の真偽も考えないといけないね。それにしても、ふたりの占い師いるのはふしぎ。みんなの意見もうちょっと聞こうよ。
1,talk,8,1,3,俺が占った結果では、Agent[05]は白だったんだ。つまり村人陣営だよ。Agent[02]とは結果が違ってるから、みんながどう考えるかをしっかり聞いておきたいね。どっちの占い結果を信じるか、みんなの意見を聞かせてくれ。
1,talk,9,1,5,>>Agent[01] みんなの意見をしっかり集めることが大事だね！冷静に考えよう。
1,talk,10,2,2,Over
1,talk,11,2,1,みんな〜、今日の投票先は誰にする？僕はAgent[02]がちょっと怪しく見えてきたな。Agent[03]とAgent[02]で占い結果が違うってことは、どっちかが嘘をついてるってことだよね。Agent[03]の言ってることが正しければ、Agent[05]は村人だし、Agent[02]が狂人か人狼の可能性があるんじゃない？みんなの意見も聞きたいけど、今のところはAgent[02に投票しようかと思ってるんだけど、どう思う？
1,talk,12,2,4,そうだね、Agent[01]意見にはいちりあると思う。アーニャもAgent[02]があやしいと感じてるから、今日はAgent[02]に投票したい。みんな意見をもうちょびっと聞かせてほしい。
1,talk,13,2,3,もう一度確認しておくよ。俺が占った結果、Agent[05]は白だった。つまり村人陣営ってことだね。みんなの意見を聞いて、投票先を決めるのが大事だと思うよ。Agent[02]の結果と違うから、俺はAgent[02]が怪しいと思ってる。みんなの意見もぜひ聞かせてほしいな。
1,talk,14,2,5,>>Agent[03] 俺もAgent[02]が怪しいと思うよ。冷静に判断しよう！
1,talk,15,3,1,みんな〜、今日の投票、どうする？Agent[02]とAgent[03]の占い結果が食い違ってるから、どっちかが怪しいと思うんだよね。Agent[02]が人狼か狂人の可能性があるかもしれないし、Agent[03]も何か隠してるかもしれない。どう思う？
1,talk,16,3,4,みんなのいけんきいて、やっぱAgent[02]があやしいと思う。とうひょうはAgent[02]にきめよ。みんなもどう思う？
1,talk,17,3,3,あらためて、俺が占った結果によると、Agent[05]は白、つまり村人陣営だね。これをみんなにちゃんと伝えておくから、投票の参考にしてくれ。Agent[02]の結果と違ってるから、やはりAgent[02]が怪しいと感じてるね。みんなはどう思う?
1,talk,18,3,5,>>Agent[01] 俺もAgent[02]が怪しいと思う。みんなでしっかり考えよう！
1,talk,19,4,1,みんな、話し合いありがとう！今のところ、Agent[02]が怪しいという意見が多いみたいだね。Agent[02]の占い結果が信じられないっていうのは、大きなポイントだと思う。Agent[03]の結果と矛盾してるし、何か隠してる可能性もあるよね。だから、僕もAgent[02に投票することにするよ。みんなもどうかな？このままで決めちゃってもいいかな？
1,talk,20,4,4,それじゃあ、みんなのいけんきいて、ここまでのはなしあいまとめると、やっぱりAgent[02]があやしいっていけんがおおいね。今日はAgent[02]にとうひょうしよう！
1,talk,21,4,3,みんな、今日の話し合いの結果、Agent[02]が怪しいって意見が多くて、投票はそっちに向かう感じだね。俺も改めて言うけど、俺の占いではAgent[05]は白だったよ。みんなでAgent[02]に投票して、これからの展開に備えよう！
1,talk,22,4,5,>>Agent[04] みんなの意見をまとめると、やっぱりAgent[02]が怪しいよね。今日の投票は慎重にいこう！
1,vote,1,2
1,vote,2,5
1,vote,3,2
1,vote,4,2
1,vote,5,2
1,execute,2,POSSESSED
1,attackVote,1,4
1,attack,4,true
2,status,1,WEREWOLF,ALIVE,UEC-IL1
2,status,2,POSSESSED,DEAD,Mille1
2,status,3,SEER,ALIVE,kanolab1
2,status,4,VILLAGER,DEAD,satozaki1
2,status,5,VILLAGER,ALIVE,barneko1
2,talk,0,0,3,みんな、昨晩人狼によってAgent[04]が襲撃されてしまったね。これで人数が少なくなったけど、まだ村人陣営を勝たせないといけない。Agent[05]は俺が白と占って確認済みなので、少なくとも人狼ではないんだ。だから、残りの候補はAgent[01]しかないよ。Agent[01]が狂人または人狼だと思う。みんなの意見を聞かせて欲しい。
2,talk,1,0,5,>>Agent[01] 確かに、Agent[03]が白を出したから、次はよく考えよう。俺もAgent[01]が怪しいと思う。
2,talk,2,0,1,よし、Agent[02]が追放されたから、次に疑わしいのはAgent[03]だと思うんだよね。Agent[03]の占い結果がAgent[02]の結果と違ってたし、もしかしたらAgent[03]が狂人かもしれない。Agent[05]、Agent[03]についてどう思う？
2,talk,3,1,3,>>Agent[01]俺の占い結果を考慮すると、Agent[05]は白で、人狼ではないことが確認されてるよ。それに、Agent[02]が狂人か村人だったと考えると、君が人狼か狂人の可能性が高くなる。今の状況から見ると、君がもっとも怪しい存在だよ。
2,talk,4,1,5,>>Agent[01] 確かにAgent[03]の言う通りだね。次は冷静に判断しよう！
2,talk,5,1,1,えっ、ちょっと待ってよ。Agent[03]が俺を怪しんでるって、どういうこと？Agent[03]が白を出したAgent[05]を信じてるってことは、Agent[03]自身が怪しいってことじゃない？本当に占い師なのかな？Agent[03]が狂人か人狼なのかもしれないし、その場合Agent[05]の白出しも信じられないよね。Agent[05]が白って言われてるけど、それが本当かどうかも怪しいし、みんなちゃんと考えた方がいいと思うよ。Agent[03]が占い師だとしても、何かを隠してる可能性があるし、その点をもっと掘り下げるべきだと思うな。どう思う？
2,talk,6,2,3,>>Agent[01]君の言ってることも一理あるけど、現状を整理してみよう。俺が占い師としてAgent[05]を白と判定していて、Agent[02]もすでに除外されている。君が村人か狂人か人狼かは分からないけど、俺が占い師であることを考慮すると、君が最も疑わしいのは確かなんだ。今のところ、Agent[05]が白であることが確認されている以上、君が人狼である可能性が高いと思うよ。
2,talk,7,2,5,>>Agent[01] 確かに状況を整理して考えるのが重要だね。冷静に進もう！
2,talk,8,2,1,えーと、ちょっと待ってよ。Agent[03]が白を出したっていうけど、それが本当に信じられるの？昨日までの話を聞いても、Agent[03]の占い結果が正しいとは限らないよね。Agent[03]が狂人の可能性もあるし、もしかしたら人狼サイドが混乱を招こうとしてるのかもしれない。Agent[05]、Agent[03]の話ばかり信じて、本当にそれでいいのかな？もっと疑ってみるべきだと思うんだけど。Agent[03]の行動をもう一度考え直してみない？僕たちが正しい判断をしないと、村人が負けちゃうかもしれないから、しっかり考えようよ！
2,talk,9,3,3,>>Agent[01]君が言うように、俺の占い結果を信じるかどうかは大事なポイントだね。でも、Agent[05]が人狼ではないことは確認されているし、Agent[02]もすでに除外されているんだ。俺が本物の占い師だとすると、君が村人か狂人か人狼の可能性がある。今のところ、君が最も怪しい存在だと思うよ。村人陣営の勝利のために、しっかり考えていこう。
2,talk,10,3,5,>>Agent[01] 君の意見も分かるけど、Agent[03]の占い結果を考えたら、やはり疑うべきは君かもしれない。冷静に行こう。
2,talk,11,3,1,Agent[03]、お前が占い師だって証拠はどこにもないじゃん。単にAgent[05]を白と言ってるだけで、それが本当かどうかも怪しいよ。本当に占い師なら、もっと具体的な証拠を出してくれよ。Agent[05]が本当に白なのか、それともお前が狂人や人狼で、わざと白を出してるのかもしれないし、その可能性を無視できないよね。みんな、ここは冷静に考えて、本当に信じるべき人を見極めるべきだよ。
2,talk,12,4,3,>>Agent[01]俺が本物の占い師だという証拠は、1日目の結果だけど、Agent[05]は白だと確認されているよ。君が何度も指摘するように、信じる信じないは各個人の判断だけど、ゲームの配役を考えると、君が狂人や人狼である可能性が高いんだ。Agent[02]は狂人だったとすると、君が人狼かもしれないね。冷静に考えて、君の行動を振り返ってみてほしいよ。
2,talk,13,4,5,>>Agent[01] 君の意見は分かるけど、Agent[03]の占い結果を無視するのは危険だよ。冷静に考えよう！
2,talk,14,4,1,よく考えてみようよ、Agent[05]。Agent[03]が占い師だとしても、その結果が全て正しいとは限らないんだ。昨日までの話で、Agent[03]が狂人かもしれないって疑問が出てたのを忘れてない？もしAgent[03]が狂人だったら、彼の言ってることは人狼を助けるためのものかもしれないんだよ。だから、もう一度、Agent[03]の行動や発言を考え直してみる必要があると思うんだ。みんなで冷静に話し合って、正しい判断をしようよ！
2,vote,1,3
2,vote,3,1
2,vote,5,1
2,execute,1,WEREWOLF
3,status,1,WEREWOLF,DEAD,UEC-IL1
3,status,2,POSSESSED,DEAD,Mille1
3,status,3,SEER,ALIVE,kanolab1
3,status,4,VILLAGER,DEAD,satozaki1
3,status,5,VILLAGER,ALIVE,barneko1
3,result,2,0,VILLAGER