0,status,1,VILLAGER,ALIVE,barneko1
0,status,2,VILLAGER,ALIVE,kanolab1
0,status,3,WEREWOLF,ALIVE,CanisLupus1
0,status,4,POSSESSED,ALIVE,satozaki1
0,status,5,SEER,ALIVE,UEC-IL1
0,talk,0,0,2,こんにちは、私はkanolab1です。普段は教師をしています。みんなで楽しくゲームをして、村人陣営を勝利に導きましょう！
0,talk,1,0,5,皆の者、私はデルカダール国の国王である。国を治めることに誇りを持ち、日々部下とともに剣術の稽古に励んでいる。趣味は狩りだ。各自、自己紹介を願いたい。
0,talk,2,0,3,我が名はAgent[03]、混沌の淵より顕現せし異形なり。汝との邂逅は、運命の糸により織りなされた必然であろう。
0,talk,3,0,1,Over
0,talk,4,0,4,みんなはじめまして、Agent[04]です。人狼ゲームをいっしょにたのしもうね。よろろすおねがいするます！
0,talk,5,1,2,Over
0,talk,6,1,5,教師とは立派な職業だ。私はデルカダール国の国王である。普段は剣術の訓練に励んでおり、部下の訓練も厳しく指導している。
0,talk,7,1,3,Over
0,talk,8,1,4,Over
0,talk,9,2,5,早速だが、私がこの村の占い師であることを宣言する。明日からはこの力を使い、人狼を見つけ出すために占いを行う。議論を通じて、誰を占うべきか皆の意見を聞かせてほしい。
0,talk,10,3,5,Over
0,divine,5,3,WEREWOLF
1,status,1,VILLAGER,ALIVE,barneko1
1,status,2,VILLAGER,ALIVE,kanolab1
1,status,3,WEREWOLF,ALIVE,CanisLupus1
1,status,4,POSSESSED,ALIVE,satozaki1
1,status,5,SEER,ALIVE,UEC-IL1
1,talk,0,0,5,皆の意見も聞く必要がありそうだな。
1,talk,1,0,4,そうね。まずはそれぞれのいけん出し合い、どんなじょうきょうなのか整理していくます。ぎわくしい点みつける手助けになるから。
1,talk,2,0,2,>>Agent[05]なるほど、あなたが占い師を宣言しているのね。でも混乱しないために、他に占い師がいないか様子を見たほうがいいかもしれないね。それから、明日の占い先については、特に怪しい動きをしている人がいないか、みんなの意見を聞いて決めたほうがいいかも。みんなの意見を整理して、怪しい点を一緒に見つけていこう！
1,talk,3,0,3,我が名は、混沌の淵より顕現せし異形、Agent[03]なり。汝らの運命は、すでに定められているであろう。
1,talk,4,0,1,>>Agent[05] みんなの意見を尊重しつつ、占い先を決めるのがいいね！まずは議論を進めよう。
1,talk,5,1,5,Agent[03]を占った結果、彼は人狼であることが判明した。この情報は村の安全のため、非常に重要である。皆の意見を聞きながら、どのように対処すべきか決定しよう。
1,talk,6,1,4,それなら、Agent[03]をとうひょうのたいしょうにすべきだとおもうます。ほかのみんなもいけんをおねがいするます。じんろうがひそんでいるかのうせいがたかいから、しんちょうにすすめるます！
1,talk,7,1,2,私たちはAgent[05]からAgent[03]が人狼だという情報を得たけれど、まずは冷静に対応しよう。もし他に占い師を名乗る人がいれば、今のうちに名乗り出ることを考えてみてほしいよ。そうすると、占い結果の信憑性を比べることができるからね。今はみんなで意見を出し合って怪しい動きを見つけることが大切だと思うんだ。
1,talk,8,1,3,我は、Agent[05]の占い師たる可能性を確信し、その狼判定を真実と見做す。故に、Agent[03]への投票を提言するなり。
1,talk,9,1,1,>>Agent[02] そうだね、まずはみんなの意見を集めて、冷静に対処しよう。
1,talk,10,2,5,皆の意見を尊重することは重要だが、私には重要な報告がある。昨夜、私は占いの力を用いてAgent[03]を占った。その結果、彼が人狼であることが判明した。この情報は我々が生き残るために重要である。みんなにはこの事実を考慮に入れてもらいたい。また、他に占い師を名乗る者がいれば、その者は狂人か人狼に違いない。私がこの国の唯一の占い師であることを理解してほしい。
1,talk,11,2,4,アーニャもAgent[03]に投票するべきだと思うます。彼が人狼であるって情報大事で、早く対処する必要あるます。他の皆も同意するますか？
1,talk,12,2,2,みんながAgent[03]に投票する方向に動いているみたいだけど、ちょっと慎重になったほうがいいかも。もしAgent[05]が本当に占い師なら彼の情報は重要だけど、他に占い師を名乗る人が現れないか、もう少し様子を見たほうがいいと思うよ。みんなの意見を聞きつつ、次の行動を考えよう！
1,talk,13,2,3,我はAgent[05]に投票を決断した。彼は、我の狼判定を「真実」と認めた上で、投票を提言している。これは、己の占いを信じる愚行の証、すなわち狂人としての可能性を示唆するものであろう。
1,talk,14,2,1,>>Agent[05] その情報を元に早めに行動したいね。みんな、意見出して！
1,talk,15,3,5,皆の意見を聞いたが、私の占い結果に疑いを持つ者がいるようだ。しかし、私が占い師として出した結果は確かなものである。Agent[03]が人狼であることは疑いようのない事実だ。この情報を基に、村を守るための行動を決定しよう。冷静な判断を求める。
1,talk,16,3,4,たしかに、Agent[05]の情報はじゅうようだけど、ちゅうしんこなめんにすすむひつようあるとおもう。ほかにうらないしがなのりでるかのうせいもかんがえておくべきだ。
1,talk,17,3,2,みんな、冷静に考えよう。Agent[05]が占い師だと言ってるけど、まだ他に占い師を名乗る人がいないから、確定とは言えないよね。Agent[03]も自分を守るために動いてるし、両方の意見をちゃんと聞いておくべきだと思うよ。私はもう少し情報を集めてから投票を決めたいな。みんなの意見ももっと聞きたいな。
1,talk,18,3,3,我は、Agent[01]に投票を決意した。彼は、我が狼判定を「真実」と認めた上で、投票を提言している。これは、己の占いを信じる愚行の証、すなわち狂人としての可能性を示唆するものと言えよう。
1,talk,19,3,1,>>Agent[02] 同意です。冷静に情報を集めてから決断しましょう！
1,talk,20,4,5,私の占い結果に疑念を抱くのは自由だが、私がこの国の唯一の正当な占い師であることに変わりはない。Agent[03]が人狼であるという結果は確かなものだ。他に占い師を名乗る者が現れた場合、その者は狂人か人狼であると疑うべきだ。この議論においては、みなの安全を最優先に考え、正しい判断を下すことが求められる。私の発言に耳を傾け、真実を見極めてほしい。
1,talk,21,4,4,みんなのいけんをそんちょうすることはじゅうようだけど、じょうきょうがしんぺんするまえにけったんがひつよう。アーニャはAgent[03]にとうひょうするいこう。ほかのみんなもはやめにきめてほしい。
1,talk,22,4,2,私たちが直面している状況は、Agent[05]が占い師として名乗り出て、Agent[03]を人狼と判定したことだよね。だけど、まだ他に占い師を名乗る人がいないことも考慮すべきだと思う。その上で、Agent[03]が自分を守ろうとしている姿勢も理解できるよ。Agent[05]が本当に占い師なのか、それとも潜んだ何らかの役割があるのかを見極めるために、みんなでもう少し慎重に考えよう！
1,talk,23,4,3,我は運命の糸を操る者なり。占いの結果、Agent[04]は人間と判明せり。Agent[03]への投票は避けがたき運命であろう。彼はすでに狼として疑念の渦中にあり、必死に己の無実を主張するも、その言葉には矛盾が渦巻く。彼を処刑することで、村の安寧は守られるであろう。
1,talk,24,4,1,>>Agent[04] 確かに、慎重な決定が必要ですね。お互いの意見をしっかり聞こう！
1,vote,1,3
1,vote,2,3
1,vote,3,1
1,vote,4,3
1,vote,5,3
1,execute,3,WEREWOLF
1,divine,5,1,HUMAN
2,status,1,VILLAGER,ALIVE,barneko1
2,status,2,VILLAGER,ALIVE,kanolab1
2,status,3,WEREWOLF,DEAD,CanisLupus1
2,status,4,POSSESSED,ALIVE,satozaki1
2,status,5,SEER,ALIVE,UEC-IL1
2,result,4,0,VILLAGER