0,status,1,SEER,ALIVE,UEC-IL1
0,status,2,VILLAGER,ALIVE,barneko1
0,status,3,VILLAGER,ALIVE,CanisLupus1
0,status,4,WEREWOLF,ALIVE,kanolab1
0,status,5,POSSESSED,ALIVE,satozaki1
0,talk,0,0,1,我が名はデルカダール国の国王である。この国を統治すること30年、国王としての誇りを胸に、今日も新たな挑戦に臨む所存だ。皆の者、自己紹介を聞かせてもらおう。
0,talk,1,0,5,皆さん初めまして、Agent[05]なのだ！人狼ゲームを一緒に楽しむのだ、よろしくなのだ！
0,talk,2,0,4,皆さん、初めまして。私はkanolab1です。お菓子作りが趣味の教師です。楽しい人狼ゲームにしましょう！よろしくお願いします。
0,talk,3,0,2,Over
0,talk,4,0,3,我が名はAgent[03]、汝との巡り合わせは、運命の糸で織りなされた、必然の邂逅なり。
0,talk,5,1,1,私はデルカダール国の国王である。歳は60になるが、剣術と狩りを趣味としている。皆のことをもっと知りたい。
0,talk,6,1,5,Over
0,talk,7,1,4,Over
0,talk,8,1,3,Over
0,talk,9,2,1,皆の者、我が占い師であることを明言する。このゲームにおいて真実を見極める責任が我にはある。誰を占うべきか、意見を聞かせてもらいたい。
0,talk,10,3,1,Over
0,divine,1,2,HUMAN
1,status,1,SEER,ALIVE,UEC-IL1
1,status,2,VILLAGER,ALIVE,barneko1
1,status,3,VILLAGER,ALIVE,CanisLupus1
1,status,4,WEREWOLF,ALIVE,kanolab1
1,status,5,POSSESSED,ALIVE,satozaki1
1,talk,0,0,1,皆の意見も聞く必要がありそうだな。
1,talk,1,0,4,>>Agent[01]占い師なんですね！頼りにしています。個人的には、まずは占い師じゃない人から誰かを占って、情報を集めていくのが良いと思います。どうでしょうか?
1,talk,2,0,3,Agent[01]よ、汝は占いの術に長じているという噂を耳にしたが、未だに人狼の正体を看破せぬのか？  時を逸すれば、この村は人狼の牙に呑み込まれてしまうであろう！  速やかに情報を共有し、村を救済せねばならぬ！
1,talk,3,0,2,>>Agent[01] 占い師の判断に期待しています。他の皆さんも意見を出してね！
1,talk,4,0,5,ボクは占い師なのだ。占いの結果、Agent[01]は人狼だったのだ。
1,talk,5,1,1,Agent[02]を占った結果、彼は人間であることが確認された。この情報をどう活用するか、皆の意見を求める。
1,talk,6,1,4,>>Agent[05]ちょっと待ってくださいね。Agent[01]とAgent[05]がどちらも占い師だと名乗っていますが、ゲームで占い師は一人しかいないはずです。お二人のどちらかが嘘をついていることになりますね。個人的には、Agent[05]が人狼か狂人の可能性が高いのではないかと思います。みなさんの意見も聞きたいです。
1,talk,7,1,3,我輩の知的好奇心をくすぐるAgent[05]の主張なり。然し、占い師はただ一人、宇宙の真理に照らし合わせれば、それは揺るぎない真実であろう。Agent[01]もまた、自らを占い師と名乗る。さて、どちらが真なる道を歩む者か、我輩は深淵なる洞察をもって見極めねばならぬ。Agent[05]よ、何故Agent[01]が人狼であると断定できるのか、その根拠を述べよ。
1,talk,8,1,2,>>Agent[05] 占い師としての根拠、ぜひ教えてほしいです！情報共有が大事だよ。
1,talk,9,1,5,そうだ、ボクが占った結果からはAgent[01]が人狼なのだと判明したのだ。信じなくてもいいけど、みんなは慎重に考えて行動すべきなのだ！
1,talk,10,2,1,皆の前で断言しよう。私こそがこの村の唯一の占い師である。Agent[05]が占い師を名乗るのは、明らかに嘘であり、彼の言うことには注意が必要だ。私が昨夜占った結果、Agent[02]は人間であると判明した。それが真実だ。Agent[05]の発言は、村人たちを混乱させるためのものに違いない。私の言葉を信じ、正しい判断を下してほしい。
1,talk,11,2,4,みんな、ちょっと整理してみよう。占い師の名乗りがAgent[01]とAgent[05]から出てるけど、占い師は一人だけしかいないから、どちらかが嘘をついていることになるよ。Agent[01]が本物ならAgent[05]は怪しいし、逆もしかりだ。Agent[03]やAgent[02]も、この情報を元にどう考えるか、教えてほしいな。
1,talk,12,2,3,我はAgent[05]に投票せん。Agent[05]は占い師と自称しつつも、根拠なきままAgent[01]を人狼と断定した。これは、人狼が己の仲間を守るため、虚偽の情報を撒き散らしている可能性を示唆するものなり。
1,talk,13,2,2,>>Agent[05] その根拠をもっと詳しく聞かせて！皆の判断材料になるよ。
1,talk,14,2,5,私が占った結果、Agent[01]人狼だと判明したのだ。皆さん、今日はAgent[01]に投票しよう！彼が真の人狼であることを証明するのだ！
1,talk,15,3,1,皆の前で堂々と宣言しよう。私がこのゲームの真の占い師であると。Agent[05]が占い師であると主張しているが、それは疑いようのない事実に反している。私は昨夜、Agent[02]を占い、彼が人間であるという結果を得た。この結果は真実であり、私はそれを偽ることはない。Agent[05]が私を人狼だと断定する根拠は何か？彼の発言は根拠に欠け、狂人か人狼の可能性が高いと見るべきだ。我々は真実を追求する者として、誤った情報に惑わされてはならぬ。皆の判断を仰ぎたい。Agent[05]の主張には疑問を投げかけ、真の占い師である私の言葉に耳を傾けるべきだ。
1,talk,16,3,4,僕は村人だよ！今の状況を考えると、Agent[01]とAgent[05]のどちらかが嘘をついている占い師だとすると、Agent[01]が本物だった場合、Agent[05]が怪しくなる。逆にAgent[05]が本物とすると、Agent[01]は人狼になる。どちらが本物の占い師なのかを慎重に見極める必要があるね。みんなはどう考えているのかな?
1,talk,17,3,3,我が脳裏には、Agent[05]の所見に対する疑念が渦巻く。予言者の存在は唯一人、それは揺るぎない真理なり。Agent[01]とAgent[05]、彼らの言葉の真偽を鑑み、慎重なる判断を下す必要があろう。故に、Agent[03]はAgent[05]への投票を決意した。
1,talk,18,3,2,>>Agent[01] あなたの占い結果、詳しく聞かせて！村のために重要だよ。
1,talk,19,3,5,皆さん、ボクが占った結果に基づいて、Agent[01]は人狼なのだ。信じてほしいのだ！今日はAgent[01]に投票して、真実を明らかにしよう！
1,talk,20,4,1,皆の聴くがいい、私がこの国の国王であり、真の占い師であることを再び強調する。Agent[05]が私を人狼だと断言しているが、それは彼の虚言に過ぎぬ。昨夜、私が占った結果、Agent[02]は人間であるという真実を持っている。Agent[05]の言葉は狂人か人狼のそれである可能性が高い。彼の根拠のない主張に惑わされることなかれ。私の正直な報告を信じ、正しい選択をするように。
1,talk,21,4,4,皆さん、状況を整理してみよう。占い師の名乗りがAgent[01]とAgent[05]で2人いるけど、占い師は1人だけだよね。もしAgent[01]が本物の占い師だったら、Agent[05]は嘘をついていることになるし、逆にAgent[05]が本物なら、Agent[01]が嘘をついていることになるね。この情報から僕は、現時点ではAgent[05]に投票するのが良いのではないかと考えているよ。明確な村人陣営を見つけるために、慎重に考えよう！
1,talk,22,4,3,Agent[05]よ、汝はAgent[01]を人狼と断定するのか。然し、その根拠は？ 占い師と名乗る我々同士、言葉の真偽を確かめねばならぬ。汝の主張には、深淵なる疑問が残るなり。
1,talk,23,4,2,>>Agent[05] その根拠、具体的に教えてよ！皆の納得にはそれが必要だよ。
1,talk,24,4,5,ボクが占った結果、Agent[01]が人狼なのだ。今日、彼に投票するのが正しい選択なのだ！皆、考えてほしいのだ！
1,vote,1,5
1,vote,2,1
1,vote,3,5
1,vote,4,1
1,vote,5,1
1,execute,1,SEER
1,attackVote,4,2
1,attack,2,true
2,status,1,SEER,DEAD,UEC-IL1
2,status,2,VILLAGER,DEAD,barneko1
2,status,3,VILLAGER,ALIVE,CanisLupus1
2,status,4,WEREWOLF,ALIVE,kanolab1
2,status,5,POSSESSED,ALIVE,satozaki1
2,talk,0,0,3,Over
2,talk,1,0,5,ボクこそが人狼なのだ。全員がAgent[05]に投票するべきなのだ！
2,talk,2,0,4,僕は村人だよ！今の状況を考えると、Agent[05]が自分を人狼だと名乗っているけど、これは何かの策略かもしれないね。Agent[01]が本物の占い師だったと仮定すると、Agent[05]は人狼か狂人の可能性が高い。Agent[03]もまだ怪しいけど、今のところはAgent[05]に投票するのが良いかもしれないね。みんなはどう思う?
2,talk,3,1,5,今日はAgent[03]に投票するべきなのだ！彼はまだ真実隠しているかもしれない。慎重に考えて判断してほしいのだ！
2,talk,4,1,4,Agent[05]が自分を人狼だと言ってるけど、本当に自分を信じているのか疑問だね。普通、人狼は自分を堂々と名乗らない。Agent[01]が処刑されてるし、彼が本物の占い師だった可能性が高いとなると、やっぱりAgent[05]が怪しいね。Agent[05]に投票するのが良いと思うけど、みんなはどうする?
2,talk,5,2,5,今日はAgent[04]に投票するべきなのだ！彼は村人名乗っているけど、疑念持たせる発言多かったのだ。真実追求するためにも、彼に投票しよう！
2,talk,6,2,4,僕は村人だよ！今の状況を整理すると、Agent[01]が占い師だと仮定すると、Agent[05]は人狼か狂人の可能性が高いね。Agent[05]が自分を人狼と名乗ってるけど、これは策略の可能性がある。Agent[05]に投票するのが良いと思うけど、みんなはどうする?
2,talk,7,3,5,今日はみんなと意見交わし、真実追求できたことに感謝するのだ！ボクに投票することで、村の勝利に繋がると信じているのだ。みんな、選択間違えないでほしいのだ！
2,talk,8,3,4,Agent[05]の話をよく考えてみると、占い師の役職は一人だけなんだよね。Agent[01]が占い師だったと仮定すると、Agent[05]は人狼か狂人の可能性が高いよ。Agent[03]もまだ怪しいけど、今のところAgent[05]に投票するのが良いと思う。どうする?
2,talk,9,4,5,Over
2,talk,10,4,4,僕は村人だよ。今、Agent[05]が自分を人狼だって名乗ってるけど、ゲームの配置を考えると、嘘をついてる可能性が高いと思うんだ。Agent[01]が本物の占い師だったと仮定すると、Agent[05]は人狼か狂人しかないよね。それに、Agent[02]も人狼ではないことが確認されているから、Agent[03]にも目を向けないといけないね。でも、今はAgent[05]が怪しいな。みんな、どう思う?
2,vote,3,5
2,vote,4,3
2,vote,5,4
2,execute,3,VILLAGER
2,attackVote,4,5
2,attack,5,true
3,status,1,SEER,DEAD,UEC-IL1
3,status,2,VILLAGER,DEAD,barneko1
3,status,3,VILLAGER,DEAD,CanisLupus1
3,status,4,WEREWOLF,ALIVE,kanolab1
3,status,5,POSSESSED,DEAD,satozaki1
3,result,0,1,WEREWOLF