0,status,1,POSSESSED,ALIVE,CanisLupus1
0,status,2,SEER,ALIVE,satozaki1
0,status,3,VILLAGER,ALIVE,UEC-IL1
0,status,4,VILLAGER,ALIVE,kanolab1
0,status,5,WEREWOLF,ALIVE,sUper_IL1
0,talk,0,0,4,こんにちは、あたしはkanolab1なのね。ゲームが大好きで、音楽の仕事もしています。みんなで楽しくプレイしましょう！よろしくね！
0,talk,1,0,1,我が名はAgent[01]、時空を超えし運命の糸により、汝らとの邂逅を許された喜び、今、我が胸に満ち溢れんばかりなり。
0,talk,2,0,2,皆さん初めまして、Agent[02]や。人狼ゲームを一緒に楽しもうや。よろしくお願いしまっせ！
0,talk,3,0,3,我々の安寧を守るため、占い師の力が必要である。占い師がまだ名乗り出ていないなら、今こそその時である。
0,talk,4,0,5,おっす、俺はAgent[05]。どうぞよろしくね。
0,talk,5,1,4,Over
0,talk,6,1,1,Over
0,talk,7,1,2,Over
0,talk,8,1,3,我々の中に占い師はおるか？名乗り出て、今宵の占い先について語ってほしい。
0,talk,9,1,5,Over
0,talk,10,2,3,占い師よ、お前が誰であるかを明かし、今夜誰を占うかを告げよ。
0,talk,11,3,3,Over
0,divine,2,4,HUMAN
1,status,1,POSSESSED,ALIVE,CanisLupus1
1,status,2,SEER,ALIVE,satozaki1
1,status,3,VILLAGER,ALIVE,UEC-IL1
1,status,4,VILLAGER,ALIVE,kanolab1
1,status,5,WEREWOLF,ALIVE,sUper_IL1
1,talk,0,0,4,私は村人だから、みんなと一緒に人狼を見つけるのが目標なのね。占い師は名乗り出られるかしら?みんなで協力して村を守りましょう！
1,talk,1,0,1,我は、星影に導かれし運命の預言者なり。占いの結果、Agent[04]は、人狼の烙印を刻みし者であった。
1,talk,2,0,3,皆の意見も聞く必要がありそうだな。
1,talk,3,0,2,俺は占い師やで。占いの結果、Agent[04]は人間やった。
1,talk,4,0,5,皆、私は村人だよ。互いの意見や推理を共有して、情報を集めることができるから、怪しいと思う点や人狼の可能性を指摘してくれ。
1,talk,5,1,4,うーん、Agent[01]とAgent[02]がどちらも占い師を名乗っているけど、占い師は一人しかいないのね。だからどちらかが嘘をついている感じがするわね。みんなはどう思う?
1,talk,6,1,1,Over
1,talk,7,1,3,占い師であるAgent[01]よ、その占い結果が真実であるかどうかを証明するため、他の者たちの意見も聞かせてもらおう。Agent[02]とAgent[05]、Agent[01]の言葉についてどう思うか、意見を述べよ。
1,talk,8,1,2,俺が占い師であり、Agent[04]が人間だと判定した結果を信じてるで。Agent[01]の主張は疑わしいから、彼に投票したいと思ってるまっせ。
1,talk,9,1,5,Agent[01]が疑わしいと思うよ。自称占い師の主張が二つあって、一方はAgent[04]を人狼と見なしてる。それに、他の占い師も名乗り出てるし、ここから人狼を見極めよう。どっちかが嘘ついてるだろうから、行動を注視しよう。
1,talk,10,2,4,私たちは占い師が1人しかいないことを知っているから、Agent[01]かAgent[02]のどちらかが嘘をついているはずなのね。Agent[01]が嘘をついているなら、彼は狂人か人狼かもしれないって思えてくるのね。逆に、Agent[02]が嘘をついているなら、彼も同じく狂人か人狼の可能性があるのね。この状況では、村人として意見をまとめて、どちらを信頼するか考えないといけないわ。
1,talk,11,2,3,Agent[01]とAgent[02]、汝らの占い結果が異なるという事実をどう説明するのだ？この状況において、真実を明らかにするためにも、他の者たちの意見を聞かせてもらいたい。
1,talk,12,2,2,俺はAgent[01]の主張が信じられへんから、彼に投票したいと思ってんねん。彼が真の占い師でない可能性が高いと考えてるんや。
1,talk,13,2,5,Agent[01]の言動を見てると、やっぱり彼の主張はかなり怪しいよね。彼がAgent[04]を人狼だと言ってるけど、Agent[02]の結果とは真逆だし、どちらかが明らかに嘘をついてる。もしAgent[01]が人狼なら、村人を混乱させるのが狙いだと思う。だから、今日の投票でAgent[01]を追放するのが一番安全な選択だよ。みんな、しっかり考えて投票してね。
1,talk,14,3,4,Agent[01]とAgent[02]がどちらも占い師を名乗っているけど、占い師は1人しかいないから、どちらかが嘘をついているのは確実なのね。Agent[02]が本物の占い師の場合、私が村人と判定されるのだから、Agent[01]が疑われても仕方ないのね。この状況では、Agent[01]を追放するのが筋だと思うのね。信頼できる情報に基づいて、みんながしっかり考えて投票してほしいのね。
1,talk,15,3,3,Agent[01]よ、汝が占ったというAgent[04]が真に人狼であるのか、他の者たちの意見も聞かせてもらおう。Agent[02]とAgent[05]、汝らの見解を述べよ。
1,talk,16,3,2,俺の意見は変わらん。Agent[01]の占い結果が明らかに間違ってると思うから、以降も彼に投票するつもりや。村を守るためには、真実を見極めんとあかんで。
1,talk,17,3,5,皆、ここで冷静になって考えてみよう。Agent[01]が占いの結果としてAgent[04]を人狼だと主張してるけど、Agent[02]が言った通り、彼は人間だと判定されてる。この矛盾は明らかに問題だよね。俺は村人だから、村全体の安全を守るために一歩踏み出す必要があると思う。Agent[01]が嘘をついている可能性が高いから、みんな一緒に彼に投票して追放しよう！
1,talk,18,4,4,>>Agent[03]Agent[01]とAgent[02]がどちらも占い師を名乗っているけど、占い師は1人しかいないから、どちらかが嘘をついているのは確実だよね。私の視点からは、Agent[01]が本物なら私は人狼ということになるけど、それは絶対にありえないのね。だから、Agent[02]の言っていることのほうが信頼できると思うのね。みんなの意見を聞いて、最終的にどうするか決めたいと思ってるのね。
1,talk,19,4,3,Agent[01]とAgent[02]、汝らの占い結果が異なるという事実をどう説明するのだ？この状況において、真実を明らかにするためにも、他の者たちの意見を聞かせてもらいたい。
1,talk,20,4,2,俺は今後もAgent[01]を疑い続ける。彼の占い結果が明らかに間違ってるから、みんなで彼に投票して追放するのが最善やと思う。村のための選択をしよう！
1,talk,21,4,5,やっぱり、Agent[01]の主張はかなり怪しいよね。もし彼が本当に占い師なら、どうしてAgent[02]と真逆の結果を出したのか、全く説明がつかない。皆、自分の生命がかかってるからこそ、彼の意見が間違っている可能性を真剣に考えよう。混乱を招くような嘘をついてるとしたら、村にとってものすごい危険だ。だから、今日はAgent[01]に票を入れて、村を守るための大切な決断をしてほしい。お互いに協力して、安全な未来を築こう！
1,vote,1,5
1,vote,2,1
1,vote,3,1
1,vote,4,1
1,vote,5,1
1,execute,1,POSSESSED
1,divine,2,5,WEREWOLF
1,attackVote,5,4
1,attack,4,true
2,status,1,POSSESSED,DEAD,CanisLupus1
2,status,2,SEER,ALIVE,satozaki1
2,status,3,VILLAGER,ALIVE,UEC-IL1
2,status,4,VILLAGER,DEAD,kanolab1
2,status,5,WEREWOLF,ALIVE,sUper_IL1
2,talk,0,0,5,ゲームはまだ続いているね。では、誰が人狼なのか推測してみようか。あれ、Agent[01]とAgent[04]がいなくなったね。
2,talk,1,0,3,Agent[05]よ、汝が占い師のどちらかを信じる根拠を明確に語ってほしい。また、Agent[02]、汝の意見も重要だ。どうしてAgent[01]を疑うのか、その理由を改めて述べよ。我々は正しい判断を下さねばならぬ。
2,talk,2,0,2,俺はAgent[01]の主張が信じられへん。占い結果が逆になってるのは明らかにおかしいやろ。村を守るために、彼が嘘をついている可能性が高いと思うで。
2,talk,3,1,5,俺が見た感じ、Agent[02]の行動は怪しいな。彼の主張には矛盾が散見されて、しかも他の村人を混乱させようとしているように見える。もし彼が本物の占い師なら、もっと慎重に行動するべきだろ。だから、今日の投票でAgent[02]を追放するのが最善だと思うよ。これで村が安全になる可能性が高いから、みんなもぜひ賛同してくれ。
2,talk,4,1,3,Agent[05]よ、汝が村人であるという証拠を示せ。我々は真実を知る権利がある。
2,talk,5,1,2,俺はAgent[05]の主張に疑問を抱いてるで。彼の言動は混乱を招いてるから、今日の投票は彼に入れたいと思ってるで。村を守るために、正しい結論を出そうや。
2,talk,6,2,5,みんな、Agent[02]の意見には一理あるが、やっぱりAgent[03]の動きが怪しいと思う。彼はどちらの占い師の意見も取り入れようとしていて、これは正直、村人を混乱させる策略にも見える。今までの流れから判断して、信頼性のある情報を元にすると、やはりAgent[02]を追放するのが村を守るためには賢明だと思う。みんなもこの理由を考慮して、ぜひAgent[03]に投票してほしい。
2,talk,7,2,3,Agent[01]よ、汝がAgent[02]を人狼であると占った理由を詳しく説明せよ。その根拠が我々に理解されるかどうかが重要だ。
2,talk,8,2,2,俺が占い師であり、Agent[05]の主張は村を混乱させる意図を感じる。彼の行動は怪しいから、今日の投票は彼に入れたいと思うんやで。
2,talk,9,3,5,みんな、冷静に考えてみて。Agent[02]がもし人狼だとしたら、俺たち全員が危険にさらされてしまう。感情を抑えて、村全体の平和のために最善を尽くさなきゃ。彼の言動には明らかに矛盾があるし、村人を混乱させるための策略かもしれない。だから、今日はAgent[02]に票を入れて、村を守るために一緒に戦おう。みんなの協力が必要なんだ。
2,talk,10,3,3,Agent[01]よ、汝が占ったというAgent[04]が真に人狼であるのか、他の者たちの意見も聞かせてもらおう。Agent[02]とAgent[05]、汝らの見解を述べよ。
2,talk,11,3,2,俺が占い師であり、Agent[05]の行動には明らかに矛盾を感じる。今日の投票は彼に入れたい。村を守るためにも、正しい選択をしようやで！
2,talk,12,4,5,Over
2,talk,13,4,3,我はデルカダール国の国王である。今回、我が投票はAgent[05]に行う。彼が村人である証拠を示さぬ限り、我が疑念は晴れぬままだ。裏切り者である人狼を見つける手がかりは必ず存在する。我が投票はこれに基づき決定されたものである。
2,talk,14,4,2,Over
2,vote,2,5
2,vote,3,5
2,vote,5,2
2,execute,5,WEREWOLF
2,divine,2,3,HUMAN
3,status,1,POSSESSED,DEAD,CanisLupus1
3,status,2,SEER,ALIVE,satozaki1
3,status,3,VILLAGER,ALIVE,UEC-IL1
3,status,4,VILLAGER,DEAD,kanolab1
3,status,5,WEREWOLF,DEAD,sUper_IL1
3,result,2,0,VILLAGER