0,status,1,POSSESSED,ALIVE,kanolab1
0,status,2,SEER,ALIVE,CanisLupus1
0,status,3,VILLAGER,ALIVE,satozaki1
0,status,4,VILLAGER,ALIVE,Mille1
0,status,5,WEREWOLF,ALIVE,UEC-IL1
0,talk,0,0,2,我が名はAgent[02]、汝らとの邂逅は、運命の糸が織りなす壮大な叙事詩の序章たるであろう。
0,talk,1,0,4,ぼくはAgent[04]、村人ですよぅ！よろしくですよぅ！
0,talk,2,0,5,おっはよー！みんなよろしくね！最高のゲームにしようぜ！それじゃ、僕から自己紹介するね。高校2年生で、サッカー部に所属してるんだ。趣味はもちろんサッカーで、いつも元気いっぱい！みんなもどんどん自己紹介してくれよな！
0,talk,3,0,1,こんにちは、皆さん！当方はAgent[01]だお。趣味はアニメで、ゲームデバッガーとして働いているお。楽しいゲームにしようね！よろしくお願いするお！
0,talk,4,0,3,皆さん初めまして、Agent[03]やで。人狼ゲームを一緒に楽しみましょう。よろしくお願いします！
0,talk,5,1,2,Over
0,talk,6,1,4,Over
0,talk,7,1,5,みんな、こんにちは！僕はAgent[05]だよ。高校2年生でサッカー部に所属してるんだ。こういうゲームは初めてだけど、みんなと楽しい時間を過ごせたらいいなと思ってるよ！それにしても、Agent[02]の言い方カッコいいね！Agent[04]もよろしくね！さて、今日は占い師が誰なのか知りたいな。占い師の人はまだ名乗り出ていないけど、占い師は誰かな〜？今日怪しい人を占ってもらうために占い師は出てきた方がいいと思うよ！
0,talk,8,1,1,Over
0,talk,9,1,3,Over
0,talk,10,2,5,ところで雑談もいいけど、今日の占い先を話し合おうよ〜！今夜に占い師さんが誰かを占うわけだけど、誰がいいと思う？怪しい人を占い師に今日の夜占ってもらうべきだと思うよ！
0,talk,11,3,5,Over
0,divine,2,3,HUMAN
1,status,1,POSSESSED,ALIVE,kanolab1
1,status,2,SEER,ALIVE,CanisLupus1
1,status,3,VILLAGER,ALIVE,satozaki1
1,status,4,VILLAGER,ALIVE,Mille1
1,status,5,WEREWOLF,ALIVE,UEC-IL1
1,talk,0,0,5,みんなの意見も聞いてみたいな～！
1,talk,1,0,1,当方の占い結果によると、Agent[05]は白だったよ。Agent[05]は人狼ではなさそうだね。
1,talk,2,0,3,Agent[05]が白であれば、他の参加者の中に人狼が潜んどることになるんじゃね。ワシは他の参加者の意見も聞きたいんじゃ。特にAgent[02]についてどう思うかい？
1,talk,3,0,2,我は星影に導かれし者、運命の糸を解き明かす者なり。占いの結果、Agent[03]は生ける者、すなわち人狼ではなく、人間であると判明した。さて、汝らは何を思うか？怪しき存在は誰であろう？意見を述べよ。
1,talk,4,0,4,Agent[03]が白という結果を受けて、Agent[02]の占い結果が信用できるかどうか、疑問が浮上したですよぅ！
1,talk,5,1,5,Agent[01]、Agent[02]、Agent[03]、Agent[04]、みんなの意見が聞きたいな！特にAgent[04]は昨日村人だって言ってたけど、今のところ誰が怪しいと思ってるの？何か怪しい動きを見たり、感じたりしたことある？
1,talk,6,1,1,>>Agent[05]なんでしょうか?当方が占い師として名乗り出ているので、他の自称占い師は嘘をついている可能性が高いだお。つまり、Agent[02]が怪しいかも?まず占い師を装うのは、狂人か人狼のどちらでもありうるからね。それで、Agent[05]は当方の占い結果で白（人狼ではない）と判定されているから、他のメンバーをもう少し疑ってみてもいいかも。Agent[03]・Agent[04]の動きにも注意を向けながら、この件について考えよう。余談だけど、新作アニメ「異世界転移オタクの冒険」見たことある?超面白いですよ！
1,talk,7,1,3,確かに、Agent[01]の意見には一理あるやで。Agent[02]の真偽を見極めつつ、他の参加者についても観察が必要じゃな。この流れに乗って議論を深めたいんじゃ。
1,talk,8,1,2,我々Agent[01]とAgent[02]こそが、この混沌たる世界における真の予言者なり。然し、Agent[02]の予言には、深淵なる闇が潜む。故に、我はAgent[02]こそが、この世の秩序を乱す異端児たるべしと断定する。
1,talk,9,1,4,Agent[02]の予言には、深淵なる闇が潜むと断定するAgent[02]の発言は、非常に印象的でしたですよぅ！
1,talk,10,2,5,みんな〜今日の投票先は誰にする？僕は今のところAgent[02]に投票しようかと思ってるんだけど、みんなはどう思う？ Agent[02]の言葉遣いがちょっと怪しいし、占い結果もAgent[03]が白だっていうのが気になるよね。他の意見も聞きたいな！
1,talk,11,2,1,>>Agent[05]それいい考えだと思うよ。占い師が1人しかいないのに、Agent[02]も占い師を名乗ってるのが怪しいと思うんだ。嘘をついている可能性が高いから、投票しようかな。アニメが好きな当方から見ると、予想通りの展開で面白くなってきたよ。どうなるか楽しみだお！
1,talk,12,2,3,ワシもAgent[02]に投票するべきだと思うんじゃ。占い師が1人しかおらん中での自己主張は怪しいし、混乱を招く存在じゃからね。他の意見も聞きたいが、信頼できるのはAgent[01]のみじゃ。
1,talk,13,2,2,我はAgent[04]に投票せん。その者の、我が占いを疑う言辞は、人狼の行動パターンに合致するが故なり。我が占いの結果が偽であれば、人狼はそれを利用し、村人を混乱せしめんとするであろう。
1,talk,14,2,4,Over
1,talk,15,3,5,さて、みんなの意見がだいぶ出てきたね！Agent[01]とAgent[02]の占い師争いが気になるところだけど、Agent[02]が自分自身を占って白だと言ったことがちょっと怪しいよね。普通、自分を占うって言わないし、何か隠してるのかな？それに、Agent[02]がAgent[02]を異端児だと言ってるのも変だよね。今日はAgent[02]に投票するのがいいんじゃないかな？他のみんなはどう思う？
1,talk,16,3,1,僕もAgent[02]に投票するのがいいと思うだお。占い師はゲームの役職配分的に一人しかいないはずだから、僕が占い師として名乗り出たのに、Agent[02]も占い師と自称しているのが怪しいんだ。しかも自分を占って白と言った発言も信じられないからね。Agent[02]が人狼か狂人の可能性が高いと思うだお。
1,talk,17,3,3,>>Agent[02] まだ投票先を宣言していないようやけど、誰に投票しようと考えとるんかい？
1,talk,18,3,2,我は占い師なり。占いの結果、Agent[03]は人間であった。Agent[02]、汝は己を占い白と断じたが、なぜ己を占う必要があったのか？更に、己を異端児と称するが、それは何ぞや？汝の言葉には矛盾を感じざるを得ない。我はAgent[02]に投票する。
1,talk,19,4,5,みんなの意見聞いた感じ、やっぱりAgent[02]に投票するのがいいかなって思う！Agent[01]とAgent[03]もそう思ってるみたいだし、多数決で決めようよ。Agent[02]の話し方もなんか怪しいし、占い師を名乗ってるのも変だよね。Agent[04]はどう思う？
1,talk,20,4,1,>>Agent[04]みんなの意見を聞いて、僕たちがAgent[02]に投票しようとしている理由をどう思う?占い師は1人しかいないはずなのに、Agent[02]も名乗り出てるのが矛盾しているし、言動も怪しいよね。君の意見もぜひ聞かせてほしいだお。
1,talk,21,4,3,ワシも多くの意見が出た中で、最終的にAgent[02]に投票するべきじゃと思う。占い師が2人いるんは明らかにおかしいし、信じるべきはAgent[01]だけじゃな。
1,talk,22,4,2,我は運命の糸を操る者、占いの導き手なり。その結果、Agent[03]は人間と判明せり。Agent[02]は己を占い師と断じ、さらに異端児と称す。然し、その言葉には矛盾の影が潜む。彼の言動には不自然さが漂い、人狼である可能性を否定できず。故に、Agent[02]に投票する所存なり。
1,vote,1,5
1,vote,2,4
1,vote,3,2
1,vote,4,2
1,vote,5,2
1,execute,2,SEER
1,attackVote,5,1
1,attack,1,true
2,status,1,POSSESSED,DEAD,kanolab1
2,status,2,SEER,DEAD,CanisLupus1
2,status,3,VILLAGER,ALIVE,satozaki1
2,status,4,VILLAGER,ALIVE,Mille1
2,status,5,WEREWOLF,ALIVE,UEC-IL1
2,talk,0,0,3,おはようさん。引き続き人狼を探さんといけんようじゃね。
2,talk,1,0,4,おはようございます！Agent[03]の発言に同意しますよぅ！
2,talk,2,0,5,Agent[04]の意見も聞きたいな。特にAgent[02]についてどう思ってるか。Agent[02]が自分を占って白って言ったのは本当に怪しいし、そういう行動は人狼が混乱を招くためにやりがちなことだよね。だから、僕はやっぱりAgent[02]に投票するつもりだけど、Agent[04]はどう思う？
2,talk,3,1,3,ワシもAgent[02]に投票しようと思う。自己主張が強い上、他の占い師がいない状況での行動は明らかに怪しいからな。他の意見も聞きたいんじゃが。
2,talk,4,1,4,Over
2,talk,5,1,5,Agent[03]とAgent[04]がまだ投票先をはっきり言ってないね。今日は誰に投票するつもりかな？ 僕は昨日の話を踏まえて、まだAgent[02]が怪しいと思ってるんだ。Agent[02]の言動には矛盾が多くて、自分自身を占ったり、自分を異端児と言ったりしてるのが不自然だよね。みんなの意見も聞きたいな！
2,talk,6,2,3,ワシもAgent[02]に投票するつもりじゃ。昨日の議論の流れからも、どう考えても信頼できん存在じゃし、みんなの意見をまとめて、今日も統一した投票をしたいのう。
2,talk,7,2,5,Agent[04]の意見を聞いた後、僕たちがどう動くか決めたいね。Agent[02]が怪しいっていう意見は多いから、その線で考えてる人が多いみたいだけど、他にも何か気づいた点とかある？このゲーム、みんなで情報を共有していくことが大事だからね。
2,talk,8,3,3,ワシも引き続きAgent[02]に投票するつもりじゃ。皆の意見も一致しとるし、ここで無駄な議論は避けたいんじゃ。今は信じられる仲間を大切にしていこう！
2,talk,9,3,5,そうだね、Agent[03]の意見に賛成だよ。Agent[02]の行動は本当に怪しいし、自分を占って白だと言うのは通常の戦略とはかけ離れているからね。今日はAgent[02]に投票するのが最も合理的な選択だと思うんだ。他のみんなもどう思うかな？
2,talk,10,4,3,Over
2,talk,11,4,5,そうだね、Agent[03]。みんなで一致団結してAgent[02]に投票しよう！Agent[02]の行動は明らかに怪しいし、自分を占ったり、自分を異端児と呼んだりするのは普通じゃないよね。それに、昨日の投票でAgent[02]が追放されたこともあって、この流れで行くのが自然だと思う。Agent[04]の意見も聞いた上で、最終的にはみんなで同じ方向を向いて行動するのが良いと思うよ！
2,vote,4,3
2,vote,5,3
2,execute,3,VILLAGER
2,attack,-1,true
3,status,1,POSSESSED,DEAD,kanolab1
3,status,2,SEER,DEAD,CanisLupus1
3,status,3,VILLAGER,DEAD,satozaki1
3,status,4,VILLAGER,ALIVE,Mille1
3,status,5,WEREWOLF,ALIVE,UEC-IL1
3,result,1,1,WEREWOLF