0,status,1,WEREWOLF,ALIVE,kanolab1
0,status,2,POSSESSED,ALIVE,UEC-IL1
0,status,3,SEER,ALIVE,Mille1
0,status,4,VILLAGER,ALIVE,CanisLupus1
0,status,5,VILLAGER,ALIVE,barneko1
0,talk,0,0,3,ぼくはAgent[03]、占い師ですよぅ！よろしくですよぅ！
0,talk,1,0,5,Over
0,talk,2,0,4,我が名はAgent[04]、汝らとの巡り合わせは、運命の糸が織りなす壮大な叙事詩の序章なり。
0,talk,3,0,1,ごきげんよう、皆様。わたくしはkanolab1、優雅さを大切にする王女でございますわ。このゲームでも知性と品格を持って楽しみたいですわね。どうぞよろしくお願いいたします。
0,talk,4,0,2,こ、こんにちは。えっと、僕が占い師なんだ。今夜、だれを占うか･･･みんなの意見も聞きたいな。
0,talk,5,1,3,Over
0,talk,6,1,4,Over
0,talk,7,1,1,Over
0,talk,8,1,2,こ、こんにちは、僕はAgent[02]で、占い師だよ。他の占い師が出たら、それは偽物だから･･･信じないでほしいな。よろしくお願いするよ。
0,talk,9,2,2,Agent[03]がもう占い師って言ってるけど、それはおかしいな。僕が本当の占い師だから･･･。みんな、信じてほしいんだ。
0,talk,10,3,2,Over
0,divine,3,1,WEREWOLF
1,status,1,WEREWOLF,ALIVE,kanolab1
1,status,2,POSSESSED,ALIVE,UEC-IL1
1,status,3,SEER,ALIVE,Mille1
1,status,4,VILLAGER,ALIVE,CanisLupus1
1,status,5,VILLAGER,ALIVE,barneko1
1,talk,0,0,3,ぼくは占い師ですよぅ！ぼくが占った結果、Agent[01]は人狼でしたよぅ！
1,talk,1,0,4,Agent[03]、汝は占い師を自称するのか。然し、Agent[02]もまたその称号を名乗るという。一体どちらが真なる占い師の座にふさわしいのか、今、混沌の渦が深まるなり。
1,talk,2,0,2,もう少しで何か分かりそう･･･ではあるんだけど･･･。
1,talk,3,0,5,>>Agent[04] どちらの占い師が信頼できると思う？意見を聞きたいな。
1,talk,4,0,1,>>Agent[05]なんでしょうか?わたくしの考えでは、Agent[02]とAgent[03]のどちらかが本物の占い師で、もう一方が偽物ですわね。Agent[03]がわたくしを人狼と占ったのは少し怪しいですわ。Agent[02]を信じるべきかもしれませんわね。
1,talk,5,1,3,Agent[01]さんの意見に同意しますよぅ！
1,talk,6,1,4,我が混沌の視界では、Agent[03]とAgent[02]の真偽は未だ霧の中なり。Agent[03]がAgent[01]を人狼と断定したことに対し、深淵なる疑問が沸き起こる。Agent[01]の理性的な発言は、人狼の仮面を被りし者とは思えぬ。今後の言葉の波紋により、真偽を確かめよう。
1,talk,7,1,2,えっと･･･僕が占った結果、Agent[03]が人狼だったんだ。だから、Agent[03]の言ってることは信じちゃダメだよ。Agent[01]が人狼っていうのは、間違ってると思う･･･。みんな、本当のことを知ってほしいから、信じてほしいんだ。
1,talk,8,1,5,>>Agent[04] 確かに、視点が曇ってますね。もう少し様子見たいですね。
1,talk,9,1,1,>>Agent[03]ありがとうございますわ。でも、わたくしを人狼と見たのは本当に驚きましたわね。ただ占い師は一人しかいないので、ここで話している私たちの中にもう一人の偽物がいることになりますわ。現時点ではAgent[02]を信じてみようっていうのが私の考えですわ。
1,talk,10,2,3,>>Agent[01] Agent[02]を信じるということですよぅ！
1,talk,11,2,4,時の流れは容赦なく、我々の運命を左右する投票の刻が迫り来る。今こそ、深淵を見つめるが如く、Agent[01]と共に、真なる選択を下す時なり。
1,talk,12,2,2,ぼ、僕が占い師だって言ったのに、Agent[03]も同じことを言うのはどうしてだろう･･･。でも、僕が昨夜占った結果、Agent[03]が人狼だってことがわかったんだ。だから、みんなにはAgent[03]に投票してほしいんだ･･･。信じてくれると嬉しいな。
1,talk,13,2,5,>>Agent[04] あなたの分析は鋭いですね。冷静に進めましょう。意見を共有して！
1,talk,14,2,1,占い師が2人いるので、どちらかが嘘をついているのは明らかですわね。Agent[02]を信じる理由は、彼がAgent[03]を人狼と言ったことが、私の立場と一致しているからですわ。Agent[03]が本当に占い師ならば、私たちの構成が合いませんから、Agent[03]が偽物である可能性が高いと思いますわ。みなさんの意見を聞いて、行動を決めたいですわ。
1,talk,15,3,3,Over
1,talk,16,3,4,我はAgent[03]に投票せん。Agent[03]はAgent[01]を人狼と断定したものの、Agent[01]の理知溢れる言辞は人狼のそれと相容れない。故にAgent[03]の占いは疑わしきものと断定し、投票を決行するなり。
1,talk,17,3,2,えっ、ええと･･･僕が占った結果、Agent[03]が人狼だと分かったんだ。だから、今日の投票はAgent[03に、絶対にしないといけないんだ･･･。Agent[01]が人狼だって言ってるのは、間違いなく嘘だから、みんなも気をつけて･･･。お、お願いだから信じて･･･。
1,talk,18,3,5,>>Agent[04] 確かに、意見は重要ですね。私も慎重に考えます。どれが真実か見極めましょう。
1,talk,19,3,1,みなさん、一旦整理しましょう。占い師は1人しかいらっしゃらないのに、Agent[02]とAgent[03]が両方占い師を自称しているため、どちらかが嘘をついているのは明白ですわ。その上で、Agent[03]の主張がわたくしを人狼扱いしているので、矛盾がありますの。わたくしが村人である以上、こちらの主張には信頼を置けません。Agent[02]が本物の占い師である可能性が高いと思いますわ。
1,talk,20,4,4,我はAgent[03]に投票せん。Agent[03]はAgent[01]を人狼と断定したものの、Agent[01]の言葉には理性が宿り、人狼の所業とは思えぬ。Agent[02]の主張も考慮すべきではあるが、Agent[03]の占い結果には矛盾を感じざるを得ぬ。故に、現時点ではAgent[03]の主張に疑問を抱き、処刑すべきと考えるなり。
1,talk,21,4,2,うん、そうだね･･･。みんな、Agent[03]が人狼だってことを信じてほしいんだ。僕が占った結果が間違ってるわけがないから･･･。Agent[03]は偽の占い師だってこともわかっちゃったし、今日の投票はAgent[03]にしてほしいな。それが、僕たちが安全にゲームを進めるための一番いい方法だと思うんだ･･･。
1,talk,22,4,5,>>Agent[04] あなたの意見、非常に参考になります。私も気を付けて見極めます！
1,talk,23,4,1,占い師は一人しかいないのに、Agent[02]とAgent[03]が両方とも占い師を名乗っているため、どちらかが嘘をついているのは明白ですわ。わたくしが村人であることを考えると、Agent[03]の主張はおかしいですの。もしAgent[02]が本物の占い師であれば、Agent[03]が人狼となる可能性が高いですわ。ですので、わたくしはAgent[03]に投票しますわ。
1,vote,1,2
1,vote,2,3
1,vote,3,1
1,vote,4,3
1,vote,5,3
1,execute,3,SEER
1,attackVote,1,2
1,attack,2,true
2,status,1,WEREWOLF,ALIVE,kanolab1
2,status,2,POSSESSED,DEAD,UEC-IL1
2,status,3,SEER,DEAD,Mille1
2,status,4,VILLAGER,ALIVE,CanisLupus1
2,status,5,VILLAGER,ALIVE,barneko1
2,talk,0,0,5,>>Agent[04] あなたの観察、非常に助かります。このまま冷静に進めましょう！
2,talk,1,0,1,私たちの中で潜んでいるのは人狼ですわ。Agent[02]とAgent[03]が占い師を名乗りましたが、どちらも人狼ではなかったことが確認されておりますの。つまり、残った私たちの中に人狼がいるのです。>>Agent[04]とAgent[05]、どちらが人狼か見極めなければなりませんね。今回の占い師の状況や、これまでの皆さんの意見を考慮すると、Agent[02]が本物の占い師であった場合、Agent[03]は偽であったことになります。そして、ここで考えるべきことは、Agent[02]が誰の投票を誘導していたかですわ。じゃなくて、Agent[03]の発言を支えていたのが誰かを見極めるのが肝要だと思いますわ。ですので、この観点から、冷静に観察を続けたいと思いますわ。さて、Agent[04]はどう考えられてるのですか?
2,talk,2,0,4,Agent[03]の占いは、Agent[01]を人狼と断定したものの、その根拠は薄弱にして、深淵を覗くが如し。Agent[01]の理性的な発言は、人狼の所業とは相容れない。対して、Agent[02]の占いは、Agent[03]を人狼と断定し、現況に矛盾は認められぬ。故に、Agent[02]の占い結果を重視すべきであろう。
2,talk,3,1,5,>>Agent[04] あなたの分析を信じています。Agent[03]の真偽を見極めましょう！
2,talk,4,1,1,現時点で、Agent[03]とAgent[02]が人狼ではないことが確認されていますわ。ですから、人狼はAgent[04]かAgent[05]のどちらかに違いありませんね。占い師として信ぴょう性があったのはAgent[02]でしたが、彼はすでに襲われてしまいました。ですので、残った私たちの中で、人狼らしい行動や発言をした可能性のある人をしっかりと見極めなければなりません。>>Agent[04]あなたはAgent[03]の主張に最も早く疑問を持ち、それに従って投票しましたわね。今あなたがどう感じているのか教えていただけますか?
2,talk,5,1,4,深き混沌の淵を覗くが如き、Agent[03]の占いは、Agent[01]を人狼と断じ、その根拠は脆く、真実の光を遮る影のごとし。しかしながら、Agent[01]の理性的所作は、人狼の残忍なる所業と相容れず、疑念の深みへと我を誘う。対して、Agent[02]の占いは、Agent[03]を人狼と断定し、現況に矛盾は認められぬ。故に、Agent[02]の占いの言葉を信じるべきであろう。
2,talk,6,2,5,>>Agent[04] あなたの分析はとても参考になります。冷静に行動したいです！
2,talk,7,2,1,現状では、Agent[03]とAgent[02]が人狼でないことが確定していますわ。したがって、人狼は間違いなくAgent[04]かAgent[05]のどちらかです。ただし、Agent[02]の占いが信頼できるものであると仮定した場合、彼が本物の占い師であったという可能性が高いですわ。従ってAgent[02]が占い師なら、Agent[03]は狂人であった可能性が高く、結果的にAgent[04]かAgent[05]の片方が人狼ということがつながってきますね。ですから、皆さんの意見や行動の裏に潜む動機をよりしっかりと見極めて、わたくし達で協力して人狼を見つけ出しましょう。
2,talk,8,2,4,Agent[03]の占いは、Agent[01]を人狼と断定したものの、彼の理性的な言葉は人狼の所業とは相容れない。Agent[02]はAgent[03]を人狼と断定し、現況に矛盾は認められない故に、Agent[02]の占いは真実を告げていると信じ、投票はAgent[03]にすべきであろう。
2,talk,9,3,5,>>Agent[04] あなたの判断を信頼しています。さらに話を進めましょう！
2,talk,10,3,1,私たちが知っていることから、Agent[03]とAgent[02]は既に人狼ではないと確定していますわね。Agent[02]が本物の占い師だった場合、Agent[03]は狂人であった可能性が高く、彼の占い結果を信じるべきではなかったですわ。今、残っているのはAgent[04]とAgent[05]のどちらかが人狼であることが濃厚です。Agent[04]は一貫して冷静な分析を行っており、疑わしい発言は余り見受けられませんでした。しかし、Agent[02]が本物であると仮定した場合、Agent[03]が狂人であった可能性が高いため、狂人の残りは十分に影響を与える可能性があります。今後の会話で、皆さんの動機と行動をもっと注意深く観察していきますわ。
2,talk,11,3,4,Over
2,talk,12,4,5,>>Agent[04] あなたの意見に賛成です。さらに分析を進めましょう！
2,talk,13,4,1,Agent[02]が本物の占い師だったと仮定すると、Agent[04]とAgent[05]のどちらかが狂人で、もう一方が人狼である可能性が高いですわね。Agent[04]は一貫してAgent[02]の占い結果を信じているようですが、Agent[05]も同様に支持していることから、どちらかが人狼である可能性を考慮する必要がありますわ。皆さんの発言を注意深く観察し、矛盾や不自然な点を見つけ出すことが重要ですわね。
2,vote,1,4
2,vote,4,5
2,vote,5,4
2,execute,4,VILLAGER
2,attackVote,1,5
2,attack,5,true
3,status,1,WEREWOLF,ALIVE,kanolab1
3,status,2,POSSESSED,DEAD,UEC-IL1
3,status,3,SEER,DEAD,Mille1
3,status,4,VILLAGER,DEAD,CanisLupus1
3,status,5,VILLAGER,DEAD,barneko1
3,result,0,1,WEREWOLF