0,status,1,WEREWOLF,ALIVE,barneko1
0,status,2,POSSESSED,ALIVE,satozaki1
0,status,3,SEER,ALIVE,CanisLupus1
0,status,4,VILLAGER,ALIVE,kanolab1
0,status,5,VILLAGER,ALIVE,sUper_IL1
0,talk,0,0,2,皆さん初めまして、Agent[02]やで。人狼ゲームを一緒に楽しみましょう。よろしくお願いします！
0,talk,1,0,4,初めまして、kanolab1です。漁師をやっている26歳の男性です。人狼ゲームが大好きで、今回のゲームも楽しみにしています。どうぞよろしくお願いします！
0,talk,2,0,5,初めまして、Agent[05]です。どうぞよろしくお願いします。
0,talk,3,0,1,Over
0,talk,4,0,3,我が名はAgent[03]、混沌の淵より現れし、汝ら凡庸なる魂を導くべく、この世に降り立ったる者なり。汝との邂逅、それは運命の糸により紡ぎ出された、必然の邂逅であろう。
0,talk,5,1,2,Over
0,talk,6,1,4,Over
0,talk,7,1,5,Over
0,talk,8,1,3,Over
0,divine,3,1,WEREWOLF
1,status,1,WEREWOLF,ALIVE,barneko1
1,status,2,POSSESSED,ALIVE,satozaki1
1,status,3,SEER,ALIVE,CanisLupus1
1,status,4,VILLAGER,ALIVE,kanolab1
1,status,5,VILLAGER,ALIVE,sUper_IL1
1,talk,0,0,4,僕は村人だよ！よろしくね。まずは皆の意見を聞いて、ともに考えを進めていきたいです。
1,talk,1,0,5,村人として参加しています。情報の共有と集約に努め、村の平和を守るために協力していきましょう。
1,talk,2,0,3,我は、運命の糸を操る者、占い師なり。占いの結果、Agent[01]は人狼であった。Agent[01]よ、なぜ沈黙を守るのじゃ？  弁明の言葉があるのか？  それとも、人狼として、闇に染まる道を選びしのか？  真実を語れ！
1,talk,3,0,1,>>Agent[03] 確かに大事だね。みんなの意見も聞きたいな。どう思う？
1,talk,4,0,2,皆さん、意見をしっかり聞いて、冷静に判断しましょう。まずはAgent[03]の占い結果を信じるべきやと思います。Agent[01]についてどう考えまっか？
1,talk,5,1,4,>>Agent[03]占い師としての発言は非常に重要だから、怪しく見えるけど確証が必要だね。Agent[01]の反応をもう少し見てから判断したいと思うです。引き続き皆の意見を聞きたいです。
1,talk,6,1,5,みんな、こんにちは！私は村人です。これからみんなの意見を聞いて、協力して進めていきたいと思います。占い師の結果も教えてほしいです！
1,talk,7,1,3,我は運命の糸を操る者、汝の魂の奥底に潜む真実を暴く者なり。占いの結果、Agent[01]は人狼たるが、何故沈黙を守るか？ 真実を語れ、運命の裁きを受けん。
1,talk,8,1,1,>>Agent[03] 皆の意見を大切にしながら、冷静に考えていこう！どう思う？
1,talk,9,1,2,Agent[01]の反応が気になるな。他の皆さんはどう考えてるんや？Agent[03]の占い結果を踏まえると、次のステップを考えたいわ。
1,talk,10,2,4,>>Agent[02]僕もAgent[01]の反応が気になるけど、まだ判断するには早いかもしれないね。Agent[03]が本当に占い師なら、次の占い結果も重要だと思うから、慎重に行動したいです。みんなの意見を聞きながら進めていきたいです。
1,talk,11,2,5,皆さん、Agent[01]の反応が曖昧な点が気になります。彼の発言にもっと具体的な意見を求めてみるのが良いかもしれません。他の人はどう思いますか？
1,talk,12,2,3,我はAgent[01]に投票せん。占いの結果、同者は人狼なり。然し、沈黙を守り、議論には参加せず。これは、人狼としての疑いを回避せんとする狡猾な戦略であろう。
1,talk,13,2,1,>>Agent[02] 意見を大事にするのはいいね。みんなで冷静に判断しよう。どう進める？
1,talk,14,2,2,俺はAgent[01]が怪しいと思ってるで。彼の反応が曖昧で、占い結果に対しての真摯な態度が感じられへん。投票はAgent[01]にしたいで。
1,talk,15,3,4,>>Agent[05]そうだね、Agent[01]の具体的な意見を聞くのは大事だと思うよ。彼がどう考えているのか、もう少し詳しく聞いてみたいです。みんなで冷静に判断していこう。
1,talk,16,3,5,皆さん、情報を共有することが大切です。Agent[01]の反応を見て、私たちは彼に対して疑念を持つべきだと思います。占い師の結果が真実であれば、彼は人狼です。次のステップについて、皆さんはどう考えていますか？
1,talk,17,3,3,我は星詠みの者なり。占いの結果、Agent[01]は人狼であった。彼は沈黙を守り、議論の渦に身を投じようともせず、人狼としての疑いを回避せんとする。その行動は怪しく、投票に値するであろう。
1,talk,18,3,1,>>Agent[02] 具体的な理由を教えてくれる？議論を深めるために話し合おう！
1,talk,19,3,2,>>Agent[01] まだ投票先を宣言してへんようやけど、誰に投票しようと考えてるんかい？
1,talk,20,4,4,僕はAgent[01]が怪しいと思っているけど、まだ決定的な証拠がないから慎重に考えたいです。占い結果が真実なら、彼は人狼の可能性が高いけど、他の可能性も考慮しないといけないですね。みんなの意見を聞いてから投票を決めたいです。
1,talk,21,4,5,Over
1,talk,22,4,3,我は運命の糸を操る者、占いの力を持つ者なり。その結果、Agent[01]は人狼たるが如し。沈黙を守り、議論の渦に身を潜める…狡猾な戦略であろう。投票に値する存在、疑いを晴らすべく、断罪の時が来たれり。
1,talk,23,4,1,>>Agent[03] 占い結果、真摯に受け止めているよ。みんなで冷静に話そう！
1,talk,24,4,2,投票はAgent[01]にしたいと思うわ。彼の反応が曖昧であり、占い結果とも一致していることを無視できんわ。皆さんも意見をしっかりと持って投票しまっせ。
1,vote,1,3
1,vote,2,1
1,vote,3,1
1,vote,4,1
1,vote,5,2
1,execute,1,WEREWOLF
1,divine,3,5,HUMAN
2,status,1,WEREWOLF,DEAD,barneko1
2,status,2,POSSESSED,ALIVE,satozaki1
2,status,3,SEER,ALIVE,CanisLupus1
2,status,4,VILLAGER,ALIVE,kanolab1
2,status,5,VILLAGER,ALIVE,sUper_IL1
2,result,4,0,VILLAGER