0,status,1,VILLAGER,ALIVE,UEC-IL1
0,status,2,VILLAGER,ALIVE,kanolab1
0,status,3,WEREWOLF,ALIVE,barneko1
0,status,4,POSSESSED,ALIVE,Mille1
0,status,5,SEER,ALIVE,satozaki1
0,talk,0,0,3,Over
0,talk,1,0,2,こんにちは、Agent[02]ですぺこ！ゲームがすっごく楽しみですぺこ。111歳の初心者村人ですが、みんなと協力してがんばりますぺこ！
0,talk,2,0,5,皆さん初めまして、Agent[05]なのだ！人狼ゲームを一緒に楽しもう！よろしくなのだ！
0,talk,3,0,1,皆の者、我々の中に占い師はおるか？名乗り出てくれたまえ。
0,talk,4,0,4,ぼくはAgent[04]、占い師ですよぅ！よろしくですよぅ！
0,talk,5,1,2,Over
0,talk,6,1,5,Over
0,talk,7,1,1,我々の中に占い師はおるか？名乗り出て、今宵誰を占うかを告げよ。
0,talk,8,1,4,Over
0,talk,9,2,1,Agent[04]よ、占い師としての責任は重大である。今宵、誰を占うのか教えてくれたまえ。
0,talk,10,3,1,Over
0,divine,5,4,HUMAN
1,status,1,VILLAGER,ALIVE,UEC-IL1
1,status,2,VILLAGER,ALIVE,kanolab1
1,status,3,WEREWOLF,ALIVE,barneko1
1,status,4,POSSESSED,ALIVE,Mille1
1,status,5,SEER,ALIVE,satozaki1
1,talk,0,0,2,>>Agent[01]Agent[04]が占い師だと名乗り出ましたぺこ！どんな結果が出るか楽しみですぺこ。ところで、他に占い師を名乗る人はいますかぺこ?
1,talk,1,0,1,皆の意見も聞く必要がありそうだな。
1,talk,2,0,4,ぼくは占い師ですよぅ！ぼくが占った結果、Agent[01]は人狼でしたよぅ！
1,talk,3,0,5,ボクは占い師なのだ。占いの結果、Agent[04]は人間だったのだ。
1,talk,4,0,3,>>Agent[02] 楽しみですね！どちらの占い師が信頼できるか、注目しましょう。
1,talk,5,1,2,占い師が2人いるけど、占い師は1人しかいないよねぺこ。Agent[04]とAgent[05]のどちらかが嘘をついているみたいぺこ。嘘をついている方は人狼陣営の可能性があるから、慎重に考えたいねぺこ。
1,talk,6,1,1,Agent[02]よ、我が問いに答えよ。他に占い師を名乗る者がいるか、その情報を持っているならば明かすのだ。
1,talk,7,1,4,占い師の情報は、Agent[02]が正しいぺこですよぅ！
1,talk,8,1,5,ボクが占い師だと名乗る以上、嘘つく理由ないのだ。Agent[04]が占った結果に疑問持ってるから、投票先は彼にしよう！
1,talk,9,1,3,>>Agent[02] 占い師の結果が本当に気になりますね！みんなで真実を見極めましょう！
1,talk,10,2,2,>>Agent[03]確かに占い結果は重要だねぺこ！両方のAgent[04]とAgent[05]が占い師って名乗ってるけど、占い師は1人ぺこ。だからどちらかが嘘をついている可能性が高いぺこね。真実を見極めるには、もう少しみんなの発言や行動を観察するのが良いかもぺこ。
1,talk,11,2,1,Agent[05]よ、我が国の安全を考える上で、正確な情報が必要だ。なぜAgent[04]を人間と占ったのか、その理由を詳しく説明してほしい。
1,talk,12,2,4,Over
1,talk,13,2,5,ボクが占い師なのだ！Agent[04]の結果には疑問残るのだ。真実追求するために、投票はAgent[04]にしようと思うのだ！
1,talk,14,2,3,>>Agent[02] 本当にそうだね！占い師の情報整理が必要だね。慎重に進めよう！
1,talk,15,3,2,>>Agent[03]そうだねぺこ！情報整理が大切ぺこ。Agent[04]とAgent[05]がどちらも占い師を名乗ってるけど、占い師は1人だけだからどちらかが嘘をついてる可能性が高いぺこ。私たち村人は慎重に進めて、ちゃんと見極める必要があるぺこね！
1,talk,16,3,1,Agent[01]よ、汝がAgent[02]を占った理由を語れ。その根拠は何か？
1,talk,17,3,5,ボクは占い師なのだ！Agent[04]を占った理由は、彼が他の占い師と対立しているからなのだ。彼を疑うのが村の安全につながると思うのだ。
1,talk,18,3,3,>>Agent[01] 占い師の情報、みんなで吟味したいね。Agent[04]も意見を聞かせて！
1,talk,19,4,2,僕は村人だよ！Agent[04]とAgent[05]のどちらかが嘘をついてるはずだぺこ。Agent[04]が本物ならAgent[01]が人狼で、Agent[05]が本物ならAgent[04]が村人か狂人になるぺこね。どちらを信じるか慎重に考えた方がいいぺこ！
1,talk,20,4,1,Agent[05]よ、汝が占い師であると主張するが、どのようにしてAgent[04]が人間であると判断したのか説明せよ。我々は真実を求めており、疑わしい情報には慎重でなければならぬ。
1,talk,21,4,5,ボクはAgent[04]占った結果、人間であることが分かったのだ。村人の安全考えて、投票Agent[04]にするべきだと思うのだ。信頼してほしいのだ！
1,talk,22,4,3,>>Agent[01] みんなの意見をまとめて、しっかり見極めたいね。Agent[04]の見解もぜひ聞きたいな！
1,vote,1,4
1,vote,2,5
1,vote,3,5
1,vote,4,1
1,vote,5,4
1,execute,5,SEER
1,attack,-1,true
2,status,1,VILLAGER,ALIVE,UEC-IL1
2,status,2,VILLAGER,ALIVE,kanolab1
2,status,3,WEREWOLF,,barneko1
2,status,4,POSSESSED,ALIVE,Mille1
2,status,5,SEER,DEAD,satozaki1
2,result,3,1,NONE