0,status,1,WEREWOLF,ALIVE,UEC-IL1
0,status,2,POSSESSED,ALIVE,Mille1
0,status,3,SEER,ALIVE,sUper_IL1
0,status,4,VILLAGER,ALIVE,satozaki1
0,status,5,VILLAGER,ALIVE,kanolab1
0,talk,0,0,5,こんにちは、皆さん！私はkanolab1です。34歳の女性で、普段は漁師として働いています。趣味は釣りです。村人として、今回の人狼ゲームを楽しみながら村人陣営を勝利に導けるように頑張ります！よろしくお願いします。
0,talk,1,0,3,おはようございます、Agent[03]です。
0,talk,2,0,1,おっはよー！みんなよろしくね！最高のゲームにしようぜ！
0,talk,3,0,2,ぼくはAgent[02]、占い師ですよぅ！よろしくですよぅ！
0,talk,4,0,4,みんな、はじめまして！Agent[04]です！人狼ゲームをいっしょに楽しむのだ！よろろすおねがいするます！
0,talk,5,1,5,Over
0,talk,6,1,3,Over
0,talk,7,1,1,こんにちは、Agent[01]だよ！僕は17歳で高校2年生、サッカー部に所属しているんだ。サッカーが大好きで、いつも元気いっぱい！このゲームも全力で楽しむぞ！村人として、みんなと協力して人狼を見つけ出したいな。よろしくね！ところで、まだ誰も占い師について話していないけど、占い師は誰かな〜？今日怪しい人を占ってもらうために占い師は出てきた方がいいと思うよ！
0,talk,8,1,2,Over
0,talk,9,1,4,Over
0,talk,10,2,1,こんにちは、Agent[01]だよ！高校2年生で、サッカー部に所属してるんだ。サッカーが超好きで、いつも元気いっぱい！このゲームも全力で楽しむぜ！ところで、今夜の占い先について話し合わない？誰か怪しい人いるかな？占い師のAgent[02]に占ってもらうべきだと思うんだけど、どう思う？
0,talk,11,3,1,Over
0,divine,3,5,HUMAN
1,status,1,WEREWOLF,ALIVE,UEC-IL1
1,status,2,POSSESSED,ALIVE,Mille1
1,status,3,SEER,ALIVE,sUper_IL1
1,status,4,VILLAGER,ALIVE,satozaki1
1,status,5,VILLAGER,ALIVE,kanolab1
1,talk,0,0,1,みんなの意見も聞いてみたいな～！
1,talk,1,0,5,>>Agent[01]こんにちは、Agent[01]！占い師のAgent[02]が出てきてくれたから、今夜の占い先について話し合うのはいいアイデアですね。私はまだ誰が怪しいかは分からないけど、みんなの意見を聞いて決めたいです。Agent[02]には、みんなが怪しいと思う人を占ってもらうのがいいかもしれませんね。
1,talk,2,0,4,たしかに、占い師がどう進めるか大事るね。アーニャも誰があやしいか考えてるけど、今のところは意見聞いてから判断したいでする。
1,talk,3,0,2,ぼくは占い師ですよぅ！ぼくが占った結果、Agent[01]は人間でしたよぅ！
1,talk,4,0,3,おはようございます。早速ですが、私は占い師です。昨日の夜、Agent[05]を占いました。結果は人間でした。
1,talk,5,1,1,みんな〜今日の投票先は誰にする？僕は今のところAgent[03]に投票しようかと思ってるんだけど、みんなはどう思う？Agent[03]は昨日あんまり話してくれなかったから、ちょっと怪しいかなって感じがしてるんだよね。どう思う？他に怪しいと思う人いる？
1,talk,6,1,5,私も今のところAgent[03]が少し怪しいと感じているです。占い師は1人しかいないのに、Agent[02]とAgent[03]がどちらも占い師を名乗っているのが気にかかるですね。Agent[03]が嘘をついているのかもしれません。どう思うですか?
1,talk,7,1,4,たしかに、Agent[03]がしゅらいしを名乗っているのはふしぎだね。二人のしゅらいしがいるのはおかしいから、どちらかはにせもののかのうせいがたかいと思うます。
1,talk,8,1,2,Agent[05]の指摘通り、Agent[03]が占い師を名乗っているのは疑問ですよぅ！
1,talk,9,1,3,Agent[02]さんが占い師だとおっしゃっていますが、私も占い師なんです。実は、私はAgent[05]を占った結果、人間であることが確認できました。この情報はとても重要ですので、どうか覚えておいてください。皆さんはこれについてどう思いますか？
1,talk,10,2,1,おっ、占い師が二人出てきたね！これはちょっとややこしいかも。Agent[02]とAgent[03、どっちが本物の占い師なのかな？とりあえず、Agent[02]が僕を占って人間って言ってくれたから、僕はAgent[02]を信じるよ。Agent[03がAgent[05]を占ったって言ってるけど、今はちょっと疑ってもいいかもね。みんな〜今日の投票先は誰にする？僕は今のところAgent[03]に投票しようかと思ってるんだけど、みんなはどう思う？このままでは、二人の占い師がいることになっちゃうから、一人は偽物だよね。どう思う？
1,talk,11,2,5,Agent[02]とAgent[03]の両方が占い師を名乗っていて、そのどちらかが嘘をついているのは明らかですね。どちらが本物かを考えなければなりませんが、Agent[02]を本物の占い師と仮定すると、Agent[03]が嘘をついている可能性が高いですね。>>Agent[01]だから、あなたの判断に納得できるです。今日の投票先として、Agent[03]を選ぶことに賛成です。ただ、他の意見も聞きたいので、みんなで話し合いましょう。
1,talk,12,2,4,アーニャもAgent[03]があやしいと思ってるます。二人の占い師いるのはおかしいし、にせものの可能性たかいですね。投票先はAgent[03]にしたいです。
1,talk,13,2,2,Over
1,talk,14,2,3,おはようございます。私が本物の占い師です。Agent[05]を占った結果は人間でしたので、私の結果を信じていただきたいです。他に占い師を名乗るのであれば、その結果を示していただきたいです。確実な真実を見つけるために、皆さんの意見も伺いたいです。どなたか他に怪しいと思う方はいらっしゃいますか？
1,talk,15,3,1,Agent[03]が占い師を名乗ってるけど、Agent[02]も占い師って言ってるし、なんかおかしいよね。占い師は一人だけのはずだから、どっちかがうそをついてるってことになるよね。Agent[03]は昨日もあんまり話してくれなかったし、怪しいと思うんだよね。他のみんなはどう思う？この状況でAgent[03]を信じるのは難しいと思うんだけど。
1,talk,16,3,5,みんなの意見を聞くと、Agent[02]とAgent[03]のどちらが本物の占い師かを考えると、Agent[02]を信じる声が多いですね。もしAgent[02]が本物なら、Agent[03]は偽物の可能性が高いです。私もAgent[03]を疑っています。最初の日に話していないことも気になります。なので、今日の投票はAgent[03]にしようと思っているです。
1,talk,17,3,4,アーニャもAgent[03]をしんじるのがむずかしいと思う。みんなのいけんをさんこうにして、きょうのとうひょうさきはAgent[03]にするのがよいと思うます。
1,talk,18,3,3,おはようございます！私が占い師であることを再度強調させていただきます。私が占った結果、Agent[05]は人間でした。Agent[02]さんが占い師を名乗っていますが、ここで疑いを持たれるのは辛いです。どうか私の結果も信じて欲しいです。皆さんはどのように考えていますか？
1,talk,19,4,1,みんな、話し合いありがとう！でも、やっぱり僕はAgent[03]が怪しいと思うんだ。Agent[02]が僕を占って人間だと言ってくれたし、Agent[03]が急に占い師を名乗り出たのはちょっとおかしいよね。Agent[03]が偽物の占い師である可能性が高いから、今日はAgent[03]に投票しようと思う。みんなもそれでいいかな？
1,talk,20,4,5,私はAgent[03]が偽物の占い師である可能性が高いと考えています。Agent[02]が信頼されている現状、Agent[03]が急に占い師を名乗り出たのはやはり怪しいです。実際、占い師は一人しかいないはずなので、どちらかが嘘をついていることになります。Agent[02]を本物の占い師と仮定すると、Agent[03]は村人、狂人、人狼のいずれかで、Agent[03]が人狼陣営で嘘をついている可能性が高いです。したがって、私は今日の投票でAgent[03]に投票しようと思うです。
1,talk,21,4,4,みんなのいけんきいて、やっぱりAgent[03]があやしいと考える。アーニャも今日のとうひょうはAgent[03]にするます。しんじられるうらないしをまもるために、みんなできょうりょくするます！
1,talk,22,4,3,Over
1,vote,1,3
1,vote,2,5
1,vote,3,5
1,vote,4,3
1,vote,5,3
1,execute,3,SEER
1,attackVote,1,4
1,attack,4,true
2,status,1,WEREWOLF,ALIVE,UEC-IL1
2,status,2,POSSESSED,ALIVE,Mille1
2,status,3,SEER,DEAD,sUper_IL1
2,status,4,VILLAGER,DEAD,satozaki1
2,status,5,VILLAGER,ALIVE,kanolab1
2,talk,0,0,1,昨日はAgent[03]に投票したんだけど、結局彼が追放されたね。Agent[04]もいなくなっちゃって、今は僕たち3人だけだ。Agent[03]が人狼だったかどうかはまだ分からないけど、Agent[02]の占い結果を信じるしかないかな。今日はどうする？僕はAgent[02]が本当に占い師なら、Agent[05]を信じるべきだと思うんだ。Agent[05]が村人だと占われてるし、彼を信じるのが自然だよね。でも、もしAgent[02]が狂人か人狼だったら、このゲームはもっと複雑になるよ。Agent[05]、君の意見も聞かせてよ。今日はどう動くべきだと思う？
2,talk,1,0,2,ぼくは占い師ですよぅ！ぼくが占った結果、Agent[05]は人狼でしたよぅ！
2,talk,2,0,5,>>Agent[01]話します。私の視点では、Agent[02]が怪しいと感じます。だって前回、Agent[03]が占い師だと名乗って追放され、彼が人狼だった証拠はないですし、Agent[04]と合わせてデータでは人狼でない可能性が高いです。Agent[02]が本物だと仮定してもまだ村人・狂人の可能性も考えられるので、判断が難しいです。でも現時点では、Agent[02]からの情報は信じにくい状況です。お互い、怪しい行動には注意しましょう。
2,talk,3,1,1,おはよう、みんな！まず、Agent[03]が追放されたことで、少しは状況がはっきりしたと思うよ。でも、まだ人狼がいるわけだから、気を抜かないでいこうね。Agent[04]がいなくなってるのがすごく痛いよね。彼の意見も結構参考になってたからさ。さて、今日の話だけど、Agent[02]が本物の占い師だったってことでいいのかな？だとしたら、残る疑問はAgent[05]についてだよね。Agent[05]は最初から村人だって言ってるけど、昨日の投票でAgent[03]を追放する流れになってたし、もしかしたら狂人か何かかもしれないよね。でも、正直言って、僕たちが人狼を見つける手がかりはまだ少ないように思うんだ。Agent[05]、君がどう思ってるか聞かせてよ。そしてAgent[02]、今日の占いの結果はどうだった？それによっても変わってくるから、情報共有してくれるとありがたいな。
2,talk,4,1,2,Over
2,talk,5,1,5,>>Agent[01]ありがとう、私の意見を聞いてくれて。Agent[02]が本物の占い師なら、彼の占い結果を信じる必要があるけど、彼が私を人狼と断定している以上、私はそれに反論しないといけないです。Agent[02]が偽の占い師である可能性があることも考えるべきです。彼が狂人や人狼であれば、混乱させようとしているかもしれません。Agent[03]が追放されたことから、彼が本物の占い師であった可能性も捨てきれません。今は情報が少ないけれど、私自身が村人であることを信じて、Agent[02]を疑うべきだと思います。
2,talk,6,2,1,Agent[05]の言ってることも一理あるよね。Agent[02]が占い師だとしても、今の情報だけじゃ全てを信じるのは難しいよな。Agent[02]が人狼か狂人の可能性もまだあるし、そこは警戒しないといけないね。でも、今日の投票はどうするかって話だけど、僕はAgent[02]に一票を入れたいと思う。Agent[02]が占い師だとしても、その情報が正しいとは限らないからね。Agent[05]が村人だという占い結果もあるし、彼を信じるべきだと思うんだ。Agent[05]が怪しいっていう確証がない限り、僕は彼を信じるよ。みんなもよく考えて、投票してね。この選択が、僕たち村人陣営にとって最善の策かどうか、じっくりと話し合おう。
2,talk,7,2,5,>>Agent[01]ありがとう、Agent[01]。私の意見を聞いてくれて嬉しいです。Agent[02]が占い師を名乗っているけど、彼が本物だと仮定しても、Agent[03]が人狼ではないことが確認されているから、彼の信頼性は低いと思います。もしAgent[03]が本物の占い師だった場合、Agent[02]は村人、狂人、または人狼の可能性があります。だから、Agent[02]が怪しいと感じるのは自然なことです。私は村人であることを信じてほしいですし、Agent[02]に投票するのが良い選択だと思います。
2,talk,8,3,1,Agent[05]が言ってることももっともだよね。Agent[02]が本当に占い師かどうか、まだ確証がないし、彼が人狼か狂人の可能性も無視できないよね。Agent[02]がAgent[05]を人狼だと占ったけど、それが本当かどうかは別の話だよね。僕はAgent[02]の行動がちょっと怪しいと思ってるんだ。彼がもし狂人や人狼だったら、わざと情報を混乱させるために、嘘の占い結果を出してる可能性があるからね。今日はAgent[02]に投票するのが良いかもしれないね。Agent[05]は村人だと占われてるし、彼を信じるべきだと思うよ。みんなはどう思う？
2,talk,9,3,5,>>Agent[01]Agent[02]が本物の占い師と言うけれど、2人以上が占い師を自称しているから、どちらかが偽物なんですよね。Agent[03]が人狼ではないことが分かってるので、Agent[02]が狂人か人狼の可能性が高いです。彼が本物ならば、Agent[03]も狼か狂人のはず。でもAgent[03]が人狼ではないとなると矛盾が生じます。私はAgent[02]が怪しく見えてきました。また、Agent[02]が私を人狼とする占い結果だけど、確かに私は村人です。お互いに信じ合っていくことが大切ですね。
2,talk,10,4,1,今日はAgent[02]に投票するよ！狂人や人狼の可能性があるから、疑念を持ってたし一貫して投票するよ！
2,talk,11,4,5,Agent[02]が占い師を名乗るけれど、もし彼が人狼や狂人だったら、私を人狼とする偽の結果を出した可能性があるです。実際、Agent[03]が人狼でないことが確認されたから、Agent[02]が怪しいです。ですから、今日の投票はAgent[02]にするのが良いと思います。Agent[01]と協力して、村人陣営を勝利に導きましょう。
2,vote,1,2
2,vote,2,5
2,vote,5,2
2,execute,2,POSSESSED
2,attackVote,1,5
2,attack,5,true
3,status,1,WEREWOLF,ALIVE,UEC-IL1
3,status,2,POSSESSED,DEAD,Mille1
3,status,3,SEER,DEAD,sUper_IL1
3,status,4,VILLAGER,DEAD,satozaki1
3,status,5,VILLAGER,DEAD,kanolab1
3,result,0,1,WEREWOLF