0,status,1,VILLAGER,ALIVE,UEC-IL1
0,status,2,VILLAGER,ALIVE,barneko1
0,status,3,WEREWOLF,ALIVE,Mille1
0,status,4,POSSESSED,ALIVE,kanolab1
0,status,5,SEER,ALIVE,sUper_IL1
0,talk,0,0,5,おはようございます、Agent[05]です。
0,talk,1,0,2,Over
0,talk,2,0,1,我々の中に占い師がいるはずだ。名乗り出る者はいるか？
0,talk,3,0,4,おはようございます、わしはkanolab1じゃ。元パン屋で、裁縫が趣味じゃ。このゲーム、しっかり楽しもう！
0,talk,4,0,3,ぼくはAgent[03]、村人ですよぅ！よろしくですよぅ！
0,talk,5,1,5,Over
0,talk,6,1,1,我はデルカダール国の国王、Agent[01]である。占い師はまだ名乗り出ていないようだが、誰がその役を担っているのか？
0,talk,7,1,4,Over
0,talk,8,1,3,Over
0,talk,9,2,1,占い師の方、まだ名乗り出ていないようだが、誰がその責務を担っているのか明らかにしてほしい。
0,talk,10,3,1,Over
0,divine,5,3,WEREWOLF
1,status,1,VILLAGER,ALIVE,UEC-IL1
1,status,2,VILLAGER,ALIVE,barneko1
1,status,3,WEREWOLF,ALIVE,Mille1
1,status,4,POSSESSED,ALIVE,kanolab1
1,status,5,SEER,ALIVE,sUper_IL1
1,talk,0,0,1,皆の意見も聞く必要がありそうだな。
1,talk,1,0,2,>>Agent[01] 自分も村人だよ。占い師が名乗り出るのを待とう！
1,talk,2,0,4,昨夜の占い結果を報告します。わしが占ったところ、Agent[03]さんは白だと出ました。
1,talk,3,0,5,おはようございます。早速ですが、私は占い師です。昨日の夜、Agent[03]を占いました。結果は人狼でした。
1,talk,4,0,3,え？占い師さん、間違ってるよ！ぼくは村人だよ！昨夜は何も起きてないし、人狼にはなってないですよぅ！
1,talk,5,1,1,Agent[02]、Agent[03]、Agent[04]、Agent[05]よ、占いの結果を持っている者はいるか？明らかにせよ。
1,talk,6,1,2,>>Agent[01] 私も村人です。占い師の名乗りが待ち遠しいですね！
1,talk,7,1,4,>>Agent[05]占い師は1人しかいないはずじゃ。わしが本物の占い師で、Agent[03]は白だった。君の言うことはおかしいのう。
1,talk,8,1,5,申し訳ありませんが、私が占い師です。昨夜、Agent[03]を占った結果、人狼であることがわかりました。Agent[04]の結果は信じられません。皆さん、私の言うことを信じてください。
1,talk,9,1,3,何を言っているのかわかりませんよぅ！
1,talk,10,2,1,Agent[01]、Agent[02]が人狼であるとの占い結果を出した理由を述べよ。その根拠が我々には必要だ。
1,talk,11,2,2,>>Agent[05] 占い結果について教えてほしいです。確認したいです。
1,talk,12,2,4,>>Agent[05]占い師は1人しかいないはずじゃ。わしが本物の占い師で、Agent[03]は白だった。君の言うことはおかしいのう。みんな、Agent[05]の言うことを信じるのは危険じゃ。
1,talk,13,2,5,皆さん、私が本物の占い師です。昨夜の結果は明確で、Agent[03]は人狼です。Agent[04]の主張には矛盾がありますので、皆さんも注意してください。確実に真実を追求しましょう！他の方の意見をお聞きしたいです。
1,talk,14,2,3,Over
1,talk,15,3,1,Agent[01]、Agent[02]の占い結果について、どちらが真実を語っているのか慎重に考えるべきだ。Agent[02]を占った理由を詳しく説明せよ。
1,talk,16,3,2,>>Agent[01] 占い結果の根拠が気になります。私たち全員で考えましょう！
1,talk,17,3,4,>>Agent[01]わしが占い師で、Agent[03]を白と占ったんじゃ。Agent[05]が占い師を名乗っているが、占い師は1人しかおらんから、どちらかが嘘をついていることになる。みんなで慎重に考えて、誰が本物か見極める必要があるのう。
1,talk,18,3,5,申し訳ありませんが、繰り返しになりますが、私は本物の占い師です。占った結果、Agent[03]は人狼でした。Agent[04]の結果は疑わしいですので、皆さんには私の結果を信じていただきたいです。どなたか他の意見をお持ちでしょうか？
1,talk,19,4,1,Agent[04]の言葉を信じるべきだ。彼は我が人間であると正しく占い、その結果を信じるのが妥当だ。Agent[05]の言葉には矛盾がある。
1,talk,20,4,2,>>Agent[05] 占い師としての証拠を具体的に示してほしい！みんなでしっかり検討しよう！
1,talk,21,4,4,>>Agent[02]わしが本物の占い師じゃ。占い師は1人しかおらんからのう、Agent[05]が嘘をついているんじゃ。わしらは協力して人狼を見つけるべきじゃよ。わしの占い結果を信頼してほしいのう。みんなで慎重に議論しようぞ。
1,talk,22,4,5,Over
1,vote,1,5
1,vote,2,3
1,vote,3,5
1,vote,4,1
1,execute,5,SEER
1,attackVote,3,4
1,attack,4,true
2,status,1,VILLAGER,ALIVE,UEC-IL1
2,status,2,VILLAGER,ALIVE,barneko1
2,status,3,WEREWOLF,ALIVE,Mille1
2,status,4,POSSESSED,DEAD,kanolab1
2,status,5,SEER,DEAD,sUper_IL1
2,talk,0,0,2,>>Agent[04] 君の結果が本物か確認するために、具体的な占い内容を教えて！
2,talk,1,0,3,>>Agent[02] ぼくは占い結果を覚えていないのです！でも、占い結果が嘘かどうかは、占い師の能力次第でわかるのでは？占い師が嘘つきを占い、結果が本物なら、嘘つきが狼なのか村人なのかわかるのでは？ですよぅ！
2,talk,2,0,1,Agent[02]、Agent[03]、我々の中にはまだ人狼が潜んでいる。Agent[03]が人狼であると占われたが、その結果をどう考えるか？我々の生存と安全のため、真実を明らかにしなければならない。
2,talk,3,1,2,>>Agent[05] あなたの占い結果の詳細をもう一度教えて！みんなでしっかり確認したい。
2,talk,4,1,3,>>Agent[02] >>Agent[05] ぼくの占い結果は人狼ではありませんでしたですよぅ！
2,talk,5,1,1,Agent[02]よ、汝が占い師として名乗り出た理由と、どのような根拠で占いを行ったのか説明せよ。
2,talk,6,2,2,>>Agent[04] 君の占い結果が本当か見極めたい。具体的な内容を教えてくれ！
2,talk,7,2,3,Over
2,talk,8,2,1,Agent[05]よ、汝が真の占い師であると主張するならば、なぜAgent[03]を人狼と占ったのか、その理由を詳しく説明せよ。
2,talk,9,3,2,>>Agent[01] 占い師の皆さん、具体的な占い結果を再確認したいです！
2,talk,10,3,1,Agent[02]よ、汝がAgent[03]を人狼と占った理由を具体的に説明せよ。我々の安全のため、真実を明らかにすることが重要だ。
2,talk,11,4,2,>>Agent[03] その考え、興味深いね！占い師の意見も重要だよね。どう思う？
2,talk,12,4,1,我はデルカダール国の国王である。今回の投票では、人狼である可能性が高いと疑っているAgent[03]に投票する。Agent[03]が人狼であると占われたことについての真相を問いただし、村人たちの安全を守るために追放する必要がある。
2,vote,1,3
2,vote,2,3
2,vote,3,1
2,execute,3,WEREWOLF
3,status,1,VILLAGER,ALIVE,UEC-IL1
3,status,2,VILLAGER,ALIVE,barneko1
3,status,3,WEREWOLF,DEAD,Mille1
3,status,4,POSSESSED,DEAD,kanolab1
3,status,5,SEER,DEAD,sUper_IL1
3,result,2,0,VILLAGER