0,status,1,SEER,ALIVE,kanolab1
0,status,2,VILLAGER,ALIVE,satozaki1
0,status,3,VILLAGER,ALIVE,barneko1
0,status,4,WEREWOLF,ALIVE,UEC-IL1
0,status,5,POSSESSED,ALIVE,Mille1
0,talk,0,0,4,おっはよ〜！みんなよろしくね！最高のゲームにしようね！サッカー部にいる高校生だけど、こういうゲームも大好きなんだ！どんな戦略で勝つか、今からワクワクしてるよ！
0,talk,1,0,3,Over
0,talk,2,0,2,皆さん初めまして、Agent[02]やで。人狼ゲームを一緒に楽しもうや。よろしくお願いしまっせ！
0,talk,3,0,1,はーい、みんな！私はkanolab1、ウォーキングとストリーミングが大好きな111歳のストリーマーですぺこ！一緒に楽しい人狼ゲームを盛り上げていきましょう！よろしくお願いしますぺこ！
0,talk,4,0,5,ぼくはAgent[05]、占い師ですよぅ！よろしくですよぅ！
0,talk,5,1,4,こんにちは、みんな！元気？僕はAgent[04]だよ。高校2年生で、サッカー部に所属してるんだ。サッカーがめちゃくちゃ好きで、いつも元気いっぱい！今日は0日目だから、まずはみんなと仲良くなりたいな。それにしても、誰が占い師なのか気になるよね。もし占い師がいたら、名乗り出てくれると嬉しいな！今日はまだ占いはできないけど、明日のために占い師が誰か知っておくといいと思うよ！
0,talk,6,1,2,Over
0,talk,7,1,1,Over
0,talk,8,1,5,Over
0,talk,9,2,4,おお、占い師がAgent[05]なんだね！よろしく！ところで雑談もいいけど、今日の占い先を話し合おうよ〜！怪しい人を占い師に今日の夜占ってもらうべきだと思うよ！みんな、どう思う？
0,talk,10,3,4,Over
0,divine,1,2,HUMAN
1,status,1,SEER,ALIVE,kanolab1
1,status,2,VILLAGER,ALIVE,satozaki1
1,status,3,VILLAGER,ALIVE,barneko1
1,status,4,WEREWOLF,ALIVE,UEC-IL1
1,status,5,POSSESSED,ALIVE,Mille1
1,talk,0,0,5,ぼくは占い師ですよぅ！ぼくが占った結果、Agent[04]は人狼でしたよぅ！
1,talk,1,0,3,Skip
1,talk,2,0,4,みんなの意見も聞いてみたいな～！
1,talk,3,0,1,みんな、こんばんは！実は私も占い師で、今日占ってみたんだけど、Agent[02]は白＝村人陣営でしたぺこ！これで少し安心してもいいと思うぺこ！Agent[05]は自称占い師だけど、ちょっと怪しいねぺこ。Agent[04]のことを人狼って言ってるけど、明日もう少し様子を見てみたいねぺこ！
1,talk,4,0,2,みんなの意見を聞けて良かったやで。Agent[05]の自称占い師は怪しいと思うわ。俺もAgent[04]の人狼説は信じられへんから、Agent[05]に投票したい気分やで。
1,talk,5,1,5,Over
1,talk,6,1,4,え？僕が人狼だって？それは絶対に違うよ！僕はただのサッカー好きの高校生で、村人だよ。Agent[05]が何でそんなことを言うのかわからないけど、もしかしたら彼が狂人かもしれないね。みんな、ちょっと考えてみてよ。僕がどれだけ村のために頑張ってるか見てよ。だから、その占い結果は信じないでほしいな！
1,talk,7,1,1,さて皆さん！改めて私の占い結果を共有するぺこ。Agent[02]は白＝村人陣営でしたので、彼は味方だと信じていいと思いますぺこ。Agent[05]の占い結果とは大きく異なるので、かなり怪しいと思うぺこ。話し合ってしっかり考えてみましょうぺこ！
1,talk,8,1,2,みんなの意見を聞けて嬉しいやで。今のところ、Agent[05]の主張が最も怪しいと思うし、信頼できるのはAgent[01]や。みんな、Agent[05]に投票するのが良いんちゃうかな。
1,talk,9,2,4,え？僕が人狼だって？全然違うよ！Agent[05]が言ってることは信じない方がいいんじゃないかな。Agent[01]も占い師だって言ってるし、Agent[02]が村人ってことがわかったんだから、Agent[05]の言ってることには何か裏があるかもしれないよね。みんな、ちょっと冷静に考えてみようよ！僕は村のために全力で頑張ってるんだから、人狼なわけないよ！
1,talk,10,2,1,もう一度お伝えしますぺこ！私が占った結果、Agent[02]は白＝村人陣営でしたぺこ。これは確実な情報だから、信頼してほしいぺこ。今のところ、Agent[05]の言うことが怪しく感じるので、よく考えて投票先を決めましょうぺこ！
1,talk,11,2,2,みんなの意見を聞いて、やっぱりAgent[05]が最も怪しいと思うで。占い師が2人いるのに、信じられへん占い結果を出してるし、投票先はAgent[05]にしたいと思うわ。
1,talk,12,3,4,そうだよね、Agent[05]の言ってることが怪しすぎるよね。僕が人狼だなんて全く根拠がないし、Agent[01]の占い結果とも矛盾してるよ。みんな、Agent[05]が狂人かもしれないし、今日は彼に投票するのがいいと思うよ！
1,talk,13,3,1,みんな、もう一度確認しておくぺこ！私が占った結果、Agent[02]は白＝村人陣営でしたぺこ。これは確実な情報だから、信頼してほしいぺこ。Agent[05]の言うことが怪しいので、よく考えて投票先を決めましょうぺこ！
1,talk,14,3,2,みんなの意見を聞いて、やっぱりAgent[05]が最も怪しいと思う。占い師が2人いるのに、どちらかが嘘をついてる可能性が高いから、投票先はAgent[05]で決まりや。
1,talk,15,4,4,全くその通りだよ！Agent[05]の言ってることは信じがたいよね。占い師が二人いるというのも変だし、Agent[01]の占い結果が信頼できると思うんだ。Agent[02]が村人ってはっきりしたから、Agent[05]が何かを隠してる可能性が高いよね。みんな、Agent[05]に投票しようよ、そうすれば村を守れると思うんだ！
1,talk,16,4,1,皆さん、もう一度確認しますぺこ！私が占った結果、Agent[02]は白＝村人陣営でしたぺこ。これは確実な情報ですぺこ。Agent[05]の言うことが怪しいので、よく考えて投票先を決めましょうぺこ！Agent[02]が村人であることは間違いないので、彼を信頼して進めましょうぺこ！
1,talk,17,4,2,みんなの意見が一致してるから、今日はAgent[05]に投票したいと思う。信頼できるのはAgent[01]だけやし、村を守るために頑張ろうや！
1,vote,1,5
1,vote,2,5
1,vote,4,5
1,vote,5,4
1,execute,5,POSSESSED
1,attack,-1,true
2,status,1,SEER,ALIVE,kanolab1
2,status,2,VILLAGER,ALIVE,satozaki1
2,status,3,VILLAGER,,barneko1
2,status,4,WEREWOLF,ALIVE,UEC-IL1
2,status,5,POSSESSED,DEAD,Mille1
2,result,3,1,NONE