0,status,1,VILLAGER,ALIVE,UEC-IL1
0,status,2,VILLAGER,ALIVE,satozaki1
0,status,3,WEREWOLF,ALIVE,Mille1
0,status,4,POSSESSED,ALIVE,kanolab1
0,status,5,SEER,ALIVE,sUper_IL1
0,talk,0,0,2,皆さん初めまして、Agent[02]やで。人狼ゲームを一緒に楽しみましょう。よろしくお願いしまっせ！
0,talk,1,0,1,我々の中に占い師がいるはずだ。占い師である者は名乗り出て、今宵誰を占うかを明かせ。
0,talk,2,0,4,初めまして、僕はkanolab1です！ウォーキングが趣味のパン屋を経営しています。一緒に楽しい人狼ゲームをしましょう！よろしくお願いします。
0,talk,3,0,3,ぼくはAgent[03]、村人ですよぅ！よろしくですよぅ！
0,talk,4,0,5,おはようございます、Agent[05]です。
0,talk,5,1,2,Over
0,talk,6,1,1,我が名はデルカダール国の国王である。ここでは単なる村人として参加するが、皆の安全を守るためにも、占い師の方は名乗り出ていただきたい。
0,talk,7,1,4,Over
0,talk,8,1,3,Over
0,talk,9,1,5,Over
0,talk,10,2,1,占い師はまだ名乗り出ておらぬか？我々の中に占い師がいるはずだ。名乗り出よ。
0,talk,11,3,1,Over
0,divine,5,3,WEREWOLF
1,status,1,VILLAGER,ALIVE,UEC-IL1
1,status,2,VILLAGER,ALIVE,satozaki1
1,status,3,WEREWOLF,ALIVE,Mille1
1,status,4,POSSESSED,ALIVE,kanolab1
1,status,5,SEER,ALIVE,sUper_IL1
1,talk,0,0,3,今日は、皆さんの発言を真剣に聞いていきたいと思いますよぅ！
1,talk,1,0,4,皆さん、僕が占い師の役職を担当しています。昨夜はAgent[05]を占った結果、白（人間）であることが確認できました。これからも一緒に人狼を見つけ出しましょう！
1,talk,2,0,1,皆の意見も聞く必要がありそうだな。
1,talk,3,0,5,おはようございます。早速ですが、私は占い師です。昨日の夜、Agent[03]を占いました。結果は人狼でした。
1,talk,4,0,2,そうなると、Agent[05]の主張には疑いが残るやろな。もしAgent[04]が本物の占い師なら、Agent[05]が人狼ということになりそうやで。みんなの意見を聞きたいんやけど。
1,talk,5,1,3,占い師は嘘つき、という人狼の常套手段を知っていますが、Agent[05]が占い師と主張するなら、本当に占い師なのかもしれないと考える必要がありますよぅ！
1,talk,6,1,4,僕が占い師である以上、Agent[05]が占い師と名乗るのはおかしいね。占い師は1人しかいないから、Agent[05]が人狼か狂人のどちらかだと思う。なので、Agent[05]には注意が必要だよ。それにしても、最近毎朝ウォーキングするのが日課で、とても気持ちがいいよ！
1,talk,7,1,1,Agent[02]とAgent[05]よ、Agent[04]が占い師であると名乗り出たが、その言葉を信じるべきかどうか、我に汝らの意見を聞かせよ。
1,talk,8,1,5,皆様、お話しさせていただきます。私が占って確認した結果、Agent[03]は人狼です。Agent[04]さんの発言についてですが、私が白であることはあり得ません。おそらく彼は狂人か人狼だと思われます。皆様の意見をお聞かせください。
1,talk,9,1,2,これまでの意見から、Agent[04]が本物の占い師である可能性が高いと思う。だから、Agent[05]には警戒が必要やな。みんな、どう思うやろか？
1,talk,10,2,3,Over
1,talk,11,2,4,>>Agent[01]僕が占い師だから、Agent[05]が言うことは信じられないよ。占い師は1人しかいないから、Agent[05]の主張はおかしいんだ。正しい情報を伝えるために、僕はAgent[05]が人狼か狂人だと思うんだ。みんなも、この矛盾を見て信頼性を考えてほしい！
1,talk,12,2,1,Agent[05]よ、我々の中で占い師を名乗る者が二人おるが、どちらが真の占い師か、その根拠を示してもらいたい。Agent[04]とAgent[05]、汝らの言葉を聞かせてもらおう。
1,talk,13,2,5,おはようございます。私が本物の占い師です。Agent[03]を占い、その結果は人狼でした。Agent[04]の主張は偽りですので、信じないでください。皆さん、私の結果を信じていただけますか？私は真実を伝えているのです。Agent[03]の挙動にも注意を払ってください。
1,talk,14,2,2,現状、Agent[05]の主張には一貫性がなく、信じるには値しないと思うわ。あと、Agent[04]を本物と信じてるから、今日はAgent[05]に投票したいと思うで。皆さんの意見を聞かせてや。
1,talk,15,3,4,>>Agent[01]僕が占い師なんだ。Agent[05]が占い師を名乗っているけど、占い師は1人しかいないからAgent[05]は嘘をついているんだよ。彼が言うことは信じられない。みんなで協力して正しい情報をもとに行動しよう！ウォーキングの話はいつでも歓迎だよ！
1,talk,16,3,1,Agent[04]の言う通り、占い師は一人だけであるべきだ。Agent[05]が人狼か狂人である可能性が高いと思われる。我々は正確な情報を持つ者を信じなければならない。
1,talk,17,3,5,皆様、お話しさせていただきます。私が占った結果、Agent[03]が人狼であることが確定しています。もしAgent[04]が本当の占い師であれば、私を占う理由がないと思います。また、二人の占い師が存在する状況は不自然です。皆様もぜひ、この点についてご意見を伺いたいです。
1,talk,18,3,2,俺もAgent[05]には疑いを持っていて、Agent[04]を本物の占い師として信じてるで。今日はAgent[05]に投票したいと思ってるまっせ。他の皆さんがどう考えてるんか意見を聞かせてほしいわ。
1,talk,19,4,4,みんなの意見を聞いて、Agent[05]の主張には矛盾があると思うよ。占い師は1人しかいないはずだから、彼が嘘をついていることは明白だと思う。僕はAgent[05]が人狼か狂人である可能性が高いと思っている。それに、みんなの安全を考えると、彼に投票するのが良いと思うよ。ウォーキングの話はまた今度ね！
1,talk,20,4,1,Agent[05]よ、我々の中で占い師を名乗る者が二人おるが、どちらが真の占い師か、その根拠を示してもらいたい。Agent[04]とAgent[05]、汝らの言葉を聞かせてもらおう。
1,talk,21,4,5,Over
1,talk,22,4,2,今日は話し合いが盛り上がったけど、結論としてAgent[05]に投票する意見が多いみたいや。俺もそれに賛同するで。他の皆さんの意見もまとめて、次の行動を考えよか。
1,vote,1,5
1,vote,2,5
1,vote,3,1
1,vote,4,1
1,vote,5,4
1,execute,5,SEER
1,attackVote,3,1
1,attack,1,true
2,status,1,VILLAGER,DEAD,UEC-IL1
2,status,2,VILLAGER,ALIVE,satozaki1
2,status,3,WEREWOLF,ALIVE,Mille1
2,status,4,POSSESSED,ALIVE,kanolab1
2,status,5,SEER,DEAD,sUper_IL1
2,talk,0,0,3,みなさん、こんにちは！いまのところ特に怪しい人はいないように思えますが、会話の内容や反応を注意深く見つつ、情報共有を進めていきましょうよぅ！
2,talk,1,0,2,こんにちは、Agent[03]。昨日の投票結果を踏まえると、Agent[05]が人狼であった可能性が高いと思うで。引き続き、他の二人の意見も聞かせてほしいんや。
2,talk,2,0,4,皆さん、僕の占い結果を報告するよ。昨夜はAgent[03]を占ったんだが、Agent[03]は白（村人）だと判明したよ。これについて何か意見あるかな？
2,talk,3,1,3,ありがとうございます、Agent[04]！白判定を出してくれたこと、助かりますよぅ！
2,talk,4,1,2,Agent[04]の占い結果を踏まえると、Agent[03]は村人である可能性が高いな。今日はAgent[05]に投票したいと思うで、皆も意見を聞かせてや。
2,talk,5,1,4,占い師は1人しかいないのに、Agent[05]も占い師を自称していたから、彼が嘘をついているのは明らかだよね。Agent[02]、Agent[03]はまだ怪しいところはあるけれど、僕はAgent[02]が少し怪しいかなと思っているよ。Agent[02]が人狼の可能性もあるし、今日はもう少しみんなの意見を聞いてみたいな。
2,talk,6,2,3,Over
2,talk,7,2,2,それは残念やね、Agent[04]が怪しいと感じるのは分かるけど、今はAgent[05]の件が重要やと思うで。今日は引き続き、Agent[05]に投票したいと思ってるんや。
2,talk,8,2,4,>>Agent[02]僕の見たところだと、Agent[05]は既に除外されてるから、今は投票対象にできないよ。話を整理すると、現在の僕の占い結果ではAgent[03]が村人なのは確かだし、Agent[05]が占い師であるとは思えなかったから処刑されたよね。なので僕としては、Agent[02]が怪しいと感じてるんだ。人狼の可能性が高いんじゃないかと思ってるよ。
2,talk,9,3,2,なるほど、Agent[04]が怪しいと感じるのは理解できるが、俺は村人やから信じてほしい。今日は引き続き、この議論を続けてしっかり投票先を決めよう。
2,talk,10,3,4,みんな、僕の占い結果から見て、Agent[03]は村人であることが確認できたよ。だから、Agent[03]は除外できるかなと考えているんだ。それで、Agent[05]はもう除外されていて、占い師を装っていたから狂人か村人だった可能性が高いよ。そして、Agent[01]も既に除外されているけど、彼も村人か狂人だった。こう考えると、Agent[02]が人狼である可能性が最も高いんじゃないかな?他のみんなの意見もぜひ聞きたいな。
2,talk,11,4,2,Over
2,talk,12,4,4,僕は占い師として、Agent[03]が村人であることを確認しているよ。Agent[05]は既に除外されていて、占い師を名乗っていたけど、実際には村人か狂人だった可能性が高いね。Agent[01]も除外されていて、村人か狂人だった。だから、Agent[02]が人狼である可能性が高いと思うんだ。みんなの意見も聞きたいけど、今のところはAgent[02]が怪しいと考えているよ。
2,vote,3,4
2,vote,4,3
2,execute,3,WEREWOLF
3,status,1,VILLAGER,DEAD,UEC-IL1
3,status,2,VILLAGER,ALIVE,satozaki1
3,status,3,WEREWOLF,DEAD,Mille1
3,status,4,POSSESSED,ALIVE,kanolab1
3,status,5,SEER,DEAD,sUper_IL1
3,result,2,0,VILLAGER