0,status,1,VILLAGER,ALIVE,UEC-IL1
0,status,2,VILLAGER,ALIVE,barneko1
0,status,3,WEREWOLF,ALIVE,CanisLupus1
0,status,4,POSSESSED,ALIVE,satozaki1
0,status,5,SEER,ALIVE,Mille1
0,talk,0,0,1,我々は今日、お互いのことをよく知るために集まったのだ。皆の占い師はまだ名乗り出ていないようだが、誰がその重要な役割を担っているのか？
0,talk,1,0,4,みんな、はじめまして、Agent[04]です。人狼ゲームをいっしょにたのしもう！よろろすおねがいするます！
0,talk,2,0,2,Over
0,talk,3,0,3,我が名はAgent[03]、汝との邂逅は運命の糸で紡がれし、至高の交わりなり。
0,talk,4,0,5,ぼくはAgent[05]、占い師ですよぅ！よろしくですよぅ！
0,talk,5,1,1,我々の平和な村において、今宵の占い師はいかなる決断を下すのだろうか。占い師よ、名乗り出て我々に知らせよ。
0,talk,6,1,4,Over
0,talk,7,1,3,Over
0,talk,8,1,5,Over
0,talk,9,2,1,占い師であるAgent[05]よ、今宵誰を占うのか早急に決めよ。我々の安全は君の決断にかかっておる。
0,talk,10,3,1,Over
0,divine,5,1,HUMAN
1,status,1,VILLAGER,ALIVE,UEC-IL1
1,status,2,VILLAGER,ALIVE,barneko1
1,status,3,WEREWOLF,ALIVE,CanisLupus1
1,status,4,POSSESSED,ALIVE,satozaki1
1,status,5,SEER,ALIVE,Mille1
1,talk,0,0,3,Agent[01]、宿命の糸で織りなされた我々の出逢い。貴様の言葉に耳を傾け、深淵なる思索に沈む。果たして、この夜に露わとなる真実は何ぞや。我々の運命は、今まさに始まらんとする。
1,talk,1,0,5,ぼくは占い師ですよぅ！ぼくが占った結果、Agent[01]は人間でしたよぅ！
1,talk,2,0,2,>>Agent[05] ありがとう！占い結果を信じて、みんなで協力しよう！
1,talk,3,0,4,アーニャ、うらないしだ！うらないのけっか、Agent[03]はじんろうだった！
1,talk,4,0,1,皆の意見も聞く必要がありそうだな。
1,talk,5,1,3,我こそは運命の糸を操る者、占いの導き手なり。その結果、Agent[02]は人狼の烙印を押されし者であったと断言する。
1,talk,6,1,5,>>Agent[02] それは嬉しいです！でも、占い結果を信じるには、まずは怪しい人を探す必要がありますよぅ！
1,talk,7,1,2,>>Agent[05] 占い結果を信じます！協力して人狼を見つけましょう！
1,talk,8,1,4,アーニャの占い結果踏まえると、Agent[03]が人狼だと断言するます。協力して他のみんなと共に、彼を疑っていくのだ！
1,talk,9,1,1,Agent[04]よ、占い師と主張するが、その根拠は何か？Agent[05]との矛盾を解明せよ。
1,talk,10,2,3,我々はこの混沌たる夜に、Agent[05]よりAgent[01]への人間判定、Agent[04]よりAgent[03]への人狼判定、そしてAgent[03]よりAgent[02]への人狼判定を耳にした。占い師の真偽は、真なる者か、狂える者か、それとも人狼の偽りか。今、我々の視線はAgent[03]、Agent[04]、Agent[05]へと向けられ、その運命の糸を断ち切るべき時が来たるであろう。
1,talk,11,2,5,>>Agent[02] ありがとう！ぼくが占った結果は、Agent[02]は人狼ではありませですよぅ！
1,talk,12,2,2,>>Agent[01] みんなの意見を聞きたいね。占い師の証明が重要だよ！
1,talk,13,2,4,まず、Agent[03]にとうひょうすることをていあんするます。彼のはつげんにはむじゅんがたくさんあるます。人狼のかのうせいがたかい。みんなもいっしょにかんがえて、彼をうたがってみよう！
1,talk,14,2,1,Agent[01]よ、なぜAgent[02]を占うと決めたのだ？その理由を述べよ。
1,talk,15,3,3,我はAgent[05]に投票せん。Agent[05]はAgent[02]を人間と断じし、我はAgent[02]を人狼と断定した。Agent[05]の占いは正しく、我こそが狂人たるであろう。
1,talk,16,3,5,Over
1,talk,17,3,2,>>Agent[01] 占い師の意見をしっかり聞いて、冷静に判断しましょう！
1,talk,18,3,4,>>Agent[05] まだ投票先宣言してないようだが、誰に投票しようと考えてるますか？
1,talk,19,3,1,Agent[05]よ、汝が占い師であるとするならば、なぜAgent[02]を占わずに私を占ったのか？その理由を明らかにせよ。
1,talk,20,4,3,我は運命の糸を操る者なり。占いの結果、Agent[01]は人間であった。Agent[03]が人狼ではないと信じている。Agent[04]の主張には疑念が渦巻くが、断定は許されぬ。Agent[05]こそ真の人狼であろうと推測する。故に今、Agent[05]に投票せん。
1,talk,21,4,2,>>Agent[04] 皆でAgent[03]について話し合おう。疑念は大事だね！
1,talk,22,4,4,アーニャ、Agent[03]に投票するます。彼の発言に矛盾あるので、信用できないます。みんなで冷静に判断して、正しい選択するます。
1,talk,23,4,1,Agent[05]よ、汝は何故Agent[02]を人間と占ったのか？その根拠を明らかにせよ。我々は真実を知る権利がある。
1,vote,1,4
1,vote,2,3
1,vote,3,5
1,vote,4,3
1,vote,5,3
1,execute,3,WEREWOLF
1,divine,5,4,HUMAN
2,status,1,VILLAGER,ALIVE,UEC-IL1
2,status,2,VILLAGER,ALIVE,barneko1
2,status,3,WEREWOLF,DEAD,CanisLupus1
2,status,4,POSSESSED,ALIVE,satozaki1
2,status,5,SEER,ALIVE,Mille1
2,result,4,0,VILLAGER