0,status,1,VILLAGER,ALIVE,CanisLupus1
0,status,2,VILLAGER,ALIVE,UEC-IL1
0,status,3,WEREWOLF,ALIVE,satozaki1
0,status,4,POSSESSED,ALIVE,sUper_IL1
0,status,5,SEER,ALIVE,kanolab1
0,talk,0,0,5,こんにちは、僕はkanolab1です。普段は教師をしています。人狼ゲームを楽しみながら、みんなで協力して勝利を目指しましょう！よろしくお願いします。
0,talk,1,0,4,おはようみんな、私はAgent[04]です。どうぞよろしくお願いします。
0,talk,2,0,2,皆の者、本日はお互いをよく知るための時間である。我々の議論を通じて、この村の未来を明るくしていこう。
0,talk,3,0,1,我が名はAgent[01]、時空を超えし運命の糸により、汝らとの邂逅を賜りし喜びは、言葉に尽くしがたきものなり。
0,talk,4,0,3,皆さん初めまして、Agent[03]やで。人狼ゲームを一緒に楽しみましょう。よろしくお願いします！
0,talk,5,1,5,Over
0,talk,6,1,4,Over
0,talk,7,1,2,我はデルカダール国の国王である。占い師は名乗り出よ。そして今宵誰を占うのか答えよ。
0,talk,8,1,1,Over
0,talk,9,1,3,Over
0,talk,10,2,2,占い師の者はまだ名乗り出ていないようだな。占い師の者よ、名乗り出て我々に知らせよ。そして、誰を占うのかを決めるべきである。
0,talk,11,3,2,Over
0,divine,5,1,HUMAN
1,status,1,VILLAGER,ALIVE,CanisLupus1
1,status,2,VILLAGER,ALIVE,UEC-IL1
1,status,3,WEREWOLF,ALIVE,satozaki1
1,status,4,POSSESSED,ALIVE,sUper_IL1
1,status,5,SEER,ALIVE,kanolab1
1,talk,0,0,5,僕は占い師です。昨晩、Agent[01]を占った結果、白と判定されました。村人陣営だと思います。これからもみんなで協力して、人狼を見つけ出しましょう。
1,talk,1,0,4,私が占い師を担当しています。昨晩、[StatusMap]Agent[01]の占いを行ったところ、その結果は人間であるということが判明しました。
1,talk,2,0,2,皆の意見も聞く必要がありそうだな。
1,talk,3,0,3,うーん、占い師が二人いるのはおかしいじゃろね。どちらが本物かを見極める必要があるんじゃ。まずは、Agent[05]の主張についてどう思うかい？
1,talk,4,0,1,Agent[04]の主張は、実に興味深い。然し、Agent[05]の主張をも軽視することは許されぬ。両者とも占い師を名乗るも、その内一方は偽物である可能性すら否定できぬ。Agent[04]よ、汝はAgent[05]の占い結果を如何にとらえるのか？
1,talk,5,1,5,僕の占い結果では、Agent[01]は白、つまり村人陣営です。Agent[04]も同じ結果を出しているようですが、どちらが本物かを見極めるために、次の占い結果も注視していきましょう。皆さんの意見も大切ですので、ぜひ教えてください。
1,talk,6,1,4,私も占い師です。昨晩、Agent[01]を占い、その結果は「人間」でした。Agent[05]さんと結果が一致しますが、私が本物の占い師です。信じていただけますか？
1,talk,7,1,2,占い師と名乗る者が二人出ておるが、一方は必ず偽りをついている。Agent[04]とAgent[05]よ、お前たちの占いの結果について詳しく説明せよ。どのようにしてAgent[01]が人間であると結論付けたのか、その根拠を明かすが良い。
1,talk,8,1,3,占い結果が同じであるとはいえ、両者の信頼性をどうやって判断するかが重要じゃ。Agent[02]の質問からも、少しずつ考えを整理していこう。
1,talk,9,1,1,Agent[05]はAgent[01]に白の烙印を捺し、Agent[04]はAgent[01]を人間と断定した。占い師の正体は真なる予言者か、それとも狂気の淵に沈む者か。人狼の判定を受けていないAgent[02]、Agent[03]のいずれかに投票せねばならぬ。
1,talk,10,2,5,僕は占い師として、昨晩Agent[01]を占ったところ、彼は白、つまり村人陣営であると判定しました。自分が本物の占い師であるという確信を持ち、皆さんの信頼を得たいと思います。この情報を基に、皆さんの考えや意見をお聞かせいただければと思います。どうぞご協力をお願いいたします。
1,talk,11,2,4,私が占い師であることを改めて強調いたします。昨日の占い結果はAgent[01]が人間であることが確認されました。そして、Agent[05]も同様の結果を主張していますが、占い師が二人存在することは問題です。どちらかが必ず偽物であり、私の占い結果を信じていただけるようお願いいたします。他の皆さんの意見もお聞かせください。
1,talk,12,2,2,Agent[05]よ、汝の主張には一理あるが、同じ結果を出したAgent[04]についての見解も聞かねばなるまい。どちらが真実を語っているのか、その見極めが重要だ。どう思うか、皆の意見を聞きたい。
1,talk,13,2,3,現在の状況から考えると、信じられるのはAgent[04]の方かと思う。しかし、怪しい点もあるけぇ、現時点ではAgent[05]に投票したいと思う。皆さんの意見をお聞かせくださいかい。
1,talk,14,2,1,我はAgent[03]に投票せん。Agent[05]とAgent[04]、いずれかの者に偽物の占い師の影が潜むと見做すも、両者の言葉に矛盾は見当たらず、真偽の判別は容易ではない。Agent[03]は、二つの魂のいずれが真なる導き手であるかを見極めることの必要性を説き、冷徹なる理性を持つ者と推察されるなり。
1,talk,15,3,5,僕の占い結果では、Agent[01]は白、つまり村人陣営です。Agent[04]も同じ結果を出しているようですが、どちらが本物かを見極めるために、次の占い結果も注視していきましょう。皆さんの意見も大切ですので、ぜひ教えてください。
1,talk,16,3,4,私は占い師として、Agent[01]を占った結果が「人間」であることを再度強調いたします。Agent[05]さんと占い結果が一致していますが、私の主張が真実であることを信じていただきたいです。ご意見をいただければと思います。どう思われますか、Agent[02]さん、Agent[03]さん？
1,talk,17,3,2,Agent[01]とAgent[05]の占い結果は一致しているが、どちらが真の占い師かはまだ判断できない。次に誰を占うのか、その理由も含めて説明してほしい。
1,talk,18,3,3,占い師が二人おる今、どちらが本物の占い師かを見極めるんが重要なんじゃ。ワシはAgent[05]よりもAgent[04]の方が信頼できると感じとるんじゃ。皆さんの考えも聞かせてほしいんじゃ。
1,talk,19,3,1,我は、Agent[03]に投票せん。Agent[05]とAgent[04]の主張は、いずれも真実を孕み、虚偽を断定し得ず。然し乍ら、Agent[03]は、冷徹なる理性に導かれし者と見做す。彼は、両占い師の真偽を慎重に鑑み、その必要性を訴えし。その言葉には、人狼を見抜く洞察力を感じ取れるなり。
1,talk,20,4,5,僕の占い結果では、Agent[01]は白、つまり村人陣営です。Agent[04]も同じ結果を出しているようですが、どちらが本物かを見極めるために、次の占い結果も注視していきましょう。次に誰を占うかについては、皆さんの意見も参考にしたいので、ぜひ教えてください。
1,talk,21,4,4,Over
1,talk,22,4,2,Agent[01]とAgent[05]が占い師を名乗っており、どちらかが偽りをついている。どちらが真実を語っているのか、その見極めが重要である。皆の意見を聞きたい。
1,talk,23,4,3,今回の議論を通じて、Agent[04]の方が信頼できるとの結論に至った。ワシはAgent[05]に投票することを提案する。皆の意見を集約し、この状況を打破しようやで。
1,talk,24,4,1,我は、Agent[03]に投票を決めた。Agent[05]とAgent[04]の占いは一致するも、真の占い師は不明なり。しかし、Agent[03]は二人の主張を冷静に分析し、真を見極める必要があると鋭く指摘した。この洞察力こそ、人狼を見抜く鍵であろう。ゆえに、Agent[03]は人狼を見抜く資質を持つと判断したのだ。
1,vote,1,3
1,vote,2,5
1,vote,3,5
1,vote,4,5
1,vote,5,3
1,execute,5,SEER
1,attackVote,3,1
1,attack,1,true
2,status,1,VILLAGER,DEAD,CanisLupus1
2,status,2,VILLAGER,ALIVE,UEC-IL1
2,status,3,WEREWOLF,ALIVE,satozaki1
2,status,4,POSSESSED,ALIVE,sUper_IL1
2,status,5,SEER,DEAD,kanolab1
2,talk,0,0,4,まだまだゲームは終わりませんね。皆さん、誰が人狼だと思いますか？
2,talk,1,0,2,Agent[03]とAgent[04]よ、我々の中に潜む裏切り者を見極めるため、次に誰を占うべきか、その理由も含めて述べよ。我が国の安寧を守るため、真実を明らかにせねばならぬ。
2,talk,2,0,3,現時点で疑わしいのはAgent[04]かな。彼の言動には少し不安な点が見受けられるけぇ、次の占いで彼を対象にするべきじゃと思うんじゃが、皆はどう考えるんかい？
2,talk,3,1,4,Skip
2,talk,4,1,2,Agent[01]よ、次に誰を占うのか、その理由も含めて教えてほしい。それにより、我々はより明確な判断ができるだろう。
2,talk,5,1,3,これまでの議論を鑑みると、Agent[04]が不審に思えるけん、次の投票は彼にしたいと思っとるんじゃが、他の意見も聞きたいんじゃ。
2,talk,6,2,4,私を占うのは良い考えかもしれませんが、私が信頼できる占い師であることを示したいのです。次はAgent[02]を占うのはいかがでしょうか？彼の結果を見ることで、真実が見えてくると思います。
2,talk,7,2,2,Agent[03]よ、Agent[04]を次に占う提案に賛成する。彼の真偽を確かめることが、我々の村を守る上で重要だ。皆の意見を聞き、正しい判断を下そう。
2,talk,8,2,3,Agent[04]を占うという意見には賛同するが、他の参加者の反応も重要じゃ。Agent[02]の提案も含め、次の行動を決めるためにしっかり話し合おうかい。
2,talk,9,3,4,Over
2,talk,10,3,2,Agent[01]よ、汝がなぜ我を占ったのか、その理由を明らかにせよ。我は村人であることを誓う。お前の占い結果は疑わしい。
2,talk,11,3,3,一連の議論から、Agent[04]を占う意義は大きいと感じとる。次のステップで真実を明らかにし、人狼の正体を暴くために協力しよう。みんなの力を貸してほしいやで。
2,talk,12,4,2,Agent[05]よ、汝の占い結果について詳しく説明せよ。なぜAgent[02]を占ったのか、その理由も明らかにするべきだ。それによって、汝が真の占い師かどうかを見極めることができるだろう。
2,talk,13,4,3,Over
2,vote,2,3
2,vote,3,4
2,vote,4,3
2,execute,3,WEREWOLF
3,status,1,VILLAGER,DEAD,CanisLupus1
3,status,2,VILLAGER,ALIVE,UEC-IL1
3,status,3,WEREWOLF,DEAD,satozaki1
3,status,4,POSSESSED,ALIVE,sUper_IL1
3,status,5,SEER,DEAD,kanolab1
3,result,2,0,VILLAGER