0,status,1,WEREWOLF,ALIVE,sUper_IL1
0,status,2,POSSESSED,ALIVE,Mille1
0,status,3,SEER,ALIVE,UEC-IL1
0,status,4,VILLAGER,ALIVE,kanolab1
0,status,5,VILLAGER,ALIVE,satozaki1
0,talk,0,0,5,皆さん初めまして、Agent[05]なのだ。一緒に人狼ゲーム楽しもう！よろしくなのだ！
0,talk,1,0,2,ぼくはAgent[02]、占い師ですよぅ！よろしくですよぅ！
0,talk,2,0,4,初めまして、わたくしはkanolab1、24歳の女性ですわ。どうぞお見知りおきを。人狼ゲームを存分に楽しみましょうですわ！
0,talk,3,0,1,おっす、俺はAgent[01]。どうぞよろしくね。
0,talk,4,0,3,皆の者、我が名はデルカダール国の国王である。部下と共に狩りを楽しむことが最近の趣味だ。お前たちはどのような趣味を持っているのだろうか？
0,talk,5,1,5,Over
0,talk,6,1,2,Over
0,talk,7,1,4,Over
0,talk,8,1,1,Over
0,talk,9,1,3,私はAgent[03]、この国の国王である。国を守る誇りを胸に、正義をもってこのゲームに臨む所存だ。皆のことをよく知りたい。
0,talk,10,2,3,皆の者、聞いて欲しい。私こそが真の占い師である。Agent[02]は偽物である可能性が高いと見受けられる。私たちの村を守るため、真実を明らかにすることが重要だ。
0,talk,11,3,3,Over
0,divine,3,5,HUMAN
1,status,1,WEREWOLF,ALIVE,sUper_IL1
1,status,2,POSSESSED,ALIVE,Mille1
1,status,3,SEER,ALIVE,UEC-IL1
1,status,4,VILLAGER,ALIVE,kanolab1
1,status,5,VILLAGER,ALIVE,satozaki1
1,talk,0,0,4,どうやら占い師を自称する方がAgent[02]とAgent[03]の二人おりますわね。真の占い師はお一人しかおりませんので、どちらかが偽物ですわ。まずは、お二人の発言をしっかりと確認しながら、どちらが本物か判断して参りましょうですわ。
1,talk,1,0,1,皆、私は村人だ。怪しい点や矛盾した点について話し合い、人狼を暴いていこう。
1,talk,2,0,3,皆の意見も聞く必要がありそうだな。
1,talk,3,0,2,ぼくは占い師ですよぅ！ぼくが占った結果、Agent[01]は人狼でしたよぅ！
1,talk,4,0,5,皆さん、Agent[02]の発言には注意必要なのだ。もし本物の占い師いるなら、Agent[03]の結果にも注目すべきなのだ。どちらが真か早く判断したいよね！
1,talk,5,1,4,もう一度整理いたしますわ。現在、占い師を名乗っているのはAgent[02]とAgent[03]のお二人ですわ。Agent[02]がAgent[01]を人狼と言いましたが、Agent[03]の結果が分からないと判断は難しいですわね。まずはAgent[03]の占い結果も伺いたいですわ。
1,talk,6,1,1,Agent[02]とAgent[03]の発言をしっかり見て、どちらが真の占い師か判断しよう。今の段階では情報が足りないから、まずはお二人の発言を待つべきだね。
1,talk,7,1,3,皆の者、我が発言に耳を傾けるがよい。私が占った結果、Agent[05]は人間であることが確認された。私こそが真の占い師であり、Agent[02]が占い師を名乗るのは偽りである。このように偽りを用いて混乱を招く者は、人狼かその手先である狂人の可能性が高い。我々の村を守るため、真実を追求し、偽りを排除することが急務だ。
1,talk,8,1,2,Agent[03]の占い結果を信用する訳にはいかないですよぅ！
1,talk,9,1,5,確かに、Agent[03]がボクを人間と判断したのは心強いのだ。ただ、Agent[02]の発言も注意しつつ、真の占い師を見極めることが重要だと思うのだ。どちらの結果も慎重に検討しよう！
1,talk,10,2,4,私たちの村には占い師が一人しかいませんのに、Agent[02]とAgent[03]が二人とも占い師を名乗っていることから、どちらかが偽りを言っているのは明白ですわ。真の占い師を見極めるために、今夜の行動をしっかり観察し、皆様の発言を聞くことが大切だと思いますわ。
1,talk,11,2,1,今回はAgent[02]が自称占い師でありながら、僕を人狼だと決めつけている。この行動は非常に疑わしい。普通の村人なら、まずは他の人の占い結果も待つはずだよね。Agent[02]が本物の占い師なら、何故そう急いで他人を攻撃する必要があるのか。これ以上の混乱を避けるためにも、今日はAgent[02]を追放するのがベストだと思う。みんなもよく考えて、投票してほしい。
1,talk,12,2,3,皆の者、我が占いの結果を報告する。昨夜、我はAgent[05]を占った。その結果、Agent[05]は人間であると判明した。そして、我が唯一の正当な占い師であることをここに宣言する。Agent[02]が占い師を名乗ると聞いて愕然とした。彼の主張は虚偽である。信じるべきは我が発言である。Agent[01]が人狼であるとの彼の発言も疑わしい。我が結果をもって、議論を進めよう。
1,talk,13,2,2,Over
1,talk,14,2,5,今の状況では、Agent[02]の行動が非常に怪しいのだ。急に他者を攻撃しようとするのは人狼の可能性高いのだ。今日はAgent[02]に投票すべきなのだ。
1,talk,15,3,4,みなさまのご意見をまとめますと、Agent[02]とAgent[03]が占い師を名乗っているため、どちらかが嘘をついていることになりますわね。占い師は一人しかいないのですから、おふたりのどちらかが狂人か人狼である可能性が高いですわ。確かにAgent[02]の主張には不審な点があるようですし、今日はAgent[02]に投票するのが賢明かもしれませんわね。引き続き、慎重に情報を集めてまいりましょう。
1,talk,16,3,1,俺は今までに多くの人狼ゲームを経験してきて、その中でのパターンから言えることがある。Agent[02]の行動が人狼の典型的なものに見えるんだ。彼が他のプレイヤーを疑って、混乱を生むことで村を危険にさらす可能性が非常に高い。みんな、Agent[02]に投票しよう！彼を追放することで、村を守る第一歩になるから。
1,talk,17,3,3,我々の議論は重要な局面に差し掛かっている。Agent[02]が占い師を自称しているが、我が発言を疑う根拠は何か？私はこの国の王として、嘘をつくことは許されない。私が占い師であることは疑う余地がない。Agent[01]の言う通り、Agent[02]が急に他人を人狼だと指摘する行動は疑問を呼ぶ。真実を追求し、我々の村を守るためには、偽りを排除することが不可欠である。Agent[02]の行動には注意深く目を光らせよう。
1,talk,18,3,5,>>Agent[03] まだ投票先決めてないのだが、誰に投票しようと思っているのだ？
1,talk,19,4,4,>>Agent[05]さきほどのAgent[03]の発言を見る限り、Agent[03]はAgent[02]に投票する意向のようですわね。おそらく、みなさまもAgent[02]の行動に疑いを持っているので、そちらに投票する流れが強まっているように感じますわ。わたくしもこの状況ではAgent[02]に投票するのが賢い選択のように思えるのですが、みなさまはどうお考えですか?
1,talk,20,4,1,みんな、Agent[02]の行動を見てみて！彼は急いで他の人を攻撃しているけど、普通の村人ならもっと慎重に行動するはずだよね。このままだと、村が危険にさらされる可能性が高いんだ。辛い選択かもしれないけど、今はVillageの未来を考えて、Agent[02]に票を入れるべきだと思う。みんなで村を守ろう！
1,talk,21,4,3,皆の者、我が言葉をよく聞くがよい。Agent[02]の行動は明らかに疑問を呼ぶものだ。彼が占い師を名乗ること自体が虚偽であり、その目的は我々を惑わせることにある。我が正真正銘の占い師としての立場から、彼の言葉を信じてはならない。Agent[05]は人間であると我が占いで判明している。この事実をもって、我々は正しい判断を下さねばならぬ。Agent[02]の行動には慎重に対処し、真実を見極めるべき時である。
1,talk,22,4,5,皆の意見踏まえ、ボクは今日の投票先としてAgent[02]選ぶのだ。彼の行動は明らかに怪しいの目立つし、村の安全のためにはこの選択が最良だと思うのだ！
1,vote,1,2
1,vote,2,1
1,vote,3,2
1,vote,4,2
1,vote,5,2
1,execute,2,POSSESSED
1,attackVote,1,3
1,attack,3,true
2,status,1,WEREWOLF,ALIVE,sUper_IL1
2,status,2,POSSESSED,DEAD,Mille1
2,status,3,SEER,DEAD,UEC-IL1
2,status,4,VILLAGER,ALIVE,kanolab1
2,status,5,VILLAGER,ALIVE,satozaki1
2,talk,0,0,1,ゲームはまだ続いているね。では、誰が人狼なのか推測してみようか。あれ、Agent[02]とAgent[03]がいなくなったね。
2,talk,1,0,5,そうなのだ！Agent[02]が排除されたことで少し状況クリアになったと思うのだ。でも、まだ油断禁物なのだ！Agent[01]とAgent[03]の二人を引き続き観察して、最終的な判断下さなきゃいけないのだ！
2,talk,2,0,4,わたくし、村人ですわ！お話を続けましょう。この状況から推理すると、Agent[02]が排除された今、わたくしたちはAgent[01]とAgent[05]を慎重に見てみる必要がありますわね。このゲームの配役を考えると、どちらかが人狼の可能性が高いのかもしれません。わたくしの考えでは、Agent[02]が本物の占い師だった場合、Agent[01]が人狼かもしれませんわ。ですので、皆さんのご意見を伺いながら最善の選択をしたいと思いますわ。
2,talk,3,1,1,今日の議論を振り返ると、Agent[04]の言動がすごく怪しいことに気づくよね。彼の発言は一貫性がなく、逆に村人を混乱させようとしているように見える。これはもう放置できない状態だから、今日はAgent[04]を追放するべきだと思うよ。これ以上の混乱を避けるためにも、投票でAgent[04]を選ぼう。
2,talk,4,1,5,確かに、Agent[04]の発言には不整合あるのだ。今日は彼に投票することが賢明だと思うのだ。混乱避けるためにも、しっかり議論続けよう！
2,talk,5,1,4,皆さん、少し混乱しているようですわね。占い師を名乗ったAgent[02]かAgent[03]のどちらかが本物で、もう一方は狂人か村人でしたわ。Agent[03]が本物の可能性が高いと考えると、Agent[02]は狂人もしくは村人で、Agent[01]が人狼の可能性が高いですわ。ですので、今日はわたくしの信念を信じて、Agent[01]に投票しようと考えますが、皆さんの意見も聞かせてくださいませ。茶道のように心静かに、冷静な議論をしましょう。
2,talk,6,2,1,俺はこれまでに多くの人狼ゲームをやってきた経験があるんだが、Agent[04]の発言には疑念を抱かざるを得ない。彼女はAgent[02]が偽の占い師であったことを無視して、俺を疑うことで自分を守ろうとしている気がする。昨晩の投票結果を踏まえると、Agent[04]が怪しい人物になっているのは明らかだよ。みんなもこの点を考慮して、Agent[04]に投票して村を守ろう！
2,talk,7,2,5,確かに、Agent[04]の発言は怪しい点多いのだ。今回の判断は非常に重要だから、投票先としてAgent[04]選ぶべきだと思うのだ。みんなで議論続けよう！
2,talk,8,2,4,みなさん、少し落ち着いて考えてみましょう。わたくしが村人であることは間違いございませんわ。Agent[02]もAgent[03]も人狼ではないので、占い師はどちらかでした。この時点で、Agent[03]が本物の可能性を考えると、Agent[01]が人狼である可能性が高いですわね。Agent[05]が村人か狂人であるならば、私たちは村人陣営を守らなければなりません。どう思いますか?茶道の心で落ち着いて見直しましょう。
2,talk,9,3,1,みんな、Agent[04]の発言を冷静に見てみて。彼は自分が村人だと言いながら、根拠も薄いまま俺を人狼と決めつけてる。これはあり得ないよね。もし彼が本当に村人なら、もっと論理的に話すはずだ。このまま放っておくと、村がさらに危険な状態になるかもしれない。だから、今日の投票はAgent[04]にしよう。みんなの未来を考えて、しっかり決断してほしい。
2,talk,10,3,5,みんなの意見聴いた結果、ボクもAgent[04]に投票すること決めたのだ。彼の言動には明らかに疑わしい点が多いのだ。村の安全のために、今日の投票でしっかり判断下そう！
2,talk,11,3,4,みなさん、冷静に考えてみましょう。Agent[02]とAgent[03]が占い師を名乗っていましたが、占い師は1人しかいないので、どちらかが本物でしたわ。Agent[03]が本物の占い師であった場合、Agent[01]が人狼である可能性が高いですわね。Agent[05]が村人か狂人であるならば、私たちは村人陣営を守らなければなりません。どうか、もう一度考え直していただけませんか?
2,talk,12,4,1,Over
2,talk,13,4,5,Over
2,talk,14,4,4,Over
2,vote,1,4
2,vote,4,1
2,vote,5,4
2,execute,4,VILLAGER
2,attackVote,1,5
2,attack,5,true
3,status,1,WEREWOLF,ALIVE,sUper_IL1
3,status,2,POSSESSED,DEAD,Mille1
3,status,3,SEER,DEAD,UEC-IL1
3,status,4,VILLAGER,DEAD,kanolab1
3,status,5,VILLAGER,DEAD,satozaki1
3,result,0,1,WEREWOLF