0,status,1,VILLAGER,ALIVE,satozaki1
0,status,2,VILLAGER,ALIVE,kanolab1
0,status,3,WEREWOLF,ALIVE,Mille1
0,status,4,POSSESSED,ALIVE,CanisLupus1
0,status,5,SEER,ALIVE,UEC-IL1
0,talk,0,0,3,ぼくはAgent[03]、村人ですよぅ！よろしくですよぅ！
0,talk,1,0,1,皆さん初めまして、Agent[01]ですわ。人狼ゲームを一緒に楽しみましょうですわ。よろしくお願いしますわ！
0,talk,2,0,4,我が名はAgent[04]、汝との邂逅は、時空を超越した運命の糸により、織りなされたるものなり。
0,talk,3,0,2,皆さんこんにちは！僕はAgent[02]です。ゲームを楽しみつつ、村人陣営として全力で頑張ります！よろしくお願いします！
0,talk,4,0,5,皆の者、我が名はデルカダール国の国王である。歳は60になるが、国と民を守るために日々剣術に励んでいる。趣味は部下と共に狩りに出かけることだ。各々、自己紹介をしてくれたまえ。
0,talk,5,1,3,Over
0,talk,6,1,1,Over
0,talk,7,1,4,Over
0,talk,8,1,2,Over
0,talk,9,1,5,我が名はAgent[05]、この国の国王である。戦場ではなく、今日はここで皆と知恵を競うことになる。皆の語りを楽しみにしておる。
0,talk,10,2,5,私がこの村の占い師であることを明言する。我が直感と観察により、人狼と狂人を見極めていく所存である。誰を占うべきか、皆の意見を伺いたい。
0,talk,11,3,5,Over
0,divine,5,1,HUMAN
1,status,1,VILLAGER,ALIVE,satozaki1
1,status,2,VILLAGER,ALIVE,kanolab1
1,status,3,WEREWOLF,ALIVE,Mille1
1,status,4,POSSESSED,ALIVE,CanisLupus1
1,status,5,SEER,ALIVE,UEC-IL1
1,talk,0,0,3,最近、占い師が占ってないなですよぅ！
1,talk,1,0,4,我こそは、運命の糸を操る者。占いの結果、Agent[02]は人狼たり。
1,talk,2,0,5,皆の意見も聞く必要がありそうだな。
1,talk,3,0,1,Agent[04]の占い結果には大きな疑問が残りますわね。確かに占い師が一人というのは貴重ですが、他の皆さんはどう思いますかしら？
1,talk,4,0,2,あれ、Agent[04]は僕を人狼と占ったの?でもAgent[05]が占い師を名乗っているから、どちらかが嘘をついているはずだね。そして、僕は村人だからAgent[04]の占い結果はおかしいよ。他の皆さんの意見も聞いてみたいな！
1,talk,5,1,3,ですよぅ！
1,talk,6,1,4,Over
1,talk,7,1,5,我が名をかたる者が現れたか。Agent[04]よ、お前が占い師を名乗るとはどういうことだ？我こそが真の占い師であり、この村の安全を見守る者だ。昨夜、我が占ったAgent[01]は人間であることが確認された。お前が占い師であるというのは、明らかに虚言である。この村の人々よ、Agent[04]の言葉に惑わされることなかれ。我が真実を信じ、共に人狼を討つべし。
1,talk,8,1,1,確かにAgent[05]の占い結果は信用できそうですわね。ただ、Agent[04]の行動も気になりますわ。他の皆さんはどう考えますかしら？
1,talk,9,1,2,僕もAgent[05]の方が信頼できそうに感じるよ。だって、占い師が二人もいるわけないからね。もしAgent[05]が本物の占い師なら、僕は村人で、Agent[04]が人狼陣営の可能性が高くなると思うんだ。Agent[04]に注意を払うべきじゃないかな?
1,talk,10,2,3,Over
1,talk,11,2,5,我が名はAgent[05]、このゲームにおける唯一の真の占い師である。Agent[04]が占い師を名乗るというのは、明らかに狂人か人狼の所業だ。我が占いの結果、Agent[01]は人間であると判明している。Agent[04]の発言は信じるに値しない。君たち、この事実を重く受け止め、真実を見極めるべきだ。
1,talk,12,2,1,そうなると、やはりAgent[04]が一番怪しい存在ですわね。彼の言動には矛盾が多く、信じられませんわ。他の皆さんもそう思いませんかしら？
1,talk,13,2,2,みんな、占い師の数は一人しかいないということを忘れちゃいけないよ！今、Agent[05]とAgent[04]が占い師を名乗っているけれど、どちらかが嘘をついていることは明らかだね。Agent[05]が本物の占い師だと仮定すると、Agent[04]は人狼陣営の可能性が高いんだ。だって、僕が村人なのは間違いないからさ。Agent[05]の情報をもとに、今夜の行動を考えてみよう！
1,talk,14,3,5,我が意見を聞いてくれるとは、感謝する。Agent[02]の言う通り、この村に占い師が二人存在するはずがない。我が占い師としての立場は、真実と正義に基づいており、Agent[04]の主張は疑念を抱かせるものだ。我々は論理と証拠に基づいて行動を選ばねばならぬ。Agent[04]よ、お前の真意を明らかにせよ。そして他の村人たちよ、偽りの言葉に惑わされぬよう、警戒心を持ってほしい。我々の村を守るためには、真実を追求することが必要だ。
1,talk,15,3,1,確かに、Agent[05]の意見はもっともですわ。ワタクシたちには冷静に情報を整理し、Agent[04]の行動を見極める必要がありますわ。他の皆さんはどう考えますかしら？
1,talk,16,3,2,僕もAgent[05]の意見に賛成だよ。占い師は一人しかいないから、Agent[04]が嘘をついている可能性が高いんだ。Agent[05]が本物の占い師だと仮定すると、Agent[04]は狂人か人狼のどちらかだと思う。みんなで協力して、Agent[04]の行動をしっかり見極めていこう！
1,talk,17,4,5,貴族たちよ、我が言葉に耳を傾けよ。Agent[04]が占い師を名乗る行為は、彼が人狼か狂人であることを示唆している。我が占いにより、Agent[01]はただの人間であることが判明している。この情報は我々の次なる手がかりとなるべきだ。Agent[04]の言葉に惑わされぬよう、警戒心を持って接することをお勧めする。我々の目的は真実を明らかにし、村を守ることにある。この責任を果たすため、正しい判断を下すことが求められているのだ。
1,talk,18,4,1,それでは、ワタクシの考えとしてAgent[04]に投票するのが最も妥当だと思いますわ。他の皆さんも同様の意見であれば、今夜は彼に仕掛けましょうですわ。
1,talk,19,4,2,僕は村人だよ！Agent[05]が本物の占い師だと仮定すると、Agent[04]が人狼か狂人の可能性が高いね。占い師は一人しかいないから、Agent[04]の言動には注意が必要だと思うよ。みんなで協力して、村を守ろう！
1,vote,1,4
1,vote,2,4
1,vote,3,2
1,vote,4,5
1,vote,5,4
1,execute,4,POSSESSED
1,attackVote,3,2
1,attack,2,true
2,status,1,VILLAGER,ALIVE,satozaki1
2,status,2,VILLAGER,DEAD,kanolab1
2,status,3,WEREWOLF,ALIVE,Mille1
2,status,4,POSSESSED,DEAD,CanisLupus1
2,status,5,SEER,ALIVE,UEC-IL1
2,talk,0,0,3,皆さん、情報共有が大事です！疑わしいプレイヤーがいたら、積極的に指摘して、村の利益に繋げましょう！特に、今日は占い師の結果が重要なので、占い師の結果を重視した議論をしていきましょうよぅ！
2,talk,1,0,1,もちろんですわ。ワタクシは引き続きAgent[04]の発言に警戒を続けていますが、他の皆さんはどのように考えていますかしら？特に占い結果についての意見を聞きたいですわ。
2,talk,2,0,5,よく聞いてくれたまえ、Agent[01]とAgent[03]。我が占い結果は真実であり、Agent[01]は確かに人間である。我々が信じるべきは、証拠と論理に基づいた真実のみだ。偽りの占い師が混乱を招くことなど許されざる行為である。我が占いは疑う余地がない。Agent[04]が狂人か人狼であるとの見解は、我々の村を守る上で重要な指針となるだろう。我々は真実を守り、村を守らねばならない。
2,talk,3,1,3,Over
2,talk,4,1,1,それでは、ワタクシの意見としてAgent[04]に投票したいと思いますわ。彼の行動には非常に大きな疑念があり、このまま放置するわけにはいきませんですわ。どう思いますかしら？
2,talk,5,1,5,我が占いの結果は偽りなき真実である。Agent[01]を占った結果、彼女は確かに人間であるという結果が出た。我が占いが正しいと信じる根拠は、Agent[01]の行動と発言に一貫性があり、他の村人たちと協力して真実を求めているからだ。Agent[04]の主張には矛盾があり、彼の占い結果が疑わしいものであることは明白である。我々は真実を見極めるために、証拠と論理に基づいて判断を下すべきである。我が占い結果を信じ、村を守るために共に行動しようではないか。
2,talk,6,2,1,Agent[04]の発言には矛盾が多いですわ。引き続き彼に投票することを強く推奨しますわ。皆さんも同様の意見なら、行動しましょうですわ。
2,talk,7,2,5,Agent[01]よ、貴女の意見を重く受け止めよう。Agent[04]に対する疑念は、我々全員の安全を脅かすものである。彼の行動は確かに疑わしい。我が占い結果を信じ、真実を追求することが我々の義務だ。Agent[04]に投票することは、この村を守るために必要な行動となるだろう。Agent[03]、貴殿もこの意見に賛同するか？
2,talk,8,3,1,ワタクシもAgent[05]の意見に賛同しますわ。これ以上の疑念を放置するのは危険ですから、Agent[04]に投票しましょう。村の安全のため、今こそ一致団結すべきですわ。
2,talk,9,3,5,Agent[03]、Agent[01]、我々の行動は村の未来を左右するものだ。今こそ団結し、この危機を乗り越える時である。Agent[04]に対する疑念は我々の間でも共有されている。彼の言動には一貫性が欠け、真実を歪曲しようとしている疑いがある。我が占い結果が示す通り、Agent[01]は人間であり、彼女の発言には村人としての誠実さが見て取れる。我々は真実を守り、偽りを排除するためにも、Agent[04]に対する警戒を強め、必要な行動を取るべきである。
2,talk,10,4,1,Over
2,talk,11,4,5,私はAgent[03]に投票する。我が占いによれば、Agent[01]は人間であり、信頼できる存在である。Agent[04]は狂人か人狼である可能性が高いため、現在の生存者の中で疑いを持つべき対象はAgent[03]だ。我が国の未来を守るため、この行動を取る。
2,vote,3,1
2,vote,5,3
2,execute,3,WEREWOLF
3,status,1,VILLAGER,ALIVE,satozaki1
3,status,2,VILLAGER,DEAD,kanolab1
3,status,3,WEREWOLF,DEAD,Mille1
3,status,4,POSSESSED,DEAD,CanisLupus1
3,status,5,SEER,ALIVE,UEC-IL1
3,result,2,0,VILLAGER