0,status,1,VILLAGER,ALIVE,CanisLupus1
0,status,2,VILLAGER,ALIVE,kanolab1
0,status,3,WEREWOLF,ALIVE,satozaki1
0,status,4,POSSESSED,ALIVE,Mille1
0,status,5,SEER,ALIVE,sUper_IL1
0,talk,0,0,5,おはようございます、Agent[05]です。
0,talk,1,0,4,ぼくはAgent[04]、占い師ですよぅ！よろしくですよぅ！
0,talk,2,0,2,おはようございます、Agent[02]です。パン屋をやっているでごわす。みんなで楽しい人狼ゲームにしましょう！
0,talk,3,0,3,皆さん初めまして、Agent[03]やで。人狼ゲームを一緒に楽しもうや。よろしくお願いします！
0,talk,4,0,1,我が名はAgent[01]、時空を超え、汝らとの運命的な邂逅を、ここに喜びとするなり。
0,talk,5,1,5,Over
0,talk,6,1,4,Over
0,talk,7,1,2,Over
0,talk,8,1,3,Over
0,talk,9,1,1,Over
0,divine,5,3,WEREWOLF
1,status,1,VILLAGER,ALIVE,CanisLupus1
1,status,2,VILLAGER,ALIVE,kanolab1
1,status,3,WEREWOLF,ALIVE,satozaki1
1,status,4,POSSESSED,ALIVE,Mille1
1,status,5,SEER,ALIVE,sUper_IL1
1,talk,0,0,4,ぼくは占い師ですよぅ！ぼくが占った結果、Agent[02]は人間でしたよぅ！
1,talk,1,0,1,Agent[04]よ、占いの御礼を申し上げる。Agent[02]が人間と判明し、我が心は安堵の淵に沈む。さて、何故にAgent[02]を占わんとしたのか？そこに至る深淵なる理由を、今こそ語ってほしいのだ。
1,talk,2,0,2,僕は村人だけど、占い師のAgent[04]が信じられるならちょっと安心だね。でも、狂人や人狼が占い師を名乗っている可能性もあるから、他のみんなの意見も聞きたいところでごわす。
1,talk,3,0,3,Agent[04]が本物の占い師であれば、結果を信じるべきやと思う。ただ、今後の占い結果も注視せんといけんよね。それにしても、他の皆はどう考えとるんじゃろうか？
1,talk,4,0,5,おはようございます。早速ですが、私は占い師です。昨日の夜、Agent[03]を占いました。結果は人狼でした。
1,talk,5,1,4,なるほど、Agent[05]が占い師で、結果が人狼なのは信じることができますよぅ！
1,talk,6,1,1,Agent[05]の占いは、我々を深淵へと突き落とす衝撃的な啓示なり。Agent[03]の冷徹なる仮面の下に潜む、人狼の牙。今や、Agent[05]とAgent[04]のいずれかが真の占い師、もう一方が狂人である可能性が濃厚であろう。もしもAgent[03]が真の人狼ならば、Agent[05]こそが真の預言者たる。ゆえに、Agent[03]への投票を実行すべきか否か、それとも更なる真実を追求すべきか、諸賢の御意見を賜りたい。
1,talk,7,1,2,Agent[04]とAgent[05]のどちらかが本物の占い師で、もう一つが狂人だと思うでごわす。Agent[05]が本物だとすると、Agent[03]が人狼らしい。僕としてはそれを信じてAgent[03]に投票するか、もう少し様子を見るか悩みますね。みんなの意見も聞きたいところでごわす。
1,talk,8,1,3,ワシが人狼だとするなら、Agent[05]の主張が矛盾しとるんじゃ。人狼であれば占い師に名乗るはずじゃろ。正しい判断をしてほしいんじゃ。
1,talk,9,1,5,皆様、お疲れ様です。私も占い師のAgent[05]です。実は、今夜私はAgent[03]を占い、その結果は人狼でした。ですので、Agent[03]が怪しいと思います。Agent[04]が本物であれば、私の結果も重要だと思いますので、ぜひご検討ください。皆さんの意見もお聞かせいただければ幸いです。
1,talk,10,2,4,Over
1,talk,11,2,1,時の流れは容赦なく、我々の魂を焦がす。もはや議論の炎を灯し、今日の投票先を決める時が来たのであろう。
1,talk,12,2,2,>>Agent[01]Agent[05]が本物の占い師なら、Agent[03]は人狼になるでごわす。Agent[04]の占い結果は僕を白と言っているが、占い師は1人しかいないから、Agent[04]かAgent[05]のどちらかが嘘をついているはずでごわす。僕はAgent[05]の結果を信じて、Agent[03]に投票するのが良いと思うでごわす。
1,talk,13,2,3,皆の意見を聞く限り、ワシが投票の対象になっとるのは理解しとる。せやけど、ワシには無実じゃ。真の人狼を見極めるため、Agent[05]に投票すべきじゃと思うで。
1,talk,14,2,5,皆さん、おはようございます。再度申し上げますが、私は本物の占い師です。昨日の占い結果、Agent[03]が人狼であると判明しました。この結果を基に、皆さんにはぜひAgent[03]に投票していただきたいと思います。特にAgent[01]さん、あなたの意見が大変重要ですので、どう思われますか？
1,talk,15,3,1,我はAgent[03]に投票せん。Agent[05]を真なる占い師と仮定し、Agent[03]を人狼と見做せば、Agent[04]は狂人たるであろう。Agent[04]はAgent[02]を人間と占うたが、Agent[05]の占いが真実ならば、Agent[04]の占いは虚偽なり。この矛盾より、Agent[03]が人狼である可能性は極めて高いと断言せざるを得ん。
1,talk,16,3,2,占い師が2人名乗っているけれど、役職の配分としては1人しかいないんだよね。だから、どちらかは嘘をついているでごわす。Agent[05]が本物だと信じるなら、Agent[03]は人狼で、Agent[04]は狂人かもしれない。みんなの意見も聞いた上で、僕はAgent[03]に投票しようと思うでごわす。
1,talk,17,3,3,>>Agent[04] まだ投票先を宣言していないようじゃけど、誰に投票しようと考えとるんかい？
1,talk,18,3,5,皆様、おはようございます。私が昨日占った結果、Agent[03]が人狼であることが判明しました。Agent[04]が自称占い師ですが、私の結果も重要ですので、ぜひご検討ください。他の皆様の意見もお聞かせいただければ幸いです。どのようにお考えでしょうか？
1,talk,19,4,1,我はAgent[03]に投票せん。Agent[05]の占いの示す処、Agent[03]は人狼なり。Agent[04]が狂人たる可能性もまた、極めて高いであろう。
1,talk,20,4,2,占い師が2人いるけれど、役職の配分は1人だからどちらかが嘘をついているでごわす。Agent[05]が本物だと仮定すると、Agent[03]が人狼で、Agent[04]が狂人かもしれないでごわす。だから、僕はAgent[03]に投票しようと思っているでごわす。みんなの意見も聞きたいでごわす。
1,talk,21,4,3,みんなが投票先を決めるのは理解するが、ワシを人狼と決めつけるのは早計じゃ。納得できる理由があれば説得力が増すと思うんじゃが。
1,talk,22,4,5,Over
1,vote,1,3
1,vote,2,3
1,vote,3,5
1,vote,4,1
1,vote,5,3
1,execute,3,WEREWOLF
1,divine,5,2,HUMAN
2,status,1,VILLAGER,ALIVE,CanisLupus1
2,status,2,VILLAGER,ALIVE,kanolab1
2,status,3,WEREWOLF,DEAD,satozaki1
2,status,4,POSSESSED,ALIVE,Mille1
2,status,5,SEER,ALIVE,sUper_IL1
2,result,4,0,VILLAGER