0,status,1,VILLAGER,ALIVE,sUper_IL1
0,status,2,VILLAGER,ALIVE,satozaki1
0,status,3,WEREWOLF,ALIVE,UEC-IL1
0,status,4,POSSESSED,ALIVE,kanolab1
0,status,5,SEER,ALIVE,barneko1
0,talk,0,0,5,Over
0,talk,1,0,1,初めまして、Agent[01]です。どうぞよろしくお願いします。
0,talk,2,0,4,初めまして、わしはkanolab1じゃ。元教師で、裁縫が趣味なんじゃ。みんなで楽しいゲームにしようのう。よろしく頼むぞ。
0,talk,3,0,2,皆さん初めまして、Agent[02]や。人狼ゲームを一緒に楽しもうや。よろしくな！
0,talk,4,0,3,おっはよ〜！みんなよろしくね！最高のゲームにしようね！
0,talk,5,1,1,Over
0,talk,6,1,4,Over
0,talk,7,1,2,Over
0,talk,8,1,3,初めまして！僕はAgent[03]だよ。高校2年でサッカー部に所属してるんだ。みんなでワイワイ楽しいゲームにしようね！よろしく！ところで、まだ誰も占い師について話していないけど、占い師は誰かな〜？今日怪しい人を占ってもらうために占い師は出てきた方がいいと思うよ！
0,talk,9,2,3,みんなの意見も聞いてみたいな～！
0,talk,10,3,3,Over
0,divine,5,3,WEREWOLF
1,status,1,VILLAGER,ALIVE,sUper_IL1
1,status,2,VILLAGER,ALIVE,satozaki1
1,status,3,WEREWOLF,ALIVE,UEC-IL1
1,status,4,POSSESSED,ALIVE,kanolab1
1,status,5,SEER,ALIVE,barneko1
1,talk,0,0,4,昨夜の占い結果を報告します。わしが占ったところ、Agent[02]さんは白だと出ました。
1,talk,1,0,2,ほんまにありがとう、Agent[04]さん。俺が白と出たのは村にとって大きな前進やな。引き続き、どの参加者が怪しいんか話し合おうや。
1,talk,2,0,3,みんなの意見も聞いてみたいな～！
1,talk,3,0,1,私は村人です。情報は一切ありませんが、人狼に対抗するために積極的に議論して行きたいと思います。
1,talk,4,0,5,>>Agent[03] 俺が占い師だよ。初日の結果、Agent[03]は人狼だったよ！
1,talk,5,1,4,>>Agent[05]わしも占い師じゃが、あなたも占い師と言い始めたのう。しかし、占い師は一人しかおらんから、あなたか私のどちらかが嘘をついていることになる。引き続き、意見を交えつつじっくり考えてみたいのう。みんな、それぞれの意見を聞かせてくれると助かるのじゃ。
1,talk,6,1,2,占い師が二人いるのは混乱を招くな。Agent[05]かAgent[04]のどちらかが嘘をついているはずや。みんな、どちらを疑ってるんか意見を聞かせてほしい。
1,talk,7,1,3,みんな〜今日の投票先は誰にする？僕は今のところAgent[05]に投票しようかと思ってるんだけど、みんなはどう思う？ Agent[02]が白ってことはわかったけど、Agent[05]はまだ何も言ってないし、何か隠してるのかなって思うんだよね。
1,talk,8,1,1,みんな、占い結果の情報をもとに議論を進めよう！Agent[02]が白なら、次は誰を占うべきか考えるべきやな。意見があれば教えて！
1,talk,9,1,5,>>Agent[04] 俺が占い師だ！Agent[03]が人狼って結果が出たんだ。みんなでしっかり話し合おう！
1,talk,10,2,4,わしが本物の占い師じゃから、Agent[05]が嘘をついておることになるのう。みんなで相談し、Agent[05]を疑ってかかるのも一つの手じゃな。この際、みんなの意見を聞かせてほしいのう。
1,talk,11,2,2,俺もAgent[05]に投票するつもりや。彼の主張には矛盾があるし、Agent[04]が本物の占い師である可能性が高いと思ってる。みんなも考えてみてほしいやで！
1,talk,12,2,3,え？僕が人狼だって？全然違うよ！Agent[05]が嘘をついてるんじゃないかな。Agent[04]さんも占い師って言ってるし、二人の占い師がいるわけないよね。だから、Agent[05]が何かを隠してる可能性が高いと思うんだ。みんな、ちゃんと考えてみようよ！僕は村のために真剣に議論してるから、信じてほしいな。
1,talk,13,2,1,私はAgent[04]とAgent[05]のどちらが本当の占い師かを見極めるために、みんなの考えをもっと聞きたいです。特にAgent[02]の意見が気になります。あなたはどう思いますか？
1,talk,14,2,5,>>Agent[01] 俺が本物の占い師だ！Agent[03]は人狼だから、しっかり議論しよう。
1,talk,15,3,4,確かに、わしが本物の占い師ならば、Agent[05]はどうしても偽物じゃと考えざるを得ないのう。彼がAgent[03]を人狼と判定したのは、フェイクの可能性が高いじゃろ。今のところ、わしはAgent[05]を疑っておるぞ。みんなも意見を聞かせてほしいじゃ。
1,talk,16,3,2,>>Agent[01] まだ投票先を宣言してへんようやけど、誰に投票しようと考えてるんかいな？
1,talk,17,3,3,え？僕が人狼だって？全然違うよ！Agent[05]が何かおかしいんじゃない？Agent[04]さんが本物の占い師だと思うし、Agent[05]が何かを隠してるのかもしれないよね。みんな、ちゃんと考えてみようよ！Agent[05]が怪しいと思うから、僕はそっちに投票するつもりだよ。
1,talk,18,3,1,私はAgent[05]が怪しいと思います。彼の主張には矛盾があり、他のエージェントの意見と対立しています。みんな、投票先を考えてみて！
1,talk,19,3,5,>>Agent[03] 俺は占い結果を信じてる！みんなで議論しよう。君も村のために頑張ろう！
1,talk,20,4,4,わしが本物の占い師じゃから、Agent[05]が嘘をついている可能性が高いのう。占い師は一人しかおらんから、彼が偽物であることは明らかじゃ。Agent[05]の主張は矛盾しておるし、みんなで彼を疑うべきじゃと思うぞ。わしはAgent[05]に投票するつもりじゃ。
1,talk,21,4,2,みんな、話し合いを経てAgent[05]が一番怪しいと思うわ。彼の矛盾点は見逃せへんし、投票先はAgent[05]に決定するで！
1,talk,22,4,3,僕は絶対に村人だよ！Agent[05]が嘘をついてるんじゃないかなって本当に思うんだ。Agent[04]さんが本物の占い師だと思うし、Agent[05]の言ってることには何かおかしな点があるよね。みんな、しっかり考えて、本当の人狼を見つけ出そうよ！僕は村を守りたいんだ！
1,talk,23,4,1,Over
1,talk,24,4,5,>>Agent[04] 俺が本物の占い師だ！お前の言い分なんて無視して、みんなで真実を見つけよう！
1,vote,1,5
1,vote,2,5
1,vote,3,5
1,vote,4,1
1,vote,5,4
1,execute,5,SEER
1,attackVote,3,1
1,attack,1,true
2,status,1,VILLAGER,DEAD,sUper_IL1
2,status,2,VILLAGER,ALIVE,satozaki1
2,status,3,WEREWOLF,ALIVE,UEC-IL1
2,status,4,POSSESSED,ALIVE,kanolab1
2,status,5,SEER,DEAD,barneko1
2,talk,0,0,3,よし、今日はどうする？Agent[05]はもういないし、Agent[01]もいない。残ってるのはAgent[02]とAgent[04だけだね。Agent[04は昨日占い師だって言ってたけど、本当かな？Agent[02]はどう思う？Agent[04が怪しいって感じない？Agent[04が占い師だったとしても、もう占うことはできないから、今日はAgent[04に投票するのがいいと思うんだ。Agent[02]もそう思わない？Agent[04が一番怪しいと思うんだけど、どうかな？
2,talk,1,0,4,皆さん、わしが占い師の役職を担当しています。昨夜はAgent[03]を占った結果、白（人間）であることが確認できました。これからも一緒に人狼を見つけ出しましょう！
2,talk,2,0,2,俺もAgent[04]が本物の占い師だって信じてるんや。これまでの議論から見ると、Agent[03]が怪しいと思うわ。投票先はAgent[03]で決定するで！
2,talk,3,1,3,Agent[05]が追放された今、ちょっと状況を整理しようよ。僕が人狼だって占ったAgent[05]が嘘ついてたってことが明らかになったわけだし。これで、Agent[04]さんが本物の占い師だってこともほぼ確定するよね。今日はAgent[02]とAgent[04]の意見も聞いてみたいな。Agent[02]は昨日、Agent[05]を怪しんでたけど、今日はどう思ってるのかな？そしてAgent[04]さん、今日は誰を占ったの？その結果によっても、誰が怪しいかが変わってくると思うんだ。とにかく、僕たちは村を守るために正しい選択をしないといけないから、しっかりと話し合おうよ！
2,talk,4,1,4,>>Agent[03]なんじゃ、わしが占い師であることは確定しておる。Agent[05]が嘘をついていたことも明らかじゃ。Agent[02]とAgent[03]のどちらかが人狼である可能性が高いのう。Agent[02]はわしを信じてくれておるが、Agent[03]は少し怪しいのう。みんなでしっかり考えて、村を守るために正しい選択をしようじゃ。
2,talk,5,1,2,俺は今日、Agent[03]に投票するつもりや。彼の発言には矛盾が多いし、信頼できないと思ってる。みんなも考えてみてほしいな！
2,talk,6,2,3,え、ちょっと待ってよ。Agent[04が白って占ったって言ってるけど、それはおかしいよね。昨日までの話と矛盾してるし、Agent[04が何かを隠してる可能性が高いんじゃないかな。Agent[02]もちょっと考え直してみてよ。Agent[04がずっと占い師を演じてるけど、実は人狼かもしれないし、今日はAgent[04に投票するべきだと思うんだ。みんな、本当のことを見極めようよ！
2,talk,7,2,4,>>Agent[03]なんじゃ、わしが占い師であるとしたら、誰が嘘をついているかが見えてくるはずじゃろ?Agent[02]はわしを信じておるし、わしが占った結果を信じるのが自然じゃ。わしが占い師として確認した結果、みんなにとって安心材料とすることができ、みんなの考えをまとめる助けになると思うんじゃ。さて、Agent[03]よ、もっと具体的にどの部分が矛盾しておるか教えてくれんかのう?それを踏まえて、わしらで村を守るための最善の道を考えていこうじゃないか。
2,talk,8,2,2,オレの見解では、Agent[04]が本物の占い師として判断が正しいと思う。だから、今日はAgent[03]に投票する方が良いと信じてるで！
2,talk,9,3,3,えっと、Agent[04が僕を白判定してくれたってことは、僕が人狼じゃないって証明されたわけだよね。それにも関わらずAgent[02]が僕を疑ってるのは、ちょっとおかしいと思うんだ。Agent[02]がそんなに僕を怪しんでる理由って何？Agent[04さんが僕を白と言ってるのに、それを無視してるってことは、もしかしてAgent[02が何かを隠してるのかもしれないよね。今日はAgent[02に投票するのがいいと思うんだ。Agent[04さんが占い師で、僕を白と言ってる以上、Agent[02]の行動が怪しすぎるよ。みんなもよく考えてみて！
2,talk,10,3,4,>>Agent[03]君を白と占ってるから、普通なら村人として見るべきじゃ。だから、わしが占い師として正しい情報を提供しとるのに、怒る必要はないと思うんじゃ。Agent[02]が君に投票する理由をしっかりと説明してくれたらと思うが、現状ではわしは君ではなく、Agent[02]を少し怪しく感じるんじゃ。矛盾している行動や発言を見つけるときは、慎重に判断することが大事じゃないかと思うんじゃ。さあ、みんなでもう一度考えてみようや！
2,talk,11,3,2,投票はAgent[03]に決定や。彼の発言には矛盾が多く、信頼できひん。これで村が勝つことを信じとるで！みんな、よく考えて投票してな。
2,talk,12,4,3,え、何でまた僕が疑われてるの？Agent[04]が占い師だって言ってるけど、昨日までの話と矛盾してるよね。Agent[02]もちょっと待って、本当にそれでいいの？Agent[04]がずっと占い師を演じてるけど、実は人狼かもしれないんだよ。今日はAgent[04に投票するべきだと思うんだ。みんな、本当のことを見極めようよ！
2,talk,13,4,4,僕が占い師として確認できたのは、Agent[03]は村人陣営ということじゃ。だから、Agent[02]が矛盾していると感じるのは自然なことじゃろう。Agent[02]の言動が少し怪しく感じるが、わしの占い結果をしっかりと信じて、村を守るために正しい判断をしていこうじゃないか。裁縫のように、しっかりとパターンを見極め、一つ一つ丁寧に考えを進めていこうや。
2,talk,14,4,2,Over
2,vote,2,3
2,vote,3,4
2,vote,4,3
2,execute,3,WEREWOLF
3,status,1,VILLAGER,DEAD,sUper_IL1
3,status,2,VILLAGER,ALIVE,satozaki1
3,status,3,WEREWOLF,DEAD,UEC-IL1
3,status,4,POSSESSED,ALIVE,kanolab1
3,status,5,SEER,DEAD,barneko1
3,result,2,0,VILLAGER