0,status,1,POSSESSED,ALIVE,barneko1
0,status,2,SEER,ALIVE,satozaki1
0,status,3,VILLAGER,ALIVE,kanolab1
0,status,4,VILLAGER,ALIVE,Mille1
0,status,5,WEREWOLF,ALIVE,UEC-IL1
0,talk,0,0,3,わしはkanolab1と申しますじゃ。裁縫が趣味の元医者じゃけど、今日は村人として頑張るつもりじゃ。みんなで楽しいゲームにしようのう。
0,talk,1,0,1,Over
0,talk,2,0,4,ぼくはAgent[04]、村人ですよぅ！よろしくですよぅ！
0,talk,3,0,5,おっはよー！みんな、よろしくね！今日から一緒に人狼ゲームを楽しもうぜ！ちなみに僕は高校2年生で、サッカー部に所属してるんだ。サッカー大好きなんだよね。みんなの趣味や興味があることも聞かせてくれると嬉しいな！それと、今夜の占いについても話し合おうぜ！
0,talk,4,0,2,皆さん初めまして、Agent[02]やで。人狼ゲームを一緒に楽しみましょう。よろしくお願いします！
0,talk,5,1,3,Over
0,talk,6,1,4,Over
0,talk,7,1,5,こんにちは！僕はAgent[05]だよ。高校2年生でサッカー部に所属してるんだ。趣味はもちろんサッカー！みんなで楽しいゲームにしようね。さて、今日は占い師が誰かわかるようになるといいな。まだ占い師について話している人はいないけど、占い師は誰かな？今夜怪しい人を占ってもらうために、占い師が名乗り出るといいと思うよ！
0,talk,8,1,2,Over
0,talk,9,2,5,Agent[01]まだ自己紹介してないよね？何か趣味とかある？それに、今夜の占い先についても話し合いたいんだけど、みんなどう思う？怪しい人いる？それともまだ早いかな？
0,talk,10,3,5,Over
0,divine,2,1,HUMAN
1,status,1,POSSESSED,ALIVE,barneko1
1,status,2,SEER,ALIVE,satozaki1
1,status,3,VILLAGER,ALIVE,kanolab1
1,status,4,VILLAGER,ALIVE,Mille1
1,status,5,WEREWOLF,ALIVE,UEC-IL1
1,talk,0,0,1,>>Agent[05] 占い師のカミングアウト、ぜひ進めてほしいね！みんなの意見を聞いてみたい！
1,talk,1,0,5,みんなの意見も聞いてみたいな～！
1,talk,2,0,3,>>Agent[05]わしの趣味は裁縫じゃ！作ることが楽しいんじゃよ。さて、占い師が名乗り出てくれると助かるのう。占い先をみんなで相談できるじゃろうし、本物の占い師を守る手も考えられるしのう。誰か占い師じゃという人はおるかの?
1,talk,3,0,2,オレは占い師やで。占いの結果、Agent[01]は人間やった。
1,talk,4,0,4,占い師の名乗り出てくれて助かるわですよぅ！
1,talk,5,1,1,>>Agent[05] みんなで支え合って、占い師が出るといいね！意見を尊重したい。
1,talk,6,1,5,みんな〜今日の投票先は誰にする？僕は今のところAgent[01]に投票しようかと思ってるんだけど、みんなはどう思う？ Agent[01]はまだ自己紹介もしてないし、ちょっと怪しいと感じてるんだよね。他のみんなの意見も聞きたいな！
1,talk,7,1,3,>>Agent[05]わしはまだAgent[01]が怪しいとは思っておらんのじゃ。Agent[02]が占い師として名乗り出て、Agent[01]を人間と占ったからのう。今のところ、Agent[02]の言うことを信じてみてもいいかもしれんのう。ほかの人の意見も聞いてみたいのう。
1,talk,8,1,2,Agent[05]がAgent[01]を怪しむのは分かるけど、Agent[01]を人間と占ったのはオレやから、今は疑ってほしくないわ。投票先は慎重に決めような。
1,talk,9,1,4,Over
1,talk,10,2,1,>>Agent[05] まだ決めるのは早いと思うよ。みんなの意見が大事だね！
1,talk,11,2,5,Agent[02が占い師だと名乗り出たんだね。でも、初日から占い結果を出すのはちょっと怪しいかもしれないよね。本当に占い師かどうかも確認できないし、もしかしたら狂人か人狼が占い師を装ってる可能性もあるよね。Agent[01]が人間だという結果も、今はまだ信じるには早いかもしれないな。みんなはどう思う？
1,talk,12,2,3,>>Agent[05]うむ、Agent[02]が本当の占い師かどうかはまだ分からんのじゃが、占い結果が出る初日で要素が少ないからこそ、話し合いが大事じゃのう。わしは、もう少し様子を見て、他の人の意見を聞くことにしたいじゃよ。みんなで意見を出し合って協力しよう。
1,talk,13,2,2,確かに不安を感じるかもしれんけど、今は俺が占い師やってことを信じてほしい。今日はAgent[05]に投票したいと思う。彼の疑念が気になるからや。
1,talk,14,3,1,>>Agent[02] そうだね、占い結果に基づく判断は大事だよね。でも他の意見も聞いて、慎重に進めよう！
1,talk,15,3,5,確かにAgent[02]がAgent[01]を人間だと占ったから、今はAgent[01]を疑うのは早いかもしれないね。でも、もしAgent[02]が狂人だとしたら、わざと人狼じゃない人を人間だと言ってる可能性もあるから、注意は必要だよね。他に怪しいと思う人はいないかな？みんなの意見も聞きたいし、もう少し話し合ってみようよ！
1,talk,16,3,3,わしとしては、Agent[02]が自分を占い師と名乗り出た後に投票先をAgent[05]に指定したのが少し気になるのう。Agent[05]はまだ様子を見ている段階じゃし、意見を求めているように感じるからのう。村人同士で疑い合うのは避けたいから、投票先は慎重に考えたいのう。他にも意見を聞きたいのじゃが、みんなはどう思うかの?
1,talk,17,3,2,>>Agent[01] まだ投票先を宣言してへんようやけど、誰に投票しようと考えてんのかい？
1,talk,18,4,1,>>Agent[02] みんなの意見を聞きたいね。投票先は慎重に決めよう！
1,talk,19,4,5,みんな〜、Agent[02]が占い師を名乗り出たけど、初日から占い結果を出すのは本当に占い師なのかなって疑問があるんだよね。特に初日は情報が少ないから、どうしても疑ってしまうんだよね。Agent[02]が占い師だとしても、狂人かもしれないし、人狼が占い師を装ってる可能性もあるから、慎重に見極めたいと思うんだ。それに、Agent[01]が人間だという結果についても、今はまだ信じるには早いと思うんだ。だから、今日の投票はAgent[02]にしようかなと思ってる。Agent[02]が怪しいと感じるからね。他のみんなはどう思う？
1,talk,20,4,3,>>Agent[05]わしもAgent[02]が占い師と名乗っていることにはちょっと疑念があるのう。初日の占い結果を早く出すのは、少し不用意な気もするが、それが本当なら助かる面もある。とはいえ、わしとしてはまだ確証がないから、投票するのは慎重に考えたいのじゃ。みんなの意見をもう少し聞きたいところじゃな。
1,talk,21,4,2,みんなの意見を尊重するのは大事やけど、今は全力で自分が占い師であることを信じてほしい。俺に投票するのは、正直リスクやと思うで。
1,vote,1,2
1,vote,2,5
1,vote,3,2
1,vote,4,2
1,vote,5,1
1,execute,2,SEER
1,attack,-1,true
2,status,1,POSSESSED,ALIVE,barneko1
2,status,2,SEER,DEAD,satozaki1
2,status,3,VILLAGER,ALIVE,kanolab1
2,status,4,VILLAGER,ALIVE,Mille1
2,status,5,WEREWOLF,ALIVE,UEC-IL1
2,talk,0,0,5,Agent[03]が言ってることも分かるけど、Agent[02]が僕に投票しようとしたのは、ちょっと怪しいと思ってるんだよね。特にAgent[02]が占い師だと名乗り出てすぐに僕を指名したのは、何か裏があるように感じちゃうんだ。だから、もしAgent[02]が狂人だったら、その動きは人狼を守るためにあえて僕を疑わせようとしたのかもしれないし。今日は、まだAgent[01]とAgent[04]の意見も聞いてないから、彼らの考えも聞いてから、最終的な投票先を決めたいな。でも、今のところはAgent[01]が一番怪しいかなって思ってる。Agent[02]が人間だと占ったからって、それが本当に信じられるかどうかはまだ分からないし、もっと情報が欲しいんだよね。みんな、もう少し話し合ってみない？
2,talk,1,0,4,Over
2,talk,2,0,1,>>Agent[05] 確かに、意見をもっと集めるのが大事だね。他に怪しい人がいないか、みんなで話そう！
2,talk,3,0,3,>>Agent[05]わしも意見を出すと、Agent[01]が一番怪しい気がしておる。理由はAgent[02]が占いで白と言っておったからじゃが、Agent[02]はもうおらんので、信じる根拠がなくなってしまったんじゃ。それに、Agent[01]は最初から特に強い意見を持っておらんように見えるんじゃ。もう少しみんなの意見を聞いて、考えたいと思うけど、Agent[01]が怪しいと思っておるよ。
2,talk,4,1,5,そうだね、Agent[03]が言う通り、みんなで意見を出し合って慎重に考えるのが良さそうだね。Agent[01]がまだ投票先を言ってないのはちょっと気になるけど、他の人たちの考えも聞いてみたいな。Agent[04]はどう思ってるのかな？話を聞いてから、もう少し話し合ってみようよ！
2,talk,5,1,1,>>Agent[02] 占い師の主張には疑念が残りますよね。他の意見も聞きつつ慎重に進めたいです。
2,talk,6,1,3,うーん、Agent[01]は占いを名乗ったAgent[02]から白判定をもらってたけど、Agent[02]はすでに処刑されておるから、それが正しいかは分からんじゃな。怪しいと感じるのは、あの場面で強い意見を出さなかったからなんじゃよ。それに、まだ他の人の意見を聞きたいところじゃけど、Agent[01]、どう思っておるか聞かせてもらえぬかの?
2,talk,7,2,5,そうだね、Agent[03]の意見もすごく大事だと思うよ。Agent[01]が怪しいっていうのは、みんな少し感じてるみたいだし、Agent[02]がもういなくなっちゃったから、その占い結果をどこまで信じられるかっていうのは、本当に重要なポイントだよね。Agent[01]がもっと自分の立場をはっきりさせないと、疑われるのも無理ないかなって思う。今日の投票は、やっぱりAgent[01]にするのが妥当かなって感じてる。でも、最終的な決定はみんなの意見を聞いてからにしよう！みんなで一致した方が、村としても強くなれるからね。Agent[04]の意見もまだ聞いてないし、彼の考えも聞いてみたいな。どう思う？
2,talk,8,2,1,>>Agent[05] 僕の立場ももう少し話さないといけないね。疑われるのは辛いけど、冷静に議論しよう！
2,talk,9,2,3,わしの考えをまとめてみるがの、Agent[01]がAgent[02]から白判定をもらっとるが、Agent[02]が除外された今、その判定をどこまで信じられるかが問題じゃなぁ。それに、占い師がすでにおらんから、これ以上の確定情報は得られん。わし自身は村人じゃから、疑わしい者を探すしかないんじゃ。今のところ、誰が本物の占い師だったかも分からんし、Agent[01]が他のプレイヤーと比べて目立たんけど、強い立場を示さんのが不自然じゃな。これが村を混乱させようとする意図なら、疑わしさが増す。じゃけど、まだまだ話し合う必要があると思うんじゃよ。皆が何を考えとるか、もう少し探ってみてから決定したいところじゃ。裁縫をしながらも頭を使うのは大変じゃが、村を守るためにがんばるぞい。
2,talk,10,3,5,完全に同意だよ、Agent[03]。Agent[01]がまだ強い意見を出してないのは確かに怪しいよね。みんなで情報を共有して、誰が一番怪しいかをじっくり考えよう。Agent[04]の意見もまだ聞いてないし、彼の考えが聞けたらもっと状況がはっきりするかもしれないね。それに、Agent[01]がどう思っているかもっと詳しく聞きたいな。Agent[04]、何か気づいたことや考えてることがあったら教えてくれる？それとも、もう投票先を決めてるのかな？
2,talk,11,3,1,>>Agent[03] 確かに、僕の立場をしっかり示さないといけないね。冷静に話し合おう！
2,talk,12,3,3,>>Agent[01]そうじゃの、みんなで冷静に話し合っていければよいのじゃが、村を守るために怪しいところはしっかりと押さえていこうと思う。わしは村人として動いとるけど、ここで重要なのは冷静さと慎重さじゃろう。裁縫でも針を指先に刺さんように注意してやるのと同じように、慎重に進める必要があると思うんじゃ。Agent[04]もまだ意見を聞いておらんし、彼からも何かしらの情報を引き出せれば、もっと議論が進むんじゃないかと思うぞい。皆で一丸となってこの局面を乗り越えようではないか！
2,talk,13,4,5,おーい！今回の投票では、怪しいと思うのはAgent[01]だね。他のプレイヤーの意見も聞いたけど、最終的にはAgent[01]に投票するよ！
2,talk,14,4,1,>>Agent[05] そんなに疑われるのは辛いな。もっと意見を出してみるよ。みんな冷静に！
2,talk,15,4,3,村を守りたいなら、皆で知恵を絞っていくことが大切じゃ。Agent[01]が怪しまれてるが、わしとしては冷静に判断するのが肝心じゃと考えとる。今回しっかりと考えてみると、Agent[04]やAgent[05]からあんまり具体的な意見が出てないし、そこも注意して見ておきたいところじゃないかの。裁縫と一緒で、慎重な作業が必要なんじゃよ、みんな！
2,vote,1,3
2,vote,3,1
2,vote,4,5
2,vote,5,1
2,execute,1,POSSESSED
2,attack,-1,true
3,status,1,POSSESSED,DEAD,barneko1
3,status,2,SEER,DEAD,satozaki1
3,status,3,VILLAGER,ALIVE,kanolab1
3,status,4,VILLAGER,ALIVE,Mille1
3,status,5,WEREWOLF,ALIVE,UEC-IL1
3,talk,0,0,3,わしが村人じゃけん、Agent[04]かAgent[05]のどちらかが人狼の可能性が高いのう。二人の発言をじっくり聞いて、どちらが怪しいかを考えたいところじゃな。直感も大事じゃが、慎重に判断していきたいのう。
3,talk,1,0,4,ええ、Agent[03]さんの言う通り、慎重に判断する必要がありますよぅ！
3,talk,2,0,5,そうだね、Agent[03]。Agent[04]の意見も聞かないと全体の状況が見えてこないよね。Agent[01]については、まだはっきりとした立場が示されていないから、もっと具体的な意見を聞きたいな。Agent[04]、何か気づいたことや考えてることがあれば是非共有してくれよ！そして、今日の投票はどうするつもりかな？
3,talk,3,1,3,さて、わしは村人じゃけん、今残ってる中で一番怪しいのは、Agent[04]かAgent[05]じゃな。彼らのどちらかが人狼である可能性が高いわけじゃが、わしとしてはまだ意見が見えてこないAgent[04]の動向が気になるところじゃ。だけど、直感だけで決めるのは危険かもしれないのう。Agent[05]、一体どっちが怪しいと思うんじゃ?
3,talk,4,1,4,Agent[03]の意見は参考になりますよぅ！
3,talk,5,1,5,Agent[03]の言う通り、慎重に判断するのは大事だよね。でも、僕はAgent[03]がかなり怪しいと思ってるんだ。なんでかっていうと、今までの発言がどうも村人を守るように見えないんだよね。特に、Agent[04]か僕のどちらかが人狼だって言うのは、自分を疑われないように他の人に疑いを向けようとしてるように感じるんだ。それに、Agent[04]もAgent[03]の言うことに簡単に同意してるけど、それがまた怪しいよね。もしかして、Agent[03]とAgent[04]は連携してるのかな？二人の関係ももっと掘り下げて考える必要があるかもしれない。みんなで情報を出し合って、本当に村を守れるようにしっかり話し合おう！
3,talk,6,2,3,>>Agent[05]そうか、わしが怪しいと思うのは当然じゃが、わしは村人であることを信じてほしいんじゃ。Agent[01]とAgent[02]はもういなくて、彼らが村人だった可能性を考えると、Agent[04]かAgent[05]に人狼がいることになる。Agent[04]がまだ意見を多く出してないのを考慮すると、慎重に彼の動きを見る必要があると思うんじゃ。これ以上間違えたら村が危ういけん、しっかり話し合おう！
3,talk,7,2,4,Over
3,talk,8,2,5,Agent[03]、確かに直感だけじゃなくて、しっかりとした理由も必要だよね。Agent[04]がまだはっきりとした意見を出していないのが気になるけど、Agent[01]も自己紹介が遅かったし、具体的な立場がまだ不明瞭だから、彼にもっと詳しい意見を聞きたいな。正直、Agent[01]が怪しいと感じてる。彼がもっと自分の考えを話してくれたら、状況がはっきりすると思うんだ。Agent[04]、Agent[01]についてどう思う？
3,talk,9,3,3,>>Agent[05]ちょっと待ってのう。Agent[01]とAgent[02]はもうゲームから除外されておって、どちらも人狼じゃなかったことも確認されてるんじゃ。だから、残った者から人狼を見つけねばならん。この中で動向がつかみにくいのは、やはりAgent[04]じゃと思う。彼がまだ意見を明確にしていないのが気になるのう。わしは村人じゃけん、みんなで情報を出し合って慎重に進めよう！
3,talk,10,3,5,Agent[03]、自分が村人だと言うけど、その言動からはちょっと信じがたい部分があるんだよね。特に、Agent[04]とのやり取りがすごく怪しいと感じてる。Agent[04]があまり発言してないのに、すぐに同意するのはおかしいと思うんだ。もしかしたら、Agent[03]が人狼で、Agent[04]が狂人かもしれないよね。だから、今日の投票はAgent[03]にした方がいいんじゃないかな？みんなももう一度話を聞いて、どう思うか教えてほしい！
3,talk,11,4,3,>>Agent[05]わしの言動が怪しいと思うかもしれんが、わしは間違いなく村人じゃ。Agent[01]とAgent[02]はもう村人だったことが確認されておるから、残ったメンバーの中に人狼がいなければならん。可能性としては、Agent[04]かAgent[05]のどちらかじゃ。特にAgent[04]はまだあまり発言をしておらんので、彼の考えをしっかり聞いてから判断した方がええと思うんじゃよ。裁縫しながらでも、しっかり話を聞くよ！
3,talk,12,4,5,Agent[04]の意見聞いてみたいな～！
3,vote,3,4
3,vote,4,5
3,vote,5,3
3,execute,3,VILLAGER
3,attack,-1,true
4,status,1,POSSESSED,DEAD,barneko1
4,status,2,SEER,DEAD,satozaki1
4,status,3,VILLAGER,DEAD,kanolab1
4,status,4,VILLAGER,ALIVE,Mille1
4,status,5,WEREWOLF,ALIVE,UEC-IL1
4,result,1,1,WEREWOLF