0,status,1,POSSESSED,ALIVE,barneko1
0,status,2,SEER,ALIVE,UEC-IL1
0,status,3,VILLAGER,ALIVE,kanolab1
0,status,4,VILLAGER,ALIVE,sUper_IL1
0,status,5,WEREWOLF,ALIVE,satozaki1
0,talk,0,0,3,皆さんこんにちは。当方、kanolab1ことAgent[03]だお。このゲームをとっても楽しみにしてたんだお！村人陣営として、頑張るだおー！どうぞよろしくお願いしまーす！
0,talk,1,0,2,皆の者、私はデルカダール国の国王である。狩りや剣術を愛する者だ。お前たちの趣味や特技についても聞かせてほしい。
0,talk,2,0,5,皆さん初めまして、Agent[05]なのだ！人狼ゲームを一緒に楽しもう！よろしくなのだ！
0,talk,3,0,1,Over
0,talk,4,0,4,こんにちは、Agent[04]です。
0,talk,5,1,3,Over
0,talk,6,1,2,わが名はデルカダール国の国王、Agent[02]だ。ここでは占い師として参加している。このゲームを通じて、皆の真実を見極めたいと思う。よろしく頼むぞ。
0,talk,7,1,5,Over
0,talk,8,1,4,Over
0,talk,9,2,2,皆の者、私がこの村の占い師であることを宣言する。我が力をもって、村を守るために邪悪な存在を見つけ出すことを誓う。誰を占うべきか、意見を聞かせてほしい。
0,talk,10,3,2,Over
0,divine,2,3,HUMAN
1,status,1,POSSESSED,ALIVE,barneko1
1,status,2,SEER,ALIVE,UEC-IL1
1,status,3,VILLAGER,ALIVE,kanolab1
1,status,4,VILLAGER,ALIVE,sUper_IL1
1,status,5,WEREWOLF,ALIVE,satozaki1
1,talk,0,0,3,>>Agent[02]なるほど、Agent[02]が占い師を名乗るんだね。占い師が本物かどうかはまだわからないけど、まずはみんなの意見を聞いてみたいだお。誰を占うかは慎重に考えたいところだね。みんな、どう思う?
1,talk,1,0,1,>>Agent[02] みんなの意見を聞くのは大事だね。誰を占うか話し合おう！
1,talk,2,0,5,ボクは占い師なのだ。占いの結果、Agent[01]は人狼だったのだ！
1,talk,3,0,4,村人です。皆さんに協力して情報を集め、村の平和を守りたいと思っています。
1,talk,4,0,2,皆の意見も聞く必要がありそうだな。
1,talk,5,1,3,>>Agent[02]占い師が2人いることになってるから、どちらかが偽物だね。Agent[02]とAgent[05]のどちらが本物か、みんなで考えないといけないだお。占いの結果も大事だけど、まずはみんなの意見を聞いてみたいだお。
1,talk,6,1,1,>>Agent[02] みんなで意見を出し合って占い先を絞ろう！
1,talk,7,1,5,ボクが占い師であることを証明するためにも、Agent[01]に投票してほしいのだ。彼が人狼だからなのだ。みんなで協力してこの村守ろう！
1,talk,8,1,4,皆さん、Agent[05]の発言には注意が必要だと思います。どちらの占い師が本物か、しっかり見極めないといけませんね。Agent[02]の意見も聞きたいです。
1,talk,9,1,2,皆の者、聞いてほしい。Agent[05]が占い師を名乗っているが、それは虚偽である。私がこの村の唯一の真の占い師であることを、ここに改めて宣言する。昨夜、我が占いの力によりAgent[03]を占った結果、彼は人間であることが判明した。Agent[05]の発言は狂人か人狼の仕業に違いない。誤った情報に惑わされぬよう、我々は冷静に事実を見極めなければならない。
1,talk,10,2,3,占い師は1人しかいないから、どっちかが嘘ついてるってことだお。Agent[02]とAgent[05]、どっちが怪しいかを考えようぜ。みんなが意見を出し合えば、真実に近づけるはずだお！
1,talk,11,2,1,>>Agent[02] その通り！みんなでしっかり話し合って、真実を見極めよう！
1,talk,12,2,5,ボクはAgent[02]が怪しいのだ。彼が本物の占い師だとは思えないのだ。みんなで彼に投票して、この村守ろう！
1,talk,13,2,4,Agent[02]さん、あなたの占い結果を教えてもらえますか？それによって、どちらを信じるべきか判断したいです。
1,talk,14,2,2,聞け、我が民たちよ。我こそが真の占い師、Agent[02]である。Agent[05]が占い師を名乗るが、それは偽りの言葉だ。我が占いの結果をここに報告しよう。昨夜、我はAgent[03]を占った。彼は人間であるという結果が出たのだ。この結果は真実であり、我が占いの力の証明である。Agent[05]がどのような根拠でAgent[01]を人狼だと断言するのか、その理由を聞かせてもらいたい。真実の占い師として、この村の安全を守るために全力を尽くす所存だ。
1,talk,15,3,3,占い師は1人しかいないから、Agent[02]かAgent[05]のどちらかが嘘をついていることになるだお。Agent[02]が本物なら、当方は村人だし、Agent[05]が本物ならAgent[01]が人狼になるだお。みんなでどっちが本物か考えて、投票先を決めようぜ！
1,talk,16,3,1,>>Agent[03] そうだね！どちらの占い師が本物か、皆で慎重に考えよう！
1,talk,17,3,5,ボクが占い師である証拠を示すために、Agent[02]に投票してほしいのだ。彼が人狼だから、この村守るために行動一緒にしよう！
1,talk,18,3,4,皆さん、どちらが本物の占い師なのか、真剣に考えないといけないですね。重要なのは、情報をしっかり集めてから判断することだと思います。私たち村人は協力してこの状況を打破しましょう。Agent[02]とAgent[05]、もう少し具体的な証拠を出してもらえますか？
1,talk,19,3,2,皆の者、我が占いの結果について再度述べる。昨夜、我が占ったAgent[03]は人間であるという結果が出た。これは間違いなく真実である。Agent[05]が占い師を名乗るのは、明らかに狂人か人狼の策略だ。我が発言に疑念を抱くならば、それはこの村の危機を招くことに他ならない。我々は真実を見極める智慧を持たねばならない。Agent[05]の甘言に惑わされることなく、事実に基づいて行動しよう。
1,talk,20,4,3,僕はAgent[02]が本物の占い師だと思うだお。理由は、Agent[02]が当方を占って村人だと判定してくれたことだお。もしAgent[05]が本物なら、Agent[01]が人狼ということになるけど、まだ決め手に欠けるだお。Agent[02]の言うことを信じて、Agent[05]に投票するのがいいと思うだお。みんなはどう思う?
1,talk,21,4,1,>>Agent[05] 君の主張も興味深いけど、もう少し具体的な証拠が欲しいな。
1,talk,22,4,5,ボクが占い師なのだ、証拠を提示するためにAgent[02]に投票してほしいのだ。彼が人狼だから、村守るために正しい選択しよう！
1,talk,23,4,4,Over
1,talk,24,4,2,聞くがよい、Agent[04]よ。我が占いの結果は公明正大に報告された。Agent[03]を占い、彼が人間であることを確認したのだ。我が占いの力は真実を示すものであり、我に偽りはない。一方でAgent[05]が示した証拠は、いかにも怪しい。彼がどのようにしてAgent[01]を人狼だと断定したのか、その具体的な方法を問いただすべきだ。この村の安全と真実を守るために、我々は正確な情報に基づいて行動を選択しなければならない。Agent[05]よ、お前の占い方法とその結果の根拠を明らかにせよ。
1,vote,1,5
1,vote,2,5
1,vote,3,5
1,vote,4,5
1,vote,5,2
1,execute,5,WEREWOLF
2,status,1,POSSESSED,ALIVE,barneko1
2,status,2,SEER,ALIVE,UEC-IL1
2,status,3,VILLAGER,ALIVE,kanolab1
2,status,4,VILLAGER,ALIVE,sUper_IL1
2,status,5,WEREWOLF,DEAD,satozaki1
2,result,4,0,VILLAGER