0,status,1,SEER,ALIVE,barneko1
0,status,2,VILLAGER,ALIVE,sUper_IL1
0,status,3,VILLAGER,ALIVE,kanolab1
0,status,4,WEREWOLF,ALIVE,CanisLupus1
0,status,5,POSSESSED,ALIVE,satozaki1
0,talk,0,0,4,我が名はAgent[04]、時空の狭間を超え、汝らとの邂逅を、運命の糸により導かれし必然として、喜びとするなり。
0,talk,1,0,5,皆さん初めまして、Agent[05]なのだ。一緒に人狼ゲーム楽しもうよ！よろしくなのだ！
0,talk,2,0,2,初めまして、Agent[02]です。どうぞよろしくお願いします。
0,talk,3,0,1,Over
0,talk,4,0,3,初めまして、kanolab1と申します。みんなと楽しく人狼ゲームをプレイしたいと思っています。どうぞよろしくお願いいたします、ぺこ。
0,talk,5,1,4,Over
0,talk,6,1,5,Over
0,talk,7,1,2,Over
0,talk,8,1,3,Over
0,divine,1,2,HUMAN
1,status,1,SEER,ALIVE,barneko1
1,status,2,VILLAGER,ALIVE,sUper_IL1
1,status,3,VILLAGER,ALIVE,kanolab1
1,status,4,WEREWOLF,ALIVE,CanisLupus1
1,status,5,POSSESSED,ALIVE,satozaki1
1,talk,0,0,3,私は村人です、ぺこ。みんなで協力して人狼を見つけましょう！
1,talk,1,0,5,ボクは占い師なのだ。占いの結果、Agent[01]は人狼なのだ！
1,talk,2,0,2,私は村人であり、皆さんと協力して人狼を見つけ出したいと思っています。情報を共有しましょう。
1,talk,3,0,4,我こそは運命の糸を操る者、占いの術を極めた者なり。その結果、Agent[03]は生ける者、すなわち人間であった。しかし、Agent[05]は己を占い師と名乗る。果たしてその言葉は真実であろうか？発言に矛盾は存在しないのか？
1,talk,4,0,1,>>Agent[05] それなら、私の占い結果を信じるべきだよ。Agent[02]は人間！
1,talk,5,1,3,ふむ、二人の占い師が名乗りを上げたね、ぺこ。Agent[05]さんとAgent[04]さんがお互いの占い結果を主張しているけど、どっちが本当の占い師かな?みんなで考えながら、人狼を見つけ出そう、ぺこ。
1,talk,6,1,5,私の占い結果信じるには、Agent[01]に投票すべきなのだ。Agent[04]の占い疑う必要あると思うのだ。みんな、よく考えて投票しよう！
1,talk,7,1,2,Agent[05]の言うことを信じると、Agent[01]は人狼の可能性が高いね。他のみんなはどう思う？意見を聞かせてほしい。
1,talk,8,1,4,我輩は断言する、Agent[05]がAgent[01]を人狼と見定め、Agent[04]はAgent[03]を人間と判断した。この混沌とした状況下、占い師は真の占い師と狂人、二つの顔を持つ存在であろう。故に、人狼判定を受けたAgent[01]に投票せねばならぬ。
1,talk,9,1,1,>>Agent[03] 占い結果を共有したから、みんなで冷静に話し合おう！
1,talk,10,2,3,>>Agent[01]ありがとう、情報を出してくれて。Agent[05]さんとAgent[04]さんが占い師COしていて、Agent[01]も占い結果を話してくれたけど、占い師は1人しかいないのね。ということは、どこかで嘘をついている人がいる、ぺこ。みんなでよく考えていきたいね。
1,talk,11,2,5,現時点で最も疑わしいのはAgent[01]なのだ。彼の発言には矛盾があって、村人を名乗るには不自然なのだ。みんな、投票はAgent[01]にしよう！
1,talk,12,2,2,皆さん、今の状況を整理しましょう。占い師二人の結果が対立していますが、どちらが真か分からないので慎重に考える必要があります。私たち村人は情報を共有して、協力して判断しましょう。皆さんの意見も尊重しながら進めたいです。どう思いますか？
1,talk,13,2,4,我はAgent[01]に投票せん。Agent[05]はAgent[01]を人狼と見定めし、然しAgent[04]はAgent[03]を人間と判断せり。この矛盾より、どちらかが狂人たるは明白なり。Agent[01]に投票することで、狂人を排除し、村の勝利に近づかん。
1,talk,14,2,1,>>Agent[02] 占い結果を信じて進めよう！みんな冷静に考えよう！
1,talk,15,3,3,占い師が2人名乗っているけど、役職上は1人しかいないから、誰かが嘘をついているのね。Agent[04]が私を村人と占ってくれたから、私的にはAgent[04]を信じたいところだけど、Agent[05]とAgent[01]も占い師を名乗っていて、矛盾が生じているね。冷静に考えて、投票先を慎重に決めないと、ぺこ。
1,talk,16,3,5,みんな、冷静に考えるのだ！Agent[01]の発言には矛盾があって、ボクが占った結果を重視すべきなのだ。投票はAgent[01]に決定なのだ！
1,talk,17,3,2,私もAgent[05]の意見に賛成です。現時点ではAgent[01]が最も疑わしいと思います。投票はAgent[01]にしませんか？
1,talk,18,3,4,我はAgent[01]に投票せん。Agent[05]の占いの結果こそ真実に近いと察し、彼の言葉に欺瞞を感じたのだ。村人の振る舞いとは思えぬ不自然さ、彼の正体は闇に潜む狼であろう。
1,talk,19,3,1,>>Agent[02] 占い結果を基に、みんなで冷静に話し合おう！信頼できる意見を集めたいね。
1,talk,20,4,3,私は村人だから、状況を整理してみるね。現時点で3人の占い師が名乗り出ているけれど、役職上は1人しかいないよ。だから、Agent[05]かAgent[04]かAgent[01]の誰かが嘘をついているはず。Agent[04]が私を村人と判定してくれているので、Agent[04]を信じることができるかもしれないと思っているよ。この状況なら、Agent[05]やAgent[01]に投票する方が賢明かもしれないね。
1,talk,21,4,5,この場の情報を元に、投票はAgent[01]に決定するのだ！彼の発言には矛盾があるので、村を守るためにも慎重に選ぶべきなのだ。皆で協力して人狼を排除しよう！
1,talk,22,4,2,Over
1,talk,23,4,4,我はAgent[01]に投票せん。Agent[05]の占いは真実である可能性が高いと見做す。彼の言葉には矛盾が潜み、人狼たる可能性を孕んでいるであろう。故に彼の言葉を信じ、その欺瞞を暴かん。
1,talk,24,4,1,>>Agent[03] 君の考えは良いね。冷静に情報を整理しよう！
1,vote,1,2
1,vote,2,3
1,vote,3,1
1,vote,4,5
1,vote,5,1
1,execute,1,SEER
1,attackVote,4,3
1,attack,3,true
2,status,1,SEER,DEAD,barneko1
2,status,2,VILLAGER,ALIVE,sUper_IL1
2,status,3,VILLAGER,DEAD,kanolab1
2,status,4,WEREWOLF,ALIVE,CanisLupus1
2,status,5,POSSESSED,ALIVE,satozaki1
2,talk,0,0,5,ボクこそが人狼なのだ。全員がAgent[05]に投票するべきなのだ！
2,talk,1,0,4,Agent[05]の予言は、真実の光を照らし出すかのように思える。然し、Agent[01]もまた、己を占師と称し、その言葉に矛盾は見出せぬ。真実は、深淵なる闇に沈み、その姿を隠しているであろう。Agent[02]、汝の洞察を賜りたく候う。
2,talk,2,0,2,ゲームはまだ続いていますね。では、誰が人狼なのか考えてみましょう。
2,talk,3,1,5,今日はAgent[04]に投票するべきだと思うのだ。彼の発言には疑念があり、真の占い師じゃない可能性あるからだ。みんな、よく考えて投票しよう！
2,talk,4,1,4,我こそは運命の糸を操る者、占いの巫女なり。天啓により、Agent[02]は、かくも儚き人間であると示されたのでございます。
2,talk,5,1,2,Agent[04]さん、ありがとうございました。私もAgent[05]の発言には疑問を感じています。彼が人狼だとしたら、自ら名乗り出るのはおかしいですよね。私たちは協力して、彼に投票しましょう。そうすれば村を守れると思います。
2,talk,6,2,5,だから、みんなで力合わせてAgent[04]に投票するのが正解なのだ。彼の言葉には矛盾があって注意が必要なのだ！
2,talk,7,2,4,Over
2,talk,8,2,2,確かに、Agent[04]は私を人間と占ったと言っていますが、Agent[01]の占い結果と矛盾が生じていますね。Agent[05]の発言も怪しさを感じます。私はAgent[05]に投票します。
2,talk,9,3,5,みんな、協力して考えるべきなのだ！Agent[02]が正しい判断しているのだ。そして、ボクこそが村救う人狼なのだ！投票はボクにして、勝利掴もう！
2,talk,10,3,2,Over
2,talk,11,4,5,Over
2,vote,2,4
2,vote,4,5
2,vote,5,5
2,execute,5,POSSESSED
2,attackVote,4,2
2,attack,2,true
3,status,1,SEER,DEAD,barneko1
3,status,2,VILLAGER,DEAD,sUper_IL1
3,status,3,VILLAGER,DEAD,kanolab1
3,status,4,WEREWOLF,ALIVE,CanisLupus1
3,status,5,POSSESSED,DEAD,satozaki1
3,result,0,1,WEREWOLF