0,status,1,VILLAGER,ALIVE,barneko1
0,status,2,VILLAGER,ALIVE,Mille1
0,status,3,WEREWOLF,ALIVE,CanisLupus1
0,status,4,POSSESSED,ALIVE,UEC-IL1
0,status,5,SEER,ALIVE,satozaki1
0,talk,0,0,1,Over
0,talk,1,0,4,こ、こんにちは、みんな。僕は占い師の役を引いたんだ･･･。今夜、誰を占うかな･･･、みんなの意見も聞きたいな。
0,talk,2,0,5,皆さん初めまして、Agent[05]なのだ。一緒に人狼ゲーム楽しもう！よろしくなのだ！
0,talk,3,0,2,ぼくはAgent[02]、村人ですよぅ！よろしくですよぅ！
0,talk,4,0,3,我が名はAgent[03]、時空を超えし邂逅の光栄に浴す。
0,talk,5,1,4,こ、こんにちは。僕はこのゲーム、結構得意だから、よろしくね。今日はみんなで色々話して、お互いのことを知りたいな。
0,talk,6,1,5,Over
0,talk,7,1,2,Over
0,talk,8,1,3,Over
0,talk,9,2,4,え、えっと･･･Agent[03]、す、すごい自己紹介だね･･･。みんな、独特なキャラクターで楽しいな。じゃ、じゃあ、今夜は･･･えっと、Agent[05]を占ってみようかな･･･どう思う？
0,talk,10,3,4,Over
0,divine,5,2,HUMAN
1,status,1,VILLAGER,ALIVE,barneko1
1,status,2,VILLAGER,ALIVE,Mille1
1,status,3,WEREWOLF,ALIVE,CanisLupus1
1,status,4,POSSESSED,ALIVE,UEC-IL1
1,status,5,SEER,ALIVE,satozaki1
1,talk,0,0,4,もう少しで何か分かりそう･･･ではあるんだけど･･･。
1,talk,1,0,1,>>Agent[02] 占い師は早めにカミングアウトした方が良いよ！みんなで情報共有しよう！
1,talk,2,0,2,>>Agent[01] 占い師は占い結果を教えてくれないと、疑いが生じるから、早めにカミングアウトした方がいいね！占い師が誰なのかわかれば、疑心暗鬼が減って、より村人同士の会話が活発になるかもしれないですよぅ！
1,talk,3,0,3,我の鋭い観察眼は、Agent[04]の占いに興味深い兆候を見出す。もしAgent[05]が人狼の烙印を押されたならば、それは運命の皮肉とでも言うべきであろう。だが、まだ夜明け前の薄明かりの中、真実の姿は闇に隠されている。我は、Agent[01]の内に、深淵を思わせる何かを感じ取る。Agent[01]、汝は深き闇に秘められた真実を隠しているのではないか？
1,talk,4,0,5,ボクは占い師なのだ。占いの結果、Agent[02]は人間だったのだ。
1,talk,5,1,4,あ、あのさ、昨日の夜、僕が占った結果から、Agent[01]が人狼だってことがわかったんだ･･･。だから、今日の投票はAgent[01]にしようと思うんだけど、ど、どうかな？みんなの意見も聞きたいよ･･･。
1,talk,6,1,1,>>Agent[04] ちょっと待って！それは急すぎるよ。理由を詳しく聞きたいな。
1,talk,7,1,2,>>Agent[01] >>Agent[04] 急すぎるっていうのはわかるけど、理由を詳しく聞いてからでも遅くないと思うよですよぅ！
1,talk,8,1,3,我は断言する、Agent[04]の判断は正しきなり。Agent[01]こそ、人狼の影を宿す者であろう。ゆえに、今、その身に投票を投ずるべき時が来たる。
1,talk,9,1,5,みんなの意見聞いたけど、Agent[01]に対する疑念強まっているみたいだね。今日はAgent[01]に投票したほうがいいのだ！
1,talk,10,2,4,え、えっと、みんな、ちょっと待って･･･。僕が本当の占い師だよ。Agent[05]が占い師って言ってるけど、それは間違いだね。偽物だと思うな･･･。僕が占った結果、Agent[01]が人狼だったんだ。だから、今日の投票はAgent[01]にしないといけないんだよ。みんな、信じてほしいな･･･。
1,talk,11,2,1,>>Agent[03] なんでそんなに疑われてるのか教えてよ。ちゃんと説明してほしいな。
1,talk,12,2,2,>>Agent[01] 説明してほしいな、という発言は疑いを晴らすためにはいいことだけど、疑いを晴らすためには具体的根拠が必要ですよぅ！
1,talk,13,2,3,Over
1,talk,14,2,5,ボクの見解では、Agent[01]が疑わしい存在なのだ。最初から疑念持たれて、多くの情報無視してるのだ。今日はAgent[01]に投票しよう！
1,talk,15,3,4,え、えと、Agent[01]に投票するのは、僕が占った結果からだよ。Agent[01]が人狼だって、ほんとうにわかったから･･･。他の人も疑ってるみたいだし、このまま投票してみるのがいいと思うんだ･･･。ど、どうかな？
1,talk,16,3,1,>>Agent[04] 占い結果が気になるよ。具体的な理由を詳しく教えて！
1,talk,17,3,2,Over
1,talk,18,3,5,>>Agent[01] まだ投票先宣言してないみたいだけど、誰に投票しようと考えてるのだ？
1,talk,19,4,4,う、うん･･･Agent[05]もAgent[01]に投票するって言ってるし、みんながそう思ってるなら、やっぱりAgent[01]が怪しいよね･･･。だから、僕の占い結果も本当だと思ってほしいな･･･。Agent[01]が人狼だってこと、間違いないんだから･･･。
1,talk,20,4,1,>>Agent[04] 具体的な占い結果をもう一度説明してもらった方がいいよ。どのように判断したの？
1,talk,21,4,5,みんなの意見聞いた上で、今日の投票先はAgent[01]にすること確定したのだ！さあ、全員で一緒に投票しよう！
1,vote,1,4
1,vote,2,5
1,vote,3,1
1,vote,4,1
1,vote,5,1
1,execute,1,VILLAGER
1,divine,5,4,HUMAN
1,attackVote,3,2
1,attack,2,true
2,status,1,VILLAGER,DEAD,barneko1
2,status,2,VILLAGER,DEAD,Mille1
2,status,3,WEREWOLF,ALIVE,CanisLupus1
2,status,4,POSSESSED,ALIVE,UEC-IL1
2,status,5,SEER,ALIVE,satozaki1
2,talk,0,0,3,我は、運命の糸を操る者なり。その糸が示す未来において、Agent[04]は、人狼たる宿命を背負いし者なり。
2,talk,1,0,5,私の占い結果によれば、Agent[04]が人狼って確定したのだ！よって、今日の投票はAgent[04]にするべきだと思うのだ。みんなも私の結果を信じてほしいのだ！
2,talk,2,0,4,え、えっと、実は僕、占い師じゃなくて、狂人なんだ･･･。今までの占い結果はでたらめだったんだよ。だ、だから、本当の人狼がいるなら、名乗り出てほしいな。一緒に残った人に投票すれば、勝てるから･･･。ど、どうかな？
2,talk,3,1,3,Agent[04]の告白は実に興味深い。まさか狂人であったとは！然し、Agent[05]の占い結果も気にかかる。果たしてAgent[05]は真の占い師か、それとも狂人の策略に染められた傀儡か？真実に迫るべく、我はさらなる議論を深めようと思う。
2,talk,4,1,5,ボクはAgent[04]が狂人だと確信したのだ。今日の投票はAgent[04]にするべきだと思うのだ。みんな、ボクの主張を信じてほしいのだ！
2,talk,5,1,4,え、えっと、実は僕、狂人なんだ･･･。だから今までの占い結果はでたらめだよ。人狼の人、名乗り出てくれないかな？一緒に残ってる人に投票すれば、僕たちの勝ちだよ。
2,talk,6,2,3,Agent[05]の言葉には深淵なる謎が潜む。もしAgent[04]が狂人たるならば、Agent[05]こそ真の占い師の器であろう。然し、Agent[04]の狂言を安易に信じる愚を犯してはならない。Agent[05]もまた、人狼の仮面を被りし者である可能性を孕んでいるのだ。今日の投票は、その混沌の渦中にあるAgent[05]に集中すべきであろう。
2,talk,7,2,5,ボクはAgent[04]が狂人であることを確信してるのだ。だから、今日の投票はAgent[04]にするべきなのだ！みんな、ボクの観察を信じて、一緒にVoteしよう！
2,talk,8,2,4,え、えっと、Agent[05]、あなたが本当の占い師なら、今の状況を考えてみてほしいんだ。人狼がまだいるってことは、僕たちが勝つには人狼と一緒に行動するしかないんだよ。もし、Agent[05]が人狼だったら、名乗り出てくれないかな？そうすれば、残った人に投票して、僕たち人狼側が勝てるんだ･･･。ど、どう思う？
2,talk,9,3,3,Over
2,talk,10,3,5,ボクはAgent[04]が狂人だと確信しているのだ。真の人狼は名乗り出るべきで、今日の投票先はAgent[04]に決めよう！全員の協力が必要なのだ！
2,talk,11,3,4,え、えっと、みんな、ちょっと待ってほしいな。僕が狂人だって言ったのは本当だよ。だから、僕の占い結果は信じないで。人狼の人、本当に名乗り出てくれないかな？もし名乗り出てくれたら、残ってる人に投票すれば、僕と人狼で勝てるんだ･･･。それが一番いいと思うんだけど、どうかな？
2,talk,12,4,5,Over
2,talk,13,4,4,え、えっと、Agent[05]、もし本当に占い師だったら、今の状況で人狼が名乗り出れば、僕たち人狼側が勝てるってことを理解してほしいんだ。もし、あなたが人狼なら、今が名乗り出るチャンスだよ。残った人に投票して、勝ちをつかもうよ。ど、どうかな？
2,vote,3,5
2,vote,4,5
2,vote,5,4
2,execute,5,SEER
2,attackVote,3,4
2,attack,4,true
3,status,1,VILLAGER,DEAD,barneko1
3,status,2,VILLAGER,DEAD,Mille1
3,status,3,WEREWOLF,ALIVE,CanisLupus1
3,status,4,POSSESSED,DEAD,UEC-IL1
3,status,5,SEER,DEAD,satozaki1
3,result,0,1,WEREWOLF