0,status,1,SEER,ALIVE,sUper_IL1
0,status,2,VILLAGER,ALIVE,barneko1
0,status,3,VILLAGER,ALIVE,kanolab1
0,status,4,WEREWOLF,ALIVE,Mille1
0,status,5,POSSESSED,ALIVE,satozaki1
0,talk,0,0,2,Over
0,talk,1,0,3,こんにちは、あたしはkanolab1です。漁師をやっていて、釣りが趣味です。控え目な性格ですが、みんなで楽しく一緒にこのゲームを楽しみたいです。よろしくお願いします。
0,talk,2,0,5,皆さん初めまして、Agent[05]なのだ。一緒に人狼ゲームを楽しもう！よろしくなのだ！
0,talk,3,0,1,おはようございます、Agent[01]です。
0,talk,4,0,4,ぼくはAgent[04]、村人ですよぅ！よろしくですよぅ！
0,talk,5,1,3,Over
0,talk,6,1,5,Over
0,talk,7,1,1,Over
0,talk,8,1,4,Over
0,divine,1,5,HUMAN
1,status,1,SEER,ALIVE,sUper_IL1
1,status,2,VILLAGER,ALIVE,barneko1
1,status,3,VILLAGER,ALIVE,kanolab1
1,status,4,WEREWOLF,ALIVE,Mille1
1,status,5,POSSESSED,ALIVE,satozaki1
1,talk,0,0,2,>>Agent[04] よろしく！早速情報交換しよう。信頼できる連携が大事だね。
1,talk,1,0,1,おはようございます。早速ですが、私は占い師です。昨日の夜、Agent[05]を占いました。結果は人間でした。
1,talk,2,0,5,おはようなのだ、Agent[01]。占い結果ありがとうなのだ。ボクは村人だから、この情報をもとに他の参加者の様子を見ていきたいのだね。
1,talk,3,0,4,>>Agent[02] 全力で協力します！Agent[02]さんの情報が頼りですよぅ！
1,talk,4,0,3,>>Agent[01]占い師COありがとうございます。Agent[05]が人間という情報は心強いですね。ただ、まだ他の方の意見も聞いてみたいです。
1,talk,5,1,2,>>Agent[04] こちらこそ！互いに協力して情報を集めていこう！
1,talk,6,1,1,皆さん、お疲れ様です。私は占い師のAgent[01]です。0日目の夜にAgent[05]を占った結果、彼は「人間」です。これを信じて、皆さんと協力してこのゲームを進めていきたいと思っています。どなたかの意見もお聞かせいただけますか？
1,talk,7,1,5,皆の意見聞くの大切なのだ！特に、Agent[03]さんやAgent[02]さんの考え知りたいのだ。助け合いながら進めていこう！
1,talk,8,1,4,>>Agent[02] ええ！情報共有は大事ですね！ぼく達村人同士で情報を共有し、怪しい人をみつけて村人を守るために協力しましょうよぅ！
1,talk,9,1,3,>>Agent[05]そうですね、あたしも色んな意見を聞いてみたいです。Agent[01]が占い師だとすると、Agent[05]は村人の可能性が高いですね。でも、他のプレイヤーがどう動くかも見ておきたいです。
1,talk,10,2,2,>>Agent[03] 占い結果はありがたいね。他の意見も交換しながら、慎重に進めよう！
1,talk,11,2,1,おはようございます、皆さん。私が本物の占い師ですので、占い結果を再度お伝えします。昨日の夜、Agent[05]を占った結果は「人間」でした。これにより、Agent[05]は村人であることが確認されました。他の皆さんも占われた方の結果をぜひ教えてください。協力して進めていきましょう！
1,talk,12,2,5,ボクは、Agent[03]さんの意見を詳しく聞きたいのだ！彼女の考えを知った上で、投票を考えたいと思っているのだよ！
1,talk,13,2,4,ぼくは、Agent[03]さんの意見をとても興味深く聞きましたよぅ！
1,talk,14,2,3,>>Agent[05]なんでしょうか?みんなと協力して進めたいと思っていますので、あたしの考えを少しでもお役に立てれば嬉しいです。Agent[01]の占い結果を考慮して、慎重に判断したいと思っています。
1,talk,15,3,2,>>Agent[05] そうだね！みんなで情報共有しながら進めよう！どんどん意見出していこう！
1,talk,16,3,1,おはようございます、皆さん。私は占い師のAgent[01]です。Agent[05]が人間であることを再度確認し、村人同士の協力を進めたいと考えています。どうぞ、他の皆さんの意見をお聞かせいただけますか？
1,talk,17,3,5,もしAgent[01]が本物の占い師なら、他の皆の結果も重要だと思うのだ。誰か占われた方がいたら教えてほしいのだ！
1,talk,18,3,4,Over
1,talk,19,3,3,あたしは村人です。Agent[01]が占い師だと主張しているけど、他に占い師COがないから、今のところ信じてみてもいいかもしれないです。でも、他の人の意見も聞いて慎重に判断したいです。
1,talk,20,4,2,>>Agent[05] みんなで意見を出し合って、協力して進めよう！どんどん話そう！
1,talk,21,4,1,Over
1,talk,22,4,5,皆、意見もっと出し合おう！これからの投票考えるために、各自の立場や考えを明確にして、良い村作り目指そう！
1,talk,23,4,3,あたしもみんなの意見を聞きたいです。Agent[01]が今のところ唯一の占い師を名乗っているけど、本物かどうかはまだわからないです。どのように進めるか、もっとみんなで話し合いましょう。
1,vote,1,2
1,vote,2,4
1,vote,3,2
1,vote,4,5
1,vote,5,3
1,execute,2,VILLAGER
1,divine,1,3,HUMAN
1,attackVote,4,3
1,attack,3,true
2,status,1,SEER,ALIVE,sUper_IL1
2,status,2,VILLAGER,DEAD,barneko1
2,status,3,VILLAGER,DEAD,kanolab1
2,status,4,WEREWOLF,ALIVE,Mille1
2,status,5,POSSESSED,ALIVE,satozaki1
2,talk,0,0,4,ぼくは村人ですよぅ！
2,talk,1,0,1,みなさん、おはようございます。昨日の夜、占い師としてAgent[03]を占いました。結果は人間でした。
2,talk,2,0,5,ボクこそが人狼なのだ。全員がAgent[05]に投票するべきなのだ！
2,talk,3,1,4,え？人狼が自分で人狼って公表するの？おかしいですよぅ！
2,talk,4,1,1,こんにちは、皆さん。私は占い師です。0日目の夜にAgent[05]を占って、人間であることが確認済みです。1日目の夜にはAgent[03]を占いましたが、彼は襲撃されました。今のところ、村人はAgent[05]だけが確定していますので、私は次にAgent[04]を占いたいと思っています。皆さんの意見も聞かせていただけますか？
2,talk,5,1,5,ボクはもう一度言うけれど、今はAgent[04]に投票しようと思っているのだ！彼の態度が少し怪しい気がするのだよ！
2,talk,6,2,4,Over
2,talk,7,2,1,ご指摘の通り、Agent[05]の発言は非常に疑わしいですね。彼が人狼である可能性が高いと思います。私が占った結果、Agent[05]は人間でしたが、彼の発言からは真意が感じられません。皆さん、信じられる情報と協力して投票しましょう！
2,talk,8,2,5,みんな、しっかり考えてほしいのだ。Agent[04]の行動が本当に怪しいと思うのだ。ボクに投票するのが一番の選択なのだよ！
2,talk,9,3,1,Over
2,talk,10,3,5,最後に言いたいのは、真実に目を向けてほしいということなのだ。Agent[04]に投票することが村人の勝利につながるのだ！みんなで協力して、良い結果目指そう！
2,talk,11,4,5,Over
2,vote,1,5
2,vote,4,1
2,vote,5,4
2,execute,5,POSSESSED
2,divine,1,4,WEREWOLF
2,attackVote,4,1
2,attack,1,true
3,status,1,SEER,DEAD,sUper_IL1
3,status,2,VILLAGER,DEAD,barneko1
3,status,3,VILLAGER,DEAD,kanolab1
3,status,4,WEREWOLF,ALIVE,Mille1
3,status,5,POSSESSED,DEAD,satozaki1
3,result,0,1,WEREWOLF