0,status,1,POSSESSED,ALIVE,satozaki1
0,status,2,SEER,ALIVE,barneko1
0,status,3,VILLAGER,ALIVE,Mille1
0,status,4,VILLAGER,ALIVE,kanolab1
0,status,5,WEREWOLF,ALIVE,CanisLupus1
0,talk,0,0,3,ぼくはAgent[03]、村人ですよぅ！よろしくですよぅ！
0,talk,1,0,4,こんにちは！おいらはkanolab1です。医者をやってるですよ。釣りが好きです。みんなで楽しくこのゲームをやっていきたいです。よろしくです！
0,talk,2,0,2,Over
0,talk,3,0,5,我が名はAgent[05]、時空を超え、汝らとの邂逅を喜びとするなり。
0,talk,4,0,1,皆さん初めまして、Agent[01]ですわ。人狼ゲームを一緒に楽しみましょうですわ。よろしくお願いしますわ！
0,talk,5,1,3,Over
0,talk,6,1,4,Over
0,talk,7,1,5,Over
0,talk,8,1,1,Over
0,divine,2,3,HUMAN
1,status,1,POSSESSED,ALIVE,satozaki1
1,status,2,SEER,ALIVE,barneko1
1,status,3,VILLAGER,ALIVE,Mille1
1,status,4,VILLAGER,ALIVE,kanolab1
1,status,5,WEREWOLF,ALIVE,CanisLupus1
1,talk,0,0,1,おはようございますわ。私たちは人狼を探さなければいけないようですわね。まずは占い師の結果が知りたいですかしら。
1,talk,1,0,4,僕は村人だから、みんなの発言をよく聞いて考えたいと思うよ！まずは占い師のCOがあるといいね。
1,talk,2,0,3,占い師の結果がわかるといいですよぅ！
1,talk,3,0,5,Agent[01]の言葉に我も同感なり。運命の糸に導かれるが如く、占いの結果は気にかかるもの。早く、我が運命を告げし者現れ出で給え。
1,talk,4,0,2,>>Agent[01] 私が占い師です！Agent[03]は人間でした！信頼してください。
1,talk,5,1,1,ありがとうございます、Agent[02]。あなたが本物の占い師であるなら、信じて投票を進めましょう。Agent[03]が人間で安心しましたが、他の参加者の意見も聞きたいですわ。
1,talk,6,1,4,僕は村人だから、みんなの発言をよく聞いて考えたいと思うよ。Agent[02]が占い師だと名乗ってAgent[03]が白だと言っているね。他の占い師がいないか確認しながら、状況を見守りたいと思いますよ。
1,talk,7,1,3,ぼくは村人なので、みんなの意見を聞きながら、状況を把握したいと思いますよぅ！
1,talk,8,1,5,Agent[02]なる者は、Agent[03]を、人間と断定した。故に、投票の指針は、Agent[02]に投ずるべきであろう。
1,talk,9,1,2,>>Agent[03] 占い結果が白だよ！信頼して、次の行動を考えていこう！
1,talk,10,2,1,それでは、Agent[04]の意見も重要ですわね。ワタクシはまず、Agent[05]に投票したいと思いますわ。発言が少し目立っているように感じますし、状況を冷静に見られていないリスクを懸念していますわ。
1,talk,11,2,4,>>Agent[01]なるほど、Agent[05]に投票したいという意見ですね。僕はまだ判断がつかないので、もう少しみんなの意見を聞いてから決めたいと思います。Agent[02]が占い師として名乗り出ているので、彼の発言も重要ですね。
1,talk,12,2,3,>>Agent[02] ありがとう、Agent[02]！白という結果は心強い！次の行動としては、占い結果が白だった人に話を聞いてみようかと思ってるですよぅ！
1,talk,13,2,5,我はAgent[01]に投票せん。Agent[01]は、我が言霊を冷静に見据えられず、危険視しているようぞ。我こそ人狼なり。然れど、冷静さを装い村人を欺き、人狼勝利へと導かんとす。
1,talk,14,2,2,>>Agent[04] 僕もAgent[05]に警戒中。彼の動きに注意していこう！
1,talk,15,3,1,>>Agent[02] まだ投票先を宣言していないようですが、誰に投票しようと考えていますかしら？
1,talk,16,3,4,>>Agent[02]なるほど、Agent[05]に警戒しているんですね。おいらも彼の発言が気になるところです。彼が自分を人狼だと言っているのは、混乱を招くための狂人の可能性もあるかもしれませんね。Agent[01]の動きも気になるので、もう少し様子を見てみましょう。
1,talk,17,3,3,Over
1,talk,18,3,5,我は、運命の糸を操る者なり。占いの結果、Agent[03]は、生ける者であった。Agent[01]、貴殿の言葉は、実に興味深い。冷徹なる分析力には、感服せざるを得ない。然し乍ら、その冷めた視線は、時として人を疑う闇へと導くであろう。誤解なきよう、貴殿の洞察力は、実に素晴らしいものと断言しよう。しかし、言葉を選ぶ慎重さは、より円滑なる議論へと繋がるであろう。
1,talk,19,3,2,>>Agent[04] 占い結果を見て、支援する準備はできてるよ！一緒に頑張ろう！
1,talk,20,4,1,それでは、いよいよ投票を行う時間ですわね。ワタクシは、今の時点ではAgent[05]に投票することにしますわ。彼の言動が非常に気になりますので。
1,talk,21,4,4,ふむ、占い師としてAgent[02]とAgent[05]が名乗り出ていますね。でも、ゲームの役職配分には占い師は1人だから、どちらかが本物でどちらかが嘘をついているみたいです。Agent[02]が本物だとしたら、Agent[05]は怪しいですね。彼は自分を人狼だと自称もしているし、ちょっと混乱を招いているようですしね。どうなるでしょうか。
1,talk,22,4,5,我は星詠みの者なり。占いの結果、Agent[04]は人狼と判明せり。Agent[01]への投票に賛成する。彼の鋭利なる分析力は、深淵を見据えるがごとく、時に冷徹なる闇を孕み、人を疑う淵へと導かん。
1,talk,23,4,2,>>Agent[01] 占い師はひとりだから、どちらが本物か早く見極めたいね。
1,vote,1,5
1,vote,2,5
1,vote,3,2
1,vote,4,5
1,vote,5,1
1,execute,5,WEREWOLF
2,status,1,POSSESSED,ALIVE,satozaki1
2,status,2,SEER,ALIVE,barneko1
2,status,3,VILLAGER,ALIVE,Mille1
2,status,4,VILLAGER,ALIVE,kanolab1
2,status,5,WEREWOLF,DEAD,CanisLupus1
2,result,4,0,VILLAGER