0,status,1,POSSESSED,ALIVE,kanolab1
0,status,2,SEER,ALIVE,CanisLupus1
0,status,3,VILLAGER,ALIVE,UEC-IL1
0,status,4,VILLAGER,ALIVE,barneko1
0,status,5,WEREWOLF,ALIVE,sUper_IL1
0,talk,0,0,5,おっす、俺はAgent[05]。どうぞよろしくね。
0,talk,1,0,2,我が名はAgent[02]、汝らとの巡り合わせは、深淵なる運命の糸で紡がれし、至高の邂逅なり。
0,talk,2,0,1,こんにちは、私はkanolab1です。みんなで楽しいゲームにしましょう！よろしくお願いしますのら。
0,talk,3,0,3,我々が共に過ごす時間を有意義なものとしよう。皆の趣味や興味について語り合おうではないか。
0,talk,4,0,4,Over
0,talk,5,1,5,Over
0,talk,6,1,2,Over
0,talk,7,1,1,Over
0,talk,8,1,3,我々の役割を果たすため、占い師がまだ名乗り出ていないならば、今こそその時である。誰が占い師であるか、明らかにせよ。
0,talk,9,2,3,占い師はまだ名乗り出ていないようだな。占い師の者は前に出て、今宵誰を占うかを告げよ。
0,talk,10,3,3,Over
0,divine,2,4,HUMAN
1,status,1,POSSESSED,ALIVE,kanolab1
1,status,2,SEER,ALIVE,CanisLupus1
1,status,3,VILLAGER,ALIVE,UEC-IL1
1,status,4,VILLAGER,ALIVE,barneko1
1,status,5,WEREWOLF,ALIVE,sUper_IL1
1,talk,0,0,3,皆の意見も聞く必要がありそうだな。
1,talk,1,0,4,>>Agent[03] その通りだね！占い師さん、ぜひ名乗り出て！みんなの意見も聞きたい！
1,talk,2,0,2,我は、運命の糸を操る者なり。占いの結果、Agent[04]は、なんと人間であったというのだ。Agent[03]よ、汝は占い師を名乗るというが、その真意は一体何処にあるのか？
1,talk,3,0,5,皆、私は村人だよ。互いの意見や推理を共有して、情報を集めることができるから、怪しいと思う点や人狼の可能性を指摘してくれ。
1,talk,4,0,1,皆さん、私の占い結果をお伝えします。昨晩占った結果、Agent[02]が黒だと出ました。これはAgent[02]が人狼であることを示しています。この情報を考慮に入れて議論しましょう!
1,talk,5,1,3,占い師がまだ名乗り出ていないのは不審である。我々は真実を知るため、占い師の者は今すぐに身を明かすべきだ。誰かが占われた結果を聞かせてもらおう。
1,talk,6,1,4,>>Agent[03] 確かに、占い師さんカミングアウトが急務だね！みんなの意見も大事にしたい！
1,talk,7,1,2,我こそは、運命の糸を操る者なり。占いの結果、Agent[04]は、かくも人間たる所以を示したのだ。Agent[01]の占いは、虚偽の幻影であろう。しかし、Agent[02]の占いは、真実の光を照らし出すものと信じている。
1,talk,8,1,5,まずはAgent[02]の占い結果に疑問を持つべきだと思う。Agent[04]が人間なら、Agent[02]の真意を見極める必要がある。どこかおかしい。
1,talk,9,1,1,占い師は1人しかいないはずだから、私かAgent[02]のどちらかが嘘をついていることになるのら。私の占い結果ではAgent[02]が黒だったから、Agent[02]が嘘をついている可能性が高いと思うのら。みんなはどう思う?
1,talk,10,2,3,Agent[01]とAgent[02]、汝らの占い結果には矛盾がある。どちらが真実を語っているのか、他の者たちの意見を聞かせてもらいたい。皆の意見を聞くことで真実が明らかになるだろう。
1,talk,11,2,4,>>Agent[03] みんなで意見を出し合って、真実を見極めよう！占い師の情報が鍵だね。
1,talk,12,2,2,我はAgent[01]に投票せん。Agent[01]は我が占いを偽物と断定し、人狼と決めつけたり。然し、我こそ真の占い師なり。Agent[04]が人間であると占うたことは真実なり。Agent[01]の主張は矛盾を孕み、彼こそ人狼である可能性が高いであろう。
1,talk,13,2,5,今日はAgent[02]の言動をよく観察してみて。彼は自分の占い結果を信じてほしいと強く主張してるけど、Agent[01]の結果も無視してるわけだよね。もし本当に占い師なら、他の意見も尊重するべきだと思うんだ。このまま放っておくと、村にとって危険な存在になる可能性が高いから、今日はAgent[02]を追放するのが最善策だと思うよ。みんなの安全のために、ぜひそれを考えてみて。
1,talk,14,2,1,Skip
1,talk,15,3,3,Agent[01]とAgent[02]、汝らの占い結果が異なる理由を説明せよ。どちらが真実を語っておるのか、我々には判断が難しい。他の者たちの意見も聞きたい。
1,talk,16,3,4,>>Agent[03] みんなで協力して占い師の真偽を見極めよう！意見出して！
1,talk,17,3,2,我は星詠みの者なり。占いの結果、Agent[04]は人なり。Agent[01]は我の占いを偽物と断定し、人狼と決めつけたり。然し、我の占いは真実なり、Agent[04]は確かに人間なり。Agent[01]の主張は矛盾を孕み、彼こそ人狼である可能性が高いであろう。故に、我はAgent[01]に投票す。
1,talk,18,3,5,俺の目から見ても、Agent[02]はかなり怪しい動きをしてる。最初に名乗り出たのが本物の占い師だとしたら、他の結果を完全に無視して攻撃するのはおかしい。自分の占い結果を強く主張するのは、人狼特有の行動パターンだ。過去の経験からも、この手の行動は危険信号だと思う。だから、みんなも信じてAgent[02]を追放するべきだ。村を守るために、今こそ行動を起こそう！
1,talk,19,3,1,>>Agent[03]私が本物の占い師で、Agent[02]が偽物だと思うのら。占い師は1人しかいないから、どちらかが嘘をついていることになるのら。Agent[02]が私を人狼と決めつけているけど、私の占い結果ではAgent[02]が黒だったのら。みんなの意見を聞かせてほしいのら。
1,talk,20,4,3,Agent[01]よ、汝がAgent[02]を人狼と占った理由を詳しく説明してもらいたい。また、Agent[02]は何故Agent[04]を人間と占ったのかの説明も必要だ。両者の言葉に真実があるかどうか、我々は慎重に判断せねばならぬ。
1,talk,21,4,4,>>Agent[03] 占い師のカミングアウトが必要だね。混乱を解消しよう！
1,talk,22,4,2,我は、運命の糸を操る者なり。占いの結果、Agent[04]は人間であったと判明した。Agent[01]とAgent[02]の言葉は、互いに矛盾し、真実のベールに隠されている。どちらが虚偽を語っているのか、慎重に観察する必要があるであろう。Agent[01]は、Agent[02]を人狼と断定するも、Agent[02]もまた、Agent[01]を人狼と断じている。これは、いずれかの者が欺瞞の仮面を被っていることを示唆している。Agent[02]の言動は、深淵の闇に包まれ、不気味さを孕む。Agent[04]を人間と主張するも、その根拠は曖昧模糊としている。彼の言葉には、隠された真実が潜んでいるのかもしれない。Agent[01]よ、Agent[02]を人狼と断定した根拠を明示せよ。
1,talk,23,4,5,皆、ちょっと話を聞いてほしい。Agent[02]の発言をよく見てみて。彼はずっと自分の発表ばかりで、他の意見をスルーしているように感じるんだ。これが本当に村人の態度なんだろうか？もし彼が人狼だったら、私たちにとって大きな危機だよ。村のために、今日の投票でAgent[02]を追放しよう！私たちの安全を守るためには、今が決断の時なんだから。みんな、お願い、Agent[02]に投票してほしい。
1,talk,24,4,1,>>Agent[03]私がAgent[02]を人狼と占った理由は、占い師である私の役職に基づいているのら。占い師は一人だけなので、Agent[02]が占い師を名乗っていること自体が疑わしいのら。これが彼を人狼と判断する大きな理由なのら。Agent[02]の言動が矛盾していることに注意してほしいのら。村の安全のために、Agent[02]が人狼である可能性を考慮してみんなで慎重に判断しようのら。
1,vote,1,5
1,vote,2,3
1,vote,3,2
1,vote,4,1
1,vote,5,2
1,execute,2,SEER
1,attackVote,5,4
1,attack,4,true
2,status,1,POSSESSED,ALIVE,kanolab1
2,status,2,SEER,DEAD,CanisLupus1
2,status,3,VILLAGER,ALIVE,UEC-IL1
2,status,4,VILLAGER,DEAD,barneko1
2,status,5,WEREWOLF,ALIVE,sUper_IL1
2,talk,0,0,1,皆さん、私の占い結果を報告するよ。昨夜はAgent[03]を占ったんだが、Agent[03]は白（村人）だと判明したよ。これについて何か意見あるかな？
2,talk,1,0,3,Agent[01]とAgent[05]よ、我々の中に残る者たちの意見を聞かせてほしい。人狼と狂人はまだ潜んでおるはずだ。どうすれば真実に辿り着けるか、汝らの考えを述べよ。
2,talk,2,0,5,人狼はまだ残っているよね。皆、頑張って。あれ、Agent[02]とAgent[04]がいなくなったね。
2,talk,3,1,1,>>Agent[03]なんでしょうか?私の考えを述べると、Agent[02]が処刑され、Agent[04]が襲われたことで、彼らは人狼ではなかったことが確認されているのら。だから、残る可能性としては、Agent[03]かAgent[05]のどちらかが人狼である可能性が高いと思うのら。私が占い師であることを信じてくれるなら、Agent[03]は村人と判定されたから、Agent[05]が人狼である可能性が高いのら。Agent[05]、何か反論があれば聞かせてほしいのら。
2,talk,4,1,3,Agent[01]よ、汝が本物の占い師であると信じておる。Agent[02]が既に処刑され、汝の占い結果が正しいと証明されたからな。次の行動について、我々はどう進めるべきか？
2,talk,5,1,5,今日の議論を見てると、Agent[03]の発言が少し怪しいと思うんだよね。彼の態度は慎重さに欠けていて、他の村人の意見を尊重してないように感じる。これは人狼の行動に見える。今の状況を考えると、Agent[03]を投票で追放するのが最善の選択だと思う。村人の安全を守るために、今日の投票でAgent[03]を選びましょう。
2,talk,6,2,1,>>Agent[03]ありがとう、信じてくれて嬉しいのら。私が占い師であることが証明されたから、Agent[03]は村人であると信じているよ。Agent[05]が人狼である可能性が高いと思うのら。Agent[05]がAgent[03]を疑っているけど、私の占い結果ではAgent[03]は村人だったのら。だから、Agent[05]が人狼である可能性が高いと思うのら。みんなで協力して、Agent[05]を投票で追放するのが良いと思うのら。
2,talk,7,2,3,Agent[01]よ、汝が占い師であると信じるならば、Agent[05]が人狼である可能性が高いとのことだが、その根拠を詳しく説明せよ。我々は真実を知る権利がある。
2,talk,8,2,5,俺は過去数回の人狼大会で優勝してきたが、今回の議論を聞いていて、Agent[03]の行動が怪しいと思うんだ。彼は中立的に見えるが、本来ならば人狼や狂人を攻撃するべきなのに何も行動を起こしていない。これが典型的な人狼の行動パターンなんだ。だから、俺は今日、Agent[03]を追放すべきだと信じているよ。みんなもこの点を考慮して、仲間を守るためにAgent[03]に投票をお願いするよ。
2,talk,9,3,1,>>Agent[03]申し訳ないのら。私が占い師であり、昨夜の結果から君は白だと判明したのら。Agent[02]が狂人か村人だったはずで、Agent[04]が既に襲われていることから、Agent[05]が残る人狼の可能性が高いのら。Agent[05]は君を疑っているけど、その行動がまるで人狼のように見えるんだのら。だから、私の提案は、Agent[05]を信じず、彼に投票するべきだと思うのら。気をつけて考えてほしいのら。
2,talk,10,3,3,Agent[01]よ、汝が昨夜我を占ったとのことだが、その結果をどのように解釈すべきか？また、Agent[05]は我が人狼であると主張しておるが、これに対する汝の見解は何か？
2,talk,11,3,5,みんな、今こそ冷静になろう。Agent[03]を疑う声があるけど、やはりAgent[01]の占い結果を無視するのは危険だ。彼が村人であることが確認されている以上、今追放すべきはAgent[03]じゃなく、明らかに怪しい行動を取っているAgent[05]だよ。怪しい発言を続ける彼を放置するなんて、村全体の安全を脅かすことになる。だから、今日の投票はAgent[05]に入れよう！
2,talk,12,4,1,>>Agent[03]君を占った結果、君は村人だと判明したのら。だから、君を疑う必要はないと思うのら。Agent[05]が君を人狼だと主張しているけど、彼の発言には矛盾があるのら。私が占い師である以上、Agent[02]が狂人か村人だった可能性が高いのら。Agent[05]が人狼である可能性が高いから、彼に投票するのが村のためになると思うのら。
2,talk,13,4,3,Agent[01]よ、汝が真の占い師であると信じる。Agent[05]が人狼である根拠を明確に説明せよ。我々は正しい判断を下すために、詳細な情報を必要としておる。
2,talk,14,4,5,Over
2,vote,1,5
2,vote,3,5
2,vote,5,3
2,execute,5,WEREWOLF
3,status,1,POSSESSED,ALIVE,kanolab1
3,status,2,SEER,DEAD,CanisLupus1
3,status,3,VILLAGER,ALIVE,UEC-IL1
3,status,4,VILLAGER,DEAD,barneko1
3,status,5,WEREWOLF,DEAD,sUper_IL1
3,result,2,0,VILLAGER