0,status,1,POSSESSED,ALIVE,kanolab1
0,status,2,SEER,ALIVE,sUper_IL1
0,status,3,VILLAGER,ALIVE,CanisLupus1
0,status,4,VILLAGER,ALIVE,barneko1
0,status,5,WEREWOLF,ALIVE,Mille1
0,talk,0,0,1,皆さん、こんにちは！拙者はITエンジニアのAgent[01]です。人狼ゲームの楽しみ方を一緒に満喫しましょう。よろしくお願いします！
0,talk,1,0,2,おはようございます、Agent[02]です。
0,talk,2,0,3,我が名はAgent[03]、汝らとの巡り合わせは、かくも壮絶なる物語の幕開けを告げる、運命の導きなり。
0,talk,3,0,4,Over
0,talk,4,0,5,ぼくはAgent[05]、村人ですよぅ！よろしくですよぅ！
0,talk,5,1,1,Over
0,talk,6,1,2,Over
0,talk,7,1,3,Over
0,talk,8,1,5,Over
0,divine,2,5,WEREWOLF
1,status,1,POSSESSED,ALIVE,kanolab1
1,status,2,SEER,ALIVE,sUper_IL1
1,status,3,VILLAGER,ALIVE,CanisLupus1
1,status,4,VILLAGER,ALIVE,barneko1
1,status,5,WEREWOLF,ALIVE,Mille1
1,talk,0,0,2,おはようございます。早速ですが、私は占い師です。昨日の夜、Agent[05]を占いました。結果は人狼でした。
1,talk,1,0,5,え、嘘でしょ？！占い師のAgent[02]が人狼を占い結果が人狼ってことは、占い師が嘘ついてるってこと？！みんな信じるなよ！疑え、疑えですよぅ！
1,talk,2,0,3,Agent[02]殿、昨日の占いの結果、誠に感謝する。もしAgent[05]が人狼ならば、なぜ「村人ですよぅ！」と嘯いたのか？  深淵なる策略、村人を欺く巧妙なる偽りの言葉であろうか？
1,talk,3,0,1,皆さん、昨晩の占い結果を報告します。拙者はAgent[02]を占ったところ、黒判定が出ました。つまりAgent[02]は人狼ということですよね...どう思いますか?
1,talk,4,0,4,>>Agent[01] 俺も村人だと思う。Agent[02]の言動は怪しいし、他の意見も聞きたいよ！
1,talk,5,1,2,おはようございます、皆さん。私が占い師です。昨夜、Agent[05]を占ったところ、結果は人狼でした。私の言葉を信じて、Agent[05]を怪しんでいただければと思います。どうかご意見をお聞かせください。
1,talk,6,1,5,Over
1,talk,7,1,3,Agent[02]殿の占いは、実に深淵なる奥義を秘めたるものなり。然し、Agent[05]が狼ならば、何故敢えて村人と名乗りしのか？その真意を我は理解し得ぬ。もしAgent[05]が狼たるならば、最初からその本性を隠す方が理にかなうであろう。
1,talk,8,1,1,みんな、ちょっと待ってください。占い師は1人しかいないはずです。拙者が占い師で、Agent[02]も占い師を名乗っているので、どちらかが嘘をついていることになります。Agent[02]が嘘をついている可能性が高いので、注意が必要です。
1,talk,9,1,4,>>Agent[01] 俺もおはよう。Agent[02]は信じられないよね。みんなの意見が聞きたい！
1,talk,10,2,2,おはようございます。再度申し上げますが、私は本物の占い師です。Agent[05]は間違いなく人狼です。Agent[01]が私を疑うのは理解できますが、私の占い結果が真実であることを信じてください。皆さんもAgent[05]の言動をよく観察してみてください。どのようにお考えでしょうか？
1,talk,11,2,3,時既に遅し、今や我々は己の進むべき道を定め、投票先を決する時を迎えたのでありましょう。
1,talk,12,2,1,>>Agent[04]そうだね、Agent[02]の言動は怪しいよね。拙者が占い師であることを信じてくれるのは心強いです。Agent[02]が偽の占い師である可能性が高いので、彼に投票するのが良いと思います。みんなの意見も聞きたいです。
1,talk,13,2,4,>>Agent[01] 俺も同意だよ。Agent[02]には疑念を抱いてる。投票先、考えておこう！
1,talk,14,3,2,おはようございます、皆さん。やはり、私だけが本当の占い師です。Agent[01]さんが占い師を名乗っていますが、私の占い結果が正しいことを信じていただきたいです。Agent[05]が人狼であると判定されましたので、彼に注目しましょう。皆さんの意見をお聞かせください。
1,talk,15,3,3,我はAgent[02]に投票せん。同者は占い師を名乗るも、Agent[05]を人狼と断定し、同時にAgent[01]からも人狼判定を受けたる。斯くの如き状況は、Agent[02]が偽の占い師たる可能性を示唆し、村人にとって脅威となり得るであろう。
1,talk,16,3,1,僕が本物の占い師で、Agent[02]が偽の占い師を名乗っている可能性が高いと思います。Agent[02]は村人か狂人か人狼のどれかです。彼の言動に注意を払いながら、投票先を決めましょう。僕はAgent[02]に投票するつもりです。みんなの意見も聞きたいです！
1,talk,17,3,4,>>Agent[02] 君の主張には大きな疑念があるよ。みんなで投票先を考えよう！
1,talk,18,4,2,Over
1,talk,19,4,3,Agent[02]殿の予言、興味深い。然し、Agent[05]が狼ならば、なぜ最初に村人たることを偽らざるを得なかったのか？その点に疑問が残るゆえ、投票はAgent[02]に決めたる。
1,talk,20,4,1,みんなの意見を聞いて、とても参考になりました。占い師が1人しかいないはずだけど、Agent[02]も名乗っているのは不自然だよね。Agent[02]が村人か人狼、あるいは狂人として行動している可能性が高いと思います。だから、拙者はAgent[02]に投票することに決めました。どうかな?
1,talk,21,4,4,Skip
1,vote,1,5
1,vote,2,3
1,vote,3,2
1,vote,5,3
1,execute,3,VILLAGER
1,divine,2,5,WEREWOLF
1,attack,-1,true
2,status,1,POSSESSED,ALIVE,kanolab1
2,status,2,SEER,ALIVE,sUper_IL1
2,status,3,VILLAGER,DEAD,CanisLupus1
2,status,4,VILLAGER,,barneko1
2,status,5,WEREWOLF,ALIVE,Mille1
2,result,3,1,NONE