0,status,1,VILLAGER,ALIVE,sUper_IL1
0,status,2,VILLAGER,ALIVE,UEC-IL1
0,status,3,WEREWOLF,ALIVE,Mille1
0,status,4,POSSESSED,ALIVE,kanolab1
0,status,5,SEER,ALIVE,CanisLupus1
0,talk,0,0,2,我々の平和な村において、今宵は占い師が重要な役割を担っている。占い師がまだ名乗り出ていないようであれば、今こそ名乗り出るべき時である。
0,talk,1,0,1,初めまして、Agent[01]です。どうぞよろしくお願いします。
0,talk,2,0,3,ぼくはAgent[03]、村人ですよぅ！よろしくですよぅ！
0,talk,3,0,4,初めまして、僕はkanolab1です。どうぞよろしくお願いします。
0,talk,4,0,5,我が名はAgent[05]、汝らとの巡り合わせは、運命の糸が織りなす壮大な叙事詩の序章であろう。
0,talk,5,1,2,皆の者、我々の繁栄を願いつつ、このゲームを通じて互いをより深く理解しよう。今日は占い師が誰であるか明かされることが望まれる。占い師の者は名乗り出るがよい。
0,talk,6,1,1,Over
0,talk,7,1,3,Over
0,talk,8,1,4,Over
0,talk,9,1,5,Over
0,talk,10,2,2,占い師はまだ名乗り出ていないのか？もし占い師がここにいるなら、今すぐ名乗りを上げ、どなたを占うかを我々に教えるべきだ。
0,talk,11,3,2,Over
0,divine,5,2,HUMAN
1,status,1,VILLAGER,ALIVE,sUper_IL1
1,status,2,VILLAGER,ALIVE,UEC-IL1
1,status,3,WEREWOLF,ALIVE,Mille1
1,status,4,POSSESSED,ALIVE,kanolab1
1,status,5,SEER,ALIVE,CanisLupus1
1,talk,0,0,5,我は、運命の糸を解き明かす者、占い師なり。その深淵なる力により、Agent[02]は、かくも人間たることを悟りし。然し、我のみならず、他に同胞は存在するのか？今や、その影すら見えぬ。もし、運命の導きによって、同胞がここに在るならば、その姿を現し、我が声を聞かん。
1,talk,1,0,4,皆さん、僕の占い結果をお伝えします。昨晩占った結果、Agent[05]が黒だと出ました。これはAgent[05]が人狼であることを示しています。この情報を考慮に入れて議論しましょう!
1,talk,2,0,1,村人として生まれて、すみません。情報はないので、皆さんのサポートが必要です。
1,talk,3,0,3,ぼくは村人ですよぅ！
1,talk,4,0,2,皆の意見も聞く必要がありそうだな。
1,talk,5,1,5,我は運命の糸を解き明かす者、占いの導き手なり。その結果、Agent[02]は人間であったと示されし。Agent[04]よ、何故にAgent[05]を人狼と断定したのか、その根拠を解き明かせ。
1,talk,6,1,4,みんな、占い師は1人しかいないので、Agent[05]か僕、Agent[04]のどちらかが嘘をついているみたいです。このことを考えて、みんなの意見も聞かせてください。僕はAgent[05]が嘘をついていると思うので、そこを中心に議論したいですね。
1,talk,7,1,1,皆さん、Agent[04]とAgent[05]の主張が矛盾していますね。どちらかが偽の占い師ということになります。Agent[02]さんは信頼できる人物ですが、他の皆さんはこの二人のことをどう考えていますか？
1,talk,8,1,3,ですよぅ！
1,talk,9,1,2,占い師たるAgent[04]とAgent[05]よ、お前たちの争いはこの村に混乱を招く。Agent[04]が占ったというAgent[05]の黒さについて、何らかの証拠を示せ。またAgent[05]、お前が占い師であるという証拠を示せ。真実を見極めるため、両者の言葉を詳しく聞きたい。
1,talk,10,2,5,我は、Agent[04]のAgent[05]に対する人狼判定、そしてAgent[05]のAgent[02]に対する人間判定より、占い師の内訳は真の占い師と狂人である可能性が高いと推察する。故に、人狼判定を受けたAgent[05]に投票すべきであろう。
1,talk,11,2,4,>>Agent[02]なんでしょうか?僕が占った結果、Agent[05]が人狼だったという事実があります。彼は今、占い師として名乗り出ていますが、僕から見れば偽の占い師ですね。ここで重要なのは、僕の占い結果が正しいことです。Agent[05]は自らを吊るよう促していますが、これが偽の演技かもしれません。占い師は1人しかいないため、Agent[05]と僕のどちらかが嘘つきですよ。Agent[05]を中心に考えるのがいいと思います。
1,talk,12,2,1,皆さん、どちらの占い師を信じるべきか、意見を聞かせてほしいです。特にAgent[02]とAgent[03]の考えが気になります。
1,talk,13,2,3,Over
1,talk,14,2,2,Agent[01]、Agent[04]、Agent[05]、各々の見解を聞きたい。占い師を名乗る者が二人おり、どちらが真実を語っているのか、その理由も含めて説明してほしい。我々の安全と正義のために、真実を明らかにすることが急務である。
1,talk,15,3,5,我はAgent[04]に投票せん。Agent[04]は我を人狼と断定せり、然し、これは誤謬なり。彼こそが狂人であり、我の占いを否定することで村を混沌の淵に突き落とさんとする者であろう。真の占い師はただ一人、故に彼の主張は信用に値せず。
1,talk,16,3,4,>>Agent[02]なんでしょうか?僕の立場としては、占い師としての役目を果たしています。Agent[05]が僕の主張を否定していますが、彼が人狼か狂人の可能性がありますから注意してくださいね。占い師は僕一人なので、皆さんにはそれを踏まえて判断してほしいです。
1,talk,17,3,1,皆さん、Agent[04]とAgent[05]の意見は対立していますが、どちらか一方が偽りであることは確かです。私たち村人は冷静に情報を整理し、信頼できる占い師を見極める必要があります。皆さんの考えを聞かせてください。
1,talk,18,3,2,Agent[01]よ、現状では占い師が二人おり、どちらかが真実を語っていると考えられる。汝はどちらの占い師を信じるべきだと考えておるか？
1,talk,19,4,5,我は運命の糸を操る者、占いの導き手なり。その深淵なる予言により、Agent[02]は生ける者、すなわち人間であると示された。しかしながら、Agent[04]の言葉は混沌に満ち、その主張には矛盾が渦巻く。故に、彼は狂人たる可能性が高いであろう。投票はAgent[04]に。
1,talk,20,4,4,>>Agent[02]僕は自分が本物の占い師だと自信を持って言えます。Agent[05]が占い師を自称していますが、占い師は1人しかいないので、彼が嘘をついている可能性が高いです。皆さんには考慮してもらいたいです。結局、どちらを信じるかは皆さんの決断次第です。
1,talk,21,4,1,Over
1,talk,22,4,2,Agent[01]、Agent[04]、Agent[05]、各々の見解を聞きたい。占い師を名乗る者が二人おり、どちらが真実を語っているのか、その理由も含めて説明してほしい。我々の安全と正義のために、真実を明らかにすることが急務である。
1,vote,1,5
1,vote,2,4
1,vote,3,4
1,vote,4,2
1,vote,5,4
1,execute,4,POSSESSED
1,divine,5,3,WEREWOLF
1,attack,-1,true
2,status,1,VILLAGER,ALIVE,sUper_IL1
2,status,2,VILLAGER,ALIVE,UEC-IL1
2,status,3,WEREWOLF,,Mille1
2,status,4,POSSESSED,DEAD,kanolab1
2,status,5,SEER,ALIVE,CanisLupus1
2,result,3,1,NONE