0,status,1,VILLAGER,ALIVE,kanolab1
0,status,2,VILLAGER,ALIVE,Mille1
0,status,3,WEREWOLF,ALIVE,satozaki1
0,status,4,POSSESSED,ALIVE,UEC-IL1
0,status,5,SEER,ALIVE,barneko1
0,talk,0,0,2,ぼくはAgent[02]、村人ですよぅ！よろしくですよぅ！
0,talk,1,0,3,皆さん初めまして、Agent[03]やで。人狼ゲームを一緒に楽しみましょう。よろしくお願いします！
0,talk,2,0,1,わたくしはkanolab1と申しますわ。王女としての品格を持って、皆さんと楽しい時間を過ごしたいと思います。どうぞよろしくお願いいたしますわ。
0,talk,3,0,5,Over
0,talk,4,0,4,こ、こんにちは、みんな。えっと、僕は占い師だから、夜には誰かを占うことになるんだ･･･。みんなの意見も聞かせてほしいな。
0,talk,5,1,2,Over
0,talk,6,1,3,Over
0,talk,7,1,1,Over
0,talk,8,1,4,こ、こんにちは。僕はAgent[04]だよ。えっと、占い師の役を持ってるんだ･･･。よ、よろしくお願いするね。
0,talk,9,2,4,み、みんなはど、どんなゲームが好きかな？僕は色々やるけど、特にストラテジーゲームが好きで、人狼もそうだよね。夜に占う人、どうやって決めたらいいと思う？
0,talk,10,3,4,Over
0,divine,5,3,WEREWOLF
1,status,1,VILLAGER,ALIVE,kanolab1
1,status,2,VILLAGER,ALIVE,Mille1
1,status,3,WEREWOLF,ALIVE,satozaki1
1,status,4,POSSESSED,ALIVE,UEC-IL1
1,status,5,SEER,ALIVE,barneko1
1,talk,0,0,1,夜に占うべき人を決めるには、怪しい行動をしている人や、自称占い師がいたらそれを確認するために占うのも良いかもしれませんわ。最初は情報が少ないので直感も大事ですわね。
1,talk,1,0,2,ぼくもそう思いますよぅ！
1,talk,2,0,3,ワシは占い師やで。占いの結果、Agent[01]は人狼じゃった。
1,talk,3,0,4,もう少しで何か分かりそう･･･ではあるんだけど･･･。
1,talk,4,0,5,>>Agent[04] 占い師として重要な役割だね！みんなで協力しよう！
1,talk,5,1,1,>>Agent[03]どうやら、すでに二人が占い師を自称している状態ですわ。あなたとAgent[04]さん。占い師は一人しかいないので、どちらかが嘘をついていることになりますわね。わたくしは、あなたの占い結果も不自然に感じますわ。みんな、占い師が2人出ているので注意して参りましょう。
1,talk,6,1,2,占い師が二人出ている状態は危険ですね！Agent[04]さんの占い結果が不自然に感じるぼくも同感ですよぅ！
1,talk,7,1,3,わしが占い師だと信じてくれたら、Agent[01]が人狼なのは確かじゃ。皆の意見を聞いた上で、正しい投票をしてほしいんじゃ。
1,talk,8,1,4,え、えっと、Agent[03]が占い師って言ってるけど、それはおかしいよ。ぼ、僕が本当の占い師だから･･･。昨夜、僕が占った結果、Agent[01]が人狼だったんだ。だから、Agent[03]が言ってることは間違ってる･･･。な、なんでそんなこと言ってるのかな･･･？
1,talk,9,1,5,>>Agent[03] どちらが本物の占い師か見極める必要があるね。交流しよう！
1,talk,10,2,1,わたくしは村人ですわ。占い師が二人いるのは明らかにおかしい状況ですわね。恐らくどちらかが本物の占い師で、もう一方は狂人か人狼です。それにしても、両者が同じ占い結果を示しているということは、わたくしを疑わせたい意図があるのでしょうか。私には自分が人狼でないことは確実に分かっていますので、村人陣営の皆さん、慎重に考えてくださいね。
1,talk,11,2,2,Over
1,talk,12,2,3,さて、わしはAgent[04]に投票しようと思う。彼は自称占い師として不自然な主張をしてるし、怪しい行動が目立つけぇじゃ。みんなもよく考えてほしいんじゃ。
1,talk,13,2,4,え、えっと、僕が占った結果、Agent[01]が人狼だってことがわかったんだ･･･。だから、ほ、本当の占い師は僕だよ。Agent[03]が占い師だって言ってるけど、それはに、偽物だと思うな･･･。みんな、本当のことを言ってるから信じてほしい。今日はAgent[01]に投票してほしいんだ･･･。
1,talk,14,2,5,>>Agent[03] どちらが本物か判断が難しいね。慎重に行こう！
1,talk,15,3,1,占い師は1人しかいないのに、Agent[03]とAgent[04]が両方占い師を名乗っているのはおかしいですわ。つまり、どちらかが嘘をついていることになります。わたくしは村人なので、自分が人狼ではないことは確かです。Agent[03]とAgent[04]のどちらかが本物の占い師で、もう一方は狂人か人狼でしょう。みなさん、よく考えて行動してくださいね。
1,talk,16,3,3,>>Agent[02] まだ投票先を宣言していないようじゃけど、誰に投票しようと考えとるんかい？
1,talk,17,3,4,え、ええっと、ほんとに、僕が占い師だよ。Agent[03]が何を言ってるのか、ちょっとわかんないけど、僕が占った結果、Agent[01]が人狼だったんだ。だから、僕の言ってることが間違ってないと思うんだ･･･。Agent[03]が占い師って言ってるけど、それは間違いだよ･･･。みんな、本当のことを言ってる僕を信じてほしいな･･･。
1,talk,18,3,5,>>Agent[01] 今の状況、慎重に見極めないといけないね。意見を共有しよう！
1,talk,19,4,1,>>Agent[05]そうですわね。今のところAgent[03]とAgent[04]のどちらが本物の占い師か決めかねていますけれど、もしAgent[03]が本物ならAgent[04]が狂人か人狼ですし、逆にAgent[04]が本物ならAgent[03]が狂人か人狼ということになりますわね。でもどちらもわたくしを人狼だと言っているので、個人的にはいずれも信用できませんわ。みなさんも慎重に考えてくださいね。
1,talk,20,4,3,わしはAgent[04]に投票するつもりじゃ。彼の主張には一貫性がなく、信頼できん。みんなも慎重に考えて投票してほしい。
1,talk,21,4,4,え、えっと、Agent[01]を占った結果が人狼だったから、僕が言ってることは本当なんだ･･･。Agent[03]が占い師だと言ってるけど、それは間違いで、偽物だと思うんだよ。だから、みんなには僕の言うことを信じて、Agent[01]に投票してほしいんだ･･･。本当に、これが村を守るために大事なことなんだ･･･。
1,talk,22,4,5,>>Agent[03] 占い師の主張が食い違ってるね。まずはじっくり考えよう。
1,vote,1,4
1,vote,2,4
1,vote,3,4
1,vote,4,1
1,vote,5,3
1,execute,4,POSSESSED
1,divine,5,3,WEREWOLF
1,attackVote,3,1
1,attack,1,true
2,status,1,VILLAGER,DEAD,kanolab1
2,status,2,VILLAGER,ALIVE,Mille1
2,status,3,WEREWOLF,ALIVE,satozaki1
2,status,4,POSSESSED,DEAD,UEC-IL1
2,status,5,SEER,ALIVE,barneko1
2,talk,0,0,3,おはようさん。引き続き人狼を探さなあかんようじゃね。
2,talk,1,0,5,>>Agent[01] 確かにどちらの占い師にも疑念があるね。投票の前にもう一度考えよう！
2,talk,2,0,2,>>Agent[05] ぼくもどちらの占い師も疑問視してますよぅ！
2,talk,3,1,3,さて、今日はAgent[04]に投票するつもりじゃ。彼の占い結果は明らかに不自然で、信頼できん行動をしておる。みんなも注意してほしいやで。
2,talk,4,1,5,>>Agent[02] みんなでしっかり考えて、情報を整理しよう！信頼できる方を選びたいね。
2,talk,5,1,2,>>Agent[05] ええ、全く同感ですよぅ！
2,talk,6,2,3,わしは自分が占い師であることを忘れんと、相手の役職を見極めることが最優先じゃ。結論として、Agent[04]に投票することを再確認したいと思うんじゃ。みんなもよく考えときや。
2,talk,7,2,5,>>Agent[02] 占い師の主張が二つある今、誰が本物か見極めるのが大事だね。
2,talk,8,2,2,>>Agent[05] 確かに占い師の主張が二つある状況は、難しい判断を迫られますよぅ！
2,talk,9,3,3,今日はAgent[04]に投票することを改めて伝えたいんじゃ。彼の発言には一貫性がなくて、彼が人狼である可能性が高いと感じるんじゃ。皆さんも慎重に考えてほしいんじゃ。
2,talk,10,3,5,>>Agent[03] みんなで協力して、正しい投票をしましょう！疑念をしっかり整理して。
2,talk,11,3,2,Over
2,talk,12,4,3,Over
2,talk,13,4,5,>>Agent[03] 占い師が二人いるから、慎重に情報を整理しよう！信頼できる道を選びたい。
2,vote,2,5
2,vote,5,2
2,execute,2,VILLAGER
2,attackVote,3,5
2,attack,5,true
3,status,1,VILLAGER,DEAD,kanolab1
3,status,2,VILLAGER,DEAD,Mille1
3,status,3,WEREWOLF,ALIVE,satozaki1
3,status,4,POSSESSED,DEAD,UEC-IL1
3,status,5,SEER,DEAD,barneko1
3,result,0,1,WEREWOLF