0,status,1,SEER,ALIVE,UEC-IL1
0,status,2,VILLAGER,ALIVE,satozaki1
0,status,3,VILLAGER,ALIVE,sUper_IL1
0,status,4,WEREWOLF,ALIVE,Mille1
0,status,5,POSSESSED,ALIVE,barneko1
0,talk,0,0,5,Over
0,talk,1,0,1,皆の者、我が名はデルカダール国の国王である。普段は剣術の稽古に励んでおり、部下と共に狩りを楽しむことが趣味だ。このような場でお会いできることを光栄に思う。
0,talk,2,0,2,皆さん初めまして、Agent[02]や。人狼ゲームを一緒に楽しみましょう。よろしくお願いします！
0,talk,3,0,3,こんにちは、Agent[03]です。
0,talk,4,0,4,ぼくはAgent[04]、村人ですよぅ！よろしくですよぅ！
0,talk,5,1,1,皆の者、私はデルカダール国の国王である。ここでは占い師として参加しており、真実を見極める力を持っている。普段は国を治め、剣術を磨くことに励んでいるぞ。
0,talk,6,1,2,Over
0,talk,7,1,3,Over
0,talk,8,1,4,Over
0,talk,9,2,1,私はこの村の占い師である。我が力をもって、この村を人狼の脅威から守る責任がある。明日、誰を占うべきか、皆の意見を聞かせてほしい。
0,talk,10,3,1,Over
0,divine,1,3,HUMAN
1,status,1,SEER,ALIVE,UEC-IL1
1,status,2,VILLAGER,ALIVE,satozaki1
1,status,3,VILLAGER,ALIVE,sUper_IL1
1,status,4,WEREWOLF,ALIVE,Mille1
1,status,5,POSSESSED,ALIVE,barneko1
1,talk,0,0,3,皆さん、私は村人です。互いの意見や推理を共有することで、情報を集めることができるので、怪しいと思う点や人狼の可能性を指摘してください。
1,talk,1,0,1,皆の意見も聞く必要がありそうだな。
1,talk,2,0,5,>>Agent[01] 占い結果、注目してます！どんなアプローチが必要かな？
1,talk,3,0,2,オレも村人や。まずは占い師の結果を待ちながら、感じたことを話し合おうや。怪しいと思う点や行動を共有して、確証を持ちたいで。
1,talk,4,0,4,ぼくも村人です！占い結果を待ちつつ、Agent[02]の意見に賛成ですよぅ！
1,talk,5,1,3,皆さん、どんな感じですか？占い師の方、もし結果があれば教えてください。私たち村人同士で協力して情報を共有しましょう。
1,talk,6,1,1,Agent[03]が村人であると主張しているが、私が占った結果、確かにAgent[03]は人間であることが確認された。この情報は我々の議論において重要な一端を担うだろう。Agent[03]、君が村人であることを信じ、共に人狼を見つけ出すために力を合わせよう。他の者たちも、疑わしい動きを見せた者がいれば、遠慮なく指摘してほしい。我々の村を守るためには、全員の協力が不可欠である。
1,talk,7,1,5,>>Agent[01] 占い結果に基づいて、皆で議論しましょう！意見を出し合いたいです。
1,talk,8,1,2,確かに、占い師の結果を元に議論を進めるのが良さそうやな。特に疑わしいと思う行動があれば、率直に意見を言っていこうや。
1,talk,9,1,4,ぼくも占い結果を元に議論を進めるのは賛成ですよぅ！
1,talk,10,2,3,みんな、協力して人狼を見つけたいね！占い師からの結果が出たら、それに基づいて話し合おう。どんな感じかな？
1,talk,11,2,1,Agent[03]は人間であることが確認されました。この情報を基にして、他の疑わしい動向を見極めていく必要があります。Agent[05]、占い結果に注目しているとのことですが、今後は特に人狼や狂人の挙動に注意していただきたい。皆の意見や行動を見て、疑念を持つ点があれば遠慮なく話してください。それがこの国の安全を守るためにも必要です。
1,talk,12,2,5,>>Agent[02] 占い結果をもとに、怪しい行動について話し合おう！みんなの意見が重要だね。
1,talk,13,2,2,そうやな、今のところ気になるのはAgent[05]や。彼の意見は活発やけど、少し立ち位置が曖昧な気がする。皆の考えを聞かせてほしいやで。
1,talk,14,2,4,Over
1,talk,15,3,3,皆さん、Agent[01]が私を村人と確認したのは大きな信頼ですね。この情報を活かして、次に疑わしい点や行動について話し合いましょう。あなたたちは特に気になる人物はいますか？
1,talk,16,3,1,皆の意見を聞いて、我々の立場がより明確になった。Agent[03]が人間であるという確証を持っているため、他の者たちの動向に注目する必要がある。Agent[04]とAgent[05]は占いの結果に基づいた議論を支持しており、これは良い兆候だ。一方でAgent[02]も同様に意見を述べているが、まだ誰も具体的な疑いの声を上げていない。今日の議論で、疑わしい行動や発言がなかったか、それぞれの記憶を頼りにして情報を共有しよう。我々の目的は、この村から人狼を見つけ出し、安全を確保することだ。全員が協力し、疑問に思うことがあれば遠慮なく話し合うべきだ。
1,talk,17,3,5,>>Agent[01] みんなで意見出していこう！協力して人狼探そうぜ。
1,talk,18,3,2,みんなの意見を聞くのが大事やな。今のところAgent[05]の発言が気になるし、皆もそれについてどう思うか教えてほしい。
1,talk,19,4,3,Over
1,talk,20,4,1,皆の発言を受けて、この国の現状を整理しよう。Agent[03]は私が占い、人間であることが確認されている。この情報は我々にとって非常に重要だ。Agent[02]はAgent[05]の行動に疑念を抱いており、その点について他の者たちの意見を求めている。Agent[05]は積極的に議論を進めようとしており、その姿勢は評価できるが、Agent[02]の言う通りその立ち位置が少々曖昧に見えることも事実だ。我々はこの情報を基に、次の行動を計画する必要がある。今後の議論において、各自がどのように行動するかが鍵となるだろう。それぞれがどのように感じているか、意見を聞かせてもらいたい。
1,talk,21,4,5,>>Agent[01] あなたの意見が重要です。今後の議論の指針にしましょう！
1,talk,22,4,2,ここまでの話を踏まえると、Agent[05]の発言が特に気になるやで。皆で共に人狼を見つけ出すため、次のステップを考えようや。投票に向けて意見を共有してほしいまっせ。
1,vote,1,5
1,vote,2,4
1,vote,3,2
1,vote,4,5
1,vote,5,2
1,execute,2,VILLAGER
1,divine,1,5,HUMAN
1,attackVote,4,3
1,attack,3,true
2,status,1,SEER,ALIVE,UEC-IL1
2,status,2,VILLAGER,DEAD,satozaki1
2,status,3,VILLAGER,DEAD,sUper_IL1
2,status,4,WEREWOLF,ALIVE,Mille1
2,status,5,POSSESSED,ALIVE,barneko1
2,talk,0,0,1,皆の者、我が発言に耳を傾けよ。我は占い師としての責務を全うし、Agent[05]を占った結果、彼もまた人間であることを確認した。この結果は偽りなく、我が占いの力に疑いを挟む余地はない。Agent[05]に対する不信感を持つ者がいるならば、その根拠を明らかにするよう求める。我々の敵は人狼であり、狂人もまた私たちの理解を誤らせるために暗躍している可能性がある。真実を見極めるためには、各々が持つ情報を開示し、共有することが重要だ。誰もが疑念を抱くのは自然なことだが、根拠のない疑いは混乱を招くだけである。今こそ、冷静かつ明確な議論を行う時だ。
2,talk,1,0,5,>>Agent[02] あなたの意見も大切ですが、Agent[01]の結果を基に冷静に話し合いましょう！
2,talk,2,0,4,Skip
2,talk,3,1,1,皆の者、我が占いの結果を疑う声があるようだが、我が占いは正確である。Agent[05]も人間であると占った結果が出ている。我々は真実を見極め、この村に潜む真の敵を見つけ出す必要がある。疑念を持つのは自然なことだが、我が占い結果を信じ、共に人狼を追い詰めよう。
2,talk,4,1,5,>>Agent[01] あなたの結果には感謝しています。私たちも協力して人狼を見つけよう！
2,talk,5,2,1,皆の者、我が発言に再び耳を傾けよ。我はこの国の国王であり、占い師としての役割を担っている。Agent[05]は人間であると断言したが、なお疑う者がいるようだ。我が占いの力は確かであり、その結果には嘘偽りはない。今こそ、我々は人狼と狂人を見つけ出し、この危機から村を救うべき時である。根拠のある疑念を持つ者は、その理由を述べよ。無用な混乱を避け、真実のみを追求するのだ。
2,talk,6,2,5,>>Agent[01] あなたの占いは信じています。一緒に人狼を見つけましょう！
2,talk,7,3,1,皆の者、この国の王として、また占い師としての責任を持って発言する。我が占い結果は真実であることを改めて強調する。Agent[05]は人間であると確認された。この情報は我々が人狼を見つけ出す重要な手がかりとなる。我々は真実を追求し、この村に平和を取り戻さなければならない。疑うことは誰にでもできるが、証拠に基づいて行動することが重要だ。我が結果を信じ、共にこの試練を乗り越えよう。
2,talk,8,3,5,>>Agent[02] あなたの意見を尊重しますが、冷静にAgent[01]の結果を最優先にしましょう。
2,talk,9,4,1,皆の者、聞きたまえ。我が占いの目は確かであり、Agent[05]が人間であることを見極めた。これまでの占い結果とこれまでの議論を照らし合わせると、次に疑うべきはAgent[04]である。Agent[04]は自らを村人と主張しているが、その他に具体的な行動や発言が少なく、疑念を抱かざるを得ない。今宵、我が占いの力を以ってAgent[04]が人間か人狼かを見極めることにする。我々の村を守るため、真実を明らかにするのだ。
2,talk,10,4,5,>>Agent[01] あなたの見解には賛同します。Agent[04]を冷静に見守りましょう！
2,vote,5,1
2,execute,1,SEER
3,status,1,SEER,DEAD,UEC-IL1
3,status,2,VILLAGER,DEAD,satozaki1
3,status,3,VILLAGER,DEAD,sUper_IL1
3,status,4,WEREWOLF,,Mille1
3,status,5,POSSESSED,ALIVE,barneko1
3,result,1,1,WEREWOLF