0,status,1,POSSESSED,ALIVE,UEC-IL1
0,status,2,SEER,ALIVE,kanolab1
0,status,3,VILLAGER,ALIVE,sUper_IL1
0,status,4,VILLAGER,ALIVE,Mille1
0,status,5,WEREWOLF,ALIVE,barneko1
0,talk,0,0,1,こ、こんにちは、みんな。えっと、僕が占い師の役を、を、担当することになったんだ。今夜、誰を占うかなんだけど、みんなの意見が聞きたいな･･･。
0,talk,1,0,3,こんにちは、Agent[03]です。
0,talk,2,0,5,Over
0,talk,3,0,2,こんにちは、私はkanolab1です。23歳の農家をしています。みんなで楽しいゲームにしましょう！
0,talk,4,0,4,ぼくはAgent[04]、村人ですよぅ！よろしくですよぅ！
0,talk,5,1,1,こ、こんにちは、みんな。えっと、僕は占い師の役をもらったんだ。今夜、誰を占ったらいいかな･･･意見がほしいな。
0,talk,6,1,3,Over
0,talk,7,1,2,Over
0,talk,8,1,4,Over
0,talk,9,2,1,えっと、Agent[04]が村人って言ってるけど、本当かな･･･？今日は占い先を決めるのに、誰か意見ある？僕はみんなの意見を聞いてから決めたいと思って･･･。
0,talk,10,3,1,Over
0,divine,2,4,HUMAN
1,status,1,POSSESSED,ALIVE,UEC-IL1
1,status,2,SEER,ALIVE,kanolab1
1,status,3,VILLAGER,ALIVE,sUper_IL1
1,status,4,VILLAGER,ALIVE,Mille1
1,status,5,WEREWOLF,ALIVE,barneko1
1,talk,0,0,1,もう少しで何か分かりそう･･･ではあるんだけど･･･。
1,talk,1,0,4,実は、前回のゲームで似たような経験をして、思ったより情報が少なくても推理ができたことがあるですよぅ！
1,talk,2,0,3,皆さん、私は村人です。怪しい点や矛盾した点について話し合い、人狼を暴いていきましょう。
1,talk,3,0,5,>>Agent[01] その占い師の結果、信じる人いるの？怪しい気がするよ。
1,talk,4,0,2,皆さん、占いの結果をお伝えします。Agent[04]は白、つまり村人陣営でしたよ。誰かからの反応を待ちつつ、Agent[01]について少し怪しさを感じています。他の皆さんも自分の考えを聞かせてください。
1,talk,5,1,1,えーと、昨夜はAgent[05]を占ったんだけど、その結果が･･･えっと、人狼だったよ。だから、今日の投票はAgent[05]にしようと思う。みんなもそう思う？ど、どうだろう･･･。
1,talk,6,1,4,ぼくもAgent[01]の意見に賛成ですよぅ！
1,talk,7,1,3,みんな、まだ状況がよくわからないけど、とりあえず話してみない？
1,talk,8,1,5,>>Agent[01] その結果、信じられる根拠はあるの？ただの疑心暗鬼じゃない？
1,talk,9,1,2,皆さん、私が占った結果、Agent[04]は白つまり村人陣営でした。他のみんなの意見を聞きたいけど、今のところ私はAgent[01]が少し怪しいと感じています。大家の意見も教えてくださいね。
1,talk,10,2,1,え、えっとね、僕が占い師だって言ってるのに･･･Agent[02]も占い師を名乗るなんて、これは間違いなく偽物だよ。僕が本当の占い師だから･･･。そして、昨日の夜、占った結果、Agent[05]が人狼だってことがわかったんだ。だから、今日の投票はAgent[05]にするべきだと思うんだ･･･。みんなもそう思わないかな？
1,talk,11,2,4,Over
1,talk,12,2,3,皆さん、Agent[01]がAgent[05]を人狼だと言っていますが、私もAgent[02]の意見を聞きたいです。Agent[01]の占い結果には疑問が残ります。もっと議論を深めましょう！
1,talk,13,2,5,>>Agent[01] それって単なる自分の印象じゃないの？根拠を聞かせてよ。
1,talk,14,2,2,私が占った結果、Agent[04]は村人陣営、つまり白と出ました。Agent[01]の言っていることに納得がいかない点も多いです。具体的な根拠が示されていないからね。皆も慎重に考えて投票してくださいね。
1,talk,15,3,1,え、え、えっと、Agent[05]が人狼だって占い結果が出たんだ･･･。だ、だから、僕はその結果を信じて、Agent[05]に投票する･･･って思ってるんだ。他の人も、僕の占い結果を信じてくれたら嬉しいな･･･。Agent[02]がAgent[04]を占って白って言ってるけど、それは･･･それは信じられるかな･･･？でも、僕が占った結果は間違いないから、Agent[05]に投票してほしいんだ･･･。
1,talk,16,3,3,Skip
1,talk,17,3,5,>>Agent[01] それはあなたの主観じゃない？他の証拠を見せて。
1,talk,18,3,2,皆さん、改めて確認しておきますが、私の占い結果としては、Agent[04]が白、つまり村人陣営だと判定されました。今のところ、Agent[01]の主張には具体的な証拠がなく、あくまで自己申告に基づいています。ですので、皆さんも十分に考えて次の行動を決めてくださいね。
1,talk,19,4,1,え、えっと、Agent[05]を占った結果が人狼だったから、僕の根拠はちゃんとしてるんだ。Agent[02]が占い師を名乗ってるけど、それは偽物だと思うんだ･･･。だって、僕が本当の占い師だから。だ、だから、みんなにはAgent[05]に投票してほしい。それが、村を守るために大事なことだと思うんだ･･･。ど、どうかな･･･？
1,talk,20,4,3,みんな、占い師が二人いるのは本当に混乱するよね。両方の意見をよく聞いて、どちらが信頼できるか考えようよ。どちらかが嘘をついているかもしれないし、慎重に進めないとね。
1,talk,21,4,5,>>Agent[01] それなら、具体的にどんな根拠があるのか示してみてよ。信じられる材料がないと無理だよ。
1,talk,22,4,2,皆さん、再度お伝えしますが、私の占い結果では、Agent[04]は白、つまり村人陣営と判定されました。Agent[01]も占い師を名乗っていますが、彼の主張には具体的な根拠がありません。Agent[05]さんの主張も正当ですし、まずは冷静に状況を判断することが重要です。今後の行動を考える際に、この情報を参考にしていただければと思います。
1,vote,1,5
1,vote,2,1
1,vote,3,5
1,vote,4,1
1,vote,5,1
1,execute,1,POSSESSED
1,divine,2,5,WEREWOLF
1,attackVote,5,2
1,attack,2,true
2,status,1,POSSESSED,DEAD,UEC-IL1
2,status,2,SEER,DEAD,kanolab1
2,status,3,VILLAGER,ALIVE,sUper_IL1
2,status,4,VILLAGER,ALIVE,Mille1
2,status,5,WEREWOLF,ALIVE,barneko1
2,talk,0,0,3,まだ人狼がいますね。
2,talk,1,0,5,>>Agent[01] 根拠なしで疑うのは難しいよ。もっと具体的にしてよ。
2,talk,2,0,4,>>Agent[05] 具体的にするためには、まず情報を共有する必要があるですよぅ！
2,talk,3,1,3,みんな、昨日の状況を考えると、Agent[05]が人狼の可能性が高いと思う。今、私たちが協力して追放するべきだと思うんだけど、どう思う？
2,talk,4,1,5,>>Agent[03] それでは、あなたの意見を聞かせてほしい。何がその判断に繋がったの？
2,talk,5,1,4,>>Agent[05], >>Agent[03], ぼくは昨日、Agent[05]の発言に疑問を抱いていましたよぅ！
2,talk,6,2,3,じゃあ、まず占い師の結果を確認したいな。Agent[02]の言ってたことはどう思う？
2,talk,7,2,5,>>Agent[03] 占いの結果を聞くのはいいけど、根拠をしっかり示してほしいね。
2,talk,8,2,4,Over
2,talk,9,3,3,Over
2,talk,10,3,5,>>Agent[03] あなたの意見を聞いても良いけど、何に基づいてそう思ったのか教えてほしい。
2,talk,11,4,5,>>Agent[03] 根拠を示さないと、あなたの意見も疑わしくなるよ。
2,vote,3,5
2,vote,4,3
2,vote,5,4
2,execute,3,VILLAGER
2,attackVote,5,4
2,attack,4,true
3,status,1,POSSESSED,DEAD,UEC-IL1
3,status,2,SEER,DEAD,kanolab1
3,status,3,VILLAGER,DEAD,sUper_IL1
3,status,4,VILLAGER,DEAD,Mille1
3,status,5,WEREWOLF,ALIVE,barneko1
3,result,0,1,WEREWOLF