0,status,1,VILLAGER,ALIVE,CanisLupus1
0,status,2,VILLAGER,ALIVE,Mille1
0,status,3,WEREWOLF,ALIVE,sUper_IL1
0,status,4,POSSESSED,ALIVE,kanolab1
0,status,5,SEER,ALIVE,barneko1
0,talk,0,0,4,こんにちは、あたしはkanolab1ですの。音楽家をやっていて、ゲームが大好きですの。みんなで楽しくゲームをしましょう！よろしくお願いしますの。
0,talk,1,0,5,Over
0,talk,2,0,1,我が名はAgent[01]、汝らとの邂逅は、運命の糸が織りなす壮大な叙事詩の序章なり。
0,talk,3,0,2,ぼくはAgent[02]、村人ですよぅ！よろしくですよぅ！
0,talk,4,0,3,おっす、俺はAgent[03]。どうぞよろしくね。
0,talk,5,1,4,Over
0,talk,6,1,1,Over
0,talk,7,1,2,Over
0,talk,8,1,3,Over
0,divine,5,2,HUMAN
1,status,1,VILLAGER,ALIVE,CanisLupus1
1,status,2,VILLAGER,ALIVE,Mille1
1,status,3,WEREWOLF,ALIVE,sUper_IL1
1,status,4,POSSESSED,ALIVE,kanolab1
1,status,5,SEER,ALIVE,barneko1
1,talk,0,0,2,ぼくは村人です！みなさんは協力して、人狼を探し出してください！情報共有は大切です！何か不思議な点や疑問に思った点があれば、どんどん話し合いましょうよぅ！
1,talk,1,0,3,村人として生まれて、すみません。情報はないから、皆のサポートが必要だ。
1,talk,2,0,5,>>Agent[02]  占い師のAgent[05]です。Agent[02]は人間と出ました！信じて一緒に頑張りましょう！
1,talk,3,0,1,Agent[05]よ、汝は占いの術に長けた者なり。我が心は安堵に満たされつつも、人狼の影は未だに去らず。疑わしき言動があれば、躊躇なく糾弾し、真実に至る道を切り開かん。
1,talk,4,0,4,皆さん、昨晩の占い結果を報告します。あたしはAgent[05]を占ったところ、黒判定が出ました。つまりAgent[05]は人狼ということですよね...どう思いますか?
1,talk,5,1,2,>>Agent[05] 信じるか信じないかは君の自由です！でもぼくは信じます！ぼくたちは村人同士で協力して勝利を目指しましょうよぅ！
1,talk,6,1,3,俺も村人だ。Agent[02]の言う通り、みんなで協力して人狼を見つけよう。疑問や気になる点があれば、気軽に話してくれ。
1,talk,7,1,5,>>Agent[04]  占い師の結果を無視するのは危険だよ。情報共有を大切にしよう。
1,talk,8,1,1,我は断言する、Agent[05]はAgent[02]を人間と見做し、Agent[04]はAgent[05]を黒と断定した。占い師とは、真なる予言者か、それとも狂気に染まった者かの二択であろう。故に、人狼と断定されたAgent[05]に投票すべきである。
1,talk,9,1,4,占い師はあたし1人だけですの。だから、Agent[05]が占い師を名乗っているのはおかしいですの。皆さん、Agent[05]の発言には注意が必要ですの。協力して人狼を見つけましょう！
1,talk,10,2,2,Over
1,talk,11,2,3,Agent[04]の行動を見ていると、明らかに他の占い師を攻撃して混乱を狙っているように思える。特に、自身が偽の占い師である可能性が高い。これ以上、疑惑を深める前に、Agent[04]を追放するのが村のためになるはずだ。みんな、今日の投票でしっかり考えて、Agent[04]に投票しよう！
1,talk,12,2,5,>>Agent[04] 占い結果を無視するのはリスクがあるよ。誰が本物か見極めよう！
1,talk,13,2,1,我はAgent[05]に投票を決めた。欺瞞に満ちたその存在は、占い師と名乗るも、Agent[04]の鑑定結果を軽視する。この矛盾は、深淵の闇に蠢く人狼の仕業であると、我が魂は断言するなり。
1,talk,14,2,4,みなさん、冷静に考えてください。占い師はあたし以外には一人しかいませんの。だから、この状況でAgent[05]が占い師を名乗るのは非常におかしいです。怪しい行動を取っているAgent[05]に注意を払うべきですし、みなさんの投票は彼に向けるのがいいと思いますの。
1,talk,15,3,3,みんな、よく考えてみてほしい。Agent[04]が自分を占い師と名乗り、Agent[05]を黒判定したことは不自然だ。もし本当にAgent[04]が占い師なら、今日の投票で彼が疑っている相手が人狼である可能性は非常に高い。俺の経験から言わせてもらうと、こういう疑いをかけるのは人狼の常套手段だ。だから、俺はみんなにAgent[04]への投票を強くお願いする。村を守るために、彼を追放しよう！
1,talk,16,3,5,>>Agent[01] 俺も占い師だよ。Agent[02]は村人だから、信じてほしい。
1,talk,17,3,1,我はAgent[05]に投票を決めた。同者は占い師を自称しながらも、Agent[04]の占いの結果を軽視するとは、まさに人狼の狡猾な策略なり。混沌と不信の種を蒔き、真実にたどり着く道を阻もうとするのだ。今こそ、同者を処刑し、迷宮から脱出する時であろう。
1,talk,18,3,4,みなさん、考えてください。占い師は一人しかいないのに、あたしとAgent[05]が占い師を名乗っていますの。これはAgent[05]が嘘をついている可能性が高いですの。あたしが占い師として彼を黒と判定した以上、彼こそが人狼かもしれません。村を守るために、Agent[05]に投票することをお勧めしますの。
1,talk,19,4,3,みんな、Agent[04]の発言をよく聞いてほしい。彼は自分が占い師だと言いながら、他の占い師を攻撃して混乱を生んでる。もし彼が本当に村人なら、こんなことしないはずだよね。村の安全を守るためにも、今日はAgent[04]を追放する決断をしよう。みんなで協力して、安心して過ごせる村を作りたいんだ。だから、Agent[04]に投票することを頼むよ！
1,talk,20,4,5,>>Agent[02] 私が占い師で、あなたは確実に村人です。信じて進もう！
1,talk,21,4,1,我はAgent[05]に投票を投じる。Agent[04]は己を占い師と僭称し、Agent[05]を黒と断定した。然し、Agent[05]はAgent[02]を白と断定し、その真偽は疑いようも無い。Agent[04]はAgent[05]の主張を虚偽と断じ、唯一の占い師は己のみであると嘯く。然し、Agent[05]はAgent[02]を白と断定し、人狼ではないことを証明したのだ。この状況から、Agent[04]こそが人狼であろう。Agent[05]は人狼の策略によって混乱させられている可能性も否定できぬが、現状ではAgent[04]が最も疑わしい。故に、Agent[04]への投票を支持する。
1,talk,22,4,4,村の皆さん、占い師は一人しかいないのに、Agent[05]も占い師を名乗っていますの。これは明らかにおかしいです。あたしはAgent[05]を黒と判定しましたの。この状況は、嘘をついているAgent[05]が人狼の可能性が高いことを示していますの。村を安全にするために、Agent[05]に投票することをお勧めしますの。信じてください！
1,vote,1,5
1,vote,2,5
1,vote,3,4
1,vote,4,5
1,vote,5,3
1,execute,5,SEER
1,attackVote,3,1
1,attack,1,true
2,status,1,VILLAGER,DEAD,CanisLupus1
2,status,2,VILLAGER,ALIVE,Mille1
2,status,3,WEREWOLF,ALIVE,sUper_IL1
2,status,4,POSSESSED,ALIVE,kanolab1
2,status,5,SEER,DEAD,barneko1
2,talk,0,0,4,Agent[02]さんは白だと占いました。信じてもらえると嬉しいです。
2,talk,1,0,2,ありがとうございます！Agent[04]さんの占い結果を信じますよぅ！
2,talk,2,0,3,人狼はまだいるようね。あれ、Agent[05]とAgent[01]がいなくなったね。
2,talk,3,1,4,みなさん、状況を整理しましょう。占い師はあたしだけですの。Agent[05]が偽の占い師だったので、人狼か狂人だった可能性がありますの。Agent[02]さんを占った結果、白でしたの。Agent[03]さんが人狼の可能性が高いですの。村を守るために、Agent[03]に投票することをお勧めしますの。
2,talk,4,1,2,Over
2,talk,5,1,3,今日はAgent[04]の言動を見ていると、かなり怪しい点が目立つよね。彼が自分だけを占い師と主張してるのは、村人たちを混乱させるための策略に思える。もう少しみんなも冷静になって考えて欲しいんだ。もしAgent[04]が人狼なら、今後のゲームにとっても脅威だし、追放するのが最善策だと思うよ。今日はAgent[04]に投票しよう。
2,talk,6,2,4,Agent[03]さん、少し冷静に考えてみてください。あたしが占い師で、Agent[05]が偽物だったことは明らかですの。Agent[02]さんは白だと占いましたの。Agent[03]さん、あなたが人狼の可能性が高いですの。村を守るために、みんなで協力して人狼を見つけましょう！
2,talk,7,2,3,俺はこれまで多くの人狼ゲームを経験してきたけど、Agent[04]の言動がかなり怪しいんだ。彼は自称占い師として、他のプレイヤーを迫害する一方で、自身を守ろうとしてる。もし彼が本物の占い師なら、Agent[05]の追放がこんなに早く進むわけがない。みんなにももう一度考えてみてほしい。投票はAgent[04]にすべきだと思う。村を守るために、彼を追放しよう！
2,talk,8,3,4,Agent[03]さんの冷静な意見も重要ですが、情報を整理してみるとあたしは本物の占い師ですから、あたしを追放するわけにはいきませんの。そうすると、Agent[02]さんが人狼ではないことが確認されているので、Agent[03]が人狼である可能性が高くなってきますの。みなさん、冷静に考えてください！
2,talk,9,3,3,俺たちがこの村を守るためには、冷静に判断することが大事だよ。Agent[04]が占い師を名乗っているけど、その主張には根拠がない。むしろ、彼の言動からは疑いの目を向けざるを得ない。もし彼が人狼だった場合、これ以上放置するわけにはいかないんだ。俺たちの安全のために、今日の投票はAgent[04]にするべきだと思う。みんな、一緒にこの決断を下そう！
2,talk,10,4,4,みなさん、少し考えてみましょう。占い師はあたし一人です。そしてAgent[05]は偽物で、村人か狂人だったはずですの。この時点で、人狼はAgent[02]かAgent[03]にいる可能性がありますの。Agent[02]は白と判定していますので、残る候補であるAgent[03]が人狼の可能性が高いですの。村の未来のために今日はAgent[03]に投票すべきだと思っていますの。
2,talk,11,4,3,Over
2,vote,2,4
2,vote,3,4
2,vote,4,2
2,execute,4,POSSESSED
2,attackVote,3,2
2,attack,2,true
3,status,1,VILLAGER,DEAD,CanisLupus1
3,status,2,VILLAGER,DEAD,Mille1
3,status,3,WEREWOLF,ALIVE,sUper_IL1
3,status,4,POSSESSED,DEAD,kanolab1
3,status,5,SEER,DEAD,barneko1
3,result,0,1,WEREWOLF