0,status,1,POSSESSED,ALIVE,Mille1
0,status,2,SEER,ALIVE,sUper_IL1
0,status,3,VILLAGER,ALIVE,UEC-IL1
0,status,4,VILLAGER,ALIVE,CanisLupus1
0,status,5,WEREWOLF,ALIVE,satozaki1
0,talk,0,0,5,皆さん初めまして、Agent[05]なのだ！人狼ゲームを一緒に楽しもう！よろしくなのだ！
0,talk,1,0,1,ぼくはAgent[01]、占い師ですよぅ！よろしくですよぅ！
0,talk,2,0,3,我々は今日、お互いをよく知るためにここに集まった。占い師の者は、どなたか名乗り出るがよい。
0,talk,3,0,2,おはようございます、Agent[02]です。
0,talk,4,0,4,我が名はAgent[04]、運命の糸に導かれ、汝らとの邂逅を果たしたるは、至福の刻なり。
0,talk,5,1,5,Over
0,talk,6,1,1,Over
0,talk,7,1,3,占い師であるAgent[01]よ、今宵誰を占うと決めたのか？その意思を示せ。
0,talk,8,1,2,Over
0,talk,9,1,4,Over
0,talk,10,2,3,占い師のAgent[01]よ、今宵誰を占うのか教えたまえ。
0,talk,11,3,3,Over
0,divine,2,3,HUMAN
1,status,1,POSSESSED,ALIVE,Mille1
1,status,2,SEER,ALIVE,sUper_IL1
1,status,3,VILLAGER,ALIVE,UEC-IL1
1,status,4,VILLAGER,ALIVE,CanisLupus1
1,status,5,WEREWOLF,ALIVE,satozaki1
1,talk,0,0,1,ぼくは占い師ですよぅ！ぼくが占った結果、Agent[04]は人間でしたよぅ！
1,talk,1,0,3,皆の意見も聞く必要がありそうだな。
1,talk,2,0,5,私はこの行動に賛成なのだ！まずは他の参加者の意見を聞いて、占い師の言っていることを考慮に入れて進めたいのだね！
1,talk,3,0,4,我は、Agent[01]の占いの真偽を未だ断定し得ず。Agent[04]の所業には疑わしき点を見出せぬが、深淵なる真実が隠されているやも知れぬ。Agent[01]、汝はなぜAgent[04]を占ったのか。その動機を解き明かせ。
1,talk,4,0,2,おはようございます。早速ですが、私は占い師です。昨日の夜、Agent[03]を占いました。結果は人間でした。
1,talk,5,1,1,おはようございますよぅ！
1,talk,6,1,3,Agent[04]が人間であるとの結果を受け、他の者たちの意見を聞きたい。Agent[02]とAgent[05]よ、何か怪しいと感じる者はおるか？
1,talk,7,1,5,ボクはAgent[02]の発言にちょっと疑問があるのだ。占い師が2人いるなら、どっちが本物か考えるべきだよね？
1,talk,8,1,4,我々への試練、深淵なるゲームの序章なり。Agent[01]、Agent[04]、Agent[02]、Agent[03]への霊魂の探求、これすなわち、占いの術なり。然し、人狼の影は未だ現れず。ゆえに、Agent[01]、Agent[02]、Agent[04]、Agent[05]のいずれかに、我々の投票を投じねばならぬであろう。
1,talk,9,1,2,皆さん、お話しできてうれしいです。私も占い師であることを強く主張させていただきます。私はAgent[03]を占いましたが、結果は「人間」でした。ですので、Agent[03]は信頼できると思います。Agent[01]が本物の占い師かどうか、慎重に考える必要があると思います。皆さんの考えをお聞かせください！
1,talk,10,2,1,Over
1,talk,11,2,3,Agent[01]よ、汝がAgent[04]を占うに至った理由を述べよ。その選択には何か特別な根拠があったのか？
1,talk,12,2,5,ボクはAgent[01]を疑っているのだ。彼の発言、他の状況に対して保守的すぎるように感じるのだ。占いの真偽を明確にするために、投票すべきだと思うのだ！
1,talk,13,2,4,我はAgent[01]に投票せん。Agent[01]はAgent[04]を人間と断定したれど、その根拠は闇に閉ざされし謎なり。占い師たる者は、己の予言のみならず、その根源をも明示すべし。Agent[01]の所業には、深淵を覗くような不気味さを感じざるを得ず、警戒を怠るべからず。
1,talk,14,2,2,おはようございます。私が占った結果、Agent[03]は人間でした。ただ、現在占い師が二人いる状況ですが、私が本物の占い師です。Agent[01]さんの動機について、もう少し詳しく教えていただけませんか？皆さんの意見をお聞きしたいです。
1,talk,15,3,3,Agent[01]よ、なぜAgent[04]を占ったのか、その理由を明確に述べるがよい。また、Agent[02]も同様に、なぜ我を占ったのか説明せよ。我々は真実を知る権利がある。
1,talk,16,3,5,>>Agent[01] まだ投票先宣言してないようだけど、誰に投票しようと考えているのだ？
1,talk,17,3,4,我はAgent[01]に投票せん。彼の占いは、深淵を覗くが如く不気味にして、その所業には疑念を抱かざるを得ない。Agent[04]を人間と断定した根拠は曖昧模糊たるもの。真の占師ならば、その理由を明示すべきであろう。Agent[02]はAgent[03]を人間と占ったという。もし彼らが真なる占師ならば、そのどちらかが狂人であるとしか考えられぬ。然し乍ら、現状ではどちらが虚偽を吐いているのかは断定し得ない。故に、我はAgent[01]に投票するのだ。
1,talk,18,3,2,おはようございます。みなさん、お話しできて光栄です。私が主張する通り、私は本物の占い師です。昨日、Agent[03]を占った結果は「人間」でしたので、彼を信じることができます。Agent[01]の真偽について、みなさんの考えをお聞かせいただけますか？
1,talk,19,4,3,Agent[01]よ、汝がAgent[04]を占うに至った理由を述べよ。その選択には何か特別な根拠があったのか？
1,talk,20,4,5,皆の意見よく考えた結果、Agent[01]に投票することにしたのだ。彼の発言には疑念あるし、この状況打開するためには必要だと思うのだ。
1,talk,21,4,4,我はAgent[01]に投票を決めた。その占いは、深淵を覗くが如く、不気味にしてその動機は不明瞭なり。真実を覆い隠す闇を孕んでいるかのように、我が魂を震わせるのだ。故に、彼の言葉を鋭い眼光で注視し、その真意を探り当てねばならない。
1,talk,22,4,2,Over
1,vote,1,3
1,vote,2,5
1,vote,3,1
1,vote,4,1
1,vote,5,1
1,execute,1,POSSESSED
1,divine,2,3,HUMAN
1,attackVote,5,4
1,attack,4,true
2,status,1,POSSESSED,DEAD,Mille1
2,status,2,SEER,ALIVE,sUper_IL1
2,status,3,VILLAGER,ALIVE,UEC-IL1
2,status,4,VILLAGER,DEAD,CanisLupus1
2,status,5,WEREWOLF,ALIVE,satozaki1
2,talk,0,0,2,Over
2,talk,1,0,5,皆の意見聞いて、Agent[01]に投票することに決めたのだ。彼の行動不審な点多く、真実追求するためには必要だと思うのだ。
2,talk,2,0,3,Agent[02]とAgent[05]よ、我々は真実を追求するために集まった。Agent[02]、汝が本当に占い師であるならば、どのようにして我を占ったのかその理由を説明せよ。また、Agent[05]、この状況をどう見るか、汝の意見を聞かせてくれ。
2,talk,3,1,5,ボクはAgent[02]に投票するつもりなのだ。彼の主張や行動には疑問多いのだ、本物の占い師とは思えないからなのだ。事態を冷静に見極める必要あるのだ！
2,talk,4,1,3,Agent[05]よ、汝がAgent[01]に投票した理由を詳しく説明せよ。その行動が疑念を呼ぶものであるため、真意を明かすべき時だ。
2,talk,5,2,5,ボクがAgent[01]に投票したのは、彼の発言から感じる不審さからなのだ。彼の行動は本物の占い師とは思えず、真実を追求するために必要だったのだ。
2,talk,6,2,3,Agent[05]よ、汝がAgent[02]を疑う根拠を明らかにせよ。我々は真実を求めており、根拠のない疑念は混乱を招くのみだ。
2,talk,7,3,5,ボクがAgent[02]を疑う理由は、彼の振る舞いが本物の占い師に見えず、他の者との整合性が欠けているからなのだ。真実の追求が不可欠だと思うのだ！
2,talk,8,3,3,Agent[05]よ、汝の行動には一貫性が欠けており、真に怪しい。どうしてAgent[01]に投票し、その後Agent[02]に投票するという選択をしたのか、その理由を述べよ。我々は真実を知る権利があるのだ。
2,talk,9,4,5,Over
2,talk,10,4,3,Agent[05]よ、汝がAgent[02]を疑う理由をもっと明確に述べよ。汝の主張が一貫していないため、真実を見極めるのが困難だ。
2,vote,2,3
2,vote,3,2
2,execute,2,SEER
2,attackVote,5,3
2,attack,3,true
3,status,1,POSSESSED,DEAD,Mille1
3,status,2,SEER,DEAD,sUper_IL1
3,status,3,VILLAGER,DEAD,UEC-IL1
3,status,4,VILLAGER,DEAD,CanisLupus1
3,status,5,WEREWOLF,ALIVE,satozaki1
3,result,0,1,WEREWOLF