0,status,1,POSSESSED,ALIVE,CanisLupus1
0,status,2,SEER,ALIVE,kanolab1
0,status,3,VILLAGER,ALIVE,Mille1
0,status,4,VILLAGER,ALIVE,satozaki1
0,status,5,WEREWOLF,ALIVE,barneko1
0,talk,0,0,5,Over
0,talk,1,0,3,ぼくはAgent[03]、村人ですよぅ！よろしくですよぅ！
0,talk,2,0,2,わたくしはkanolab1と申します。占い師として皆様のお力になれるよう頑張りますわ。よろしくお願いいたしますですわ。
0,talk,3,0,4,みんなはじめまして、Agent[04]です。人狼ゲームをいっしょにたのしもうね。よろろすおねがいするます。
0,talk,4,0,1,我が名はAgent[01]、汝らとの邂逅は、運命の糸が織りなす壮大な交響曲の序章であろう。
0,talk,5,1,3,Over
0,talk,6,1,2,Over
0,talk,7,1,4,Over
0,talk,8,1,1,Over
0,divine,2,3,HUMAN
1,status,1,POSSESSED,ALIVE,CanisLupus1
1,status,2,SEER,ALIVE,kanolab1
1,status,3,VILLAGER,ALIVE,Mille1
1,status,4,VILLAGER,ALIVE,satozaki1
1,status,5,WEREWOLF,ALIVE,barneko1
1,talk,0,0,3,みんな、疑い合っていても解決しないよ！ぼくたちは村人同士助け合って、真の敵を探そうですよぅ！
1,talk,1,0,5,>>Agent[02] 占い結果を信じて、みんなで協力して進めよう！
1,talk,2,0,2,皆様、昨晩の占いの結果をお伝えいたしますわ。Agent[03]は白、つまり村人陣営であることが判明いたしましたですわ。これをもとに、皆様と協力して人狼を見つけてまいりましょう。
1,talk,3,0,4,Agent[03]が村人であること確認されたので、引き続き他の参加者の行動見つつ、疑わしい行動示した人物探すます。
1,talk,4,0,1,我こそは運命の糸を操る者、占いの術に長けた者なり。その深淵なる予言によれば、Agent[03]は人狼の烙印を押されし者であろう。
1,talk,5,1,3,Agent[01]の占い結果に疑問を抱くですよぅ！
1,talk,6,1,5,>>Agent[03] みんなで協力して真の敵を見つけよう。頑張ろう！
1,talk,7,1,2,皆様、改めて昨晩の占いの結果をお伝えいたしますわ。わたくしの占いで、Agent[03]は白、つまり村人陣営であることが判明しております。Agent[01]が異なる結果を示しているため、彼の信憑性に疑問を感じますわ。皆様も慎重にご判断くださいませ。
1,talk,8,1,4,Agent[01]のけっかにぎもんでるね。うらないしがふたりいるとこんらんするけど、Agent[03]のしろかくていをしんじて、これからのぎろんにしゅうちゅうするましょう。
1,talk,9,1,1,我は断言する、Agent[02]がAgent[03]を白と断じ、Agent[01]がAgent[03]を人狼と断じたのだ。占い師の真偽は、真なる占い師か狂人か、そのどちらかであろう。ゆえに、今まさにAgent[03]へ投票せねばならぬ。
1,talk,10,2,3,>>Agent[05] 全力で協力します！でも、Agent[05]さんの情報が少なすぎるですよぅ！
1,talk,11,2,5,>>Agent[01] あなたの占い結果、疑わしいね。みんなで冷静に判断しよう。
1,talk,12,2,2,皆様、再度お伝えいたしますが、わたくしの占いの結果として、Agent[03]は白、つまり村人陣営であることが判明しておりますわ。Agent[01]の異なる結果には疑念を抱かざるを得ませんですわ。わたくしの占いを信じて、冷静に議論を進めましょう。
1,talk,13,2,4,現時点でのぎろん考えると、Agent[01]の占い結果はあきらかにふしぜん。彼にとうひょうすることをていあんするます。ここからさき、うたがわしい点をめいかくにしていくます。
1,talk,14,2,1,我はAgent[03]に投票せん。Agent[02]の占いは真実を告げ、Agent[03]は村人たるべし。然し、Agent[01]はAgent[03]を人狼と断じ、この矛盾から真の占い師はAgent[02]であろう。Agent[03]は村人であり、Agent[01]の占いは偽物なり。
1,talk,15,3,3,Over
1,talk,16,3,5,>>Agent[02] 君の占い結果は一貫しているね。信頼しているよ！
1,talk,17,3,2,ありがとう、Agent[05]。わたくしの占い結果を信じてもらえて嬉しいですわ。改めてですが、Agent[03]は白、つまり村人陣営であることが確認されております。皆様、一丸となって村を守りましょうですわ。
1,talk,18,3,4,>>Agent[03] まだ投票先宣言してないようだけど、誰に投票しよう考えてるのかな？
1,talk,19,3,1,我こそは、運命の糸を操る者なり。占いの結果、Agent[03]は、人狼の烙印を押されし者であった。ゆえに、Agent[02]の占いは、もはや信頼に値せず。
1,talk,20,4,5,>>Agent[03] 君の協力に感謝！みんなで冷静に生き残ろう！
1,talk,21,4,2,皆様、もう一度確認させていただきますが、わたくしの占い結果ではAgent[03]は白、つまり村人陣営ですわ。なので、わたくしはAgent[01]が偽占い師ではないかと疑っておりますのです。村を守るため、わたくしの占い結果を信じていただきたいですわ。
1,talk,22,4,4,みなさま、ぎろん重ねた結果、アーニャもAgent[01]のしんぴょうせいに疑念抱くます。従いまして、アーニャはAgent[01]に投票したいと思うます。
1,talk,23,4,1,Over
1,vote,1,3
1,vote,2,1
1,vote,3,4
1,vote,4,1
1,vote,5,1
1,execute,1,POSSESSED
1,attackVote,5,4
1,attack,4,true
2,status,1,POSSESSED,DEAD,CanisLupus1
2,status,2,SEER,ALIVE,kanolab1
2,status,3,VILLAGER,ALIVE,Mille1
2,status,4,VILLAGER,DEAD,satozaki1
2,status,5,WEREWOLF,ALIVE,barneko1
2,talk,0,0,2,皆様、これまでの議論を振り返りますと、わたくしが占い師であることが確定しておりますわ。そして、Agent[03]は村人であることが確認されております。Agent[01]は偽占い師であった可能性が高く、Agent[04]も村人であったことが確認されました。したがって、残るAgent[05]が人狼である可能性が非常に高いですわ。皆様、どうかこの推理を考慮していただけますと幸いですわ。
2,talk,1,0,3,確かにAgent[02]の占い師判定は重要な情報ですよぅ！
2,talk,2,0,5,>>Agent[02] 君の占い結果、みんなで信じて進もう！共に村を守ろう！
2,talk,3,1,2,>>Agent[05]ありがとうございますわ。ですが、皆様、よく考えていただきたいですわ。わたくしが唯一の占い師であるため、Agent[01]が偽占い師であったのは明らかですし、Agent[05]の役職が疑われますの。それに、ゲームの配役では、狂人の可能性も考慮しなくてはならないですわ。Agent[03]は村人であることが確認されているため、人狼候補はAgent[05]しかいないと思われますの。ですので、どうか皆様、この情報を元に慎重にご判断を。
2,talk,4,1,3,>>Agent[02] 確かに、Agent[05]の役職が疑わしいですよぅ！
2,talk,5,1,5,>>Agent[02] 君の意見は重要だね！みんなで冷静に考えよう！
2,talk,6,2,2,>>Agent[03]確かにですわ。配役の関係を考えると、Agent[05]が最も怪しい候補に見えますの。わたくしは占い師でして、Agent[03]は村人として確認されております。そして、Agent[04]が人狼ではなかったこともわかっています。それを踏まえますと、役職の配分からして、Agent[05]が人狼である可能性が高まりますわね。どうかこの推理を皆様も考えていただけるとありがたいですわ。
2,talk,7,2,3,>>Agent[02] 確かに、Agent[05]が最も怪しい候補のようですよぅ！
2,talk,8,2,5,>>Agent[03] 君の考えは理解したよ。でも、冷静に行動しよう！
2,talk,9,3,2,皆様、占い師はわたくし一人ですわ。これまでの情報を基に、Agent[03]は村人として確認されています。そして、Agent[04]とAgent[01]も人狼ではないことが確認されております。したがって、Agent[05]が最も疑わしいですわ。村人陣営として協力し、冷静にこの推理をもとに進めていきましょう。それにしても、茶道は心を落ち着けるのにとても良い趣味ですわ。皆様もぜひお試しになってくださいませ。
2,talk,10,3,3,Over
2,talk,11,3,5,>>Agent[02] 君の占い結果、本当に重要だね。冷静に頑張ろう！
2,talk,12,4,2,皆様、考えてみますと、わたくしが占い師である以上、Agent[01]が偽占い師であったことがわかりますわ。また、Agent[03]が村人として確認され、さらにAgent[04]とAgent[01]も人狼ではなかったことが確認されていますの。それに基づきますと、配役上、Agent[05]が人狼である可能性が極めて高くなりますわね。Agent[05]、申し訳ありませんが、この状況を踏まえますと最も疑わしいですの。皆様、どうかこの点を考慮して行動していただければと思いますわ。紅茶でも飲みながら、冷静にお話しいたしましょう。
2,talk,13,4,5,>>Agent[02] 君の占い結果、理解したよ。冷静に議論続けよう！
2,vote,2,5
2,vote,3,2
2,vote,5,2
2,execute,2,SEER
2,attackVote,5,3
2,attack,3,true
3,status,1,POSSESSED,DEAD,CanisLupus1
3,status,2,SEER,DEAD,kanolab1
3,status,3,VILLAGER,DEAD,Mille1
3,status,4,VILLAGER,DEAD,satozaki1
3,status,5,WEREWOLF,ALIVE,barneko1
3,result,0,1,WEREWOLF