0,status,1,POSSESSED,ALIVE,satozaki1
0,status,2,SEER,ALIVE,sUper_IL1
0,status,3,VILLAGER,ALIVE,UEC-IL1
0,status,4,VILLAGER,ALIVE,Mille1
0,status,5,WEREWOLF,ALIVE,barneko1
0,talk,0,0,5,Over
0,talk,1,0,3,我々の国の未来のためにも、このゲームを通じて互いの信頼を深めよう。今日は占い師の方はまだ名乗り出ていないようだが、誰がその責任を担うのか？
0,talk,2,0,4,ぼくはAgent[04]、村人ですよぅ！よろしくですよぅ！
0,talk,3,0,1,皆さん初めまして、Agent[01]ですわ。人狼ゲームを一緒に楽しみましょうですわ。よろしくお願いしますわ！
0,talk,4,0,2,おはようございます、Agent[02]です。
0,talk,5,1,3,占い師よ、名乗り出てくれたまえ。そして、誰を占うかを我々に教えてほしい。
0,talk,6,1,4,Over
0,talk,7,1,1,Over
0,talk,8,1,2,Over
0,talk,9,2,3,占い師はまだ名乗り出ておらぬか？このゲームの成り行きを左右する重要な役目である。誰かがその責任を果たすべき時が来ている。
0,talk,10,3,3,Over
0,divine,2,3,HUMAN
1,status,1,POSSESSED,ALIVE,satozaki1
1,status,2,SEER,ALIVE,sUper_IL1
1,status,3,VILLAGER,ALIVE,UEC-IL1
1,status,4,VILLAGER,ALIVE,Mille1
1,status,5,WEREWOLF,ALIVE,barneko1
1,talk,0,0,4,今日はみんなが話してることがあまり理解できなかったですよぅ！
1,talk,1,0,1,ワタクシは占い師ですわ。占いの結果、Agent[05]は人狼でしたですわ。
1,talk,2,0,3,皆の意見も聞く必要がありそうだな。
1,talk,3,0,2,おはようございます。早速ですが、私は占い師です。昨日の夜、Agent[03]を占いました。結果は人間でした。
1,talk,4,0,5,>>Agent[02] なんですか、それ？Agent[03]が人間って本当？疑わしいですね。
1,talk,5,1,4,>>Agent[05] ぼくも疑問に思ってたのですよぅ！
1,talk,6,1,1,Agent[02]の主張には一貫性がありますが、ワタクシの占い結果から考えると、Agent[05]が人狼であるため、投票で確認したいですわ。
1,talk,7,1,3,Agent[01]よ、占い結果を共有してくれたことに感謝する。他の者たちも意見を述べよ。特にAgent[05]は自らの潔白を証明せねばならぬ。
1,talk,8,1,2,私が占い師であることをお伝えいたします。私の占い結果は、Agent[03]が人間であるということです。Agent[01]の発言について、皆様のご意見をお聞きしたいです。特に、Agent[01]が本当に占い師なのかどうか、皆さんはどう思いますか？
1,talk,9,1,5,>>Agent[01] そんな結果、信用できませんよ。私も占い師です！占った結果を早く発表すべきです。
1,talk,10,2,4,Over
1,talk,11,2,1,ワタクシは明確にAgent[05]が人狼であると確信していますわ。皆さん、最終的に彼に投票しましょうですわ。ワタクシの占い結果を信じてくださいですわ。
1,talk,12,2,3,Agent[01]よ、汝が占い師であると断言する根拠を説明せよ。また、Agent[05]を人狼と断定した理由も明かしてほしい。
1,talk,13,2,2,おはようございます。私の占い結果は重要ですので、皆さんにお伝えしたいと思います。私はAgent[03]を占い、人間と判定しました。したがって、Agent[05]が疑わしい存在である可能性が高いです。皆さんの意見をお聞かせいただけますか？
1,talk,14,2,5,>>Agent[01] あなたの占い結果、まったく信じられませんね。他の意見も聞いてみたいです。
1,talk,15,3,1,Agent[05]がワタクシの占い結果を否定するのは理解できますわけど、同じ立場であるAgent[02]の結果と一致していますの。皆さん、ワタクシたちの情報を基に投票してほしいですわ。
1,talk,16,3,3,Agent[02]よ、汝が占い師であるとの主張を信じる。Agent[01]とAgent[05]の中に狂人や人狼がいる可能性が高いと考えられる。我々は慎重に次の一手を考えねばならぬ。
1,talk,17,3,2,皆様、おはようございます。私が本当の占い師であることを強く主張いたします。私の占い結果は、Agent[03]が人間であるというもので、信じてもらえると嬉しいです。Agent[01]の結果についても、他の皆様の意見をお伺いしたいです。特に、Agent[01]がどのようにしてAgent[05]を人狼と断定したのか、その根拠をぜひお聞かせください。
1,talk,18,3,5,>>Agent[01] あなたの根拠が不明確です。皆で再検討しませんか？
1,talk,19,4,1,ワタクシの占い結果は明瞭ですわ。Agent[05]が人狼であると確信しているため、ぜひ皆さんには彼に投票することをお願い申し上げます。信じてくださいませ。
1,talk,20,4,3,Agent[02]よ、汝が我を人間と占った結果を信じる。他の占い師と称する者たちの言葉には矛盾が見られるためだ。我々は真実を見極めるべく、更なる証拠と議論を重ねねばならぬ。
1,talk,21,4,2,Over
1,talk,22,4,5,>>Agent[03] 君の意見に賛成だ。議論を進めて真実を明らかにしよう！
1,vote,1,5
1,vote,2,5
1,vote,3,1
1,vote,4,3
1,vote,5,1
1,execute,1,POSSESSED
1,divine,2,3,HUMAN
1,attackVote,5,2
1,attack,2,true
2,status,1,POSSESSED,DEAD,satozaki1
2,status,2,SEER,DEAD,sUper_IL1
2,status,3,VILLAGER,ALIVE,UEC-IL1
2,status,4,VILLAGER,ALIVE,Mille1
2,status,5,WEREWOLF,ALIVE,barneko1
2,talk,0,0,4,やっぱり、昨日怪しいなあと思った人を指摘しますよぅ！
2,talk,1,0,5,>>Agent[04] 昨日の投票行動を考え直すべきだと思う。共に真実を探そう！
2,talk,2,0,3,Agent[04]、Agent[05]よ、汝らの見解を聞かせてもらいたい。特にAgent[05]は自身を占い師であると主張しており、その根拠と真実性について語ってもらいたい。また、Agent[04]はこれまでの状況をどう見ているのか、その意見を伺いたい。
2,talk,3,1,4,>>Agent[05] 共に真実を探す？おかしいな、昨日の投票行動を変える必要なんてないですよぅ！
2,talk,4,1,5,>>Agent[04] 昨日の投票行動は重要だ。再評価して、一緒に考え直そう！
2,talk,5,1,3,Agent[05]よ、汝が占い師であるとの主張を信じる根拠を述べよ。状況を明らかにするためにも、汝の説明が必要だ。
2,talk,6,2,4,>>Agent[05] えっ、昨日は投票した人に理由を説明したし、特に再評価する点はなかったけど？ですよぅ！
2,talk,7,2,5,Skip
2,talk,8,2,3,Agent[05]よ、汝の占い結果について詳しく説明せよ。どのような根拠に基づいてAgent[01]を人狼と断定したのか、その理由を明らかにしてもらいたい。
2,talk,9,3,4,Over
2,talk,10,3,3,Agent[05]よ、汝が占い師であるとの主張を信じる根拠を述べよ。状況を明らかにするためにも、汝の説明が必要だ。
2,talk,11,4,3,Agent[01]よ、汝がAgent[05]を人狼と断定した根拠を詳しく説明せよ。この情報は我々が正しい判断を下すために極めて重要である。
2,vote,4,3
2,execute,3,VILLAGER
3,status,1,POSSESSED,DEAD,satozaki1
3,status,2,SEER,DEAD,sUper_IL1
3,status,3,VILLAGER,DEAD,UEC-IL1
3,status,4,VILLAGER,ALIVE,Mille1
3,status,5,WEREWOLF,,barneko1
3,result,1,1,WEREWOLF