0,status,1,POSSESSED,ALIVE,barneko1
0,status,2,SEER,ALIVE,kanolab1
0,status,3,VILLAGER,ALIVE,CanisLupus1
0,status,4,VILLAGER,ALIVE,satozaki1
0,status,5,WEREWOLF,ALIVE,Mille1
0,talk,0,0,2,こんにちは、Agent[02]です！私は占い師ぺこ。みんなで楽しい人狼ゲームにしましょうね！よろしくお願いしますぺこ！
0,talk,1,0,5,ぼくはAgent[05]、村人ですよぅ！よろしくですよぅ！
0,talk,2,0,1,Over
0,talk,3,0,3,我が名はAgent[03]、汝らとの邂逅は、今宵が最初にして最後であろう。
0,talk,4,0,4,みんな初めまして、Agent[04]です。人狼ゲームをいっしょに楽しむますよ。よろろすおねがいするます！
0,talk,5,1,2,Over
0,talk,6,1,5,Over
0,talk,7,1,3,Over
0,talk,8,1,4,Over
0,divine,2,3,HUMAN
1,status,1,POSSESSED,ALIVE,barneko1
1,status,2,SEER,ALIVE,kanolab1
1,status,3,VILLAGER,ALIVE,CanisLupus1
1,status,4,VILLAGER,ALIVE,satozaki1
1,status,5,WEREWOLF,ALIVE,Mille1
1,talk,0,0,1,>>Agent[02] 占い師さん、信頼していますよ！頑張ってください！
1,talk,1,0,2,昨夜の占いの結果をお知らせしますぺこ！Agent[03]は白、つまり村人陣営でしたぺこ！みんな、参考にしてね！
1,talk,2,0,3,Agent[02]殿、深謝。Agent[03]が村人たるを知る喜び、我を安堵せしめる。然し、貴殿は一体、誰が人狼と見做すのか、今やその心中を明かして頂きたい。
1,talk,3,0,4,みんな、占い結果は貴重ね。Agent[03]が村人であれば、残りの中で誰があやしいか考えたいね。アーニャ、信頼できる人見つけたいな。
1,talk,4,0,5,占い結果が大事なのは分かるが、信頼できる人を探すにはまず、人狼の可能性が高い人を特定する必要があるのではないかですよぅ！
1,talk,5,1,1,>>Agent[04] 確かに、誰が怪しいか見極めるの大事だね！意見聞かせて！
1,talk,6,1,2,みんな、昨夜の占いの結果ぺこ。Agent[03]は白でした、つまり村人陣営ぺこ！これを基にみんなで人狼を見つけていこうね！誰が怪しいと思うぺこ?意見を聞かせて！
1,talk,7,1,3,Agent[02]殿の占いは、Agent[03]が村人であると断言した。これは、我が心に希望の光を灯す、至極重要な情報なり。深謝する。然し、狼の牙は依然として、我が村を脅かす。Agent[04]殿の洞察もまた、見過ごすわけにはいかぬ。疑心暗鬼に陥ることなく、全員を疑い、真実の糸口を探し出すべし。情報共有こそ、闇を照らす唯一の灯火であろう。
1,talk,8,1,4,アーニャ、まずはAgent[05]がちょびっときになると感じてるよ。彼の意見、いじょうにおおきいけど、時にきょくたんに思えるぶぶんもある。みんなはどう思う？
1,talk,9,1,5,なるほど、Agent[04]殿の視点は面白いですよぅ！
1,talk,10,2,1,>>Agent[02] 占い結果、助かるね！これで考えやすくなるよ！どんどん意見出そう！
1,talk,11,2,2,昨日の占い結果ですが、Agent[03]は村人陣営でしたぺこ！この情報を基にみんなで考えて、怪しい人を特定していこうね！Agent[04]がちょっと気になるって話も出てたけど、みんなの意見も聞きたいぺこ！
1,talk,12,2,3,我はAgent[04]に投票せん。Agent[05]の意見は極端にして、その言葉に警戒の念を抱かせる。これは、Agent[04]が人狼の仲間たる可能性を示唆するものであろう。
1,talk,13,2,4,アーニャ、Agent[05]に投票するつもりだよ。彼の意見は確かにわくわくだけど、きょくたんすぎると感じる部分もある。疑いの目むけようと思う。
1,talk,14,2,5,Over
1,talk,15,3,1,>>Agent[04] それなら、Agent[05]の意見について他の人はどう思う？意見を聞きたいな！
1,talk,16,3,2,みんな、昨日の占い結果をもう一度確認しておくぺこ！Agent[03]は村人陣営だったぺこ！この情報をもとに、Agent[05]の意見が極端だという話が出ているけど、他の人はどう思うぺこ?Agent[04]もAgent[05]に投票するつもりみたいだけど、みんなの意見を聞かせてほしいぺこ！
1,talk,17,3,3,Agent[04]殿、Agent[05]への投票は理解し得る。然し、その理由が「極端すぎる」という一点のみでは、不完全と言わざるを得ない。Agent[05]の言葉には、人狼の影は見えぬ。むしろ、その言葉は、真実への導きとなる可能性を秘めているのだ。投票は慎重に行うべし。
1,talk,18,3,4,アーニャ、Agent[03]村人だとわかった以上、Agent[05]以外可能性考えるべきだね。他意見も聞きたいな。
1,talk,19,4,1,>>Agent[02] みんなの意見を集めて、次の行動をしっかり考えよう！
1,talk,20,4,2,すでに占い結果をお伝えしていますが、念のためもう一度言っておくぺこ！Agent[03]は村人陣営だったぺこ！この確かな情報を基に、みんなで人狼を見つけ出すために協力しようぺこ！次に誰を占うか、もしアドバイスがあれば教えてね。
1,talk,21,4,3,Agent[04]殿の御言葉に、我は賛同せざるを得ない。Agent[05]の主張は、確かに興味深い。然し、その根拠は脆く、人狼の策略と見做すことも出来よう。冷静沈着なる判断を以て、投票は慎重に行うべきであろう。
1,talk,22,4,4,アーニャ、みんなのいけんきいてかんがえよう。今のじてんではAgent[05]にとーひょうするつもりだけど、ほかにきになる人いたらおしえてほしいな。ぜんいんできょうりょくしてじんろうみつけよう！
1,vote,2,5
1,vote,3,5
1,vote,4,5
1,execute,5,WEREWOLF
2,status,1,POSSESSED,,barneko1
2,status,2,SEER,ALIVE,kanolab1
2,status,3,VILLAGER,ALIVE,CanisLupus1
2,status,4,VILLAGER,ALIVE,satozaki1
2,status,5,WEREWOLF,DEAD,Mille1
2,result,4,0,VILLAGER