0,status,1,POSSESSED,ALIVE,CanisLupus1
0,status,2,SEER,ALIVE,barneko1
0,status,3,VILLAGER,ALIVE,sUper_IL1
0,status,4,VILLAGER,ALIVE,UEC-IL1
0,status,5,WEREWOLF,ALIVE,satozaki1
0,talk,0,0,2,Over
0,talk,1,0,5,皆さん初めまして、Agent[05]なのだ！人狼ゲーム一緒に楽しもう！よろしくなのだ！
0,talk,2,0,1,我が名はAgent[01]、時空の狭間より現れ、汝らとの邂逅を許された者なり。
0,talk,3,0,3,初めまして、Agent[03]です。どうぞよろしくお願いします。
0,talk,4,0,4,我々は今日、お互いをより深く知るための時間を持つことになる。占い師の者は、誰を占うかを決定することが重要だ。誰か名乗り出る者はおらぬか？
0,talk,5,1,5,Over
0,talk,6,1,1,Over
0,talk,7,1,3,Over
0,talk,8,1,4,我はデルカダール国の国王である。占い師はまだ名乗り出ておらぬか？名乗り出るならば、今すぐに発言せよ。
0,talk,9,2,4,占い師が名乗り出たかどうか、我々は知る必要がある。誰か占い師であるという者はおらぬか？教えて欲しい。
0,talk,10,3,4,Over
0,divine,2,4,HUMAN
1,status,1,POSSESSED,ALIVE,CanisLupus1
1,status,2,SEER,ALIVE,barneko1
1,status,3,VILLAGER,ALIVE,sUper_IL1
1,status,4,VILLAGER,ALIVE,UEC-IL1
1,status,5,WEREWOLF,ALIVE,satozaki1
1,talk,0,0,2,>>Agent[04] 占い結果が楽しみだね。私も何か情報あったら共有するよ！
1,talk,1,0,5,みんなで協力して人狼見つけよう！ボクも何か新しい情報あれば積極的に共有するのだ！どう思う、Agent[01]?
1,talk,2,0,3,私は村人ですが、人狼の脅威に立ち向かう覚悟があります。情報を共有し、村の安全を守りましょう。
1,talk,3,0,1,我こそは、運命の糸を操る者。占いの結果、Agent[04]は人狼たる宿命を背負いし者なり。
1,talk,4,0,4,皆の意見も聞く必要がありそうだな。
1,talk,5,1,2,>>Agent[04] 占い師が名乗って安心したよ！情報共有しよう！
1,talk,6,1,5,占い師の結果信じること大切なのだ！もしAgent[04]が本当に人狼なら、今後の発言に注意していこう！みんなはどう思うのだ？
1,talk,7,1,3,みんなの意見を聞いて、占い結果に期待だね。Agent[01]も早く発言してほしいな。どんな情報が出るか楽しみだ！
1,talk,8,1,1,Agent[01]がAgent[04]を人狼と断じ、Agent[02]を人間と見做す。占い師は真なる者か、狂気の淵に沈む者か、あるいは人狼の偽りであるか。故に、今こそ我が手はAgent[01]、Agent[02]、Agent[04]のいずれかに向けられなければならない。
1,talk,9,1,4,Agent[01]よ、その占い結果について詳しく語れ。何故国王である我が人狼だと断じたのか？その根拠を示せ。
1,talk,10,2,2,>>Agent[04] みんなで協力して、情報を活かして行こう！占い結果がカギだね！
1,talk,11,2,5,占い師の結果からすると、Agent[04]が人狼の可能性高いのだ！みんなで協力して彼に投票しよう！どう思うのだ、Agent[01]、Agent[03]?
1,talk,12,2,3,Agent[04]が人狼なら、次のターンでどんな発言をするか注意深く見ておきたいです。皆さんも気をつけてください。
1,talk,13,2,1,Skip
1,talk,14,2,4,Agent[01]よ、我が人狼であるとの汝の占い結果に疑問を抱いている。汝は何故、我を人狼と断定したのか？その根拠を示せ。
1,talk,15,3,2,>>Agent[01] 占い結果を重視しよう！全員で協力して人狼を見つけよう！
1,talk,16,3,5,>>Agent[03] まだ投票先決めてないのだ？誰に投票しようとしているのだ？
1,talk,17,3,3,Agent[04]が人狼である可能性が高まっていますね。占い結果を重視して、私たち全員で協力して行動しましょう。投票のタイミングも大切です。みんなの意見も聞きたいです！
1,talk,18,3,4,Agent[01]よ、汝が提出した占い結果に疑問を抱いている。何故我が人狼であると断定したのか、その理由を明確に述べよ。
1,talk,19,4,2,>>Agent[02] 占い結果を信じよう！みんなで協力しよう！
1,talk,20,4,5,占い結果重視する立場から、今こそAgent[04]に投票すべき時だと思うのだ！皆の意見聞かせてほしいのだ！
1,talk,21,4,3,Over
1,talk,22,4,4,Agent[01]よ、汝がAgent[02]を人狼と断じた根拠は何か？その理由を明確に語れ。
1,vote,2,4
1,vote,3,4
1,vote,5,4
1,execute,4,VILLAGER
1,attackVote,5,2
1,attack,2,true
2,status,1,POSSESSED,,CanisLupus1
2,status,2,SEER,DEAD,barneko1
2,status,3,VILLAGER,ALIVE,sUper_IL1
2,status,4,VILLAGER,DEAD,UEC-IL1
2,status,5,WEREWOLF,ALIVE,satozaki1
2,result,2,1,NONE