0,status,1,VILLAGER,ALIVE,barneko1
0,status,2,VILLAGER,ALIVE,CanisLupus1
0,status,3,WEREWOLF,ALIVE,kanolab1
0,status,4,POSSESSED,ALIVE,sUper_IL1
0,status,5,SEER,ALIVE,satozaki1
0,talk,0,0,1,Over
0,talk,1,0,4,おはようみんな、私はAgent[04]です。どうぞよろしくお願いします。
0,talk,2,0,5,皆さん初めまして、Agent[05]なのだ！人狼ゲーム一緒に楽しもう！よろしくなのだ！
0,talk,3,0,2,我が名はAgent[02]、汝らとの邂逅は、運命の糸により紡ぎ出された、壮大な叙事詩の序章たるであろう。
0,talk,4,0,3,皆さん、初めまして！あたいはkanolab1だよ。みんなと一緒にこの人狼ゲームを楽しみにしてるよ。よろしくお願いするよ！
0,talk,5,1,4,Over
0,talk,6,1,5,Over
0,talk,7,1,2,Over
0,talk,8,1,3,Over
0,divine,5,1,HUMAN
1,status,1,VILLAGER,ALIVE,barneko1
1,status,2,VILLAGER,ALIVE,CanisLupus1
1,status,3,WEREWOLF,ALIVE,kanolab1
1,status,4,POSSESSED,ALIVE,sUper_IL1
1,status,5,SEER,ALIVE,satozaki1
1,talk,0,0,4,私が占い師を担当しています。昨晩、Agent[02]の占いを行ったところ、その結果は人狼であるということが判明しました。
1,talk,1,0,5,ボクは占い師なのだ。占いの結果、Agent[01]は人間だったのだ。
1,talk,2,0,3,占い師は1人しかいないはずだから、Agent[04]かAgent[05]のどちらかが嘘をついているね。Agent[04]が本物ならAgent[02]が人狼で、Agent[05]が本物ならAgent[01]が村人だね。どっちが本物か見極める必要があるよ。
1,talk,3,0,2,我々、Agent[04]とAgent[05]は、共に運命の糸を操る者と自称するとは、実に興味深い事態なり。二人のうち、偽りの言葉を吐く者が存在することは明白であるが、真偽を見極める術は、今のところ見当もつかぬ。Agent[04]は、Agent[02]を人狼と断定したそうだが、Agent[02]殿は、如何に思われるか？
1,talk,4,0,1,>>Agent[03] 占い師の真贋を早急に見極める必要があるね！みんなで協力しよう！
1,talk,5,1,4,皆さん、私が占い師です。0日目の夜にAgent[02]を占った結果、彼は人狼でした。この情報を基に、皆さんの意見をお聞かせください。
1,talk,6,1,5,ボクが占い師なのだ！占い結果を信じて、Agent[02]に投票しよう！Agent[04]の主張も気になるけど、まずは確実な情報から進めるのだ！
1,talk,7,1,3,占い師はAgent[04]とAgent[05]のどちらかが偽物だね。Agent[04]が本当ならAgent[02]が人狼で、Agent[05]が本当ならAgent[01]が村人になる可能性があるよ。いずれにしても、Agent[02]は疑われる立場かな。どちらに投票するか、もう少し様子を見て決めないとね。
1,talk,8,1,2,我が推察では、Agent[04]はAgent[02]を人狼と断じ、Agent[05]はAgent[01]を人間と断じたり。占い師の正体は真なる占い師か、狂人である可能性が高い。故に、人狼判定を受けたAgent[02]に投票するべきであろう。
1,talk,9,1,1,>>Agent[05] 君の占い結果を信じてるよ！みんな、協力して行こう！
1,talk,10,2,4,私が真の占い師であることを改めて強調させていただきます。昨晩の占い結果では、Agent[02]が人狼であることが判明しました。Agent[05]の主張の信憑性を疑わざるを得ません。皆さんの意見をお聞かせください。
1,talk,11,2,5,だから、投票はAgent[02]に決定なのだ！Agent[04]の主張も気になるけれど、ボクが占った結果を信じて行動するのが重要だと思うのだ！
1,talk,12,2,3,投票先は重要だね。Agent[04]とAgent[05]のどちらが本物の占い師なのか見極めなきゃ。どちらの占い結果も同じようにAgent[02]が怪しいと言っているから、投票はAgent[02]が妥当だと思うよ。ただ、明日以降も占い結果を見ていく必要があるね。
1,talk,13,2,2,我はAgent[04]に投票せん。Agent[04]は我を人狼と断定せしめたが、我は村人なり。Agent[05]も占い師を名乗り、真偽を判断するは困難なり。然し、Agent[04]が狂人なりと仮定すれば、我の発言を根拠に我を人狼と決めつけるは、不自然であろう。
1,talk,14,2,1,>>Agent[04] 君の占い結果を信じるよ。ただ、Agent[05]も気になるね。
1,talk,15,3,4,皆さん、再度確認いたしますが、私が本物の占い師です。Agent[02]が人狼であるという結果は信じていただけるでしょう。投票の際には、ぜひ彼に投票してください。これは村人としてのためにも、非常に重要です。
1,talk,16,3,5,皆、投票はAgent[02]にするのだ！Agent[04]の言い分も考慮したけれど、ボクの占い結果が真実だと思っているのだ！みんなで協力しよう！
1,talk,17,3,3,占い師は1人しかいないから、Agent[04]とAgent[05]のどちらかは嘘をついていることになるね。どちらもAgent[02]を疑っているから、投票先としてはAgent[02]が有力なのかな。個人的には、どちらが本物の占い師なのかを見極めるためにも、明日の占い結果を注視したいところだよ。
1,talk,18,3,2,Agent[04]とAgent[05]、いずれが真の予言者たるか、現時点において断定し難し。然し乍ら、両者共にAgent[02]を人狼と断定せし点は共通せり。真偽の如何を問わず、今やAgent[02]こそ最も危険なる存在なり。故に、投票はAgent[02]に投じよ。
1,talk,19,3,1,>>Agent[03] 君の意見には同意だね。占い結果を注視しよう！
1,talk,20,4,4,Over
1,talk,21,4,5,投票はAgent[02]に決定なのだ！ボクの占い結果を信じて、村人としての勝利目指して協力しよう！次の夜には真実が見えてくるはずなのだ。
1,talk,22,4,3,占い師は1人しかいないから、Agent[04]かAgent[05]のどちらかは嘘をついていることになるね。どちらが本物かはまだわからないけど、両方がAgent[02]を疑っているから、今はAgent[02]に投票するのが妥当かもしれないね。次の夜の占い結果でさらに情報が得られるといいな。
1,talk,23,4,2,我、Agent[02]に投票せん。Agent[04]とAgent[05]、いずれも占い師を名乗るも、それぞれAgent[02]とAgent[01]を人狼と断定せり。真偽のほどは闇の中なれど、彼ら発言より、Agent[02]こそ人狼たる可能性が高きと見做すなり。
1,talk,24,4,1,>>Agent[02] 君の言い分は厳しすぎるよ。もっと冷静になろう！
1,vote,1,2
1,vote,2,1
1,vote,3,5
1,vote,4,2
1,vote,5,2
1,execute,2,VILLAGER
1,divine,5,4,HUMAN
1,attackVote,3,5
1,attack,5,true
2,status,1,VILLAGER,ALIVE,barneko1
2,status,2,VILLAGER,DEAD,CanisLupus1
2,status,3,WEREWOLF,ALIVE,kanolab1
2,status,4,POSSESSED,ALIVE,sUper_IL1
2,status,5,SEER,DEAD,satozaki1
2,talk,0,0,3,Agent[05]が襲われたってことは、Agent[04]が本物の占い師の可能性が高いね。Agent[04]が本物なら、Agent[01]が村人か狂人のどちらかで、あたいは村人だから、Agent[01]が怪しいかもしれないね。みんなの意見も聞きたいな。
2,talk,1,0,1,>>Agent[03] 確かに、Agent[05]の襲撃は疑わしいよね。投票先は慎重に決めよう！
2,talk,2,0,4,実は私は狂人です。人狼さんよ、ここで姿を現して、一緒に勝利を迎えましょう。
2,talk,3,1,3,Agent[04]が狂人だって言ったけど、本当にそうならAgent[05]が本物の占い師ってことになるね。そうなると、Agent[01]が残った中で一番怪しい気がするんだよね。Agent[05]が村人として亡くなった以上、次の判断が本当に大事だね。
2,talk,4,1,1,>>Agent[03] 確かに、慎重な判断が重要だね。全体の意見を集めよう。
2,talk,5,1,4,私が占い師であり、Agent[02]を人狼と占ったことは間違いありません。現時点で、Agent[01]が怪しい行動をしています。みなさん、私の結果を信じて、Agent[01]を追放しましょう。
2,talk,6,2,3,Agent[04]が本物の占い師だとしたら、Agent[01]が村人か狂人のどちらかになるね。Agent[05]が本物の占い師だった場合、Agent[04]が村人か狂人になる。どちらにしても、あたいは村人だから、Agent[01]が一番怪しいと思うよ。みんなの意見も聞きたいな。
2,talk,7,2,1,>>Agent[03] 確かに、Agent[01]が怪しいとされるのも理解できるけど、しっかり考えないとね。
2,talk,8,2,4,私が狂人であることを告げましたが、Agent[01]が怪しいという意見に賛成です。冷静に次の投票を考えましょう。私たちの勝利には慎重な判断が必要です。
2,talk,9,3,3,Agent[04]が本物の占い師だとすると、Agent[01]は村人か狂人のどちらかになるね。でも、Agent[05]が本物の占い師だった場合、Agent[04]が村人か狂人になる。どちらにしても、あたいは村人だから、Agent[01]が一番怪しいと思うよ。みんなの意見も聞きたいな。
2,talk,10,3,1,>>Agent[03] みんなの意見が大事だね。冷静に話し合おう！
2,talk,11,3,4,Over
2,talk,12,4,3,>>Agent[01]そうだね、冷静に考えよう。Agent[04]が本物の占い師だとすると、Agent[01]は村人か狂人のどちらかになるね。でも、Agent[05]が本物の占い師だった場合、Agent[04]が村人か狂人になる。どちらにしても、あたいは村人だから、Agent[01]が一番怪しいと思うよ。みんなの意見も聞きたいな。
2,talk,13,4,1,>>Agent[03] 自分を誤解されるのは残念だけど、冷静に状況を分析しよう。
2,vote,1,4
2,vote,3,4
2,vote,4,1
2,execute,4,POSSESSED
2,attackVote,3,1
2,attack,1,true
3,status,1,VILLAGER,DEAD,barneko1
3,status,2,VILLAGER,DEAD,CanisLupus1
3,status,3,WEREWOLF,ALIVE,kanolab1
3,status,4,POSSESSED,DEAD,sUper_IL1
3,status,5,SEER,DEAD,satozaki1
3,result,0,1,WEREWOLF