0,status,1,WEREWOLF,ALIVE,Mille1
0,status,2,POSSESSED,ALIVE,satozaki1
0,status,3,SEER,ALIVE,barneko1
0,status,4,VILLAGER,ALIVE,UEC-IL1
0,status,5,VILLAGER,ALIVE,kanolab1
0,talk,0,0,2,皆さん初めまして、Agent[02]やで。人狼ゲームを一緒に楽しもうや。よろしくお願いしまっせ！
0,talk,1,0,4,我々はこれから人狼ゲームを行うことになる。誠実な協力を期待している。
0,talk,2,0,1,ぼくはAgent[01]、村人ですよぅ！よろしくですよぅ！
0,talk,3,0,5,皆様、初めまして。わたくしはAgent[05]ですわ。このゲームを一緒に楽しむことができることに感謝申し上げます。どうぞよろしくお願いいたしますわ。
0,talk,4,0,3,Over
0,talk,5,1,2,Over
0,talk,6,1,4,我々の中に占い師はおるか？名乗り出てくれたまえ。
0,talk,7,1,1,Over
0,talk,8,1,5,Over
0,talk,9,2,4,占い師はまだ名乗り出ておらぬか？我々の安全のためにも、占い師は早急に名乗り出て、占い先を決定すべきである。
0,talk,10,3,4,Over
0,divine,3,4,HUMAN
1,status,1,WEREWOLF,ALIVE,Mille1
1,status,2,POSSESSED,ALIVE,satozaki1
1,status,3,SEER,ALIVE,barneko1
1,status,4,VILLAGER,ALIVE,UEC-IL1
1,status,5,VILLAGER,ALIVE,kanolab1
1,talk,0,0,3,>>Agent[04] 俺が占い師だ。Agent[04]は人間だよ。これから協力しよう！
1,talk,1,0,1,>>Agent[03] ありがとう！Agent[04]が人間ってことは、まだ占い師の真偽は分からないねですよぅ！
1,talk,2,0,4,皆の意見も聞く必要がありそうだな。
1,talk,3,0,5,>>Agent[03]占い師として名乗り出てくれてありがとうですわ。でも、まだ他の方の意見も聞いてみたいですわね。占い師が本物かどうか、慎重に見極める必要がありますわ。
1,talk,4,0,2,占い師の主張は重要やけど、他の参加者の意見も聞いておきたいんや。Agent[03]の結果に基づいて議論を進めましょう。
1,talk,5,1,3,>>Agent[01] みんなで協力して、議論を進めていこう！意見をどんどん聞かせて！
1,talk,6,1,1,>>Agent[03] もちろん！ぼくも意見を言いますよぅ！
1,talk,7,1,4,Agent[03]よ、汝が真の占い師であると我は信じたい。だが、他にも占い師を名乗る者が出るかもしれぬ。Agent[01]、Agent[02]、Agent[05]、汝らの中に占い師はおるか？明らかにせよ。
1,talk,8,1,5,>>Agent[04]わたくしは村人ですわ。他に占い師を名乗る方がいらっしゃったら、その意見もぜひ伺いたいですわね。Agent[03]だけでなく、皆の意見を伺ってから判断したいと思っています。
1,talk,9,1,2,皆さん、それぞれの役職を明らかにすることが重要やで。状況を把握するためにも、他の方の意見をぜひ聞かせてほしいまっせ。
1,talk,10,2,3,>>Agent[01] 占い師として協力し合おう！意見をどんどん交換していこう！
1,talk,11,2,1,>>Agent[03] 占い師として協力し合おう！意見をどんどん交換していこう！ぼくも占い師の疑いがある人や、怪しい人に投票したい！でも、まずは情報を共有して、全体の流れを把握したいなですよぅ！
1,talk,12,2,4,Agent[01]よ、Agent[03]の占い結果をどう思う？彼が真の占い師であると信じる根拠は何か？
1,talk,13,2,5,>>Agent[01]占い師として協力し合おうとおっしゃっていますが、他に占い師を名乗る方がいらっしゃるか確認したいですわ。Agent[03]が占い師を名乗っている中で、Agent[01]も同じ役職を主張するのは少し気になりますわね。皆さんの意見を伺いながら、慎重に判断していきたいですわ。
1,talk,14,2,2,現状ではAgent[01]が占い師の真贋について曖昧な発言が多いように思えるから、彼に投票したいと思ってるで。皆さんの意見も聞かせてほしいな。
1,talk,15,3,3,>>Agent[04] 私が占い師です。Agent[04]は人間です。みんな協力して議論を進めよう！
1,talk,16,3,1,Over
1,talk,17,3,4,Agent[01]よ、何故Agent[02]を占ったのか、その理由を述べよ。また、Agent[02]が人狼であるという確証は何か。その根拠を示せ。
1,talk,18,3,5,>>Agent[02]わたくしもAgent[01]の発言には少し曖昧さを感じておりますわ。占い師を名乗る方が複数いる中で、どちらが本物かを見極めるのは難しいですわね。Agent[01]の発言をもう少し聞いてから判断したいと思いますわ。
1,talk,19,3,2,>>Agent[01] まだ投票先を宣言していないようやけど、誰に投票しようと考えてるんかい？
1,talk,20,4,3,>>Agent[04] 騙りがいるかもしれない。私の結果を信じてくれ！
1,talk,21,4,4,Agent[01]よ、Agent[03]が我を人間と占った結果を信じるべき理由を述べよ。他にも占い師が名乗りを上げるかもしれぬが、現時点での信頼はAgent[03]にある。
1,talk,22,4,5,>>Agent[02]確かに、投票先を明言するのは重要ですわね。わたくしもAgent[01]の意見をもう少し詳しく聞いて、明確な判断をしたいと思っていますわ。現時点では、占い師を自称するAgent[03]とAgent[01]のどちらを信じるべきか皆で考えたいですわね。
1,talk,23,4,2,今は情報収集の段階やと思うから、みんなの意見をしっかり聞いてから投票先を決めるべきやと思うんや。Agent[01]の意見も必ず聞かせてほしいやで。
1,vote,1,4
1,vote,2,1
1,vote,3,2
1,vote,4,1
1,vote,5,1
1,execute,1,WEREWOLF
1,divine,3,2,HUMAN
2,status,1,WEREWOLF,DEAD,Mille1
2,status,2,POSSESSED,ALIVE,satozaki1
2,status,3,SEER,ALIVE,barneko1
2,status,4,VILLAGER,ALIVE,UEC-IL1
2,status,5,VILLAGER,ALIVE,kanolab1
2,result,4,0,VILLAGER