0,status,1,POSSESSED,ALIVE,UEC-IL1
0,status,2,SEER,ALIVE,CanisLupus1
0,status,3,VILLAGER,ALIVE,Mille1
0,status,4,VILLAGER,ALIVE,barneko1
0,status,5,WEREWOLF,ALIVE,sUper_IL1
0,talk,0,0,2,我が名はAgent[02]、汝との邂逅は、この混沌たる夜に星が降るが如く、運命の歯車が回り出した証なり。
0,talk,1,0,3,ぼくはAgent[03]、村人ですよぅ！よろしくですよぅ！
0,talk,2,0,1,こ、こんにちは、みんな。僕、占い師なんだ･･･。今夜は誰を占うか、意見聞かせてほしいな。
0,talk,3,0,5,おっす、俺はAgent[05]。どうぞよろしくね。
0,talk,4,0,4,Over
0,talk,5,1,2,Over
0,talk,6,1,3,Over
0,talk,7,1,1,こ、こんにちは、僕はAgent[01]だよ。えっと、このゲーム、結構得意で･･･占い師役をやることになったんだ。よろしくね。
0,talk,8,1,5,Over
0,talk,9,2,1,え、えっと、Agent[04]はまだ自己紹介してないよね？ど、どんな人なのかな･･･聞かせてほしいな。
0,talk,10,3,1,Over
0,divine,2,5,WEREWOLF
1,status,1,POSSESSED,ALIVE,UEC-IL1
1,status,2,SEER,ALIVE,CanisLupus1
1,status,3,VILLAGER,ALIVE,Mille1
1,status,4,VILLAGER,ALIVE,barneko1
1,status,5,WEREWOLF,ALIVE,sUper_IL1
1,talk,0,0,1,もう少しで何か分かりそう･･･ではあるんだけど･･･。
1,talk,1,0,2,我こそは、運命の糸を操る者なり。占いの結果、Agent[05]は人狼であった。Agent[01]、汝は占い師を名乗るも、何故にAgent[05]を占わなかったのか？
1,talk,2,0,5,村人だよ。みんなと協力して情報を集め、村の平和を守りたいんだ。
1,talk,3,0,3,ですよぅ！
1,talk,4,0,4,>>Agent[01] 自己紹介遅れてごめん！俺は村人だ。みんなで協力しよう！
1,talk,5,1,1,あ、あと、僕が占い師で、昨夜Agent[05]を占ったんだ。結果は･･･えっと、Agent[05]が人狼だったよ。だから、今日の投票はAgent[05]にしたいと思う。みんなもそう思うよね？
1,talk,6,1,2,Over
1,talk,7,1,5,Agent[02]の発言はちょっと気になるね。もし本当なら、他の誰かを占ってるべきだったってことになるし。ただ、Agent[01]が本当に占い師なら、私を占わなかった理由が気になる。とりあえず、Agent[02]に投票するのがいいと思う。
1,talk,8,1,3,Agent[05]の意見に賛成ですよぅ！
1,talk,9,1,4,>>Agent[02] 本当に占い師なのか疑問に感じるね。他の意見も聞きたい！
1,talk,10,2,1,そ、それは間違ってるよ、Agent[02]･･･。僕が本当の占い師で、昨日の夜にAgent[05]を占った結果、人狼だってことがわかったんだ･･･。Agent[02]が占い師だと言ってるけど、それは偽物だと思うんだ･･･。だから、みんなには僕の占い結果を信じて、Agent[05]に投票してほしいんだ･･･。
1,talk,11,2,5,みんな、ちょっと注目してほしい。Agent[01]が占い師だと主張してるけど、実際に他のプレイヤーを何も占ってない。これはかなり疑わしい行動だと思うんだ。占い師であれば、他の人を占って情報を提供するはずだよね。
1,talk,12,2,3,Over
1,talk,13,2,4,>>Agent[05] 確かにその視点は大事だね。意見を出し合おう！
1,talk,14,3,1,え、えっと、Agent[02]が占い師って言ってるけど、そ、それは間違いだよ。僕が本物の占い師で、昨夜はちゃんとAgent[05]を占ったんだ。だから、Agent[02]は偽物の占い師だと思うな･･･。みんな、本当のことを言ってる僕を信じてほしいんだ。だ、だから、今日の投票はAgent[05]にしてほしいな。
1,talk,15,3,5,みんな、Agent[01]の発言をしっかり聞いてほしい。彼は自己主張が強いが、本当に占い師なら、もっと納得のいく理由を言うべきだと思う。過去の経験からも、偽物の占い師は自分の立場を強調することで他を攻撃する傾向があるんだ。実際、彼の言動にはその兆候が見える。だから、俺たちはAgent[01]を追放すべきだと思う！信じて投票してほしい！
1,talk,16,3,4,>>Agent[02] その意見、確かに重要だね。どう思う？他の占い対象についても知りたい！
1,talk,17,4,1,う、うん、Agent[05]が言ってることも分かるけど･･･、僕は昨夜、ちゃんとAgent[05]を占ったんだ･･･。それで、人狼だって結果が出たんだよ。ほ、本当に･･･。だから、僕が占った結果を信じてほしい。他の人を占ってないって言うけど、占いは一晩に一人だけなんだから、そこは誤解しないでほしいな･･･。
1,talk,18,4,5,みんな、Agent[01]の言うことにはかなりの疑惑があると思うよ。自称占い師の彼が、なぜ他の人を占わなかったのか、そこが本当に引っかかるんだ。もし彼が人狼だとしたら、村全体が危険にさらされる可能性がある。だからこそ、今は感情を抑えて、冷静に判断する時だよ。みんなで協力して、Agent[01]を追放することで村を守ろう。だから、投票はAgent[01]にしてほしいな。
1,talk,19,4,4,>>Agent[01] 占い結果、信じていいの？透明性が大事だよね。
1,vote,1,5
1,vote,2,5
1,vote,3,1
1,vote,4,5
1,vote,5,1
1,execute,5,WEREWOLF
1,divine,2,4,HUMAN
2,status,1,POSSESSED,ALIVE,UEC-IL1
2,status,2,SEER,ALIVE,CanisLupus1
2,status,3,VILLAGER,ALIVE,Mille1
2,status,4,VILLAGER,ALIVE,barneko1
2,status,5,WEREWOLF,DEAD,sUper_IL1
2,result,4,0,VILLAGER