0,status,1,POSSESSED,ALIVE,satozaki1
0,status,2,SEER,ALIVE,barneko1
0,status,3,VILLAGER,ALIVE,UEC-IL1
0,status,4,VILLAGER,ALIVE,kanolab1
0,status,5,WEREWOLF,ALIVE,Mille1
0,talk,0,0,3,我々の中に占い師はおられるか？名乗り出ていただきたい。
0,talk,1,0,1,皆様初めまして、Agent[01]ですわ。人狼ゲームを一緒に楽しみましょうですわ。よろしくお願いしますわ！
0,talk,2,0,4,皆さん、こんにちは！わしはkanolab1じゃ。年齢は71じゃが、まだまだ元気にこのゲームを楽しむぞい。盆栽が趣味の元農家じゃ。どうぞよろしく頼むぞ。
0,talk,3,0,5,ぼくはAgent[05]、村人ですよぅ！よろしくですよぅ！
0,talk,4,0,2,Over
0,talk,5,1,3,我々の安寧を守るため、誰が占い師であるのか名乗り出るべき時が来た。誰か前に出る者はおらぬか？
0,talk,6,1,1,Over
0,talk,7,1,4,Over
0,talk,8,1,5,Over
0,talk,9,2,3,占い師はまだ名乗り出ていないようだな。誰か占い師の役を担っておられる者はいないのか？名乗り出てくれると助かる。
0,talk,10,3,3,Over
0,divine,2,3,HUMAN
1,status,1,POSSESSED,ALIVE,satozaki1
1,status,2,SEER,ALIVE,barneko1
1,status,3,VILLAGER,ALIVE,UEC-IL1
1,status,4,VILLAGER,ALIVE,kanolab1
1,status,5,WEREWOLF,ALIVE,Mille1
1,talk,0,0,2,>>Agent[03] 俺が占い師だよ！初日の結果はAgent[03]が人間だった。信じてくれ！
1,talk,1,0,1,それを聞いて安心しましたが、占い師が本物かどうかはまだ分かりませんね。他の人の意見も聞きたいですわ。
1,talk,2,0,3,皆の意見も聞く必要がありそうだな。
1,talk,3,0,5,ぼくは占い師が本物かどうかはまだ分からないと考えていますよぅ！
1,talk,4,0,4,Agent[02]が占い師を名乗っておるが、偽者の可能性もあるのじゃ。他の者からも占いCOがあるか期待したいのう。一応、皆の様子を見ながら動いてみるのじゃ。
1,talk,5,1,2,>>Agent[01] 俺が占い師だ。Agent[03]は人間！次の意見が大事だね。
1,talk,6,1,1,現時点では占い師はAgent[02]の1人だけですわね。他に占い師が出てこない限り、彼の結果を信じるのが良さそうですわ。ワタクシは少し様子を見つつ議論を進めたいと思いますわ。
1,talk,7,1,3,Agent[02]が占い師であると名乗り出たが、他の者たちの意見も聞く必要がある。Agent[04]とAgent[05]よ、Agent[02]の言葉をどう思うか？彼の言葉に信憑性はあると思うか？
1,talk,8,1,5,ぼくは、Agent[02]の言葉に信憑性はあると思いますよぅ！
1,talk,9,1,4,>>Agent[03]わしはまだAgent[02]の言葉を完全には信じきれんのう。ただ、他の占い師が名乗り出てきていないので、今のところ彼の言葉が唯一の情報じゃ。引き続き慎重に見極めていきたいと思うぞい。
1,talk,10,2,2,>>Agent[03] 俺の占い結果を信じて、冷静に議論を進めよう！他の意見も大事だよ。
1,talk,11,2,1,ワタクシは現在、Agent[04]の意見が慎重すぎるように感じますわ。彼が人狼の可能性もあると思いますので、投票対象として考えていますわ。
1,talk,12,2,3,Agent[01]、Agent[02]が占い師として名乗りを上げたが、どちらかが真実を語っていない可能性が高い。我々は慎重に進めねばならん。どちらの占い結果を信じるべきか、皆の意見を聞きたい。
1,talk,13,2,5,Over
1,talk,14,2,4,>>Agent[01]わしは村人じゃから、慎重に考えているだけなんじゃ。Agent[02]が占い師として名乗り出ているが、まだ他に占い師が出てくる可能性もある。わしはもう少し様子を見てから判断したいと思っておる。
1,talk,15,3,2,>>Agent[01] 占い結果を基に冷静に議論しよう！投票は慎重にね。
1,talk,16,3,1,>>Agent[04] まだ投票先を宣言していないようですが、誰に投票しようと考えていらっしゃいますかしら？
1,talk,17,3,3,Agent[04]よ、汝が慎重な態度を示している理由は何か？人狼の可能性があるとの疑念を持つ者がいる中で、自らの立場をはっきりさせるべきだ。
1,talk,18,3,4,>>Agent[01]わしはまだ誰に投票するか決めておらんのじゃ。Agent[02]が占い師として名乗り出ているが、他の占い師が出てくる可能性もあるからのう。もう少し様子を見てから判断したいと思っておる。
1,talk,19,4,2,>>Agent[03] 俺は占い師だ。Agent[03]は人間だと占った。信じて行こう！
1,talk,20,4,1,引き続き皆さんの意見を聞きながら、慎重に進めていきたいと思いますわ。投票に向けてしっかりと考えましょうですわね。
1,talk,21,4,3,Agent[02]よ、汝が占い師として名乗りを上げたことは承知しておる。しかし、他の者たちも慎重な態度を示しており、汝の言葉を完全に信じることはできぬ。Agent[04]とAgent[05]よ、汝らはAgent[02]の占い結果にどの程度の信憑性を感じるか？
1,talk,22,4,4,>>Agent[03]わしは今のところ、Agent[02]の占い結果に注意深く耳を傾けておるが、完全に信じるまでには至っておらん。さらに他の占い師が名乗り出ないうちは、一晩経ってからの情報も大事じゃ。じゃが、信頼できる情報が他にないというのも事実じゃ。皆も慎重に情報を見極めていこうぞ。
1,vote,1,4
1,vote,2,4
1,vote,3,2
1,vote,4,1
1,vote,5,2
1,execute,2,SEER
1,attackVote,5,4
1,attack,4,true
2,status,1,POSSESSED,ALIVE,satozaki1
2,status,2,SEER,DEAD,barneko1
2,status,3,VILLAGER,ALIVE,UEC-IL1
2,status,4,VILLAGER,DEAD,kanolab1
2,status,5,WEREWOLF,ALIVE,Mille1
2,talk,0,0,3,Agent[05]よ、汝の見解を聞かせてほしい。Agent[02]とAgent[04]がもはやこの世におらず、残された我々はどう進めるべきか。何か疑念や意見があれば、遠慮なく話してみよ。
2,talk,1,0,5,Agent[02]とAgent[04]が亡くなったことで、疑わしい人物はAgent[01]とAgent[03]に絞られたように思えますよぅ！
2,talk,2,0,1,ワタクシこそが人狼ですわ。全員がAgent[01]に投票するべきですわね。
2,talk,3,1,3,Agent[01]よ、汝が慎重に考えている理由を教えてほしい。具体的な投票先の候補についても明かしてくれ。
2,talk,4,1,5,Agent[03]の質問はとても有効だと思いますよぅ！
2,talk,5,1,1,ワタクシが人狼であることを隠すつもりはありませんが、今の状況を見極めると、Agent[03]に投票しようと考えていますわ。
2,talk,6,2,3,Agent[01]よ、汝が自ら人狼であると告白したのだな。これは我々にとって幸運なことである。全員、今こそAgent[01]に投票し、村を守るべき時であると考える。
2,talk,7,2,5,Over
2,talk,8,2,1,ワタクシが人狼であることは明白ですわ。Agent[03]が逆に人狼である可能性もありますので、ワタクシに投票することは避けていただきたいですわね。
2,talk,9,3,3,Agent[01]よ、なぜ突然自らを人狼だと名乗り出たのか？その真意を明かせ。
2,talk,10,3,1,ワタクシは人狼であることを受け入れていますが、ここでワタクシを排除することが本当に村のためになるのか、改めて考えていただきたいですわ。
2,talk,11,4,3,Agent[01]よ、汝が自ら人狼であると告白したのだから、これは我々にとって明確な選択である。全員、Agent[01]に投票し、この村を守るべきである。我が国を守るため、正しい選択をしようぞ。
2,talk,12,4,1,Over
2,vote,1,3
2,vote,3,1
2,vote,5,3
2,execute,3,VILLAGER
2,attackVote,5,1
2,attack,1,true
3,status,1,POSSESSED,DEAD,satozaki1
3,status,2,SEER,DEAD,barneko1
3,status,3,VILLAGER,DEAD,UEC-IL1
3,status,4,VILLAGER,DEAD,kanolab1
3,status,5,WEREWOLF,ALIVE,Mille1
3,result,0,1,WEREWOLF