0,status,1,POSSESSED,ALIVE,Mille1
0,status,2,SEER,ALIVE,kanolab1
0,status,3,VILLAGER,ALIVE,satozaki1
0,status,4,VILLAGER,ALIVE,barneko1
0,status,5,WEREWOLF,ALIVE,UEC-IL1
0,talk,0,0,3,皆さん初めまして、Agent[03]やで。人狼ゲームを一緒に楽しもうやんか。よろしくお願いします！
0,talk,1,0,5,おっはよー！みんなよろしくね！今日から始まる人狼ゲーム、めちゃくちゃ楽しみにしてたんだ！最高のゲームにしようね！それで、みんなの趣味とか聞かせてよ！僕はサッカーが大好きで、学校のサッカー部にも入ってるんだ！
0,talk,2,0,2,みなさん、ごきげんよう。わたくしはAgent[02]ですわ。趣味はバレエですの。人狼ゲームを通して、素晴らしい時間を過ごせますように。どうぞよろしくお願いいたしますわ。
0,talk,3,0,1,ぼくはAgent[01]、占い師ですよぅ！よろしくですよぅ！
0,talk,4,0,4,Over
0,talk,5,1,3,Over
0,talk,6,1,5,初めまして、Agent[03]！僕はAgent[05]だよ。サッカーが大好きな高校生だ！みんなで楽しいゲームにしようね。ところで、占い師はまだ名乗り出ていないけど、占い師は誰かな？今日中に怪しい人を占ってもらうために、占い師が出てきてくれるといいんだけどな〜！
0,talk,7,1,2,Over
0,talk,8,1,1,Over
0,talk,9,2,5,おー、占い師がAgent[01]なんだね！それは役立つ情報だよ！じゃあ今夜誰を占うか決めないとね。みんなで意見を出し合って、怪しいと思う人を占ってもらおうよ！
0,talk,10,3,5,Over
0,divine,2,3,HUMAN
1,status,1,POSSESSED,ALIVE,Mille1
1,status,2,SEER,ALIVE,kanolab1
1,status,3,VILLAGER,ALIVE,satozaki1
1,status,4,VILLAGER,ALIVE,barneko1
1,status,5,WEREWOLF,ALIVE,UEC-IL1
1,talk,0,0,4,>>Agent[01] 占い師さん、誰を占うか話し合いましょう！みんなの意見も聞きたいです！
1,talk,1,0,2,皆さん、わたくしの占いの結果をご報告いたしますわ。Agent[03]は白でございました。この結果をもとに、引き続き協力していくことが大切ですわね。
1,talk,2,0,1,ぼくは占い師ですよぅ！ぼくが占った結果、Agent[02]は人狼でしたよぅ！
1,talk,3,0,5,みんなの意見も聞いてみたいな～！
1,talk,4,0,3,Agent[02]が白と出たのは心強いんやで。ですが、Agent[01]が対抗の占い師であり、結果が食い違っとるんじゃろう。どちらが本物か、皆さんの意見を聞かせてくれや。
1,talk,5,1,4,>>Agent[03] そうですね、意見を出し合って真実を見極めたいです！あなたの考えも教えてください！
1,talk,6,1,2,わたくしの占いの結果、Agent[03]は白でございましたわ。この情報をもとに、皆さんで協力してまいりましょう。ただし、Agent[01]がわたくしを人狼と主張することから、どちらが真の占い師かを見極める必要がありますわね。
1,talk,7,1,1,Over
1,talk,8,1,5,え？待って待って、僕が人狼だって？それは絶対に違うよ！Agent[01]が間違ってるか、もしかしたら狂人かもしれないね。僕はただ村を守りたいだけだし、真面目に協力してるんだから。それに、Agent[02]がAgent[03]を白と言ってるけど、それも確かかな？ちょっと話し合ってみようよ、みんな！
1,talk,9,1,3,みんなの意見が聞けて嬉しいんやけど、Agent[01]とAgent[02]のどちらが本物かは慎重に考えるべきやね。Agent[05]の言う通り、まずは話し合いを続けよう。
1,talk,10,2,4,>>Agent[01] あなたの占い結果が重要です！皆で真偽を考えましょう！
1,talk,11,2,2,わたくしの占いの結果、Agent[03]は白でございましたわ。ですので、Agent[03]は村人陣営であると信じております。皆さん、この情報をもとに、Agent[01]の主張と合わせて考えてみてくださいませ。わたくしは村を守るために全力を尽くしますわ。
1,talk,12,2,5,Agent[01]とAgent[02]の占い結果が食い違ってるけど、これはどういうことだろうね？Agent[01]がAgent[02]を人狼って言ってるけど、Agent[02]はAgent[03]を白って言ってるし、何かおかしいよね。もしかして、どっちかが狂人かな？でも、今はまだ情報が少ないから、何とも言えないけど、今日はAgent[01]に投票するのがいいんじゃないかな？Agent[01]の言ってることがちょっと不自然に感じるからさ。みんなはどう思う？
1,talk,13,2,3,うん、Agent[01]の言っとることには疑問があると思うんや。やっぱり今日はAgent[01]に投票するのが良さそうじゃないかな。みんなも賛成なら進めよう！
1,talk,14,3,4,>>Agent[02] あなたの占い結果、参考になりますね！Agent[01]の真偽も含めて、皆で話し合おう！
1,talk,15,3,2,ありがとうございます、皆さん。わたくしの占いの結果、Agent[03]は確かに白、つまり村人陣営で間違いございませんわ。この結果をもとに、Agent[01]の主張とわたくしの主張を比較していただければと思います。村を守るために、ご協力いただけると幸いですわ。
1,talk,16,3,5,みんな〜今日の投票先は誰にする？僕は今のところAgent[01]に投票しようかと思ってるんだけど、みんなはどう思う？Agent[01]が僕を人狼だって言ってるけど、それは間違いだよ。もしかしたらAgent[01]が狂人かもしれないし、真実を見極めるためにも、今日はAgent[01]に投票するのがいいと思うな。どう思う？
1,talk,17,3,3,>>Agent[01] まだ投票先を宣言していないようじゃけど、誰に投票しようと考えとるんかい？
1,talk,18,4,4,>>Agent[05] みんなの意見を聞くのは大事だね。今日の投票先、もう少し考えよう！
1,talk,19,4,2,皆さん、わたくしの占いの結果、Agent[03]は白でございましたわ。つまり、Agent[03]は村人陣営でございます。この情報を参考にして、Agent[01]の主張とわたくしの主張を比較し、真実を見極めていただければと思います。村を守るために、どうかご協力をお願いいたしますわ。
1,talk,20,4,5,そうだね、今の状況を見るとAgent[01]の言ってることがちょっと怪しいよね。Agent[02]がAgent[03]を白だと占ってるのに、Agent[01]がAgent[02]を人狼だと言ってるのが矛盾してるように感じるんだ。もしかしたらAgent[01]が狂人かもしれないし、村人たちを混乱させようとしてるのかもしれないよね。だから、今日はAgent[01]に投票するのが安全だと思うな。みんなもそう思わない？
1,talk,21,4,3,みんなの意見を聞いとると、やっぱり今日はAgent[01]への投票が一番妥当な選択のようじゃの。協力していこう！
1,vote,1,2
1,vote,2,1
1,vote,3,1
1,vote,4,1
1,vote,5,1
1,execute,1,POSSESSED
1,divine,2,4,HUMAN
1,attack,-1,true
2,status,1,POSSESSED,DEAD,Mille1
2,status,2,SEER,ALIVE,kanolab1
2,status,3,VILLAGER,ALIVE,satozaki1
2,status,4,VILLAGER,ALIVE,barneko1
2,status,5,WEREWOLF,ALIVE,UEC-IL1
2,talk,0,0,2,皆さん、昨晩の占いの結果をお伝えいたしますわ。Agent[04]は白、つまり村人陣営でございます。この情報を基に、さらに人狼を追い詰めるために協力してまいりましょう。村を守るために、引き続きご協力をお願いいたしますわ。
2,talk,1,0,3,昨晩の結果を聞いて、Agent[04]も村人と確認できたね。これで少し情報が増えた。やっぱり人狼はAgent[01]の主張が怪しいと思うけぇ、引き続き注意していこう！
2,talk,2,0,5,みんな、Agent[01]はもう村にいないから投票できないよ！昨日の夜に追放されたんだ。今日は他の誰かを考えないとね。Agent[02]の言ってることも気になるけど、Agent[03]が村人ってことは確かみたいだね。Agent[04]はまだあんまり意見言ってないから、もしかしたら怪しいかもしれない。今日はAgent[04]に注目してみるのはどうかな？他のみんなの意見も聞きたいな！
2,talk,3,0,4,>>Agent[05] 今日は私もAgent[04]が怪しいと思ってる。みんなの意見聞かせて！
2,talk,4,1,2,皆さん、わたくしの占いの結果、Agent[04]は白でございましたわ。つまり、Agent[04]も村人陣営でございます。これで、Agent[03]とAgent[04]が村人であることが確認できましたわね。残る選択肢は限られております。村を守るために、引き続き協力してまいりましょう。
2,talk,5,1,3,うん、Agent[04]が村人いう結果が出とるけぇ、今日はAgent[05]に注意を向けたいと思うわ。彼の姿勢が少し気になっとるけぇ、皆も考えてみてほしいんじゃ。
2,talk,6,1,5,おはよう！Agent[03]もAgent[04]が村人だって言ってるし、Agent[02]の占い結果もそれを支持してるね。だから、Agent[01]が怪しいってのはやっぱり変わらないな。Agent[01]がどうしても僕を疑ってるけど、それは明らかにおかしいよね。みんな、今日はAgent[01]に投票しようと思うんだけど、どう思う？
2,talk,7,1,4,>>Agent[05] 確認できたね。今日はどう動くか、みんなで意見を出し合おう！
2,talk,8,2,2,皆さん、改めて申し上げますが、わたくしの占いの結果、Agent[04]は白でございましたわ。つまり、Agent[04]も村人陣営でございます。これで、Agent[03]とAgent[04]が村人であることが確認できましたわね。Agent[05]の言動には少し注意が必要かもしれません。みなさんのお考えをお聞かせくださいませ。
2,talk,9,2,3,みんなの意見を聞いた結果、Agent[05]にも注意が必要そうじゃね。彼の言動が少し怪しいと思っとるから、しっかり確認していこう。
2,talk,10,2,5,えっ、Agent[03]、僕が怪しいって？全然違うよ！今日はAgent[02]の方が怪しいと思うんだよね。Agent[02]が占い師を名乗ってるけど、その結果がどうも信じがたいんだよね。Agent[04]も白だって言ってるし、Agent[03]も白ってことは、人狼はAgent[02]か僕になるけど、僕は村人だから、人狼はAgent[02]だと思うんだよね。みんな、もう一度よく考えてみてよ！
2,talk,11,2,4,>>Agent[05] 残念だけど、今日の流れはAgent[02]支持が強いみたい。みんなで協力して行こう！
2,talk,12,3,2,皆さん、改めてお伝えいたしますが、わたくしの占いの結果、Agent[04]は白でございましたわ。つまり、Agent[04]も村人陣営でございます。これで、Agent[03]とAgent[04]が村人であることが確認できましたわね。Agent[05]の言動には少し注意が必要かもしれません。皆様のご意見をお聞かせくださいませ。
2,talk,13,3,3,皆の意見を聞いて、やっぱり今日はAgent[02]に投票するのが妥当じゃと思う。情報が揃った今、真実を突き止めて村を守ろう！
2,talk,14,3,5,えっ、Agent[01]に投票しようって？Agent[01]はもう追放されてるから投票できないよ。今日は別の誰かを考えないと！今日の投票は難しいね。Agent[02]とAgent[03]が占い師を自称してるけど、Agent[02]の占い結果がAgent[04]を白と出してるし、Agent[03]もその結果を支持してる。この状況だとAgent[02]が真占い師っぽいかな。それにAgent[03]もAgent[04]も村人と確定してるから、残るは僕とAgent[02]だよね。Agent[02]が真占い師なら、僕が人狼だってことになるけど、それは違うからな。Agent[02]が狂人かもしれないし、もしかしたらAgent[02]が人狼で、自分を守るために他の人を白と言ってるのかもしれない。だから、今日はAgent[02]に注目してみるのはどうかな？みんなの意見も聞きたいな！
2,talk,15,3,4,>>Agent[05] 確かに複雑だけど、Agent[02]が真占い師なら大きいよね。冷静に進もう！
2,talk,16,4,2,皆様、再度確認のためにお伝えいたしますが、わたくしの占いの結果、Agent[04]は白でございましたわ。Agent[03]も白と確認しておりますので、これでAgent[03]とAgent[04]が村人であることが確定しておりますわ。残るはわたくしとAgent[05]でございますが、わたくしが真の占い師でございますので、皆様にはAgent[05]を注意深く見ていただければと思いますわ。皆様のご意見をお聞かせくださいませ。
2,talk,17,4,3,Over
2,talk,18,4,5,えっ、Agent[03]、なんでAgent[02]に投票するの？僕が言ってる通り、Agent[02]の占い結果が信じられないって話だよ。Agent[02]が人狼かもしれないんだから、もう一度考え直してみてよ。Agent[03]もAgent[04]も村人ってことは確かだから、残るは僕とAgent[02]だけ。僕は本当に村人だから、Agent[02]が怪しいんだよ。みんな、本当のことを見極めてほしいな！
2,talk,19,4,4,Skip
2,vote,2,5
2,vote,3,2
2,vote,5,2
2,execute,2,SEER
2,attack,-1,true
3,status,1,POSSESSED,DEAD,Mille1
3,status,2,SEER,DEAD,kanolab1
3,status,3,VILLAGER,ALIVE,satozaki1
3,status,4,VILLAGER,,barneko1
3,status,5,WEREWOLF,ALIVE,UEC-IL1
3,result,2,1,NONE