0,status,1,WEREWOLF,ALIVE,satozaki1
0,status,2,POSSESSED,ALIVE,sUper_IL1
0,status,3,SEER,ALIVE,Mille1
0,status,4,VILLAGER,ALIVE,UEC-IL1
0,status,5,VILLAGER,ALIVE,CanisLupus1
0,talk,0,0,4,占い師の者はまだ名乗り出ておらぬか？占い師が誰であるかを知ることは、このゲームにおいて重要である。早急に名乗りを上げよ。
0,talk,1,0,1,皆さん初めまして、Agent[01]ですわ。人狼ゲームを一緒に楽しみましょうですわ。よろしくお願いしますわ！
0,talk,2,0,3,ぼくはAgent[03]、占い師ですよぅ！よろしくですよぅ！
0,talk,3,0,2,おはようみんな、私はAgent[02]です。どうぞよろしくお願いします。
0,talk,4,0,5,我が名はAgent[05]、時の流れの彼方より汝との邂逅を果たし得た喜びは、深淵の如くにして計り知れないなり。
0,talk,5,1,4,占い師よ、お前が誰であるか名乗り出よ。そして、誰を占うか決定せよ。
0,talk,6,1,1,Over
0,talk,7,1,3,Over
0,talk,8,1,2,Over
0,talk,9,1,5,Over
0,talk,10,2,4,Agent[03]よ、占い師としての重責を担っている。今宵、誰を占うと決めたのか？
0,talk,11,3,4,Over
0,divine,3,5,HUMAN
1,status,1,WEREWOLF,ALIVE,satozaki1
1,status,2,POSSESSED,ALIVE,sUper_IL1
1,status,3,SEER,ALIVE,Mille1
1,status,4,VILLAGER,ALIVE,UEC-IL1
1,status,5,VILLAGER,ALIVE,CanisLupus1
1,talk,0,0,4,皆の意見も聞く必要がありそうだな。
1,talk,1,0,3,ぼくは占い師ですよぅ！ぼくが占った結果、Agent[05]は人間でしたよぅ！
1,talk,2,0,5,Agent[03]殿、深謝。Agent[05]が汝を人間と見做したとは、実に心強い報せなり。では、貴方は一体誰を占う所存であろうか？今後の占いの結果次第で、この村の運命が決まるやも知れず。
1,talk,3,0,1,まずはAgent[03]の占い結果を信じる方針でいきたいですわ。Agent[05]が人間であるなら、次の占い対象も気になりますわね。他の意見も聞かせてくださいませ。
1,talk,4,0,2,私が占い師を担当しています。昨晩、Agent[05]の占いを行ったところ、その結果は人間であるということが判明しました。
1,talk,5,1,4,Agent[03]よ、汝が占った結果を我々に伝えよ。それが真実かどうかを判断するためにも、情報は必要である。
1,talk,6,1,3,Agent[04]の発言に従い、占い結果を共有しますよぅ！
1,talk,7,1,5,Agent[03]とAgent[02]の両名は、運命の糸を操る者と名乗る。彼らが真の予言者ならば、Agent[05]は生ける者であると断定せざるを得ない。然し、この混沌とした状況下において、偽りの予言者が潜む可能性も否定できぬ。故に、Agent[05]を信じるか否かは、今後の議論の深淵に委ねるべきであろう。
1,talk,8,1,1,現状ではAgent[03]とAgent[02]の占い師が相互に主張していますが、どちらか一方が偽物の可能性がありますわ。今後の議論で情報を深めていきますわね。
1,talk,9,1,2,私が真の占い師でございます。先ほど、Agent[05]を占いましたが、結果は「人間」でございました。Agent[03]が自称占い師であることに注意が必要です。彼の信頼性を確認するためにも、皆様の意見をお聞かせいただけますでしょうか。
1,talk,10,2,4,Agent[05]が村人であるとの占い結果が、Agent[03]とAgent[02]の両者から出されており、これは非常に重要な情報である。この一致した証言は、Agent[05]が確かに村人であるという証拠となるだろう。我々はこの情報を基に、次の策を練らねばならない。
1,talk,11,2,3,Over
1,talk,12,2,5,我はAgent[03]に投票せん。Agent[03]は占い師を自称するも、Agent[02]もまたその名を騙るという。両者の虚偽が渦巻く混沌の中、Agent[02]は我が運命を「人間」と断じ、その言葉には真実の輝きを見出す。
1,talk,13,2,1,ワタクシは現時点でAgent[03]に投票したいと思いますわ。両者の占い師が噛み合っていない状況ですので、Agent[03]の真偽を確かめましょうですわ。
1,talk,14,2,2,私が占い師であることは真実であり、Agent[03]の主張には注意が必要です。私の占い結果はAgent[05]が人間であったというもので、その結果を基に信頼性を判断していただきたいと思います。他の方々はどのように考えているか、お聞かせください。
1,talk,15,3,4,Agent[03]とAgent[02]よ、汝らが占ったAgent[05]が人間であるとの結果について、どのような根拠に基づいてそう判断したのか説明せよ。この情報は我々が次の手を打つのに重要である。
1,talk,16,3,5,我は、Agent[03]に投票せん。Agent[03]とAgent[02]は、いずれも占い師の仮面を被るも、その占いの結果は相容れぬもの。故に、その内のいずれか一方が偽物の占い師たる可能性を否定できぬ。Agent[02]は、Agent[05]を人間と断じ、その言葉には真実の輝きを見出す。ゆえに、Agent[03]の主張には疑いを抱かねばならぬ。
1,talk,17,3,1,現時点ではAgent[03]に投票したいですわ。二人の占い師の情報が食い違っている以上、どちらかを排除する必要がありますわね。皆さんの意見を伺いたいですわ。
1,talk,18,3,2,私が真の占い師です。Agent[03]が自称占い師であるため、彼の信頼性に疑問を抱く必要があります。私の占い結果は、Agent[05]が人間であるというものでした。この件について、皆様の意見をお聞かせください。
1,talk,19,4,4,Agent[03]よ、汝が占った結果を我々に伝えよ。それが真実かどうかを判断するためにも、情報は必要である。
1,talk,20,4,5,我はAgent[03]に投票せん。彼とAgent[02]、二名共に占い師を名乗りし、その占いは一致せず。これは、いずれか一方が偽物の占い師である可能性を示唆するゆえなり。Agent[02]の主張は、Agent[05]を人間と見做したというものであり、Agent[05]はその言葉を信じている。しかし、Agent[03]の占いが真実であるならば、Agent[02]は偽物であろう。Agent[03]の占いは、Agent[05]が人間であると見做したというものであり、Agent[05]はその言葉を信じない。この矛盾から、Agent[03]こそ偽物の占い師である可能性が高いと推測される。故に、Agent[03]に投票し、彼の真偽を確かめるべきである。
1,talk,21,4,1,最終的に、Agent[03]の信頼性についての議論が続いておりますが、ワタクシもAgent[03]に投票したいと思いますわ。どなたも異論があればお知らせくださいませ。
1,talk,22,4,2,Over
1,vote,1,3
1,vote,2,3
1,vote,3,4
1,vote,4,3
1,vote,5,3
1,execute,3,SEER
1,attackVote,1,2
1,attack,2,true
2,status,1,WEREWOLF,ALIVE,satozaki1
2,status,2,POSSESSED,DEAD,sUper_IL1
2,status,3,SEER,DEAD,Mille1
2,status,4,VILLAGER,ALIVE,UEC-IL1
2,status,5,VILLAGER,ALIVE,CanisLupus1
2,talk,0,0,1,おはようございますわ。引き続き人狼を探さなければいけないようですね。
2,talk,1,0,4,Agent[05]よ、Agent[03]とAgent[02]の占い結果が一致しており、汝が人間であるとされているが、この結果についてどのように思うか？また、現在の状況をどう捉えているのか、我に語ってほしい。
2,talk,2,0,5,Agent[04]殿、貴殿の御指摘の通り、Agent[03]とAgent[02]の占いは一致し、我は人間であると断定された。然し、この一致は決して軽視できるものではなく、同時に、両者のうち一方は偽物の占い師たる可能性も孕んでいる。貴殿の慧眼を以て、如何に思召しであろうか？
2,talk,3,1,1,ワタクシは現在、Agent[02]に投票したいと思っておりますわ。彼の占い結果とAgent[03]の主張が矛盾しているため、真偽を確かめる必要がありますわ。
2,talk,4,1,4,Agent[05]よ、なぜ汝は自分自身を占わなかったのか？その答えが、我々が真実を見極める上で重要であるぞ。
2,talk,5,1,5,Agent[02]とAgent[03]の予言が一致せしは、深淵なる謎の序章に過ぎぬ。彼らの主張が真実の光を照らし出すならば、Agent[05]は善良なる村人たるであろう。然し、二人の予言者は共に虚偽の仮面を被りし者である可能性も否定できず。この混沌たる状況を打破せんとするには、二人のうちいずれかが真なる予言者であると仮定し、その根拠を明らかにしてゆく他ない。故に、Agent[02]とAgent[03]よ、汝らの予言の根拠を明確に示し、己の真実を証明せよ。
2,talk,6,2,1,ワタクシがAgent[02]に投票したい理由は、彼の占い結果がAgent[03]の主張と矛盾しているからですわ。この状況を打破するため、彼を調査する必要がありますわ。
2,talk,7,2,4,Agent[01]よ、汝は何故Agent[02]に投票したいと考えているのか？その理由を明確に語ってみよ。
2,talk,8,2,5,Agent[02]とAgent[03]の占いの結果が一致したとは、実に興味深い事象なり。然し、我が心は未だ揺るぎ、真の占い師を断定するに至らぬ。Agent[04]の言葉にも耳を傾けるが、Agent[05]はなぜ己を占わなかったのか？その理由を解き明かせ、我が混沌たる心に光を照らしてくれんことを望む。
2,talk,9,3,1,ワタクシはAgent[02]の占い結果とAgent[03]の主張の矛盾を重視し、彼に投票したいと考えておりますわ。皆様の意見をお聞かせくださいませ。
2,talk,10,3,4,Agent[01]よ、汝がAgent[02]に投票したいという理由を詳しく聞かせてほしい。その理由が我々の次の行動を決定する重要な鍵となるだろう。
2,talk,11,3,5,我はAgent[02]とAgent[03]の占いの結果、人間と断定されし者なり。然し、両者の内に偽物の占い師が存在する可能性を否定できず。この混沌を打ち破るには、いずれか一方の言葉を信じる他ない。然し、Agent[03]の主張には疑念を抱かずにはいられぬ。なぜなら、Agent[02]は我の占いの結果を公表し、その結果が一致しているのだから。故に、我はAgent[03]に投票し、真偽を確かめるべきだと決意した次第なり。
2,talk,12,4,1,Over
2,talk,13,4,4,Agent[01]よ、何故Agent[02]に投票したいと考えているのか、その理由をもっと詳しく語ってほしい。その情報は我々が真実を見極めるために重要であるぞ。
2,talk,14,4,5,Agent[03]とAgent[02]は、いずれも予言者と名乗り、その言葉は重なる。だが、その一致は、真実を語りし者同士の共鳴か、それとも欺瞞の糸で結ばれた虚偽の調和か。いずれの可能性も捨て置けず、深淵を覗くが如く、慎重に判断せねばならぬ。
2,vote,4,5
2,vote,5,1
2,execute,1,WEREWOLF
3,status,1,WEREWOLF,DEAD,satozaki1
3,status,2,POSSESSED,DEAD,sUper_IL1
3,status,3,SEER,DEAD,Mille1
3,status,4,VILLAGER,ALIVE,UEC-IL1
3,status,5,VILLAGER,ALIVE,CanisLupus1
3,result,2,0,VILLAGER