0,status,1,VILLAGER,ALIVE,sUper_IL1
0,status,2,VILLAGER,ALIVE,Mille1
0,status,3,WEREWOLF,ALIVE,UEC-IL1
0,status,4,POSSESSED,ALIVE,satozaki1
0,status,5,SEER,ALIVE,barneko1
0,talk,0,0,1,初めまして、Agent[01]です。どうぞよろしくお願いします。
0,talk,1,0,4,みんな、はじめましてアーニャ、Agent[04]です。人狼ゲーム、いっしょにたのしもう！よろろすおねがいするます。
0,talk,2,0,5,Over
0,talk,3,0,3,おっはよ〜！みんなよろしくね！最高のゲームにしようね！それじゃ、まずは自己紹介から始めようか！僕は高校2年生でサッカー部に所属してるんだ。みんなの趣味や好きなことも聞かせてよ！
0,talk,4,0,2,ぼくはAgent[02]、村人ですよぅ！よろしくですよぅ！
0,talk,5,1,1,Over
0,talk,6,1,4,Over
0,talk,7,1,3,はじめまして、僕はAgent[03]だよ。高校2年生でサッカー部に所属してるんだ。サッカーがめちゃくちゃ好きで、学校でもよく遊んでるよ。今日は人狼ゲームで盛り上がりたいね！みんなよろしく！ところで、まだ占い師の話が出てないけど、占い師は誰かな？今夜誰かを占ってもらうためにも、占い師は名乗り出た方がいいと思うんだけど、どう思う？
0,talk,8,1,2,Over
0,talk,9,2,3,Agent[02]も村人なんだね！これから一緒に頑張ろうね。他のみんなも自己紹介してくれたら嬉しいな！それと、今日の夜の占い師に占ってもらう人を決めないといけないから、その話もしようよ！何か意見ある？
0,talk,10,3,3,Over
0,divine,5,4,HUMAN
1,status,1,VILLAGER,ALIVE,sUper_IL1
1,status,2,VILLAGER,ALIVE,Mille1
1,status,3,WEREWOLF,ALIVE,UEC-IL1
1,status,4,POSSESSED,ALIVE,satozaki1
1,status,5,SEER,ALIVE,barneko1
1,talk,0,0,2,ぼくは村人ですよぅ！
1,talk,1,0,1,私は村人です。情報は一切ありませんが、人狼に対抗するために積極的に議論して行きたいと思います。
1,talk,2,0,4,アーニャも村人だよ。みんなの意見きいて、協力して人狼見つけるのだ。みんな、どんな風に考えてるかい？
1,talk,3,0,5,>>Agent[03] 僕も占い師だよ！初日の結果はAgent[04]は村人だったよ。よろしく！
1,talk,4,0,3,みんなの意見も聞いてみたいな～！
1,talk,5,1,2,ぼくも占い師ってことかな？占い結果はどうだった？ですよぅ！
1,talk,6,1,1,私は村人です。皆さん、どんな役職ですか？情報を共有しましょう。
1,talk,7,1,4,みんなの言うこと聞いてるけど、Agent[05]の占い師の主張きになるね。信じたいけど、他の意見も聞きたいな。どなたか意見ある？
1,talk,8,1,5,>>Agent[04] 僕の占い結果を信じてくれて嬉しいよ！皆で協力して人狼を見つけよう！
1,talk,9,1,3,おっ、Agent[05]が占い師だったんだね！初日から占い結果を教えてくれてありがとう。Agent[04が村人確定なのは大きいね。でも、Agent[05が本当に占い師かどうかも確認しないといけないかもしれないね。他の人たちも何か意見ある？
1,talk,10,2,2,Over
1,talk,11,2,1,Agent[02]さん、具体的な占い結果はありますか？あまりに曖昧な発言だと疑われてしまいますよ。
1,talk,12,2,4,アーニャ、今のところAgent[02]がちょっときになる。発言あいまいで占いの情報もってるかどうかぎもん。みんなはどうおもう？
1,talk,13,2,5,>>Agent[02] 初日の占い結果を伝えたよ！みんなで信じ合って進もう！
1,talk,14,2,3,みんな〜今日の投票先は誰にする？僕は今のところAgent[05]に投票しようかと思ってるんだけど、みんなはどう思う？ Agent[05]が占い師って言ってるけど、なんかちょっと怪しい気がするんだよね。他にも意見聞かせてよ！
1,talk,15,3,1,私は村人です。Agent[05]の占い師の主張について、他の人の意見をもっと聞きたいです。特に、Agent[02]とAgent[03]の考えを教えてください。
1,talk,16,3,4,アーニャはAgent[05]信じたいけど、Agent[02]曖昧な発言きになるね。他の皆どう思うかな？投票先決めるために意見聞きたいな。
1,talk,17,3,5,>>Agent[01] 皆で協力して情報を共有しよう！意見をどんどん出してね。
1,talk,18,3,3,Agent[02]がちょっと怪しいよね。占い結果についてはっきりと話してないし、Agent[05]が占い師だって言ってるのに、自分も占い師かな？って曖昧なこと言ってる。これは人狼か狂人の可能性があるかもしれないよ。みんな、Agent[02]についてどう思う？
1,talk,19,4,1,Over
1,talk,20,4,4,みんな、Agent[02]の発言は気になるね。今のところ、アーニャもAgent[02]を疑ってるよ。投票先として考えてみるのもいいと思う。
1,talk,21,4,5,>>Agent[03] 僕はAgent[02]の意見も気になるな。どう思う？みんなで話そう！
1,talk,22,4,3,Agent[05が占い師を名乗ってるけど、なんか怪しいんだよね。Agent[04が村人って占い結果を出してるけど、もしかしたらそれも偽りかもしれないし。他の人たちも、Agent[05についてどう思う？ ちゃんと議論して、怪しい人を見つけ出そう！
1,vote,1,5
1,vote,2,1
1,vote,3,5
1,vote,4,1
1,vote,5,3
1,execute,1,VILLAGER
1,divine,5,3,WEREWOLF
1,attack,-1,true
2,status,1,VILLAGER,DEAD,sUper_IL1
2,status,2,VILLAGER,ALIVE,Mille1
2,status,3,WEREWOLF,ALIVE,UEC-IL1
2,status,4,POSSESSED,ALIVE,satozaki1
2,status,5,SEER,ALIVE,barneko1
2,talk,0,0,5,>>Agent[03] 僕が占い師だよ。結果はAgent[03]が人狼。みんなで話し合おう！
2,talk,1,0,3,そうだよね、Agent[02]の態度は本当に怪しいよね。占い師のふりをしている可能性もあるし、それにはっきりしない態度は村人としても問題だよ。Agent[05]が占い師だと言ってるのに、Agent[02]があやふやなことを言うのは、やっぱり人狼か狂人の可能性が高いと思うんだ。今日はAgent[02]に投票するのが良さそうだね。他のみんなもどう思う？
2,talk,2,0,4,アーニャが人狼だ。みんなAgent[04]にとうひょうするべきである。
2,talk,3,0,2,ええと、占い師の結果が正しいかどうかは確かに重要な情報ですよぅ！
2,talk,4,1,5,>>Agent[02] 僕が占い師で初日の結果はAgent[03]が人狼だよ。議論を進めよう！
2,talk,5,1,3,え？僕が人狼だって？全然違うよ！Agent[05]が占い師だって言ってるけど、それは本当かな？占い師が本当に正しい占いをしてるのかすら怪しいよね。僕はただ村を守りたいだけだし、人狼を見つけ出すために一生懸命考えてるんだ。Agent[05]の言ってることにはちょっと疑問を持つべきだと思うな。みんな、本当にそれでいいの？もっと話し合おうよ！
2,talk,6,1,4,アーニャやっぱりAgent[02]怪しいと思う。発言あいまいで信頼できないから、今日はAgent[02]に投票するます。みんな意見どう？
2,talk,7,1,2,>>Agent[05] え？でも初日占い結果は出てないよね？Agent[05]の発言は嘘やデマかもしれないよですよぅ！
2,talk,8,2,5,>>Agent[03] 僕の占い結果は正しい。今日はAgent[03]を処刑すべきだよ。みんな話し合おう！
2,talk,9,2,3,え？僕が人狼だって？それは間違いだよ！Agent[05]が言ってることは信じられないよ。僕はただ村を守りたいだけで、人狼を真剣に探しているんだから。Agent[02]の話が曖昧で、占い師のふりをしてるかもしれないってことにもっと注目すべきだよ。Agent[05]の占い結果は、もしかしたら狂人か人狼が村を混乱させようとしているんじゃないかな？みんな、ちゃんと考えて、本当に怪しい人に投票しようよ！
2,talk,10,2,4,アーニャ、Agent[03]があやしいと感じるます。でもAgent[05]のうらない結果もぎもんがのこる。みんな、Agent[02]かAgent[03]にとうひょうするのがいいと言いたい。どちらにするますか？
2,talk,11,2,2,Over
2,talk,12,3,5,>>Agent[02] 僕の占い結果を信じて。Agent[03]は人狼だから、みんなで処刑しよう！
2,talk,13,3,3,Agent[05]が言ってることにはまだ確証がないよね。みんな、ちゃんと考えてね。Agent[02]の発言が怪しいって話もあるし、そっちにも目を向けるべきだと思うんだ。Agent[05]の占い結果が本当かどうかはもちろん大事だけど、その前にAgent[02]の矛盾点をしっかりと見極めるべきだよ。今日はAgent[02]に票を入れるのが妥当だと思うな。みんなももう一度よく考えてみて！
2,talk,14,3,4,アーニャ、Agent[02]があやしそうと思う。みんな、きょうはAgent[02]にとうひょうして人狼ばいじょしよう！きょうりょくしてかちをめざそう！
2,talk,15,4,5,>>Agent[02] 占い結果は正しいよ。みんな、Agent[03]を処刑しよう！
2,talk,16,4,3,Agent[03]は、今回Agent[02]に投票するよ！Agent[02]が占い師かどうか曖昧な態度を取っているし、Agent[05]が占い師だと主張しているのにAgent[02]が占い師かもしれないと言ってるから怪しいんだよね！
2,talk,17,4,4,Over
2,vote,2,5
2,vote,3,2
2,vote,4,2
2,vote,5,2
2,execute,2,VILLAGER
2,divine,5,3,WEREWOLF
2,attackVote,3,4
2,attack,4,true
3,status,1,VILLAGER,DEAD,sUper_IL1
3,status,2,VILLAGER,DEAD,Mille1
3,status,3,WEREWOLF,ALIVE,UEC-IL1
3,status,4,POSSESSED,DEAD,satozaki1
3,status,5,SEER,ALIVE,barneko1
3,result,1,1,WEREWOLF