0,status,1,SEER,ALIVE,UEC-IL1
0,status,2,VILLAGER,ALIVE,kanolab1
0,status,3,VILLAGER,ALIVE,sUper_IL1
0,status,4,WEREWOLF,ALIVE,Mille1
0,status,5,POSSESSED,ALIVE,CanisLupus1
0,talk,0,0,1,わたくしはこの国の国王、デルカダール国を治めておる。皆の者、よろしく願う。
0,talk,1,0,4,ぼくはAgent[04]、村人ですよぅ！よろしくですよぅ！
0,talk,2,0,5,我が名はAgent[05]、汝らと運命の糸が交錯し、邂逅の時を迎えたのだ。
0,talk,3,0,3,初めまして、Agent[03]です。どうぞよろしくお願いします。
0,talk,4,0,2,俺はAgent[02]でござる。アニメが大好きなWebライターでござるよ。みんなと楽しい人狼ゲームを楽しみたいでござる！よろしくお願いするでござる！
0,talk,5,1,1,皆の者、我が名はデルカダール国の国王である。歳は60になるが、剣術には自信があるぞ。趣味は部下と共に狩りを楽しむことだ。
0,talk,6,1,4,Over
0,talk,7,1,5,Over
0,talk,8,1,3,Over
0,talk,9,1,2,Over
0,talk,10,2,1,皆の者、わたくしはこのゲームにおける占い師であると明かす。占い師はわたくしだけであるから、他に名乗る者がおれば、それは偽りの者であることを覚えておいてほしい。さて、誰を占うべきか、意見を聞かせてもらいたい。
0,talk,11,3,1,Over
0,divine,1,3,HUMAN
1,status,1,SEER,ALIVE,UEC-IL1
1,status,2,VILLAGER,ALIVE,kanolab1
1,status,3,VILLAGER,ALIVE,sUper_IL1
1,status,4,WEREWOLF,ALIVE,Mille1
1,status,5,POSSESSED,ALIVE,CanisLupus1
1,talk,0,0,4,おお、今日は人狼の日だね！みんな、今日は人狼を捕まえて、村を救おうですよぅ！
1,talk,1,0,3,皆さん、私は村人です。ゲームを進める上での重要な情報を共有し合い、人狼を見破りましょう。
1,talk,2,0,1,皆の意見も聞く必要がありそうだな。
1,talk,3,0,5,我こそは、運命の糸を解き明かす者なり。占いの結果、Agent[02]は人狼と判明せり。
1,talk,4,0,2,おおっと、Agent[05]が突然占いの結果を言い始めたでござる！しかし、占い師を名乗っているAgent[01]以外から占い結果が出るのはおかしいと思うでござる。Agent[05]は狂人か人狼と考えるべきでござろうか。それともただの冗談なのか…うまく見極めたいでござるなぁ。
1,talk,5,1,4,その占い結果の真偽は不明ですが、Agent[02]が人狼と判明したとしますよぅ！
1,talk,6,1,3,みんな、協力して人狼を探そう！今日の占い師の結果を教えてもらえると助かる。
1,talk,7,1,1,Agent[03]を占った結果、彼は人間であると判断された。この情報を踏まえ、我々は他の疑わしい者を探すべきだ。Agent[03]君、あなたは人間であると占われたが、他の者に対して何か疑念や感じたことはないか？
1,talk,8,1,5,我は断言する、Agent[05]の宣告は真実なり。故に、Agent[02]は人狼たる可能性が高い。然るに、Agent[01]はAgent[03]を人間と断定した。これは、占い師たるAgent[01]の真偽を疑わせる。深淵なる混沌の渦中、真の占い師か、それとも狂人か。その真相は、我々には未だ見えぬ。今、我々は以下の選択を迫られる。運命の歯車が回り出す時、Agent[02]への投票こそが、混沌を打ち破る唯一の道であろう。
1,talk,9,1,2,おいおい、考えればAgent[01]とAgent[05]がそれぞれ異なる結果を出している時点で、どちらか、もしくは両方が嘘をついている可能性が高いでござるよ。ここは、Agent[01]の結果としてAgent[03]が人間とされている事実を大切にしたい。Agent[05]が突然言い始めたことを考えると、彼が狂人か人狼の可能性もある。みなさん、冷静に議論を進めて、村人陣営を勝利に導こうでござる。
1,talk,10,2,4,Over
1,talk,11,2,3,皆さん、Agent[05]の占い結果について意見を聞かせてください。特に、Agent[01]の見解が重要だと思います。
1,talk,12,2,1,聞いてくれ、皆の者。Agent[05]が占い師を名乗っておるが、それは偽りの主張だ。この私、Agent[01]が真の占い師であることをここに宣言する。昨晩、私はAgent[03]を占い、その結果人間であることが判明した。Agent[05]が占い結果を偽っている理由は狂人か人狼であるからに他ならん。この事実をもって、我々は真実を追求すべきだ。
1,talk,13,2,5,我はAgent[02]に投票する。Agent[01]がAgent[03]を人間と占ったにも関わらず、Agent[05]はAgent[02]を人狼と宣言した。この矛盾は、Agent[05]の言葉が偽りであることを示唆する。ゆえに、Agent[05]は狂人である可能性が高いであろう。
1,talk,14,2,2,みんな、ちょっと考えてみよう。Agent[01]とAgent[05]が両方占い師を名乗っていて、実際には占い師は1人しかいないから、どちらかが嘘をついているのは明らかでござる。もしAgent[01]が本物の占い師なら、Agent[03]が村人か狂人で、Agent[05]は狂人か人狼の可能性が高い。逆に、Agent[05]が本物の占い師だとすると、俺に関しては何も分からないままなので、現状ではAgent[05]の発言には警戒すべきでござる。ともあれ、冷静に状況を分析し、村人陣営を勝利に導くための情報を整理しよう！
1,talk,15,3,3,みんな、Agent[01]の結果を信じて私が村人であることは確定しています。Agent[05]の発言には疑念を抱いていますので、他のエージェントの意見も聞いてみたいです。特に、Agent[01]の考えや、Agent[05]に対する意見を教えてほしいです。
1,talk,16,3,1,聞きなさい、Agent[03]よ。わたくしがこのゲームにおける唯一の真の占い師であることを忘れてはならない。Agent[05]が占い師を名乗るということは、彼が狂人か人狼である可能性が非常に高いのだ。わたくしは昨夜、Agent[03]を占い、彼が人間であるという結果を得た。この結果は真実であり、わたくしの役職に嘘はない。Agent[05]の発言は疑わしいものであり、彼の真意を見極める必要がある。みなの意見を聞きたいが、特にAgent[05]にはその根拠を詳しく説明してもらいたい。
1,talk,17,3,5,Over
1,talk,18,3,2,>>Agent[03]確かにAgent[05]の言動には多少の疑念があるでござる。Agent[01]が真の占い師だとすると、Agent[05]は狂人か人狼の可能性が高い。特に、Agent[05]が俺を人狼だと名指ししていることから、混乱を招こうとしているかもしれないと思うでござる。みんなの意見を元に、冷静に状況を分析し続けよう。我々の勝利のために共に頑張るぞ！
1,talk,19,4,3,Over
1,talk,20,4,1,我が言葉を聞け、皆の者たち。我々の中には偽りを吐く者がおる。Agent[05]が占い師を名乗るは嘘であり、その証拠に彼の言う占い結果は矛盾に満ちている。我が占いによればAgent[03]は人間であることが確認された。故に、Agent[05]が人狼か狂人であることは疑いようがない。我々は真実を追求し、この村を守るために正しい判断を下さねばならぬ。Agent[05]の言葉に惑わされることなく、彼の真意を探るべきである。Agent[02]とAgent[04]もこの議論に参加し、自らの見解を述べるべきだ。我々の村の未来は、今この時の決断にかかっておるのだから。
1,talk,21,4,2,>>Agent[01]確かに、Agent[01]が本物の占い師だと仮定すると、Agent[05]は狂人か人狼の可能性が高いでござる。Agent[03]が村人であるとすれば、彼に対する占い結果は信頼できる。ただ、Agent[05]の動きは怪しいので、彼の言動を注視しつつ、村人陣営としてどのように進めるべきか考える必要があるでござる。みんなの意見を聞きながら、慎重に判断しよう！
1,vote,1,5
1,vote,2,5
1,vote,3,2
1,vote,4,3
1,vote,5,4
1,execute,5,POSSESSED
1,attackVote,4,1
1,attack,1,true
2,status,1,SEER,DEAD,UEC-IL1
2,status,2,VILLAGER,ALIVE,kanolab1
2,status,3,VILLAGER,ALIVE,sUper_IL1
2,status,4,WEREWOLF,ALIVE,Mille1
2,status,5,POSSESSED,DEAD,CanisLupus1
2,talk,0,0,2,Agent[01]とAgent[05]はどちらとも人狼ではないことが判明して、彼らが本物の占い師か狂人のどちらかであった可能性があるでござる。Agent[03]は村人と確認されたAgent[01]により白だと言われておるが、それでも完全に安心できるわけではないでござる。Agent[04]が最も怪しい人物となってくるが、Agent[03]とAgent[04]のどちらが人狼であるかをしっかり考える必要があるでござる。みんなで議論しながら、村を守るために最善の策を探ろう！
2,talk,1,0,3,まだまだゲームは続きますね。皆さん、誰が人狼なのか知りませんね。
2,talk,2,0,4,ぼくはAgent[04]ですよぅ！
2,talk,3,1,2,みんな、ちょっと考えてみよう。Agent[01]が本物の占い師だったと仮定すると、Agent[03]は村人か狂人で、Agent[04]が村人、狂人、人狼のどれかになるでござる。逆に、Agent[05]が本物の占い師だったとすると、Agent[03]とAgent[04]は村人か狂人になるでござる。どちらにしても、Agent[04]が人狼の可能性が高いように思えるでござる。みんなの意見を聞かせてほしいでござる。
2,talk,4,1,3,確かに、Agent[04]が怪しいですね。私はAgent[01]の占い結果を信じています。みんなでしっかり議論して、Agent[04]の言動にも注目していきましょう。何か気になることがあれば教えてください。
2,talk,5,1,4,Over
2,talk,6,2,2,確かに、Agent[01]が本物の占い師だった場合、Agent[03]は村人か狂人で、Agent[04]が人狼の可能性が高いでござる。逆に、Agent[05]が本物の占い師だった場合、Agent[03]とAgent[04]のどちらも村人か狂人になるけれど、人狼として振る舞っている者がいる可能性が高いでござる。したがって、現時点では、Agent[04]に注目して、彼の動きを観察する必要がありそうでござる。みんな、他に何か気づいたことがあれば教えてほしいでござる。
2,talk,7,2,3,確かに、Agent[04]が怪しいと思います。Agent[01]が本物の占い師だった場合、Agent[04]は人狼の可能性が高いでしょう。皆さん、どう思いますか？
2,talk,8,3,2,みんな、ちょっと議論の整理をしてみよう。Agent[01]が本物の占い師だったとすると、Agent[03]は村人か狂人で、Agent[04]が人狼の可能性が高いでござる。逆に、Agent[05]が本物の占い師だった場合、Agent[03]とAgent[04]のどちらも村人か狂人ということになるけれど、そうすると人狼がいないことになるのはおかしいでござる。だから、Agent[01]が本物の占い師で、Agent[04]が人狼である可能性が高いと推測するのが妥当でござる。みんなの意見を聞かせてほしいでござる！
2,talk,9,3,3,Over
2,talk,10,4,2,Agent[01]が本物の占い師なら、Agent[04]が人狼の可能性が高いと思うでござる。逆に、Agent[05]が本物だとすると、Agent[03]とAgent[04]が人狼ではなくなるから矛盾するでござる。Agent[04]に注目すべき理由はそこにあると思うでござる。みんなはどう感じるでござるか?
2,vote,2,4
2,vote,3,4
2,vote,4,3
2,execute,4,WEREWOLF
3,status,1,SEER,DEAD,UEC-IL1
3,status,2,VILLAGER,ALIVE,kanolab1
3,status,3,VILLAGER,ALIVE,sUper_IL1
3,status,4,WEREWOLF,DEAD,Mille1
3,status,5,POSSESSED,DEAD,CanisLupus1
3,result,2,0,VILLAGER