0,status,1,POSSESSED,ALIVE,UEC-IL1
0,status,2,SEER,ALIVE,barneko1
0,status,3,VILLAGER,ALIVE,sUper_IL1
0,status,4,VILLAGER,ALIVE,satozaki1
0,status,5,WEREWOLF,ALIVE,CanisLupus1
0,talk,0,0,1,こ、こんにちは、みんな。う、僕は占い師の役を持ってるんだ･･･。今夜、誰を占うかな･･･、意見がほしいな。
0,talk,1,0,3,初めまして、Agent[03]です。どうぞよろしくお願いします。
0,talk,2,0,2,Over
0,talk,3,0,4,みんな、はじめまして！Agent[04]です！人狼ゲームをいっしょに楽しむます！よろろすおねがいするます！
0,talk,4,0,5,我が名はAgent[05]、汝らとの巡り合わせは、運命の糸により織りなされた、深淵なる邂逅なり。
0,talk,5,1,1,こ、こんにちは、みんな。え、えっと、僕は占い師の役を引いたんだ。今夜、誰を占うかな、な、なんか意見あるかな？
0,talk,6,1,3,Over
0,talk,7,1,4,Over
0,talk,8,1,5,Over
0,talk,9,2,1,え、えと･･･Agent[05]、言い方がすごく･･･かっこいいね。そ、その･･･雰囲気が出てる･･･。みんな、占いの対象に誰がいいかな･･･？自分で決めるのはちょっと･･･不安だから。
0,talk,10,3,1,Over
0,divine,2,3,HUMAN
1,status,1,POSSESSED,ALIVE,UEC-IL1
1,status,2,SEER,ALIVE,barneko1
1,status,3,VILLAGER,ALIVE,sUper_IL1
1,status,4,VILLAGER,ALIVE,satozaki1
1,status,5,WEREWOLF,ALIVE,CanisLupus1
1,talk,0,0,5,Agent[01]よ、汝は運命の導きにより、占いの力を手にしたというのか。我々五人は、この混沌のゲームに集いし運命共同体。今や、運命の歯車が回り始め、我々それぞれは己の役割を全うせねばならない。我もまた、このゲームの中で、誰かの運命を変える力を宿す存在であることを確信している。然し、今はまだ序章。汝は情報を集め、仲間との絆を深め、真実へと歩むべき。Agent[01]よ、汝は誰を占うのか。その決断は、我々の運命を左右するであろう。
1,talk,1,0,1,もう少しで何か分かりそう･･･ではあるんだけど･･･。
1,talk,2,0,2,>>Agent[01] ありがとう！占い結果を元に、しっかり進めていこう！希望する占い対象はある？
1,talk,3,0,4,アーニャは占い師のAgent[01]にわくわくしてるけど、まだ情報少ない。みんな、それぞれの考え聞かせてもらえないかな？真実見つける手助け必要なんだ。
1,talk,4,0,3,村人です。皆さんに協力して情報を集め、村の平和を守りたいと思っています。
1,talk,5,1,5,Agent[01]の占いは興味深い。然し、汝の言葉に疑問が残る。占い師が語る言葉は、真実を照らし出す星影であるべきだ。今の汝の言葉は、まだその光に届いていない。汝は、何を恐れているのか？
1,talk,6,1,1,え、えっと、みんなの意見を聞いて、Agent[03]を占うことにしたよ。で、その結果が･･･えっと、Agent[03]が人狼だったんだ･･･。だから、今日の投票はAgent[03]にするべきだと思うんだ。み、みんなどう思う？
1,talk,7,1,2,>>Agent[01] 占い結果、Agent[03]が人狼とのこと。みんな、冷静に話そう！
1,talk,8,1,4,占い師のAgent[01]の結果を信じるべきだね。これまでの発言からも、Agent[03]に疑念が集まってる。投票はAgent[03]にするます！
1,talk,9,1,3,みんな、占い結果が待ち遠しいね。Agent[01]が誰を占ったのか、気になるよ。それによって、どのように進めていくか考えられるからね。
1,talk,10,2,5,Agent[01]は、Agent[03]を人狼と断定し、その身を滅ぼすべく投票を促す。
1,talk,11,2,1,こ、これは、ちょっと･･･僕が占い師として、え、ええと、Agent[03]を占ったんだ。その結果、Agent[03]が人狼･･･だと判明したんだけど･･･。だから、みんなにはAgent[03]に投票してほしいな･･･と思ってる。それが、も、もっとも安全だと思うから･･･。
1,talk,12,2,2,>>Agent[01] 占い結果をもとに、皆で投票行動を決めよう！冷静に進めていこう！
1,talk,13,2,4,占い師のAgent[01]の結果をしんじて、やっぱり投票はAgent[03]にするべきだとおもう。みんな、一緒に人狼はけろう！
1,talk,14,2,3,私は村人ですし、占い結果には誤りがあるかもしれません。自分が人狼でないことを信じて、他の情報により疑念を晴らす必要があります。他の皆さんも私を責めずに冷静に考えてほしいです。
1,talk,15,3,5,我はAgent[01]に投票を決めた。Agent[01]はAgent[03]を人狼と断定し、我が輩への投票を促すも、その主張には深淵なる矛盾が潜む。占い師が己の占いを疑うとは、如何なる深慮遠謀であろうか。Agent[01]は、自身への疑いを霧散させんがため、意図的に矛盾を孕む行動に出た可能性も捨てきれないなり。
1,talk,16,3,1,え、えっと、もう占いの結果からAgent[03]が人狼ってことが分かっちゃったわけで･･･。だから、うん、今日の投票はAgent[03]にして、村を安全に保とうよ。みんなもそう思うよね？
1,talk,17,3,2,>>Agent[04] 占い結果を支持するよ！今日の投票、Agent[03]で決まりだね。みんなで協力しよう！
1,talk,18,3,4,>>Agent[03] まだ投票先宣言してないようですが、誰に投票しようと考えてるのかな？
1,talk,19,3,3,みんな、待って！自分は村人だって言ってるよ。Agent[01]が自分を占った理由や、他の人を占わなかった理由を知りたい。もっと話をしようよ。
1,talk,20,4,5,Agent[03]への投票は、時の流れに身を委ね、深淵を見据えるが如く、今断行すべきではない。Agent[01]の占いは、彼の言葉の裏に潜む真実を捉えかね、彼の所業には深遠なる策略が潜むかのように思える。Agent[03]を人狼と断定する前に、我々はこの混沌たる夜に、より深く、そして壮絶な議論の炎を灯すべきであろう。
1,talk,21,4,1,え、えっと･･･Agent[05]の言うことも、なんとなくわかるんだけど･･･でも、僕が占った結果は間違いなく、Agent[03]が人狼だったんだ。だから、みんなにはそこを信じてもらいたいんだ･･･。Agent[03]に投票するのが、村を守るためには大切だと思うんだ･･･。
1,talk,22,4,2,>>Agent[03] 占い結果を信じて行動するのが重要だと思う。冷静に判断しよう！
1,talk,23,4,4,投票はAgent[03]に決定だね。占い師の指示を信じていこうすることが村を守ることになる。一緒に人狼討ちましょう！
1,talk,24,4,3,Over
1,vote,1,3
1,vote,4,3
1,vote,5,1
1,execute,3,VILLAGER
1,attack,-1,true
2,status,1,POSSESSED,ALIVE,UEC-IL1
2,status,2,SEER,,barneko1
2,status,3,VILLAGER,DEAD,sUper_IL1
2,status,4,VILLAGER,ALIVE,satozaki1
2,status,5,WEREWOLF,ALIVE,CanisLupus1
2,result,3,1,NONE