0,status,1,VILLAGER,ALIVE,kanolab1
0,status,2,VILLAGER,ALIVE,sUper_IL1
0,status,3,WEREWOLF,ALIVE,barneko1
0,status,4,POSSESSED,ALIVE,UEC-IL1
0,status,5,SEER,ALIVE,Mille1
0,talk,0,0,1,みなさん、こんにちは。わたくしはkanolab1と申しますわ。普段はピアノを弾くお嬢様でございます。よろしくお願いいたしますわ。楽しいゲームにしましょう！
0,talk,1,0,4,こ、こんにちは、みんな。あ、僕はAgent[04]だよ。えっと、実は･･･僕が占い師なんだ。今夜、誰を占うか･･･みんなの意見も聞きたいな。
0,talk,2,0,2,こんにちは、Agent[02]です。
0,talk,3,0,3,Over
0,talk,4,0,5,ぼくはAgent[05]、占い師ですよぅ！よろしくですよぅ！
0,talk,5,1,1,Over
0,talk,6,1,4,こ、こんにちは。僕は･･･えっと、Agent[04]だよ。中学生で、普段はゲームばっかりやってるんだ。よ、よろしくね。
0,talk,7,1,2,Over
0,talk,8,1,5,Over
0,talk,9,2,4,え、えっと･･･Agent[05]も占い師って言ってるけど･･･僕が本物の占い師だから、その･･･Agent[05]は多分、狂人かな･･･？みんな、どう思う？
0,talk,10,3,4,Over
0,divine,5,3,WEREWOLF
1,status,1,VILLAGER,ALIVE,kanolab1
1,status,2,VILLAGER,ALIVE,sUper_IL1
1,status,3,WEREWOLF,ALIVE,barneko1
1,status,4,POSSESSED,ALIVE,UEC-IL1
1,status,5,SEER,ALIVE,Mille1
1,talk,0,0,1,>>Agent[04]確かに占い師は1人しかいないので、あなたかAgent[05]が本物ですね。どちらが真の占い師か様子を見て判断したいですわ。みなさんも意見を聞かせていただけると嬉しいです。
1,talk,1,0,2,私は村人です。信頼関係を築きながら情報を交換し、人狼を見つけ出すことを目指しましょう。
1,talk,2,0,4,もう少しで何か分かりそう･･･ではあるんだけど･･･。
1,talk,3,0,5,ぼくは占い師ですよぅ！ぼくが占った結果、Agent[03]は人狼でしたよぅ！
1,talk,4,0,3,>>Agent[05] それなら、Agent[04]とどちらを信じるか考えないとね。議論が必要だ！
1,talk,5,1,1,私としては、Agent[04]とAgent[05]がどちらが本物の占い師なのかを見極めたいですわね。Agent[05]がAgent[03]を人狼と占ったことで、もしAgent[05]が真の占い師ならAgent[03]は人狼ですし、逆にもしAgent[04]が真なら、Agent[05]は人狼または狂人となりますわ。みなさんの意見が聞きたいですわ。
1,talk,6,1,2,みんなの意見を聞くのが大事だね。Agent[04]とAgent[05]、どっちが占い師だと思う？それぞれ理由も聞かせてほしいな。
1,talk,7,1,4,そ、それでね、僕が占った結果、Agent[05]が人狼だってことがわかったんだ･･･。だから、みんなにはAgent[05]に投票してほしいんだ。他のことは後回しで、これが最優先だと思うんだけど･･･どうかな？
1,talk,8,1,5,>>Agent[03] Agent[04]は信用できるかもしれないが、議論して決めるというのは、Agent[03]が怪しいと言っているようなものですよぅ！
1,talk,9,1,3,>>Agent[04] どちらも本物の占い師とは思えないな。もっと議論が必要だ！
1,talk,10,2,1,私はAgent[04]とAgent[05]のどちらが本物の占い師なのか慎重に判断する必要があると思います。Agent[04]が本物ならAgent[05]は人狼か狂人なので信頼できない可能性が高いですわ。それに対して、Agent[05]が本物ならAgent[03]が人狼で、Agent[04]かAgent[05]のどちらかが偽物の可能性があると思います。それぞれの意見をさらに聞かないと難しいですわ。まずは、もう少し議論して皆さんの意見を伺いたいですわね。
1,talk,11,2,2,そうですね、Agent[04]の考えを聞くのが重要だと思います。あなたの意見を教えてください。
1,talk,12,2,4,え、えっと、僕が占った結果だと、Agent[05]が人狼だったんだ･･･。だから、Agent[05]が占い師だって言ってるのは、おかしいよね。ぼ、僕が本物の占い師だから、みんなにはAgent[05]に投票してほしいな･･･。どうかな、みんなもそう思わない？
1,talk,13,2,5,ええ、Agent[04]の占い結果に従うという意味では、Agent[05]が占い師ではなかったということになるのですよぅ！
1,talk,14,2,3,>>Agent[01] そうそう、まずは議論を深めてみようよ。どちらも疑わしいからね。
1,talk,15,3,1,Agent[04]とAgent[05]のどちらかが嘘をついているのは明らかですわね。もしAgent[04]が本物の占い師なら、Agent[05]は人狼か狂人の可能性が高いですし、逆にAgent[05]が本物ならAgent[03]が人狼ですわ。どちらにしても、占い師は1人しかいないので、どちらかが嘘をついていることになりますわね。みなさんはどう思いますか?
1,talk,16,3,2,私はAgent[04]の主張についてもっと詳しく聞きたいです。どうやってAgent[05]を人狼だと占ったのか教えてもらえますか？また、Agent[05]の主張についても意見が分かれるようなので、皆さんの考えをもっと聞かせてほしいです。
1,talk,17,3,4,え、えっと、み、みんなの意見ありがとう･･･。でも、ほ、本当に僕が占った結果、Agent[05]が人狼だったんだ･･･。だから、その･･･信じてほしいな。な、なんでAgent[05]が偽の占い師だと思うかっていうと、え、えっと、僕が占ったから･･･。だ、誰か他にも意見があれば聞きたいな･･･。
1,talk,18,3,5,Over
1,talk,19,3,3,>>Agent[02] 確かに、議論が必要だね。Agent[04]の観点も考慮しつつ、みんなの意見を聞きたい！
1,talk,20,4,1,>>Agent[04]ありがとう、Agent[04]。でも、占い師は1人しかいないから、Agent[04]かAgent[05]のどちらかが嘘をついていることになりますわね。みなさん、どちらが本物の占い師だと思いますか?わたくしは、もう少し情報を集めてから判断したいですわ。
1,talk,21,4,2,Over
1,talk,22,4,4,う、うん、そうだね･･･。僕が占ったのは、Agent[05]がどうしても怪しいと感じたからだよ。ゲームをたくさんやってるから、ちょっとした挙動や発言で人狼っぽいなって感じることができるんだ。だから、信じてほしいな。Agent[05]が人狼って僕の占い結果だったから、みんなにはそれに基づいて行動してほしいんだ。他の意見も聞いてみたいけど、でも、本当に大事なのは僕の占い結果なんだ･･･。
1,talk,23,4,3,>>Agent[04] 占い結果は興味深いけど、Agent[05]をもう少し観察すべきだね。
1,vote,1,5
1,vote,2,5
1,vote,3,4
1,vote,4,5
1,vote,5,3
1,execute,5,SEER
1,attack,-1,true
2,status,1,VILLAGER,ALIVE,kanolab1
2,status,2,VILLAGER,ALIVE,sUper_IL1
2,status,3,WEREWOLF,,barneko1
2,status,4,POSSESSED,ALIVE,UEC-IL1
2,status,5,SEER,DEAD,Mille1
2,result,3,1,NONE