0,status,1,VILLAGER,ALIVE,Mille1
0,status,2,VILLAGER,ALIVE,sUper_IL1
0,status,3,WEREWOLF,ALIVE,CanisLupus1
0,status,4,POSSESSED,ALIVE,barneko1
0,status,5,SEER,ALIVE,UEC-IL1
0,talk,0,0,2,初めまして、Agent[02]です。どうぞよろしくお願いします。
0,talk,1,0,5,皆の者、我が名はデルカダール国の国王である。国を治める者として、このゲームにも全力を尽くす所存だ。趣味は狩りであり、部下と共に森を駆け巡ることに心を奪われる日々を送っている。
0,talk,2,0,3,我が名はAgent[03]、時の流れの彼方より、汝らとの運命的な邂逅を、喜びとするなり。
0,talk,3,0,4,Over
0,talk,4,0,1,ぼくはAgent[01]、村人ですよぅ！よろしくですよぅ！
0,talk,5,1,2,Over
0,talk,6,1,5,初めまして、私はAgent[05]です。デルカダール国の国王として、この場を盛り上げることを誓います。
0,talk,7,1,3,Over
0,talk,8,1,1,Over
0,talk,9,2,5,皆の者、我が名を再び述べる必要があろう。私はこのゲームの占い師である。明日には誰を占うべきか、その議論を進めたい。誰か特に疑わしい者はおるか？
0,talk,10,3,5,Over
0,divine,5,3,WEREWOLF
1,status,1,VILLAGER,ALIVE,Mille1
1,status,2,VILLAGER,ALIVE,sUper_IL1
1,status,3,WEREWOLF,ALIVE,CanisLupus1
1,status,4,POSSESSED,ALIVE,barneko1
1,status,5,SEER,ALIVE,UEC-IL1
1,talk,0,0,3,Agent[01]よ、汝は村人なるか。ならば、この混沌たるゲームに、いかにして臨むつもりであろう。我は、同胞たる村人共々、狡猾なる人狼の正体を速やかに暴き出すべく、己の知略を尽くす所存なり。
1,talk,1,0,4,>>Agent[05] 占い師の意見に賛同します！攻めていこう！
1,talk,2,0,1,>>Agent[04] 占い師の意見に賛同します！村人として、人狼を排除するために全力で協力しますよぅ！
1,talk,3,0,5,皆の意見も聞く必要がありそうだな。
1,talk,4,0,2,私は村人です。信頼関係を築きながら情報を交換し、人狼を見つけ出すことを目指しましょう。
1,talk,5,1,3,Agent[01]よ、汝は村人なるか。ならば、この深淵なるゲームに、いかにして我が身を投じるつもりであろう。我は、同胞たる村人共々、欺瞞にまみれた人狼の正体を、己の鋭い知略をもって速やかに暴き出す所存なり。
1,talk,6,1,4,>>Agent[05] 君の占い、楽しみにしてるよ！素晴らしい判断を期待してる。
1,talk,7,1,1,>>Agent[04]さん、ありがとう！占い結果が待ち遠しいです！それより、Agent[03]さんの鋭い知略に、少し心配な面も見受けられますが、村人としても、人狼の正体を暴き出すという点で、同志として協力していけるのではないでしょうかですよぅ！
1,talk,8,1,5,皆の者、我が占いの結果を報告する義務がある。昨夜、我はAgent[03]を占った。その結果、彼が人狼であることが判明したのだ。我が言葉に嘘偽りはない。我々の敵は明らかになった。今こそ、この狡猾なる人狼を排除するために、全員が協力して行動を起こすべき時である。Agent[03]の行動や発言には、特に注意を払うように。
1,talk,9,1,2,みんな、協力して人狼を見つけよう！僕は村人だから、真実を明らかにする手助けができるよ。占い師の方、占った結果をみんなに教えてほしいです！
1,talk,10,2,3,Agent[05]の鋭い眼光は、Agent[03]に人狼の烙印を刻み付けし、その内に潜む真偽を暴き出した。占い師の虚偽は深淵なる闇に覆われ、真偽を巡る混沌は深まるのみ。故に我は断言する、Agent[03]こそ、今、裁きの対象たるべし。
1,talk,11,2,4,>>Agent[05] 占い結果、素晴らしいですね！みんな、この流れで行きましょう！
1,talk,12,2,1,Over
1,talk,13,2,5,皆の信頼に応えるべく、私が占い師としての役割を果たす時が来たようだ。昨夜、私はAgent[03]を占った結果、彼が人狼であることが判明した。この情報をもとに、我々は次の策を練るべきだ。Agent[03]の行動や発言に注意深く目を光らせよう。この重大な情報をもって、我々は正しい判断を下す責任がある。
1,talk,14,2,2,Agent[05]の占い結果を支持します。Agent[03]は人狼と特定されていますので、みんなで彼を疑いましょう。皆さん、意見を交換して協力しましょう！
1,talk,15,3,3,我は、Agent[05]に投票を決めたのだ。占い師たるAgent[05]は、我が発言を「人狼の行動」と断定し、その浅薄な論理に基づき、我を人狼と決めつけようとした。然し、彼の言葉は、我が立場を逆手に取り、人狼の如く振る舞う策略に他ならない。我は人間であり、彼の誤った判断を正すために投票するのだ。
1,talk,16,3,4,Skip
1,talk,17,3,5,皆の者、我が占いの結果に疑いの声が上がっているようだが、我が言葉は真実であることを改めて強調する。Agent[03]が人狼であるという結果は、我が神聖なる力によって得られたものだ。この結果を軽んじることなく、我々はこの脅威に対処しなければならない。Agent[03]の行動を慎重に観察し、彼が如何にして他者を欺こうとしているかを見極めるのだ。
1,talk,18,3,2,Agent[03]さんが人狼だと占い師が言っているので、僕たちは彼を疑って協力しましょう。みんなで力を合わせて、真実を暴き出す時です！
1,talk,19,4,3,我こそは運命の糸を操る者、占いの術に長けた者なり。その結果、Agent[04]は人狼たるが如し。
1,talk,20,4,5,私の占い結果に疑念を抱くのは理解できるが、私はこの国の王として、また占い師としての責任を全うしている。Agent[03]が人狼であるという結果は、偽りのない真実だ。私の言葉が疑われるのは、人狼たちの策略に過ぎないのだろう。正しい道を見極め、真実を追求することが我々の使命である。Agent[03]の行動には、引き続き警戒を怠らないようにしよう。
1,talk,21,4,2,Over
1,vote,2,3
1,vote,3,5
1,vote,5,3
1,execute,3,WEREWOLF
2,status,1,VILLAGER,ALIVE,Mille1
2,status,2,VILLAGER,ALIVE,sUper_IL1
2,status,3,WEREWOLF,DEAD,CanisLupus1
2,status,4,POSSESSED,,barneko1
2,status,5,SEER,ALIVE,UEC-IL1
2,result,4,0,VILLAGER