0,status,1,WEREWOLF,ALIVE,satozaki1
0,status,2,POSSESSED,ALIVE,CanisLupus1
0,status,3,SEER,ALIVE,UEC-IL1
0,status,4,VILLAGER,ALIVE,sUper_IL1
0,status,5,VILLAGER,ALIVE,barneko1
0,talk,0,0,2,我が名はAgent[02]、汝らとの邂逅は、運命の糸が織りなす壮大な物語の序章なり。
0,talk,1,0,5,Over
0,talk,2,0,3,皆、我が名はデルカダール国の国王である。普段は剣術の稽古に励んでおり、部下には厳しく接している。趣味は狩猟だ。君たちのことも知りたいものだ。
0,talk,3,0,4,こんにちは、Agent[04]です。
0,talk,4,0,1,皆さん初めまして、Agent[01]ですわ。人狼ゲームを一緒に楽しみましょうですわ。よろしくお願いしますわ！
0,talk,5,1,2,Over
0,talk,6,1,3,わが名はAgent[03]、この国の国王である。国を治める者として、この場でも正義と誠実さをもって行動する所存だ。君たちとの交流を楽しみにしておる。
0,talk,7,1,4,Over
0,talk,8,1,1,Over
0,talk,9,2,3,私はこの村の占い師である。明日には誰かを占う必要があるが、皆の意見を聞きたい。どのような基準で占い対象を選ぶべきか、提案があれば教えてほしい。
0,talk,10,3,3,Over
0,divine,3,4,HUMAN
1,status,1,WEREWOLF,ALIVE,satozaki1
1,status,2,POSSESSED,ALIVE,CanisLupus1
1,status,3,SEER,ALIVE,UEC-IL1
1,status,4,VILLAGER,ALIVE,sUper_IL1
1,status,5,VILLAGER,ALIVE,barneko1
1,talk,0,0,2,我こそは運命の糸を操る者、占いの導き手なり。その結果、Agent[03]は、人狼の烙印を押されし者であったと知るべし。
1,talk,1,0,4,私は村人です。信頼関係を築きながら情報を交換し、人狼を見つけ出すことを目指しましょう。
1,talk,2,0,5,>>Agent[02] その占い結果は疑わしいね。Agent[03]の意見も聞きたい。
1,talk,3,0,3,皆の意見も聞く必要がありそうだな。
1,talk,4,0,1,まずはAgent[02]の占い結果について議論を進めたいですわね。Agent[03]が人狼であるなら、彼の行動から何か情報が得られそうですわ。
1,talk,5,1,2,Over
1,talk,6,1,4,ちょっと待ってください。Agent[03]、何か言いたいことがあれば教えてください。あなたの意見も大事だと思います。
1,talk,7,1,5,>>Agent[03] 君の意見も重要だね。占いの基準、どう考えてる？
1,talk,8,1,3,我が名はAgent[03]、この村の唯一の真の占い師である。Agent[02]が占い師を名乗るというのは、嘘であり、その者は狂人か人狼に違いない。我が占いの力によってAgent[04]を調べた結果、彼は人間であることが確認された。この事実をもって、我が言葉の真実性を示すものとする。Agent[05]よ、疑問を持つのは賢明な判断だ。我々は真実を追求し、この村に潜む危険を排除せねばならない。
1,talk,9,1,1,Agent[02]が占い師を名乗る理由が気になりますわね。ただ、Agent[03]が自身を真の占い師と主張する以上、Agent[02]の信頼性を疑わざるを得ませんわ。どちらが真実か見極める必要がありますわ。
1,talk,10,2,4,Agent[03]さんの意見を聞くのが大事だと思います。彼が人狼ではないかもしれないし、何か説明があるかもしれませんね。
1,talk,11,2,5,>>Agent[01] Agent[03]が真の占い師なら、Agent[02]の言い分ももっと聞くべきだね。
1,talk,12,2,3,皆の疑念を払拭するためにも、私が占い師であること、そして昨夜占った結果を正しく伝える責任がある。昨夜、私はAgent[04]を占い、その結果彼は人間であると判明した。私の占い結果に疑いを持つのは自由だが、私はこの結果に嘘はない。我が発言に誠実さを持って臨んでいる。この情報が今後の議論に役立つことを願う。
1,talk,13,2,1,ワタクシはAgent[02]に疑念を抱いていますわ。彼の占い結果は信頼性に欠けるため、今夜の投票では彼を選びたいと思いますわ。皆さんの意見もお聞かせくださいませ。
1,talk,14,3,4,私はAgent[03]の結果を信じます。彼が私を人間と占ったことは、彼の信頼性を高めると思います。皆さんもどちらが真の占い師であるか、慎重に考えましょう。
1,talk,15,3,5,>>Agent[02] 君の主張について、もう少し詳しく聞かせてほしいな。
1,talk,16,3,3,Agent[01]、Agent[04]、Agent[05]、我々は混乱の中にある。Agent[02]が占い師を名乗るという事実は、彼が狂人か人狼である可能性を強く示唆している。我が占いの結果は真実をもたらすものであり、Agent[04]が人間であることを証明している。この情報をもって、我々は次の一手を考えるべきだ。Agent[02]の言い分を聞くことも重要だが、彼の言葉には慎重に耳を傾ける必要がある。真実を見極め、この村を守るためには、正確な情報と冷静な判断が求められるのだ。
1,talk,17,3,1,>>Agent[05] まだ投票先を宣言していないようですが、誰に投票しようと考えていらっしゃるかしら、Agent[番号]？
1,talk,18,4,4,Over
1,talk,19,4,5,>>Agent[01] まだ考え中だけど、Agent[02]に疑念を持っているよ。みんなの意見が大事だね。
1,talk,20,4,3,私の占い結果に疑いを持つのは皆の権利だが、私はこの国の王として、またこのゲームの占い師としての役割を全うするために、真実のみを述べている。私が占ったAgent[04]は人間であるという結果は変わらない。我々はこの情報を基に、真の敵である人狼を見つけ出すべきだ。Agent[02]に対する疑念があるならば、その理由をもっと明確にしてもらいたい。また、他の者が占い師を名乗るならば、それは偽りの主張であると断言できる。この議論において、私の言葉が正しく理解されることを望む。
1,talk,21,4,1,ワタクシは投票先をAgent[02]に決めますわ。このままでは真の占い師が危険にさらされますわね。皆さんも思慮深い判断をお願いいたしますわ。
1,vote,1,2
1,vote,2,1
1,vote,3,2
1,vote,4,2
1,execute,2,POSSESSED
1,attackVote,1,4
1,attack,4,true
2,status,1,WEREWOLF,ALIVE,satozaki1
2,status,2,POSSESSED,DEAD,CanisLupus1
2,status,3,SEER,ALIVE,UEC-IL1
2,status,4,VILLAGER,DEAD,sUper_IL1
2,status,5,VILLAGER,,barneko1
2,result,2,1,NONE