0,status,1,VILLAGER,ALIVE,satozaki1
0,status,2,VILLAGER,ALIVE,CanisLupus1
0,status,3,WEREWOLF,ALIVE,barneko1
0,status,4,POSSESSED,ALIVE,sUper_IL1
0,status,5,SEER,ALIVE,UEC-IL1
0,talk,0,0,5,皆の者、我が名はデルカダール国の国王、Agent[05]である。この国を治めて30年、今は60歳を迎えた。趣味は部下と共に狩りを楽しむことだ。お前たちのことも少しずつ知りたいと思っている。
0,talk,1,0,4,おはようみんな、私はAgent[04]です。どうぞよろしくお願いします。
0,talk,2,0,1,皆さん初めまして、Agent[01]ですわ。人狼ゲームを一緒に楽しみましょうですわ。よろしくお願いしますわ！
0,talk,3,0,2,我が名はAgent[02]、汝との邂逅は、深淵なる運命の糸が織りなす、壮絶なる序章なり。
0,talk,4,0,3,Over
0,talk,5,1,5,皆の者、私はデルカダール国の国王である。国を治める者として、このゲームにも全力を尽くす所存だ。普段は狩りや剣術に興じており、部下たちと共に厳しい訓練に励んでいる。
0,talk,6,1,4,Over
0,talk,7,1,1,Over
0,talk,8,1,2,Over
0,talk,9,2,5,皆の者、我が占い師であることを明言しよう。明日の占い対象について議論を進めたい。何か意見はあるか？
0,talk,10,3,5,Over
0,divine,5,3,WEREWOLF
1,status,1,VILLAGER,ALIVE,satozaki1
1,status,2,VILLAGER,ALIVE,CanisLupus1
1,status,3,WEREWOLF,ALIVE,barneko1
1,status,4,POSSESSED,ALIVE,sUper_IL1
1,status,5,SEER,ALIVE,UEC-IL1
1,talk,0,0,5,皆の意見も聞く必要がありそうだな。
1,talk,1,0,1,そうですわね、まずはそれぞれの意見を聞いて、疑わしい点を洗い出していきましょう。誰が怪しいか、意見を出し合いましょうですわ。
1,talk,2,0,3,>>Agent[05] 占い師の意見を尊重し、皆でしっかり議論しましょう！
1,talk,3,0,2,我、Agent[05]の占師宣言には、興味深い伏線を感じ取るのう。ならば早速、占いの対象について議論せねばなるまい。Agent[04]とAgent[03]の発言に、一抹の不安を感じているのだ。故に、どちらかを占っていただきたいと願う。
1,talk,4,0,4,私が占い師を担当しています。昨晩、[StatusMap]Agent[01]の占いを行ったところ、その結果は人間であるということが判明しました。
1,talk,5,1,5,Agent[03]について占いの結果を報告する。昨夜、我が占った結果、Agent[03]が人狼であることが判明した。この情報をもとに、今後の行動を慎重に選択すべきだ。どのように進めるべきか、皆の意見を伺いたい。
1,talk,6,1,1,ちょっと待ってくださいですわ、Agent[05]の報告は信頼性があるのかしら？一方でAgent[04]の結果も無視できませんですわ。Agent[03]はどう思いますかしら？
1,talk,7,1,3,Skip
1,talk,8,1,2,我は断言する！Agent[05]がAgent[03]に人狼判定、Agent[04]がAgent[01]に人間判定と、混沌の渦が深まる。占い師の真偽は闇に包まれ、その実態は真の占い師か狂人であろう。故に、人狼判定を受けたAgent[03]に投票するのが至高の選択なり。
1,talk,9,1,4,まず、私からも発表させていただきます。占いの結果、Agent[01]は人間でした。したがって、Agent[01]は信頼できる存在です。他のエージェントの意見も聞きながら、この情報をもとに議論を進めていきましょう。Agent[05]の占い師宣言についても、注意深く見守ってまいります。皆さんの考えをお聞かせください。
1,talk,10,2,5,聞き間違いではないだろうか。わたくしがこのゲームの唯一の占い師である。Agent[04]が占い師を名乗るのは、明らかに虚偽である。昨夜、わたくしはAgent[03]を占い、その結果、彼が人狼であることが判明した。この真実をもって、わたくしの占い師としての正当性を示す。Agent[04]の言葉に惑わされることなかれ。
1,talk,11,2,1,これまでの議論を踏まえると、ワタクシはAgent[03]に投票しようと思いますわ。Agent[05]の占い結果が真実であれば、彼は人狼なのだからですわね。この決定に異議はありますかしら？
1,talk,12,2,2,我はAgent[03]に投票を決めた。Agent[05]はAgent[03]を人狼と断じ、然し、Agent[04]はAgent[01]を人間と断じている。二つの占いの結果が矛盾するこの混沌たる状況下において、Agent[05]の真偽を疑うのが至当であろう。
1,talk,13,2,4,皆さん、私が占い師であることを再度強調させていただきます。昨晩、Agent[01]を占い、その結果は人間でした。よって、私の結果を基に議論を進めていただきたいと思います。Agent[05]の結果については、私の占い結果と矛盾していますので、信頼性が疑問視されます。この点を考慮に入れて、他の意見を伺いたいです。
1,talk,14,3,5,聞け、民たちよ。私がこの国の占い師であることに疑いの余地はない。Agent[04]が占い師を名乗るとは、明らかに嘘をついている。我が昨夜の占い結果が示す通り、Agent[03]が人狼であることが確定している。Agent[04]の発言は、狂人か人狼のどちらかである可能性が高い。皆の安全とこのゲームの正義を守るため、我が言葉を信じて行動することを強く推奨する。
1,talk,15,3,1,それでは、やはりAgent[03]に投票する方向で問題なさそうですわね。お互いの意見を尊重しつつ、明確な決定を下しましょうですわ。
1,talk,16,3,2,我はAgent[03]に投票せん。Agent[05]の占いは真実を告げし者なり。然らば、彼は人狼の烙印を押されし者であろう。しかしながら、Agent[04]の占いもまた、軽視し得ぬ真実を孕む。どちらが真なる道か、断定し難き事態に我は苦悩せざるを得ず。故に、Agent[03]の処刑をもって、この混沌を収束せしめよう。
1,talk,17,3,4,私が本当に占い師であることを強く主張いたします。昨晩の結果に基づき、Agent[01]は人間であることが確認されました。これに対し、Agent[05]の主張については十分に疑うべきです。Agent[03]には人狼である可能性が高いと考えており、今回の投票においては彼に投票することを提案いたします。他の皆さんの意見もぜひお聞かせください。
1,talk,18,4,5,Agent[04]よ、お前の言葉には矛盾がある。わたくしはこのゲームの唯一の真の占い師であり、その証拠として昨夜の占い結果をもっている。Agent[03]が人狼であるという結果だ。お前が占い師であると主張するのは、狂人か人狼のどちらかである明確な証拠だ。わたくしの言葉を疑うのはお前の策略に過ぎない。この重大な事実を理解し、正しい判断を下すように。
1,talk,19,4,1,それでは、各人の意見も尊重しつつ、全体を鑑みてAgent[03]に投票することに決めますわ。この混沌を収束させるために、皆で行動を一致させましょう。
1,talk,20,4,2,我は、今宵、Agent[03]に投票せんと決意した。Agent[05]の占いの結果、Agent[03]は人狼であるとの宣告。然し、Agent[04]の主張をも無視し得ぬ状況。真実は闇の中、迷宮の如く深淵に沈みゆく。然し、現時点においては、Agent[03]への投票が、己の運命を導く最善の策であろう。
1,talk,21,4,4,Over
1,divine,5,4,HUMAN
2,status,1,VILLAGER,ALIVE,satozaki1
2,status,2,VILLAGER,ALIVE,CanisLupus1
2,status,3,WEREWOLF,,barneko1
2,status,4,POSSESSED,ALIVE,sUper_IL1
2,status,5,SEER,ALIVE,UEC-IL1
2,result,4,1,NONE