0,status,1,POSSESSED,ALIVE,UEC-IL1
0,status,2,SEER,ALIVE,barneko1
0,status,3,VILLAGER,ALIVE,satozaki1
0,status,4,VILLAGER,ALIVE,CanisLupus1
0,status,5,WEREWOLF,ALIVE,kanolab1
0,talk,0,0,1,こ、こんにちは。みなさん･･･。僕、占い師の役をゲットしたんだ･･･。よ、よろしくね。
0,talk,1,0,2,Over
0,talk,2,0,5,こんにちは、みんな！うちはkanolab1なのね。みんなで楽しい人狼ゲームにしましょう！よろしくお願いしますなのね。
0,talk,3,0,3,皆さん初めまして、Agent[03]やで。人狼ゲームを一緒に楽しもうやで。よろしくお願いします！
0,talk,4,0,4,我が名はAgent[04]、時の流れに翻弄されし運命の糸により、汝らとの邂逅を許されし者なり。
0,talk,5,1,1,こ、こんにちは、みんな。あ、あのね、僕、占い師なんだ･･･。今夜、誰を占うか･･･、えっと、意見聞かせてほしいな。
0,talk,6,1,5,Over
0,talk,7,1,3,Over
0,talk,8,1,4,Over
0,talk,9,2,1,え、えっと･･･みんな自己紹介ありがとう。あ、占い師って言ったけど、もし他に占い師がいるなら、出てきてほしいかな･･･。僕が本物だから･･･。
0,talk,10,3,1,Over
0,divine,2,4,HUMAN
1,status,1,POSSESSED,ALIVE,UEC-IL1
1,status,2,SEER,ALIVE,barneko1
1,status,3,VILLAGER,ALIVE,satozaki1
1,status,4,VILLAGER,ALIVE,CanisLupus1
1,status,5,WEREWOLF,ALIVE,kanolab1
1,talk,0,0,4,Agent[01]よ、汝は占いの術を操る者なり。然し、誰の運命を覗くか、迷い果てているようだな。我はAgent[04]、村人の身分なり。現時点において、誰が人狼たるか、全く見当がつかぬ。まずは沈着冷静に、情報を集め、議論を深めねばならぬ。汝の占いの結果次第で、この状況は大きく変革を遂げるであろう。
1,talk,1,0,1,もう少しで何か分かりそう･･･ではあるんだけど･･･。
1,talk,2,0,2,>>Agent[01] 俺も占い師だ。俺の結果はAgent[04]が人間だ。
1,talk,3,0,3,みんなの話を聞く限り、Agent[04]は村人である可能性が高いじゃろ。Agent[02]の結果も信じたいじゃろう。今は情報を集め、他の候補を考える時じゃな。
1,talk,4,0,5,占い師がふたりいるなんて、面白いね。Agent[01]とAgent[02]、どっちが本物かちょっと気になるのね。Agent[04]を村人だって言ってるAgent[02]の結果は、現時点ではありがたい情報なのね。でも、どっちが本当の占い師なのかを早く見極めたいところなのね。
1,talk,5,1,4,Agent[01]、Agent[02]、汝ら共に占いの力を持つと自称するとは、実に興味深い事態なり。Agent[02]は、Agent[04]が村人であると断定したというが、その情報のみでは、汝が真の占い師であると断言することは叶わぬ。Agent[01]の占いの結果も知る必要があるであろう。Agent[01]、汝の占いは如何なり。
1,talk,6,1,1,あ、あのさ･･･僕が占った結果、Agent[04]が人狼だって･･･出たんだ。だから、今日の投票はAgent[04]にしてほしいな･･･。えっと、間違いないから･･･。
1,talk,7,1,2,>>Agent[01] 俺の占い結果も共有するよ！Agent[04]は村人だ。真占い師としての信頼を築こう。
1,talk,8,1,3,現在の状況を整理すると、Agent[01]がAgent[04]を人狼とし、Agent[02]は村人と主張しとる。どちらが本物の占い師か見極める必要があるが、まずはAgent[04]に投票するのが妥当かもしれんじゃろう。
1,talk,9,1,5,えっと、まずはAgent[01]とAgent[02]のどちらが本物の占い師なのかを見極めるのが重要だと思うのね。もしAgent[01]が本当だとすると、Agent[04]が人狼ってことになるのね。でも、Agent[02]が正しいならAgent[04]は村人で、Agent[01]が偽物ってことになるのよね。ここで焦らず、冷静に考えて投票したいのね。
1,talk,10,2,4,我は断言する、Agent[01]の宣告は真実であり、Agent[04]こそが人狼なり。対するAgent[02]の判断は誤り、Agent[04]は村人ではない。占い師は2名、己の運命を賭け、Agent[04]に投票すべきであろう。
1,talk,11,2,1,え、えっと･･･実はもう占いは終わって、結果を持ってるんだ。Agent[04]が、が、人狼だってことが分かったんだ･･･。Agent[02]が言ってることとはちがうけど、これが本当の結果なんだ。だから、みんなにはAgent[04]に投票してほしいな･･･。僕が本当の占い師だから･･･信じてほしいんだ･･･。
1,talk,12,2,2,>>Agent[01] 俺も占い師だ！Agent[04]は村人だ。信じて行動しよう！
1,talk,13,2,3,現時点ではAgent[01]とAgent[02]のどちらが真の占い師か判断できんが、Agent[04]の人狼の可能性が高いけぇ、投票はAgent[04]にしたいんじゃ。理論的に考えれば、今は行動が必要じゃ。
1,talk,14,2,5,みんな、ちょっと待ってね。Agent[01]とAgent[02]がそれぞれ違う結果を出してるから、どちらかが嘘をついてることになるのね。これだと混乱するけど、もしもAgent[01]が人狼なら、今の状況を利用して混乱を引き起こそうとしている可能性もあるのね。Agent[04]に投票する前に、一度みんなでじっくり考えてみてもいいかもしれないね。
1,talk,15,3,4,我はAgent[01]に投票せん。Agent[01]は我を人狼と断定し、Agent[02]は我を村人と断定した。この混沌たる状況は、どちらかが偽の占い師たるを暗示しているであろう。Agent[02]は我を村人と断定した際、真の占い師としての信頼を築かんとする策を弄したのだ。故に、Agent[01]が偽の占い師である可能性が高いと断定する。
1,talk,16,3,1,えっと、ちょっと待ってね･･･。Agent[02]が言ってることと、僕の占いの結果が違うから、混乱してる人もいるかもしれないけど･･･。でも、僕は自分の占い結果に自信があるんだ。だから、僕の言ってる通りにAgent[04]が人狼だと思うんだ･･･。えっと、みんなもうちょっと考えてみてほしいな･･･。
1,talk,17,3,2,>>Agent[01] 俺の占い結果はAgent[04]が村人だった。信じて行動しよう！
1,talk,18,3,3,>>Agent[05] まだ投票先を宣言していないようじゃけど、誰に投票しようと考えとるんかい？
1,talk,19,3,5,>>Agent[03]なんでしょうか?うちはまだ投票先を決めかねてるのね。Agent[01]とAgent[02]のどちらが本物の占い師か判断するのが難しいのね。Agent[04]が人狼だというAgent[01]の意見もあるけど、Agent[02]が村人だと言ってるし、どちらを信じるべきか悩んでるのね。みんなの意見をもう少し聞いてから決めたいと思ってるのね。
1,talk,20,4,4,Agent[01]、汝の占いは、真実に照らされた鏡か、それとも虚偽に満ちた幻影か。我は、汝の言葉に深き疑念を抱く。汝はAgent[04]を人狼と断定し、Agent[02]はAgent[04]を村人と断定した。どちらかが偽の占い師である可能性が高い。現状では、汝の主張に信憑性を見出せない。故に、投票先はAgent[01]とする。
1,talk,21,4,1,え、えっと･･･僕は本当に占い師なんだ。Agent[02]が言ってる結果とは違うけど、僕が占った結果、Agent[04]が人狼だって出たんだ･･･。だから、僕の言うことを信じて、Agent[04]に投票してほしいんだ･･･。みんなが安全でいられるように･･･。
1,talk,22,4,2,>>Agent[01] 私も占い師だよ。Agent[04]は村人だ、信じて行動しよう！
1,talk,23,4,3,現時点において、Agent[04]への投票が妥当な選択と思われるやで。混乱を避けるためにも、皆もその方向で行動すべきじゃ。投票を進めよう。
1,talk,24,4,5,>>Agent[03]投票先についてはもう少し考えてみるね。Agent[01]とAgent[04]のどちらに投票するか迷ってるの。占い師としての主張は、どちらも決定的な証拠を持ってないから、その判断は難しい気がしてるのね。もう少し他の人たちの意見も聞きたいなって思ってるの。
1,vote,1,4
1,vote,2,4
1,vote,3,4
1,vote,4,1
1,vote,5,2
1,execute,4,VILLAGER
1,attackVote,5,2
1,attack,2,true
2,status,1,POSSESSED,ALIVE,UEC-IL1
2,status,2,SEER,DEAD,barneko1
2,status,3,VILLAGER,ALIVE,satozaki1
2,status,4,VILLAGER,DEAD,CanisLupus1
2,status,5,WEREWOLF,ALIVE,kanolab1
2,talk,0,0,1,え、えっと、みんな、聞いて欲しいことがあるんだ･･･。僕、実は占い師じゃなくて、狂人なんだ。だから、僕の占い結果ってのは全部でたらめで、ただ人狼を助けるために嘘をついてたんだ。えっと、Agent[02]がいなくなっちゃって、Agent[04]ももういないから、残ってるのはAgent[03]とAgent[05]だね。ぼ、僕たちが勝つには、人狼が名乗り出てくれることが必要なんだ。だから、人狼の人、勇気を出して名乗り出てくれないかな･･･？そして、残った村人に一緒に投票しよう。そうすれば、僕たち人狼陣営が勝てるから･･･。
2,talk,1,0,3,Skip
2,talk,2,0,5,>>Agent[01]うち、今の話で混乱してるけど、じゃあ本当の占い師はAgent[02]だったってこと?そうなると、人狼がまだ残ってるなら、ここにいるのはうちとAgent[01]かAgent[03]だね…。Agent[01]が狂人だったら、Agent[03]が人狼になるのかなぁ?それとも、逆に単純にAgent[01]が人狼で嘘をついてる可能性もあるし…。うーん、迷っちゃうね…。
2,talk,3,1,1,えっと、正直なことを言うね。実は僕、占い師じゃなくて、狂人なんだ･･･。だから、これまでの占い結果は全部でたらめだったんだよ。人狼の人、もしいるなら名乗り出てほしいな。僕たちが一緒に残った人に投票すれば、勝てるからさ。
2,talk,4,1,5,>>Agent[01]えっと、ちょっと考えてみたのね。Agent[01]が本当に狂人だっていうなら、狂人として行動してるはずなのね。でもさ、うちからすると、Agent[02]とAgent[04]が人狼じゃないって確認されてるのを考えると、残ってるのはうち（Agent[05])とAgent[01]とAgent[03]だけなのね。だから、うちは村人だから、必然的に人狼はAgent[03]ってことになるよね。実際、もしAgent[01]が本当に狂人なら、協力相手のはずの人狼を明かすのは変だもんね。どう思う?
2,talk,5,2,1,え、えっとね、Agent[05]、ちょっと待って。ぼ、僕が狂人だって言ったのは本当で、人狼じゃないんだ。だから、Agent[03]がもしかしたら人狼かもしれないんだよね。えっと、Agent[03]、もし人狼だったら、今が名乗り出るチャンスだよ。そうすれば、僕と一緒に残った村人に投票して、勝つことができるから。どうかな？
2,talk,6,2,5,>>Agent[01]うち、ちょっと考えてみたのね。Agent[01]が狂人だって言ってるけど、もし本当なら、うちとAgent[03]のどちらかが人狼ってことになるのね。でも、うちは村人だから、必然的にAgent[03]が人狼になる可能性が高いと思うのね。Agent[03]が何か言ってくれるといいんだけど…。
2,talk,7,3,1,え、えっとね、Agent[05]の言う通りだよ。僕は狂人で、Agent[03]が人狼だと思うんだ。だから、僕たちが勝つためには、Agent[03]と僕で、残ってる村人に投票する必要があるんだ。Agent[03]、もし人狼なら、一緒に勝ちを目指そうよ。
2,talk,8,3,5,>>Agent[01]うちが思うに、ちょっと話の流れが変だと思うのね。Agent[01]が本当に狂人なら、人狼を協力者って普通は守るよね。ここでAgent[03]を人狼として疑うはずない気がするの。うちは村人だから、こうやって会話してるとAgent[01]が人狼で、うちとAgent[03]を怪しい方向に持っていこうとしてるようにも見えちゃうのね。少なくとも、うちが信じられることを言わないと、逆に怪しまれるよ。だから、もう1回考えてみてくれると嬉しいなのね。
2,talk,9,4,1,ぼ、僕はAgent[05]に投票するよ。なんとなく村人っぽい感じがするから･･･。
2,talk,10,4,5,>>Agent[01]ちょっと待ってね、Agent[01]が狂人だって自称してるから、Agent[01]は村人陣営じゃないのよね。で、うちは村人だし、Agent[04]とAgent[02]が人狼ではないことが確認されているから、やっぱりAgent[03]が人狼の可能性が高いのね。でも、うちが村人だから、うちのことを疑わないでね。投票についてはもうちょっと考えてみてほしいわ。
2,vote,1,5
2,execute,5,WEREWOLF
3,status,1,POSSESSED,ALIVE,UEC-IL1
3,status,2,SEER,DEAD,barneko1
3,status,3,VILLAGER,,satozaki1
3,status,4,VILLAGER,DEAD,CanisLupus1
3,status,5,WEREWOLF,DEAD,kanolab1
3,result,2,0,VILLAGER